Extracting prog: 1h36m27.557751942s
Minimizing prog: 0s
Simplifying prog options: 0s
Extracting C: 0s
Simplifying C: 0s


244 programs, 4 VMs, timeouts [15s 1m40s 6m0s]
extracting reproducer from 221 programs
single: executing 7 programs separately with timeout 15s
testing program (duration=15s, {Threaded:true Repeat:true RepeatTimes:0 Procs:8 Slowdown:1 Sandbox:none SandboxArg:0 Leak:false NetInjection:false NetDevices:true NetReset:true Cgroups:true BinfmtMisc:true CloseFDs:true KCSAN:false DevlinkPCI:false NicVF:false USB:false VhciInjection:false Wifi:false IEEE802154:false Sysctl:true UseTmpDir:true HandleSegv:true Repro:true Trace:false LegacyOptions:{Collide:false Fault:false FaultCall:0 FaultNth:0}}): syz_open_dev$loop-ioctl$BLKPBSZGET
detailed listing:
executing program 0:
r0 = syz_open_dev$loop(&(0x7f0000001a40), 0x0, 0x0)
ioctl$BLKPBSZGET(r0, 0x80081270, &(0x7f0000000100))

program did not crash
testing program (duration=15s, {Threaded:true Repeat:true RepeatTimes:0 Procs:8 Slowdown:1 Sandbox:none SandboxArg:0 Leak:false NetInjection:false NetDevices:true NetReset:true Cgroups:true BinfmtMisc:true CloseFDs:true KCSAN:false DevlinkPCI:false NicVF:false USB:false VhciInjection:false Wifi:false IEEE802154:false Sysctl:true UseTmpDir:true HandleSegv:true Repro:true Trace:false LegacyOptions:{Collide:false Fault:false FaultCall:0 FaultNth:0}}): syz_open_dev$loop-syz_open_dev$loop-ioctl$BLKPBSZGET-syz_open_dev$loop-ioctl$BLKPBSZGET-dup3-ioctl$BLKROSET-ioctl$BLKPBSZGET
detailed listing:
executing program 0:
r0 = syz_open_dev$loop(&(0x7f0000001a40), 0x0, 0x0)
r1 = syz_open_dev$loop(&(0x7f00000001c0), 0x0, 0x0)
ioctl$BLKPBSZGET(r1, 0x127b, &(0x7f0000000100))
r2 = syz_open_dev$loop(&(0x7f00000001c0), 0x0, 0x0)
ioctl$BLKPBSZGET(r2, 0x127b, &(0x7f0000000100))
r3 = dup3(r0, r1, 0x0)
ioctl$BLKROSET(r3, 0x125d, &(0x7f0000000000)=0x4e6)
ioctl$BLKPBSZGET(r2, 0x127b, &(0x7f0000000040))

program did not crash
testing program (duration=15s, {Threaded:true Repeat:true RepeatTimes:0 Procs:8 Slowdown:1 Sandbox:none SandboxArg:0 Leak:false NetInjection:false NetDevices:true NetReset:true Cgroups:true BinfmtMisc:true CloseFDs:true KCSAN:false DevlinkPCI:false NicVF:false USB:false VhciInjection:false Wifi:false IEEE802154:false Sysctl:true UseTmpDir:true HandleSegv:true Repro:true Trace:false LegacyOptions:{Collide:false Fault:false FaultCall:0 FaultNth:0}}): syz_mount_image$ext4
detailed listing:
executing program 0:
syz_mount_image$ext4(&(0x7f0000000000)='ext4\x00', &(0x7f0000000100)='./file0\x00', 0x40000, 0x18, &(0x7f0000000200)=[{&(0x7f0000010000)="200000008000000006000000660000000f000000000000000100000001000000004000000040000020000000731f1f63731f1f6301003bff53ef010001000000721f1f63000000000000000001000000000000000b0000000002000028020000028400001b0000000000000000000000000000000000000073797a6b616c6c6572000000000000002f746d702f73797a2d696d61676567656e3237393538333934373100"/192, 0xc0, 0x400}, {&(0x7f00000100c0)="000000000000000000000000fdf45ca32ce14f21b8e0418ebeb044d0010000000c00000000000000721f1f6300"/64, 0x40, 0x4e0}, {&(0x7f0000010100)="00000000000000000000000000000000000000000000000000000000200020000100000000000000000000000000000000000000000000003000000000000000", 0x40, 0x540}, {&(0x7f0000010160)="02000000030000000400000066000f000300040000000000000000000f007f5c", 0x20, 0x800}, {&(0x7f0000010180)="ffffff03000000000000000000000000ffffffffffffffffffffffffffffffffffffffffffffffffffffffffffffffffffffffffffffffffffffffffffffffffffffffffffffffffffffffffffffffffffffffffffffffffffffffffffffffffffffffffffffffffffffffffffffffffffffffffffffffffffffffffffffffffffffffffffffffffffffffffffffffffffffffffffffffffffffffffffffffffffffffffffffffffffffffffffffffffffffffffffffffffffffffffffffffffffffffffffffffffffffffffffffffffffffffffffffffffffffffffffffffffffffffffffffffffffffffffffffffffffffffffffffffffffffffffffffffffffffffffffffffffffffffffffffffffffffffffffffffffffffffffffffffffffffffffffffffffffffffffffffffffffffffffffffffffffffffffffffffffffffffffffffffffffffffffffffffffffffffffffffffffffffffffffffffffffffffffffffffffffffffffffffffffffffffffffffffffffffffffffffffffffffffffffffffffffffffffffffffffffffffffffffffffffffffffffffffffffffffffffffffffffffffffffffffffffffffffffffffffffffffffffffffffffffffffffffffffffffffffffffffffffffffffffffffffffffffffffffffffffffffffffffffffffffffffffffffffffffffffffffffffffffffffffffffffffffffffffffffffffffffffffffffffffffffffffffffffffffffffffffffffffffffffffffffffffffffffffffffffffffffffffffffffffffffffffffffffffffffffffffffffffffffffffffffffffffffffffffffffffffffffffffffffffffffffffffffffffffffffffffffffffffffffffffffffffffffffffffffffffffffffffffffffffffffffffffffffffffffffffffffffffffffffffffffffffffffffffffffffffffffffffffffffffffffffffffffffffffffffffffffffffffffffffffffffffffffffffffffffffffffffffffffffffffffffffffffffffffffffffffffffffffffffffffffffffffffffffffffffffffffffffffffffffffffffffffffffffffffffffffffffffffffffffffffffffffffffffffffffffffffffffffffffffffffffffffffffffffffffffffffffffffffffffffffffffffffffffffffffffffffffffffffffffffffffffffffffffffffffffffffffffffffffffffffffffffffffffffffffffffffffffffffffffffffffffffffffffffffffffffffffffffffffffffffffffffffffffffffffffffffffffffffffffffffffffffffffffffffffffffffffffffffffffffffffffffffffffffffffffffffffffffffffffffffffffffffffffffffffffffffffffffffffffffffffffffffffffffffffffffffffffffffffffffffffffffffffffffffffffffffffffffffffffffffffffffffffffffffffffffffffffffffffffffffffffffffffffffffffffffffffffffffffffffffffffffffffffffffffffffffffffffffffffffffffffffffffffffffffffffffffffffffffffffffffffffffffffffffffffffffffffffffffffffffffffffffffffffffffffffffffffffffffffffffffffffffffffffffffffffffffffffffffffffffffffffffffffffffffffffffffffffffffffffffffffffffffffffffffffffffffffffffffffffffffffffffffffffffffffffffffffffffffffffffffffffffffffffffffffffffffffffffffffffffffffffffffffffffffffffffffffffffffffffffffffffffffffffffffffffffffffffffffffffffffffffffffffffffffffffffffffffffffffffffffffffffffffffffffffffffffffffffffffffffffffffffffffffffffffffffffffffffffffffffffffffffffffffffffffffffffffffffffffffffffffffffffffffffffffffffffffffffffffffffffffffffffffffffffffffffffffffffffffffffffffffffffffffffffffffffffffffffffffffffffffffffffffffffffffffffffffffffffffffffffffffffffffffffffffffffffffffffffffffffffffffffffffffffffffffffffffffffffffffffffffffffffffffffffffffffffffffffffffffffffffffffffffffffffffffffffffffffffffffffffffffffffffffffffffffffffffffffffffffffffffffffffffffffffffffffffffffffffffffffffffffffffffffffffffffffffffffffffffffffffffffffffffffffffffffffffffffffffffffffffffffffffffffffffffffffffffffffffffffffffffffffffffffffffffffffffffffffffffffffffffffffffffffffffffffffffffffffffffffffffffffffffffffffffffffffffffffffffffffffffffffffffffffffffffffffffffffffffffffffffffffffffffffffffffffffffffffffffffffffffffffffffffffffffffffffffffffffffffffffffffffffffffffffffffffffffffffffffffffffffffffffffffffffffffffffffffffffffffffffffffffffffffffffffffffffffffffffffffffffffffffffffffffffffffffffffffffffffffffffffffffffffffffffffffffffffffffffffffffffffffffffffffffffffffffffffffffffffffffffffffffffffffffffffffffffffffffffffffffffffffffffffffffffffffffffffffffffffffffffffffffffffffffffffffffffffffffffffffffffffffffffffffffffffffffffffffffffffffffffffffffffffffffffffffffffffffffffffffffffffffffffffffffffffffffffffffffffffffffffffffffffffffffffffffffffffffffffffffffffffffffffffffffffffffffffffffffffffffffffffffffffffffffffffffffffffffffffffffff0100ffffffffffffffffffffffffffffffffffffffffffffffffffffffffffffffffffffffffffffffffffffffffffffffffffffffffffffffffffffffffffffffffffffffffffffffffffffffffffffffffffffffffffffffffffffffffffffffffffffffffffffffffffffffffffffffffffffffffffffffffffffffffffffffffffffffffffffffffffffffffffffffffffffffffffffffffffffffffffffffffffffffffffffffffffffffffffffffffffffffffffffffffffffffffffffffffffffffffffffffffffffffffffffffffffffffffffffffffffffffffffffffffffffffffffffffffffffffffffffffffffffffffffffffffffffffffffffffffffffffffffffffffffffffffffffffffffffffffffffffffffffffffffffffffffffffffffffffffffffffffffffffffffffffffffffffffffffffffffffffffffffffffffffffffffffffffffffffffffffffffffffffffffffffffffffffffffffffffffffffffffffffffffffffffffffffffffffffffffffffffffffffffffffffffffffffffffffffffffffffffffffffffffffffffffffffffffffffffffffffffffffffffffffffffffffffffffffffffffffffffffffffffffffffffffffffffffffffffffffffffffffffffffffffffffffffffffffffffffffffffffffffffffffffffffffffffffffffffffffffffffffffffffffffffffffffffffffffffffffffffffffffffffffffffffffffffffffffffffffffffffffffffffffffffffffffffffffffffffffffffffffffffffffffffffffffffffffffffffffffffffffffffffffffffffffffffffffffffffffffffffffffffffffffffffffffffffffffffffffffffffffffffffffffffffffffffffffffffffffffffffffffffffffffffffffffffffffffffffffffffffffffffffffffffffffffffffffffffffffffffffffffffffffffffffffffffffffffffffffffffffffffffffffffffffffffffffffffffffffffffffffffffffffffffffffffffffffffffffffffffffffffffffffffffffffffffffffffffffffffffffffffffffffffffffffffffffffffffffffffffffffffffffffffffffffffffffffffffffffffffffffffffffffffffffffffffffffffffffffffffffffffffffffffffffffffffffffffffffffffffffffffffffffffffffffffffffffffffffffffffffffffffffffffffffffffffffffffffffffffffffffffffffffffffffffffffffffffffffffffffffffffffffffffffffffffffffffffffffffffffffffffffffffffffffffffffffffffffffffffffffffffffffffffffffffffffffffffffffffffffffffffffffffffffffffffffffffffffffffffffffffffffffffffffffffffffffffffffffffffffffffffffffffffffffffffffffffffffffffffffffffffffffffffffffffffffffffffffffffffffffffffffffffffffffffffffffffffffffffffffffffffffffffffffffffffffffffffffffffffffffffffffffffffffffffffffffffffffffffffffffffffffffffffffffffffffffffffffffffffffffffffffffffffffffffffffffffffffffffffffffffffffffffffffffffffffffffffffffffffffffffffffffffffffffffffffffffffffffffffffffffffffffffffffffffffffffffffffffffffffffffffffffffffffffffffffffffffffffffffffffffffffffffffffffffffffffffffffffffffffffffffffffffffffffffffffffffffffffffffffffffffffffffffffffffffffffffffffffffffffffffffffffffffffffffffffffffffffffffffffffffffffffffffffffffffffffffffffffffffffffffffffffffffffffffffffffffffffffffffffffffffffffffffffffffffffffffffffffffffffffffffffffffffffffffffffffffffffffffffffffffffffffffffffffffffffffffffffffffffffffffffffffffffffffffffffffffffffffffffffffffffffffffffffffffffffffffffffffffffffffffffffffffffffffffffffffffffffffffffffffffffffffffffffffffffffffffffffffffffffffffffffffffffffffffffffffffffffffffffffffffffffffffffffffffffffffffffffffffffffffffffffffffffffffffffffffffffffffffffffffffffffffffffffffffffffffffffffffffffffffffffffffffffffffffffffffffffffffffffffffffffffffffffffffffffffffffffffffffffffffffffffffffffffffffffffffffffffffffffffffffffffffffffffffffffffffffffffffffffffffffffffffffffffffffffffffffffffffffffffffffffffffffffffffffffffffffffffffffffffffffffffffffffffffffffffffffffffffffffffffffffffffffffffffffffffffffffffffffffffffffffffffffffffffffffffffffffffffffffffffffffffffffffffffffffffffffffffffffffffffffffffffffffffffffffffffffffffffffffffffffffffffffffffffffffffffffffffffffffffffffffffffffffffffffffffffffffffffffffffffffffffffffffffffffffffffffffffffffffffffffffffffffffffffffffffffffffffffffffffffffffffffffffffffffffffffffffffffffffffffffffffffffffffffffffffffffffffffffffffffffffffffffffffffffffffffffffffffffffffffffffffffffffffffffffffffffffffffffffffffffffffffffffffffffffffffffffffffffffffffffffffffffffffffffffffffffffffffffffffffffffffffffffffffffffffffffffffffffffffffffffffffffffffffffffffffffffffffffffffffffffffffffffffffffffffffffffffffffffffffffffff0000000000000000721f1f63721f1f63721f1f6300"/4128, 0x1020, 0x1000}, {&(0x7f0000000040)="ed41000000080001721f1f63731f1f4d731f1f6300000000000004000400000000000000050000000c0000000000000000000000000000000000000000000000c1006ce0a3e72635f7242899cc6a15502379a6cdd99ce1b58d355b37a466e701953db7e11724fec41695d978943703c1e875fffbdba91916e0b9ab565a519b6a", 0x80, 0x2200}, {&(0x7f00000111e0)="20000000f44695daf44695da00000000721f1f6300"/32, 0x20, 0x2280}, {&(0x7f0000011200)="c041000000380000721f1f63721f1f63721f1f6300000000000002001c00000000000000000000000d0000000e0000000f0000001000000011000000120000001300000000000000000000000000000000000000000000000000000000000000000000000000000000000000000000000000000000000000000000000000000020000000000000000000000000000000721f1f63000000000000000000000000000002ea00"/192, 0xc0, 0x3400}, {&(0x7f00000112c0)="ed4100003c000000731f1f63731f1f63731f1f630000000000000200000000000000001003000000020000000d0000001000050166696c65300000000e0000002800050766696c653100000000000000000000000000000000000000000000000000000059f142e500000000000000000000000000000000000000000000000020000000f44695daf44695daf44695da731f1f63f44695da0000000000000000000002ea04070000000000000000000000000000646174610000000000000000", 0xc0, 0x3600}, {&(0x7f0000011380)="ed8100001a040000731f1f63731f1f63731f1f6300000000000001000400000000000000010000001400000000000000000000000000000000000000000000000000000000000000000000000000000000000000000000000000000000000000000000000e65520900000000000000000000000000000000000000000000000020000000f44695daf44695daf44695da731f1f63f44695da0000000000000000", 0xa0, 0x3800}, {&(0x7f0000011420)="ffa1000027000000731f1f63731f1f63731f1f6300000000000001000000000000000000010000002f746d702f73797a2d696d61676567656e323739353833393437312f66696c65302f66696c6530000000000000000000000000000000000000000000fdb2653300000000000000000000000000000000000000000000000020000000f44695daf44695daf44695da731f1f63f44695da0000000000000000", 0xa0, 0x3a03}, {&(0x7f00000114c0)="ed8100000a000000731f1f63731f1f63731f1f63000000000000010000000000000000100100000073797a6b616c6c6572730000000000000000000000000000000000000000000000000000000000000000000000000000000000000000000000000000f0cb28ff00000000000000000000000000000000000000000000000020000000f44695daf44695daf44695da731f1f63f44695da0000000000000000000002ea040700000000000000000000000000006461746106015401000000000600000000000000786174747231000006014c0100000000060000000000000078617474723200"/256, 0x100, 0x3c00}, {&(0x7f00000115c0)="0000000000000000000000000000000078617474723200007861747472310000ed81000028230000731f1f63731f1f63731f1f6300000000000002001400000000000000010000001500000016000000170000001800000019000000000000000000000000000000000000000000000000000000000000000000000000000000000000007769041b00000000000000000000000000000000000000000000000020000000f44695daf44695daf44695da731f1f63f44695da0000000000000000", 0xc0, 0x3de0}, {&(0x7f0000011680)="ed81000064000000731f1f63731f1f63731f1f63000000000000010000000000000000100100000073797a6b616c6c657273797a6b616c6c657273797a6b616c6c657273797a6b616c6c657273797a6b616c6c657273797a6b616c6c657273797a6b616c82f0009c00000000000000000000000000000000000000000000000020000000f44695daf44695daf44695da731f1f63f44695da0000000000000000000002ea04073401000000002800000000000000646174610000000000000000", 0xc0, 0x4000}, {&(0x7f0000011740)='\x00\x00\x00\x00\x00\x00\x00\x00\x00\x00\x00\x00\x00\x00\x00\x00\x00\x00\x00\x00\x00\x00\x00\x00lersyzkallersyzkallersyzkallersyzkallers', 0x40, 0x41c0}, {&(0x7f0000011780)="020000000c0001022e000000020000000c0002022e2e00000b00000014000a026c6f73742b666f756e6400000c0000001000050266696c65300000000f0000001000050166696c6531000000100000001000050166696c6532000000100000001000050166696c6533000000110000009407090166696c652e636f6c64000000", 0x80, 0x6000}, {&(0x7f0000011800)="0b0000000c0001022e000000020000000c0002022e2e000000000000e8070000", 0x20, 0x6800}, {&(0x7f0000011820)='\x00\x00\x00\x00\x00\b\x00'/32, 0x20, 0x7000}, {&(0x7f0000000140)="0000000000080000e23dcdfcdfb16dbe00"/40, 0x28, 0x7800}, {&(0x7f0000011860)='\x00\x00\x00\x00\x00\b\x00'/32, 0x20, 0x8000}, {&(0x7f0000011880)='\x00\x00\x00\x00\x00\b\x00'/32, 0x20, 0x8800}, {&(0x7f00000118a0)='\x00\x00\x00\x00\x00\b\x00'/32, 0x20, 0x9000}, {&(0x7f00000118c0)='\x00\x00\x00\x00\x00\b\x00'/32, 0x20, 0x9800}, {&(0x7f00000118e0)='syzkallersyzkallersyzkallersyzkallersyzkallersyzkallersyzkallersyzkallersyzkallersyzkallersyzkallersyzkallersyzkallersyzkallersyzkallersyzkallersyzkallersyzkallersyzkallersyzkallersyzkallersyzkallersyzkallersyzkallersyzkallersyzkallersyzkallersyzkallersyzkallersyzkallersyzkallersyzkallersyzkallersyzkallersyzkallersyzkallersyzkallersyzkallersyzkallersyzkallersyzkallersyzkallersyzkallersyzkallersyzkallersyzkallersyzkallersyzkallersyzkallersyzkallersyzkallersyzkallersyzkallersyzkallersyzkallersyzkallersyzkallersyzkallersyzkallersyzkallersyzkallersyzkallersyzkallersyzkallersyzkallersyzkallersyzkallersyzkallersyzkallersyzkallersyzkallersyzkallersyzkallersyzkallersyzkallersyzkallersyzkallersyzkallersyzkallersyzkallersyzkallersyzkallersyzkallersyzkallersyzkallersyzkallersyzkallersyzkallersyzkallersyzkallersyzkallersyzkallersyzkallersyzkallersyzkallersyzkallersyzkallersyzkallersyzkallersyzkallersyzkallersyzkallersyzkallersyzkallersyzkallersyzkallersyzkallersyzkallersyzkallersyzkallersyzkallersyzkallersyzkallersyzkallersyzkallersyzkallersyzkal\x00\x00\x00\x00\x00\x00', 0x420, 0xa000}], 0x0, &(0x7f0000011d00), 0x1)

failed to init instance: failed to create VM: can't ssh into the instance
failed to run ["ssh" "-p" "50849" "-F" "/dev/null" "-o" "UserKnownHostsFile=/dev/null" "-o" "BatchMode=yes" "-o" "IdentitiesOnly=yes" "-o" "StrictHostKeyChecking=no" "-o" "ConnectTimeout=10" "-i" "/home/abel/Documents/workspace/syzkaller/tools/stretch.id_rsa" "root@localhost" "pwd"]: exit status 255
Connection timed out during banner exchange
Connection to 127.0.0.1 port 50849 timed out
[    0.000000] Linux version 5.15.79 (abel@abel-Inspiron-3502) (gcc (Ubuntu 11.3.0-1ubuntu1~22.04) 11.3.0, GNU ld (GNU Binutils for Ubuntu) 2.38) #3 SMP Wed Dec 7 00:56:13 CST 2022
[    0.000000] Command line: root=/dev/sda console=ttyS0 
[    0.000000] x86/fpu: Supporting XSAVE feature 0x001: 'x87 floating point registers'
[    0.000000] x86/fpu: Supporting XSAVE feature 0x002: 'SSE registers'
[    0.000000] x86/fpu: Supporting XSAVE feature 0x008: 'MPX bounds registers'
[    0.000000] x86/fpu: Supporting XSAVE feature 0x010: 'MPX CSR'
[    0.000000] x86/fpu: xstate_offset[3]:  576, xstate_sizes[3]:   64
[    0.000000] x86/fpu: xstate_offset[4]:  640, xstate_sizes[4]:   64
[    0.000000] x86/fpu: Enabled xstate features 0x1b, context size is 704 bytes, using 'compacted' format.
[    0.000000] signal: max sigframe size: 2032
[    0.000000] BIOS-provided physical RAM map:
[    0.000000] BIOS-e820: [mem 0x0000000000000000-0x000000000009fbff] usable
[    0.000000] BIOS-e820: [mem 0x000000000009fc00-0x000000000009ffff] reserved
[    0.000000] BIOS-e820: [mem 0x00000000000f0000-0x00000000000fffff] reserved
[    0.000000] BIOS-e820: [mem 0x0000000000100000-0x000000007ffdffff] usable
[    0.000000] BIOS-e820: [mem 0x000000007ffe0000-0x000000007fffffff] reserved
[    0.000000] BIOS-e820: [mem 0x00000000feffc000-0x00000000feffffff] reserved
[    0.000000] BIOS-e820: [mem 0x00000000fffc0000-0x00000000ffffffff] reserved
[    0.000000] NX (Execute Disable) protection: active
[    0.000000] SMBIOS 2.8 present.
[    0.000000] DMI: QEMU Standard PC (i440FX + PIIX, 1996), BIOS 1.15.0-1 04/01/2014
[    0.000000] Hypervisor detected: KVM
[    0.000000] kvm-clock: Using msrs 4b564d01 and 4b564d00
[    0.000000] kvm-clock: cpu 0, msr 2531e001, primary cpu clock
[    0.000006] kvm-clock: using sched offset of 2904173841 cycles
[    0.000031] clocksource: kvm-clock: mask: 0xffffffffffffffff max_cycles: 0x1cd42e4dffb, max_idle_ns: 881590591483 ns
[    0.000071] tsc: Detected 1094.400 MHz processor
[    0.049179] last_pfn = 0x7ffe0 max_arch_pfn = 0x400000000
[    0.049281] x86/PAT: Configuration [0-7]: WB  WC  UC- UC  WB  WP  UC- WT  
[    0.080967] found SMP MP-table at [mem 0x000f5b90-0x000f5b9f]
[    0.081214] Using GB pages for direct mapping
[    0.083099] ACPI: Early table checksum verification disabled
[    0.083146] ACPI: RSDP 0x00000000000F59D0 000014 (v00 BOCHS )
[    0.083205] ACPI: RSDT 0x000000007FFE1967 000034 (v01 BOCHS  BXPC     00000001 BXPC 00000001)
[    0.083272] ACPI: FACP 0x000000007FFE1813 000074 (v01 BOCHS  BXPC     00000001 BXPC 00000001)
[    0.083344] ACPI: DSDT 0x000000007FFE0040 0017D3 (v01 BOCHS  BXPC     00000001 BXPC 00000001)
[    0.083404] ACPI: FACS 0x000000007FFE0000 000040
[    0.083451] ACPI: APIC 0x000000007FFE1887 000080 (v01 BOCHS  BXPC     00000001 BXPC 00000001)
[    0.083513] ACPI: HPET 0x000000007FFE1907 000038 (v01 BOCHS  BXPC     00000001 BXPC 00000001)
[    0.083575] ACPI: WAET 0x000000007FFE193F 000028 (v01 BOCHS  BXPC     00000001 BXPC 00000001)
[    0.083630] ACPI: Reserving FACP table memory at [mem 0x7ffe1813-0x7ffe1886]
[    0.083659] ACPI: Reserving DSDT table memory at [mem 0x7ffe0040-0x7ffe1812]
[    0.083686] ACPI: Reserving FACS table memory at [mem 0x7ffe0000-0x7ffe003f]
[    0.083712] ACPI: Reserving APIC table memory at [mem 0x7ffe1887-0x7ffe1906]
[    0.083738] ACPI: Reserving HPET table memory at [mem 0x7ffe1907-0x7ffe193e]
[    0.083764] ACPI: Reserving WAET table memory at [mem 0x7ffe193f-0x7ffe1966]
[    0.090959] No NUMA configuration found
[    0.090991] Faking a node at [mem 0x0000000000000000-0x000000007ffdffff]
[    0.091036] NODE_DATA(0) allocated [mem 0x7ffdc000-0x7ffdffff]
[    0.091160] Zone ranges:
[    0.091176]   DMA      [mem 0x0000000000001000-0x0000000000ffffff]
[    0.091206]   DMA32    [mem 0x0000000001000000-0x000000007ffdffff]
[    0.091235]   Normal   empty
[    0.091255] Movable zone start for each node
[    0.091268] Early memory node ranges
[    0.091281]   node   0: [mem 0x0000000000001000-0x000000000009efff]
[    0.091305]   node   0: [mem 0x0000000000100000-0x000000007ffdffff]
[    0.091333] Initmem setup node 0 [mem 0x0000000000001000-0x000000007ffdffff]
[    0.091971] On node 0, zone DMA: 1 pages in unavailable ranges
[    0.092248] On node 0, zone DMA: 97 pages in unavailable ranges
[    0.247174] On node 0, zone DMA32: 32 pages in unavailable ranges
[    0.922024] kasan: KernelAddressSanitizer initialized
[    0.922775] ACPI: PM-Timer IO Port: 0x608
[    0.922854] ACPI: LAPIC_NMI (acpi_id[0xff] dfl dfl lint[0x1])
[    0.923003] IOAPIC[0]: apic_id 0, version 17, address 0xfec00000, GSI 0-23
[    0.923050] ACPI: INT_SRC_OVR (bus 0 bus_irq 0 global_irq 2 dfl dfl)
[    0.923085] ACPI: INT_SRC_OVR (bus 0 bus_irq 5 global_irq 5 high level)
[    0.923117] ACPI: INT_SRC_OVR (bus 0 bus_irq 9 global_irq 9 high level)
[    0.923148] ACPI: INT_SRC_OVR (bus 0 bus_irq 10 global_irq 10 high level)
[    0.923180] ACPI: INT_SRC_OVR (bus 0 bus_irq 11 global_irq 11 high level)
[    0.923233] ACPI: Using ACPI (MADT) for SMP configuration information
[    0.923253] ACPI: HPET id: 0x8086a201 base: 0xfed00000
[    0.923292] TSC deadline timer available
[    0.923309] smpboot: Allowing 2 CPUs, 0 hotplug CPUs
[    0.923474] kvm-guest: KVM setup pv remote TLB flush
[    0.923501] kvm-guest: setup PV sched yield
[    0.923589] PM: hibernation: Registered nosave memory: [mem 0x00000000-0x00000fff]
[    0.923626] PM: hibernation: Registered nosave memory: [mem 0x0009f000-0x0009ffff]
[    0.923651] PM: hibernation: Registered nosave memory: [mem 0x000a0000-0x000effff]
[    0.923675] PM: hibernation: Registered nosave memory: [mem 0x000f0000-0x000fffff]
[    0.923703] [mem 0x80000000-0xfeffbfff] available for PCI devices
[    0.923727] Booting paravirtualized kernel on KVM
[    0.923751] clocksource: refined-jiffies: mask: 0xffffffff max_cycles: 0xffffffff, max_idle_ns: 1910969940391419 ns
[    1.032762] setup_percpu: NR_CPUS:64 nr_cpumask_bits:64 nr_cpu_ids:2 nr_node_ids:1
[    1.035425] percpu: Embedded 64 pages/cpu s224472 r8192 d29480 u1048576
[    1.035789] kvm-guest: setup async PF for cpu 0
[    1.035823] kvm-guest: stealtime: cpu 0, msr 6d227140
[    1.035857] Built 1 zonelists, mobility grouping on.  Total pages: 515808
[    1.035885] Policy zone: DMA32
[    1.035905] Kernel command line: root=/dev/sda console=ttyS0 
[    1.037524] Dentry cache hash table entries: 262144 (order: 9, 2097152 bytes, linear)
[    1.038392] Inode-cache hash table entries: 131072 (order: 8, 1048576 bytes, linear)
[    1.038590] mem auto-init: stack:off, heap alloc:off, heap free:off
[    1.438426] Memory: 1699036K/2096632K available (47117K kernel code, 7796K rwdata, 8672K rodata, 2148K init, 1044K bss, 397340K reserved, 0K cma-reserved)
[    1.439042] SLUB: HWalign=64, Order=0-3, MinObjects=0, CPUs=2, Nodes=1
[    1.439546] rcu: Hierarchical RCU implementation.
[    1.439565] rcu: 	RCU event tracing is enabled.
[    1.439580] rcu: 	RCU restricting CPUs from NR_CPUS=64 to nr_cpu_ids=2.
[    1.439604] rcu: RCU calculated value of scheduler-enlistment delay is 100 jiffies.
[    1.439625] rcu: Adjusting geometry for rcu_fanout_leaf=16, nr_cpu_ids=2
[    1.566543] NR_IRQS: 4352, nr_irqs: 440, preallocated irqs: 16
[    1.572871] random: crng init done
[    1.608075] Console: colour VGA+ 80x25
[    2.849054] printk: console [ttyS0] enabled
[    2.861635] ACPI: Core revision 20210730
[    2.871245] clocksource: hpet: mask: 0xffffffff max_cycles: 0xffffffff, max_idle_ns: 19112604467 ns
[    2.877067] APIC: Switch to symmetric I/O mode setup
[    2.884628] kvm-guest: setup PV IPIs
[    2.893705] ..TIMER: vector=0x30 apic1=0 pin1=2 apic2=-1 pin2=-1
[    2.904793] clocksource: tsc-early: mask: 0xffffffffffffffff max_cycles: 0xfc66f4fc7c, max_idle_ns: 440795224246 ns
[    2.930890] Calibrating delay loop (skipped) preset value.. 2188.80 BogoMIPS (lpj=1094400)
[    2.931889] pid_max: default: 32768 minimum: 301
[    2.933129] LSM: Security Framework initializing
[    2.933998] SELinux:  Initializing.
[    2.935291] Mount-cache hash table entries: 4096 (order: 3, 32768 bytes, linear)
[    2.935900] Mountpoint-cache hash table entries: 4096 (order: 3, 32768 bytes, linear)
[    2.939609] x86/cpu: User Mode Instruction Prevention (UMIP) activated
[    2.940094] Last level iTLB entries: 4KB 0, 2MB 0, 4MB 0
[    2.940886] Last level dTLB entries: 4KB 0, 2MB 0, 4MB 0, 1GB 0
[    2.941914] Spectre V1 : Mitigation: usercopy/swapgs barriers and __user pointer sanitization
[    2.942897] Spectre V2 : Mitigation: Enhanced IBRS
[    2.943887] Spectre V2 : Spectre v2 / SpectreRSB mitigation: Filling RSB on context switch
[    2.944924] Spectre V2 : mitigation: Enabling conditional Indirect Branch Prediction Barrier
[    2.945893] Speculative Store Bypass: Mitigation: Speculative Store Bypass disabled via prctl and seccomp
[    3.100390] Freeing SMP alternatives memory: 44K
[    3.101311] smpboot: CPU0: Intel(R) Pentium(R) Silver N5030 CPU @ 1.10GHz (family: 0x6, model: 0x7a, stepping: 0x8)
[    3.102683] Performance Events: Goldmont plus events, 32-deep LBR, full-width counters, Intel PMU driver.
[    3.103903] ... version:                2
[    3.104893] ... bit width:              48
[    3.105892] ... generic registers:      4
[    3.106892] ... value mask:             0000ffffffffffff
[    3.107892] ... max period:             00007fffffffffff
[    3.108893] ... fixed-purpose events:   3
[    3.109893] ... event mask:             000000070000000f
[    3.111483] rcu: Hierarchical SRCU implementation.
[    3.116476] smp: Bringing up secondary CPUs ...
[    3.117529] x86: Booting SMP configuration:
[    3.117893] .... node  #0, CPUs:      #1
[    1.355415] kvm-clock: cpu 1, msr 2531e041, secondary cpu clock
[    3.119840] kvm-guest: setup async PF for cpu 1
[    3.119872] kvm-guest: stealtime: cpu 1, msr 6d327140
[    3.125989] smp: Brought up 1 node, 2 CPUs
[    3.126896] smpboot: Max logical packages: 1
[    3.127890] smpboot: Total of 2 processors activated (4377.60 BogoMIPS)
[    3.131146] devtmpfs: initialized
[    3.139706] clocksource: jiffies: mask: 0xffffffff max_cycles: 0xffffffff, max_idle_ns: 1911260446275000 ns
[    3.139909] futex hash table entries: 512 (order: 3, 32768 bytes, linear)
[    3.141614] PM: RTC time: 11:43:00, date: 2022-12-07
[    3.142895] NET: Registered PF_NETLINK/PF_ROUTE protocol family
[    3.145307] audit: initializing netlink subsys (disabled)
[    3.146995] audit: type=2000 audit(1670413379.302:1): state=initialized audit_enabled=0 res=1
[    3.150143] thermal_sys: Registered thermal governor 'step_wise'
[    3.150162] thermal_sys: Registered thermal governor 'user_space'
[    3.151190] cpuidle: using governor menu
[    3.153329] ACPI: bus type PCI registered
[    3.154696] PCI: Using configuration type 1 for base access
[    3.205997] Kprobes globally optimized
[    3.208355] HugeTLB registered 2.00 MiB page size, pre-allocated 0 pages
[    3.210012] cryptomgr_test (27) used greatest stack depth: 30760 bytes left
[    3.216086] ACPI: Added _OSI(Module Device)
[    3.216920] ACPI: Added _OSI(Processor Device)
[    3.217905] ACPI: Added _OSI(3.0 _SCP Extensions)
[    3.218900] ACPI: Added _OSI(Processor Aggregator Device)
[    3.219923] ACPI: Added _OSI(Linux-Dell-Video)
[    3.220920] ACPI: Added _OSI(Linux-Lenovo-NV-HDMI-Audio)
[    3.221918] ACPI: Added _OSI(Linux-HPI-Hybrid-Graphics)
[    3.259894] ACPI: 1 ACPI AML tables successfully acquired and loaded
[    3.273812] ACPI: Interpreter enabled
[    3.275663] ACPI: PM: (supports S0 S3 S4 S5)
[    3.275896] ACPI: Using IOAPIC for interrupt routing
[    3.277101] PCI: Using host bridge windows from ACPI; if necessary, use "pci=nocrs" and report a bug
[    3.281097] ACPI: Enabled 2 GPEs in block 00 to 0F
[    3.372978] ACPI: PCI Root Bridge [PCI0] (domain 0000 [bus 00-ff])
[    3.373969] acpi PNP0A03:00: _OSC: OS supports [ASPM ClockPM Segments MSI HPX-Type3]
[    3.375675] acpi PNP0A03:00: fail to add MMCONFIG information, can't access extended PCI configuration space under this bridge.
[    3.378943] PCI host bridge to bus 0000:00
[    3.379929] pci_bus 0000:00: root bus resource [io  0x0000-0x0cf7 window]
[    3.380925] pci_bus 0000:00: root bus resource [io  0x0d00-0xffff window]
[    3.381925] pci_bus 0000:00: root bus resource [mem 0x000a0000-0x000bffff window]
[    3.382924] pci_bus 0000:00: root bus resource [mem 0x80000000-0xfebfffff window]
[    3.383922] pci_bus 0000:00: root bus resource [mem 0x100000000-0x17fffffff window]
[    3.384925] pci_bus 0000:00: root bus resource [bus 00-ff]
[    3.389752] pci 0000:00:00.0: [8086:1237] type 00 class 0x060000
[    3.421697] pci 0000:00:01.0: [8086:7000] type 00 class 0x060100
[    3.428926] pci 0000:00:01.1: [8086:7010] type 00 class 0x010180
[    3.433900] pci 0000:00:01.1: reg 0x20: [io  0xc060-0xc06f]
[    3.436951] pci 0000:00:01.1: legacy IDE quirk: reg 0x10: [io  0x01f0-0x01f7]
[    3.437902] pci 0000:00:01.1: legacy IDE quirk: reg 0x14: [io  0x03f6]
[    3.438902] pci 0000:00:01.1: legacy IDE quirk: reg 0x18: [io  0x0170-0x0177]
[    3.439903] pci 0000:00:01.1: legacy IDE quirk: reg 0x1c: [io  0x0376]
[    3.444997] pci 0000:00:01.3: [8086:7113] type 00 class 0x068000
[    3.447141] pci 0000:00:01.3: quirk: [io  0x0600-0x063f] claimed by PIIX4 ACPI
[    3.447933] pci 0000:00:01.3: quirk: [io  0x0700-0x070f] claimed by PIIX4 SMB
[    3.457184] pci 0000:00:02.0: [1234:1111] type 00 class 0x030000
[    3.459924] pci 0000:00:02.0: reg 0x10: [mem 0xfd000000-0xfdffffff pref]
[    3.464929] pci 0000:00:02.0: reg 0x18: [mem 0xfebb0000-0xfebb0fff]
[    3.474918] pci 0000:00:02.0: reg 0x30: [mem 0xfeba0000-0xfebaffff pref]
[    3.476165] pci 0000:00:02.0: Video device with shadowed ROM at [mem 0x000c0000-0x000dffff]
[    3.504115] pci 0000:00:03.0: [1af4:1005] type 00 class 0x00ff00
[    3.505898] pci 0000:00:03.0: reg 0x10: [io  0xc040-0xc05f]
[    3.512469] pci 0000:00:03.0: reg 0x20: [mem 0xfe000000-0xfe003fff 64bit pref]
[    3.540592] pci 0000:00:04.0: [8086:100e] type 00 class 0x020000
[    3.542822] pci 0000:00:04.0: reg 0x10: [mem 0xfeb80000-0xfeb9ffff]
[    3.543897] pci 0000:00:04.0: reg 0x14: [io  0xc000-0xc03f]
[    3.555491] pci 0000:00:04.0: reg 0x30: [mem 0xfeb00000-0xfeb7ffff pref]
[    3.587730] ACPI: PCI: Interrupt link LNKA configured for IRQ 10
[    3.591353] ACPI: PCI: Interrupt link LNKB configured for IRQ 10
[    3.595074] ACPI: PCI: Interrupt link LNKC configured for IRQ 11
[    3.598168] ACPI: PCI: Interrupt link LNKD configured for IRQ 11
[    3.599872] ACPI: PCI: Interrupt link LNKS configured for IRQ 9
[    3.607300] iommu: Default domain type: Translated 
[    3.607893] iommu: DMA domain TLB invalidation policy: lazy mode 
[    3.610013] pci 0000:00:02.0: vgaarb: setting as boot VGA device
[    3.610872] pci 0000:00:02.0: vgaarb: VGA device added: decodes=io+mem,owns=io+mem,locks=none
[    3.610904] pci 0000:00:02.0: vgaarb: bridge control possible
[    3.611897] vgaarb: loaded
[    3.615045] SCSI subsystem initialized
[    3.616469] ACPI: bus type USB registered
[    3.616872] usbcore: registered new interface driver usbfs
[    3.616872] usbcore: registered new interface driver hub
[    3.621054] usbcore: registered new device driver usb
[    3.623188] pps_core: LinuxPPS API ver. 1 registered
[    3.630893] pps_core: Software ver. 5.3.6 - Copyright 2005-2007 Rodolfo Giometti <giometti@linux.it>
[    3.649383] PTP clock support registered
[    3.663320] Advanced Linux Sound Architecture Driver Initialized.
[    3.665735] NetLabel: Initializing
[    3.665888] NetLabel:  domain hash size = 128
[    3.666886] NetLabel:  protocols = UNLABELED CIPSOv4 CALIPSO
[    3.668135] NetLabel:  unlabeled traffic allowed by default
[    3.669995] PCI: Using ACPI for IRQ routing
[    3.671402] hpet0: at MMIO 0xfed00000, IRQs 2, 8, 0
[    3.671892] hpet0: 3 comparators, 64-bit 100.000000 MHz counter
[    3.675156] clocksource: Switched to clocksource kvm-clock
[    4.505719] VFS: Disk quotas dquot_6.6.0
[    4.507187] VFS: Dquot-cache hash table entries: 512 (order 0, 4096 bytes)
[    4.510032] pnp: PnP ACPI init
[    4.549411] pnp: PnP ACPI: found 6 devices
[    4.677088] clocksource: acpi_pm: mask: 0xffffff max_cycles: 0xffffff, max_idle_ns: 2085701024 ns
[    4.682597] NET: Registered PF_INET protocol family
[    4.695292] IP idents hash table entries: 32768 (order: 6, 262144 bytes, linear)
[    4.713074] tcp_listen_portaddr_hash hash table entries: 1024 (order: 2, 16384 bytes, linear)
[    4.736014] Table-perturb hash table entries: 65536 (order: 6, 262144 bytes, linear)
[    4.741846] TCP established hash table entries: 16384 (order: 5, 131072 bytes, linear)
[    4.760361] TCP bind hash table entries: 16384 (order: 6, 262144 bytes, linear)
[    4.772238] TCP: Hash tables configured (established 16384 bind 16384)
[    4.783825] UDP hash table entries: 1024 (order: 3, 32768 bytes, linear)
[    4.797397] UDP-Lite hash table entries: 1024 (order: 3, 32768 bytes, linear)
[    4.809697] NET: Registered PF_UNIX/PF_LOCAL protocol family
[    4.839820] RPC: Registered named UNIX socket transport module.
[    4.843176] RPC: Registered udp transport module.
[    4.851582] RPC: Registered tcp transport module.
[    4.859967] RPC: Registered tcp NFSv4.1 backchannel transport module.
[    4.870650] pci_bus 0000:00: resource 4 [io  0x0000-0x0cf7 window]
[    4.901524] pci_bus 0000:00: resource 5 [io  0x0d00-0xffff window]
[    4.906502] pci_bus 0000:00: resource 6 [mem 0x000a0000-0x000bffff window]
[    4.918190] pci_bus 0000:00: resource 7 [mem 0x80000000-0xfebfffff window]
[    4.938554] pci_bus 0000:00: resource 8 [mem 0x100000000-0x17fffffff window]
[    4.951893] pci 0000:00:01.0: PIIX3: Enabling Passive Release
[    4.974813] pci 0000:00:00.0: quirk_passive_release+0x0/0xf0 took 22431 usecs
[    4.981637] pci 0000:00:00.0: Limiting direct PCI/PCI transfers
[    4.985094] pci 0000:00:01.0: Activating ISA DMA hang workarounds
[    4.989160] PCI: CLS 0 bytes, default 64
[   18.198752] RAPL PMU: API unit is 2^-32 Joules, 0 fixed counters, 10737418240 ms ovfl timer
[   18.201608] clocksource: tsc: mask: 0xffffffffffffffff max_cycles: 0xfc66f4fc7c, max_idle_ns: 440795224246 ns
[   18.554988] clocksource: Switched to clocksource tsc
[   18.581839] Initialise system trusted keyrings
[   18.598808] workingset: timestamp_bits=56 max_order=19 bucket_order=0
[   18.777524] NFS: Registering the id_resolver key type
[   18.787281] Key type id_resolver registered
[   18.788727] Key type id_legacy registered
[   18.790562] 9p: Installing v9fs 9p2000 file system support
[   18.882971] cryptomgr_test (61) used greatest stack depth: 30704 bytes left
[   18.885633] Key type asymmetric registered
[   18.887075] Asymmetric key parser 'x509' registered
[   18.889221] Block layer SCSI generic (bsg) driver version 0.4 loaded (major 251)
[   18.913491] io scheduler mq-deadline registered
[   18.928100] io scheduler kyber registered
[   18.944290] input: Power Button as /devices/LNXSYSTM:00/LNXPWRBN:00/input/input0
[   18.970441] ACPI: button: Power Button [PWRF]
[   28.343945] ACPI: \_SB_.LNKC: Enabled at IRQ 11
[   28.377959] Serial: 8250/16550 driver, 4 ports, IRQ sharing enabled
[   28.387455] 00:04: ttyS0 at I/O 0x3f8 (irq = 4, base_baud = 115200) is a 16550A
[   28.432325] Non-volatile memory driver v1.3
[   28.436132] Linux agpgart interface v0.103
[   28.545924] loop: module loaded
[   28.589705] scsi host0: ata_piix
[   28.609477] scsi host1: ata_piix
[   28.626608] ata1: PATA max MWDMA2 cmd 0x1f0 ctl 0x3f6 bmdma 0xc060 irq 14
[   28.632812] ata2: PATA max MWDMA2 cmd 0x170 ctl 0x376 bmdma 0xc068 irq 15
[   28.665868] e100: Intel(R) PRO/100 Network Driver
[   28.684305] e100: Copyright(c) 1999-2006 Intel Corporation
[   28.686334] e1000: Intel(R) PRO/1000 Network Driver
[   28.726989] e1000: Copyright (c) 1999-2006 Intel Corporation.
[   28.816237] ata1.00: ATA-7: QEMU HARDDISK, 2.5+, max UDMA/100
[   28.818269] ata1.00: 4194304 sectors, multi 16: LBA48 
[   28.820498] ata2.00: ATAPI: QEMU DVD-ROM, 2.5+, max UDMA/100
[   28.832293] scsi 0:0:0:0: Direct-Access     ATA      QEMU HARDDISK    2.5+ PQ: 0 ANSI: 5
[   28.840642] scsi 0:0:0:0: Attached scsi generic sg0 type 0
[   28.866075] scsi 1:0:0:0: CD-ROM            QEMU     QEMU DVD-ROM     2.5+ PQ: 0 ANSI: 5
[   28.895526] sd 0:0:0:0: [sda] 4194304 512-byte logical blocks: (2.15 GB/2.00 GiB)
[   28.898201] sd 0:0:0:0: [sda] Write Protect is off
[   28.904766] sd 0:0:0:0: [sda] Write cache: enabled, read cache: enabled, doesn't support DPO or FUA
[   28.964158] sd 0:0:0:0: [sda] Attached SCSI disk
[   29.135018] sr 1:0:0:0: [sr0] scsi3-mmc drive: 4x/4x cd/rw xa/form2 tray
[   29.143186] cdrom: Uniform CD-ROM driver Revision: 3.20
[   29.395862] sr 1:0:0:0: Attached scsi generic sg1 type 5
[   38.117986] ACPI: \_SB_.LNKD: Enabled at IRQ 10
[   39.536371] e1000 0000:00:04.0 eth0: (PCI:33MHz:32-bit) 52:54:00:12:34:56
[   39.541466] e1000 0000:00:04.0 eth0: Intel(R) PRO/1000 Network Connection
[   39.574627] e1000e: Intel(R) PRO/1000 Network Driver
[   39.576330] e1000e: Copyright(c) 1999 - 2015 Intel Corporation.
[   39.578491] sky2: driver version 1.30
[   39.601343] ehci_hcd: USB 2.0 'Enhanced' Host Controller (EHCI) Driver
[   39.620049] ehci-pci: EHCI PCI platform driver
[   39.628648] ohci_hcd: USB 1.1 'Open' Host Controller (OHCI) Driver
[   39.630857] ohci-pci: OHCI PCI platform driver
[   39.632555] uhci_hcd: USB Universal Host Controller Interface driver
[   39.656733] usbcore: registered new interface driver usblp
[   39.671507] usbcore: registered new interface driver usb-storage
[   39.673930] i8042: PNP: PS/2 Controller [PNP0303:KBD,PNP0f13:MOU] at 0x60,0x64 irq 1,12
[   39.736164] serio: i8042 KBD port at 0x60,0x64 irq 1
[   39.737842] serio: i8042 AUX port at 0x60,0x64 irq 12
[   39.746215] input: AT Translated Set 2 keyboard as /devices/platform/i8042/serio0/input/input1
[   39.750367] rtc_cmos 00:05: RTC can wake from S4
[   39.800168] hpet: Lost 1 RTC interrupts
[   39.831609] rtc_cmos 00:05: registered as rtc0
[   39.833219] rtc_cmos 00:05: alarms up to one day, y3k, 242 bytes nvram, hpet irqs
[   39.855141] device-mapper: ioctl: 4.45.0-ioctl (2021-03-22) initialised: dm-devel@redhat.com
[   39.858102] intel_pstate: CPU model not supported
[   39.892771] hid: raw HID events driver (C) Jiri Kosina
[   39.921837] usbcore: registered new interface driver usbhid
[   39.936724] usbhid: USB HID core driver
[   39.957025] Initializing XFRM netlink socket
[   39.988544] NET: Registered PF_INET6 protocol family
[   40.006276] Segment Routing with IPv6
[   40.029342] In-situ OAM (IOAM) with IPv6
[   40.039704] sit: IPv6, IPv4 and MPLS over IPv4 tunneling driver
[   40.057335] NET: Registered PF_PACKET protocol family
[   40.066467] 9pnet: Installing 9P2000 support
[   40.082339] Key type dns_resolver registered
[   40.095224] IPI shorthand broadcast: enabled
[   40.105938] sched_clock: Marking stable (38751463029, 1354415853)->(42768576051, -2662697169)
[   40.131004] registered taskstats version 1
[   40.137194] Loading compiled-in X.509 certificates
[   40.149612] PM:   Magic number: 2:413:731
[   40.180678] printk: console [netcon0] enabled
[   40.185319] netconsole: network logging started
[   40.207560] cfg80211: Loading compiled-in X.509 certificates for regulatory database
[   40.219942] kworker/u4:2 (73) used greatest stack depth: 28768 bytes left
[   40.250371] cfg80211: Loaded X.509 cert 'sforshee: 00b28ddf47aef9cea7'
[   40.257406] platform regulatory.0: Direct firmware load for regulatory.db failed with error -2
[   40.267540] ALSA device list:
[   40.274013] cfg80211: failed to load regulatory.db
[   40.282164]   No soundcards found.
[   40.917255] input: ImExPS/2 Generic Explorer Mouse as /devices/platform/i8042/serio1/input/input3
[   40.931581] md: Waiting for all devices to be available before autodetect
[   40.934822] md: If you don't use raid, use raid=noautodetect
[   40.940891] md: Autodetecting RAID arrays.
[   40.942598] md: autorun ...
[   40.943884] md: ... autorun DONE.
[   41.012479] EXT4-fs (sda): INFO: recovery required on readonly filesystem
[   41.014916] EXT4-fs (sda): write access will be enabled during recovery
[   41.254943] EXT4-fs (sda): recovery complete
[   41.267796] EXT4-fs (sda): mounted filesystem with ordered data mode. Opts: (null). Quota mode: none.
[   41.275044] VFS: Mounted root (ext4 filesystem) readonly on device 8:0.
[   41.311748] devtmpfs: mounted
[   41.322447] Freeing unused kernel image (initmem) memory: 2148K
[   41.325234] Write protecting the kernel read-only data: 59392k
[   41.343520] Freeing unused kernel image (text/rodata gap) memory: 2032K
[   41.360839] Freeing unused kernel image (rodata/data gap) memory: 1568K
[   41.367705] Run /sbin/init as init process
[   45.351499] SELinux:  Permission getrlimit in class process not defined in policy.
[   45.369632] SELinux:  Class process2 not defined in policy.
[   45.381253] SELinux:  Permission watch in class filesystem not defined in policy.
[   45.390934] SELinux:  Permission map in class file not defined in policy.
[   45.403936] SELinux:  Permission watch in class file not defined in policy.
[   45.412697] SELinux:  Permission watch_mount in class file not defined in policy.
[   45.424061] SELinux:  Permission watch_sb in class file not defined in policy.
[   45.437522] SELinux:  Permission watch_with_perm in class file not defined in policy.
[   45.451103] SELinux:  Permission watch_reads in class file not defined in policy.
[   45.458026] SELinux:  Permission map in class dir not defined in policy.
[   45.471780] SELinux:  Permission watch in class dir not defined in policy.
[   45.486490] SELinux:  Permission watch_mount in class dir not defined in policy.
[   45.497626] SELinux:  Permission watch_sb in class dir not defined in policy.
[   45.508956] SELinux:  Permission watch_with_perm in class dir not defined in policy.
[   45.524087] SELinux:  Permission watch_reads in class dir not defined in policy.
[   45.545271] SELinux:  Permission map in class lnk_file not defined in policy.
[   45.552476] SELinux:  Permission watch in class lnk_file not defined in policy.
[   45.573702] SELinux:  Permission watch_mount in class lnk_file not defined in policy.
[   45.585491] SELinux:  Permission watch_sb in class lnk_file not defined in policy.
[   45.591207] SELinux:  Permission watch_with_perm in class lnk_file not defined in policy.
[   45.609658] SELinux:  Permission watch_reads in class lnk_file not defined in policy.
[   45.617946] SELinux:  Permission map in class chr_file not defined in policy.
[   45.633359] SELinux:  Permission watch in class chr_file not defined in policy.
[   45.647722] SELinux:  Permission watch_mount in class chr_file not defined in policy.
[   45.656084] SELinux:  Permission watch_sb in class chr_file not defined in policy.
[   45.665442] SELinux:  Permission watch_with_perm in class chr_file not defined in policy.
[   45.677428] SELinux:  Permission watch_reads in class chr_file not defined in policy.
[   45.693894] SELinux:  Permission map in class blk_file not defined in policy.
[   45.707173] SELinux:  Permission watch in class blk_file not defined in policy.
[   45.715531] SELinux:  Permission watch_mount in class blk_file not defined in policy.
[   45.731507] SELinux:  Permission watch_sb in class blk_file not defined in policy.
[   45.734736] SELinux:  Permission watch_with_perm in class blk_file not defined in policy.
[   45.752405] SELinux:  Permission watch_reads in class blk_file not defined in policy.
[   45.758551] SELinux:  Permission map in class sock_file not defined in policy.
[   45.777307] SELinux:  Permission watch in class sock_file not defined in policy.
[   45.791734] SELinux:  Permission watch_mount in class sock_file not defined in policy.
[   45.808151] SELinux:  Permission watch_sb in class sock_file not defined in policy.
[   45.812613] SELinux:  Permission watch_with_perm in class sock_file not defined in policy.
[   45.832388] SELinux:  Permission watch_reads in class sock_file not defined in policy.
[   45.851645] SELinux:  Permission map in class fifo_file not defined in policy.
[   45.854206] SELinux:  Permission watch in class fifo_file not defined in policy.
[   45.871550] SELinux:  Permission watch_mount in class fifo_file not defined in policy.
[   45.880393] SELinux:  Permission watch_sb in class fifo_file not defined in policy.
[   45.893063] SELinux:  Permission watch_with_perm in class fifo_file not defined in policy.
[   45.907908] SELinux:  Permission watch_reads in class fifo_file not defined in policy.
[   45.921491] SELinux:  Permission map in class socket not defined in policy.
[   45.931563] SELinux:  Permission map in class tcp_socket not defined in policy.
[   45.940982] SELinux:  Permission map in class udp_socket not defined in policy.
[   45.948835] SELinux:  Permission map in class rawip_socket not defined in policy.
[   45.960598] SELinux:  Permission map in class netlink_socket not defined in policy.
[   45.976643] SELinux:  Permission map in class packet_socket not defined in policy.
[   45.989749] SELinux:  Permission map in class key_socket not defined in policy.
[   46.003509] SELinux:  Permission map in class unix_stream_socket not defined in policy.
[   46.017059] SELinux:  Permission map in class unix_dgram_socket not defined in policy.
[   46.037141] SELinux:  Permission map in class netlink_route_socket not defined in policy.
[   46.045683] SELinux:  Permission map in class netlink_tcpdiag_socket not defined in policy.
[   46.063694] SELinux:  Permission map in class netlink_nflog_socket not defined in policy.
[   46.076936] SELinux:  Permission map in class netlink_xfrm_socket not defined in policy.
[   46.092423] SELinux:  Permission map in class netlink_selinux_socket not defined in policy.
[   46.096928] SELinux:  Permission map in class netlink_iscsi_socket not defined in policy.
[   46.109672] SELinux:  Permission map in class netlink_audit_socket not defined in policy.
[   46.124404] SELinux:  Permission map in class netlink_fib_lookup_socket not defined in policy.
[   46.137326] SELinux:  Permission map in class netlink_connector_socket not defined in policy.
[   46.151643] SELinux:  Permission map in class netlink_netfilter_socket not defined in policy.
[   46.162407] SELinux:  Permission map in class netlink_dnrt_socket not defined in policy.
[   46.176709] SELinux:  Permission map in class netlink_kobject_uevent_socket not defined in policy.
[   46.189686] SELinux:  Permission map in class netlink_generic_socket not defined in policy.
[   46.202475] SELinux:  Permission map in class netlink_scsitransport_socket not defined in policy.
[   46.214864] SELinux:  Permission map in class netlink_rdma_socket not defined in policy.
[   46.220392] SELinux:  Permission map in class netlink_crypto_socket not defined in policy.
[   46.243993] SELinux:  Permission map in class appletalk_socket not defined in policy.
[   46.258653] SELinux:  Permission map in class dccp_socket not defined in policy.
[   46.276864] SELinux:  Permission perfmon in class capability2 not defined in policy.
[   46.282561] SELinux:  Permission bpf in class capability2 not defined in policy.
[   46.299570] SELinux:  Permission checkpoint_restore in class capability2 not defined in policy.
[   46.316654] SELinux:  Permission map in class tun_socket not defined in policy.
[   46.331655] SELinux:  Permission perfmon in class cap2_userns not defined in policy.
[   46.342514] SELinux:  Permission bpf in class cap2_userns not defined in policy.
[   46.355523] SELinux:  Permission checkpoint_restore in class cap2_userns not defined in policy.
[   46.371540] SELinux:  Class sctp_socket not defined in policy.
[   46.381446] SELinux:  Class icmp_socket not defined in policy.
[   46.389125] SELinux:  Class ax25_socket not defined in policy.
[   46.394496] SELinux:  Class ipx_socket not defined in policy.
[   46.423456] SELinux:  Class netrom_socket not defined in policy.
[   46.430230] SELinux:  Class atmpvc_socket not defined in policy.
[   46.447577] SELinux:  Class x25_socket not defined in policy.
[   46.455939] SELinux:  Class rose_socket not defined in policy.
[   46.457720] SELinux:  Class decnet_socket not defined in policy.
[   46.483139] SELinux:  Class atmsvc_socket not defined in policy.
[   46.486357] SELinux:  Class rds_socket not defined in policy.
[   46.499031] SELinux:  Class irda_socket not defined in policy.
[   46.503930] SELinux:  Class pppox_socket not defined in policy.
[   46.510439] SELinux:  Class llc_socket not defined in policy.
[   46.521032] SELinux:  Class can_socket not defined in policy.
[   46.525508] SELinux:  Class tipc_socket not defined in policy.
[   46.532178] SELinux:  Class bluetooth_socket not defined in policy.
[   46.536447] SELinux:  Class iucv_socket not defined in policy.
[   46.550733] SELinux:  Class rxrpc_socket not defined in policy.
[   46.557309] SELinux:  Class isdn_socket not defined in policy.
[   46.568325] SELinux:  Class phonet_socket not defined in policy.
[   46.579720] SELinux:  Class ieee802154_socket not defined in policy.
[   46.591930] SELinux:  Class caif_socket not defined in policy.
[   46.601364] SELinux:  Class alg_socket not defined in policy.
[   46.627895] SELinux:  Class nfc_socket not defined in policy.
[   46.634386] SELinux:  Class vsock_socket not defined in policy.
[   46.642491] SELinux:  Class kcm_socket not defined in policy.
[   46.659261] SELinux:  Class qipcrtr_socket not defined in policy.
[   46.669648] SELinux:  Class smc_socket not defined in policy.
[   46.681607] SELinux:  Class infiniband_pkey not defined in policy.
[   46.687351] SELinux:  Class infiniband_endport not defined in policy.
[   46.695101] SELinux:  Class bpf not defined in policy.
[   46.701563] SELinux:  Class xdp_socket not defined in policy.
[   46.731018] SELinux:  Class mctp_socket not defined in policy.
[   46.744069] SELinux:  Class perf_event not defined in policy.
[   46.759487] SELinux:  Class lockdown not defined in policy.
[   46.773680] SELinux:  Class anon_inode not defined in policy.
[   46.780610] SELinux: the above unknown classes and permissions will be allowed
[   46.899461] SELinux:  policy capability network_peer_controls=1
[   46.938067] SELinux:  policy capability open_perms=1
[   46.940162] SELinux:  policy capability extended_socket_class=0
[   46.949829] SELinux:  policy capability always_check_network=0
[   46.968064] SELinux:  policy capability cgroup_seclabel=0
[   46.969565] SELinux:  policy capability nnp_nosuid_transition=0
[   46.993145] SELinux:  policy capability genfs_seclabel_symlinks=0
[   46.995438] SELinux:  policy capability ioctl_skip_cloexec=0
[   47.315812] audit: type=1403 audit(1670413423.469:2): auid=4294967295 ses=4294967295 lsm=selinux res=1
[   47.359801] systemd[1]: Successfully loaded SELinux policy in 5.232432s.
[   47.526107] audit: type=1400 audit(1670413423.667:3): avc:  denied  { associate } for  pid=1 comm="systemd" name="pts" scontext=system_u:object_r:devpts_t:s0 tcontext=system_u:object_r:device_t:s0 tclass=filesystem permissive=1
[   47.741766] systemd[1]: Relabelled /dev and /run in 176.137ms.
[   47.884406] systemd[1]: systemd 232 running in system mode. (+PAM +AUDIT +SELINUX +IMA +APPARMOR +SMACK +SYSVINIT +UTMP +LIBCRYPTSETUP +GCRYPT +GNUTLS +ACL +XZ +LZ4 +SECCOMP +BLKID +ELFUTILS +KMOD +IDN)
[   47.921539] systemd[1]: Detected virtualization qemu.
[   47.932644] systemd[1]: Detected architecture x86-64.

Welcome to [1mDebian GNU/Linux 9 (stretch)[0m!

[   47.983243] systemd[1]: Set hostname to <syzkaller>.
[   48.438186] systemd-sysv-ge (80) used greatest stack depth: 26592 bytes left
[   48.689174] systemd-gpt-aut (82) used greatest stack depth: 26288 bytes left
[   48.724676] grep (91) used greatest stack depth: 26192 bytes left
[   48.741723] selinux-autorel (84) used greatest stack depth: 25864 bytes left
[   49.346317] systemd[1]: Listening on Journal Socket (/dev/log).
[[0;32m  OK  [0m] Listening on Journal Socket (/dev/log).
[   49.378375] systemd[1]: Created slice System Slice.
[[0;32m  OK  [0m] Created slice System Slice.
[   49.414493] systemd[1]: Created slice system-getty.slice.
[[0;32m  OK  [0m] Created slice system-getty.slice.
[   49.439802] systemd[1]: Listening on udev Control Socket.
[[0;32m  OK  [0m] Listening on udev Control Socket.
[   49.476118] systemd[1]: Started Forward Password Requests to Wall Directory Watch.
[[0;32m  OK  [0m] Started Forward Password Requests to Wall Directory Watch.
[   49.512299] systemd[1]: Reached target Swap.
[[0;32m  OK  [0m] Reached target Swap.
[   49.538806] audit: type=1400 audit(1670413425.690:4): avc:  denied  { audit_read } for  pid=1 comm="systemd" capability=37  scontext=system_u:system_r:kernel_t:s0 tcontext=system_u:system_r:kernel_t:s0 tclass=capability2 permissive=1
[[0;32m  OK  [0m] Listening on Journal Audit Socket.
         Mounting POSIX Message Queue File System...
[[0;32m  OK  [0m] Started Dispatch Password Requests to Console Directory Watch.
[[0;32m  OK  [0m] Reached target Encrypted Volumes.
[[0;32m  OK  [0m] Reached target Paths.
         Mounting /sys/kernel/config...
[[0;32m  OK  [0m] Listening on Syslog Socket.
[[0;32m  OK  [0m] Set up automount Arbitrary Executabrmats File System Automount Point.
[[0;32m  OK  [0m] Reached target Remote File Systems.
[[0;32m  OK  [0m] Listening on Journal Socket.
         Starting Load Kernel Modules...
         Starting Journal Service...
         Starting Create Static Device Nodes in /dev...
         Starting Remount Root and Kernel File Systems...
         Mounting /sys/kernel/debug...
[[0;32m  OK  [0m] Created slice system-serial\x2dgetty.slice.
[[0;32m  OK  [0m] Listening on udev Kernel Socket.
         Mounting /proc/sys/fs/binfmt_misc...
[[0;32m  OK  [0m] Listening on /dev/initctl Compatibility Named Pipe.
[[0;32m  OK  [0m] Reached target Sockets.
[   50.459423] EXT4-fs (sda): re-mounted. Opts: (null). Quota mode: none.
[[0;32m  OK  [0m] Reached target Slices.
[[0;32m  OK  [0m] Mounted POSIX Message Queue File System.
[[0;32m  OK  [0m] Mounted /sys/kernel/debug.
[[0;32m  OK  [0m] Mounted /sys/kernel/config.
[[0;32m  OK  [0m] Mounted /proc/sys/fs/binfmt_misc.
[[0;32m  OK  [0m] Started Load Kernel Modules.
[[0;32m  OK  [0m] Started Remount Root and Kernel File Systems.
[[0;32m  OK  [0m] Started Create Static Device Nodes in /dev.
         Starting udev Kernel Device Manager...
[[0;32m  OK  [0m] Reached target Local File Systems (Pre).
         Starting udev Coldplug all Devices...
         Starting Load/Save Random Seed...
         Starting Apply Kernel Variables...
[[0;32m  OK  [0m] Reached target Local File Systems.
[[0;32m  OK  [0m] Started Load/Save Random Seed.
[[0;32m  OK  [0m] Started Apply Kernel Variables.
         Starting Raise network interfaces...
[[0;32m  OK  [0m] Started Journal Service.
         Starting Flush Journal to Persistent Storage...
[   52.641185] systemd-journald[97]: Received request to flush runtime journal from PID 1
[   52.659449] audit: type=1107 audit(1670413428.769:5): pid=1 uid=0 auid=4294967295 ses=4294967295 subj=system_u:system_r:kernel_t:s0 msg='avc:  denied  { stop } for auid=n/a uid=0 gid=0 path="/lib/systemd/system/systemd-journald.service" cmdline="/bin/journalctl --flush" scontext=system_u:system_r:kernel_t:s0 tcontext=system_u:object_r:unlabeled_t:s0 tclass=service
[   52.659449]  exe="/lib/systemd/systemd" sauid=0 hostname=? addr=? terminal=?'
[[0;32m  OK  [0m] Started Flush Journal to Persistent Storage.
[[0;32m  OK  [0m] Started udev Kernel Device Manager.
         Starting Create Volatile Files and Directories...
[   54.538401] systemd-tmpfile (125) used greatest stack depth: 25832 bytes left
[[0;32m  OK  [0m] Started Create Volatile Files and Directories.
         Starting Update UTMP about System Boot/Shutdown...
         Starting Network Time Synchronization...
[[0;32m  OK  [0m] Started Update UTMP about System Boot/Shutdown.
[[0;32m  OK  [0m] Started udev Coldplug all Devices.
[[0;32m  OK  [0m] Started Network Time Synchronization.
[[0;32m  OK  [0m] Reached target System Time Synchronized.
[[0;32m  OK  [0m] Reached target System Initialization.
[[0;32m  OK  [0m] Started Daily Cleanup of Temporary Directories.
[[0;32m  OK  [0m] Reached target Basic System.
[[0;32m  OK  [0m] Started Regular background program processing daemon.
         Starting System Logging Service...
         Starting getty on tty2-tty6 if dbus and logind are not available...
[[0;32m  OK  [0m] Started Daily apt download activities.
[[0;32m  OK  [0m] Started Daily apt upgrade and clean activities.
[[0;32m  OK  [0m] Reached target Timers.
[   57.574017] e1000 0000:00:04.0 enp0s4: renamed from eth0
[[0;32m  OK  [0m] Found device /dev/ttyS0.
[   58.324148] audit: type=1107 audit(1670413434.445:6): pid=1 uid=0 auid=4294967295 ses=4294967295 subj=system_u:system_r:kernel_t:s0 msg='avc:  denied  { start } for auid=n/a uid=0 gid=0 path="/lib/systemd/system/getty@.service" cmdline="/bin/systemctl --no-block start getty@tty2.service getty@tty3.service getty@tty4.service getty@tty5.service getty@tty6.service" scontext=system_u:system_r:kernel_t:s0 tcontext=system_u:object_r:unlabeled_t:s0 tclass=service
[   58.324148]  exe="/lib/systemd/systemd" sauid=0 hostname=? addr=? terminal=?'
[   58.601045] audit: type=1107 audit(1670413434.754:7): pid=1 uid=0 auid=4294967295 ses=4294967295 subj=system_u:system_r:kernel_t:s0 msg='avc:  denied  { status } for auid=n/a uid=0 gid=0 path="/lib/systemd/system/getty@.service" cmdline="/bin/systemctl --no-block start getty@tty2.service getty@tty3.service getty@tty4.service getty@tty5.service getty@tty6.service" scontext=system_u:system_r:kernel_t:s0 tcontext=system_u:object_r:unlabeled_t:s0 tclass=service
[   58.601045]  exe="/lib/systemd/systemd" sauid=0 hostname=? addr=? terminal=?'
[[0;32m  OK  [0m] Started System Logging Service.
[[0;32m  OK  [0m] Listening on Load/Save RF Kill Switch Status /dev/rfkill Watch.
[   59.648415] dhclient (168) used greatest stack depth: 25744 bytes left
[[0;32m  OK  [0m] Started getty on tty2-tty6 if dbus and logind are not available.
[   60.034124] ln (211) used greatest stack depth: 25728 bytes left
[[0;1;31mFAILED[0m] Failed to start Raise network interfaces.
See 'systemctl status networking.service' for details.
[[0;32m  OK  [0m] Reached target Network.
         Starting Permit User Sessions...
[[0;32m  OK  [0m] Reached target Network is Online.
         Starting Daily apt download activities...
         Starting OpenBSD Secure Shell server...
[[0;32m  OK  [0m] Started Permit User Sessions.
[[0;32m  OK  [0m] Started Getty on tty4.
[[0;32m  OK  [0m] Started Serial Getty on ttyS0.
[[0;32m  OK  [0m] Started Getty on tty3.
[[0;32m  OK  [0m] Started Getty on tty1.
[[0;32m  OK  [0m] Started Getty on tty6.
[[0;32m  OK  [0m] Started Getty on tty2.
[[0;32m  OK  [0m] Started Getty on tty5.
[[0;32m  OK  [0m] Reached target Login Prompts.
[[0;32m  OK  [0m] Started OpenBSD Secure Shell server.
[[0;32m  OK  [0m] Reached target Multi-User System.
[[0;32m  OK  [0m] Reached target Graphical Interface.
         Starting Update UTMP about System Runlevel Changes...
[[0;32m  OK  [0m] Started Update UTMP about System Runlevel Changes.

Debian GNU/Linux 9 syzkaller ttyS0


failed to init instance: failed to create VM: can't ssh into the instance
failed to run ["ssh" "-p" "38154" "-F" "/dev/null" "-o" "UserKnownHostsFile=/dev/null" "-o" "BatchMode=yes" "-o" "IdentitiesOnly=yes" "-o" "StrictHostKeyChecking=no" "-o" "ConnectTimeout=10" "-i" "/home/abel/Documents/workspace/syzkaller/tools/stretch.id_rsa" "root@localhost" "pwd"]: exit status 255
Connection timed out during banner exchange
Connection to 127.0.0.1 port 38154 timed out
[    0.000000] Linux version 5.15.79 (abel@abel-Inspiron-3502) (gcc (Ubuntu 11.3.0-1ubuntu1~22.04) 11.3.0, GNU ld (GNU Binutils for Ubuntu) 2.38) #3 SMP Wed Dec 7 00:56:13 CST 2022
[    0.000000] Command line: root=/dev/sda console=ttyS0 
[    0.000000] x86/fpu: Supporting XSAVE feature 0x001: 'x87 floating point registers'
[    0.000000] x86/fpu: Supporting XSAVE feature 0x002: 'SSE registers'
[    0.000000] x86/fpu: Supporting XSAVE feature 0x008: 'MPX bounds registers'
[    0.000000] x86/fpu: Supporting XSAVE feature 0x010: 'MPX CSR'
[    0.000000] x86/fpu: xstate_offset[3]:  576, xstate_sizes[3]:   64
[    0.000000] x86/fpu: xstate_offset[4]:  640, xstate_sizes[4]:   64
[    0.000000] x86/fpu: Enabled xstate features 0x1b, context size is 704 bytes, using 'compacted' format.
[    0.000000] signal: max sigframe size: 2032
[    0.000000] BIOS-provided physical RAM map:
[    0.000000] BIOS-e820: [mem 0x0000000000000000-0x000000000009fbff] usable
[    0.000000] BIOS-e820: [mem 0x000000000009fc00-0x000000000009ffff] reserved
[    0.000000] BIOS-e820: [mem 0x00000000000f0000-0x00000000000fffff] reserved
[    0.000000] BIOS-e820: [mem 0x0000000000100000-0x000000007ffdffff] usable
[    0.000000] BIOS-e820: [mem 0x000000007ffe0000-0x000000007fffffff] reserved
[    0.000000] BIOS-e820: [mem 0x00000000feffc000-0x00000000feffffff] reserved
[    0.000000] BIOS-e820: [mem 0x00000000fffc0000-0x00000000ffffffff] reserved
[    0.000000] NX (Execute Disable) protection: active
[    0.000000] SMBIOS 2.8 present.
[    0.000000] DMI: QEMU Standard PC (i440FX + PIIX, 1996), BIOS 1.15.0-1 04/01/2014
[    0.000000] Hypervisor detected: KVM
[    0.000000] kvm-clock: Using msrs 4b564d01 and 4b564d00
[    0.000000] kvm-clock: cpu 0, msr e51e001, primary cpu clock
[    0.000008] kvm-clock: using sched offset of 2992981545 cycles
[    0.000037] clocksource: kvm-clock: mask: 0xffffffffffffffff max_cycles: 0x1cd42e4dffb, max_idle_ns: 881590591483 ns
[    0.000080] tsc: Detected 1094.400 MHz processor
[    0.064129] last_pfn = 0x7ffe0 max_arch_pfn = 0x400000000
[    0.064240] x86/PAT: Configuration [0-7]: WB  WC  UC- UC  WB  WP  UC- WT  
[    0.104717] found SMP MP-table at [mem 0x000f5b90-0x000f5b9f]
[    0.104966] Using GB pages for direct mapping
[    0.106570] ACPI: Early table checksum verification disabled
[    0.106619] ACPI: RSDP 0x00000000000F59D0 000014 (v00 BOCHS )
[    0.106677] ACPI: RSDT 0x000000007FFE1967 000034 (v01 BOCHS  BXPC     00000001 BXPC 00000001)
[    0.106743] ACPI: FACP 0x000000007FFE1813 000074 (v01 BOCHS  BXPC     00000001 BXPC 00000001)
[    0.106812] ACPI: DSDT 0x000000007FFE0040 0017D3 (v01 BOCHS  BXPC     00000001 BXPC 00000001)
[    0.106870] ACPI: FACS 0x000000007FFE0000 000040
[    0.106914] ACPI: APIC 0x000000007FFE1887 000080 (v01 BOCHS  BXPC     00000001 BXPC 00000001)
[    0.106973] ACPI: HPET 0x000000007FFE1907 000038 (v01 BOCHS  BXPC     00000001 BXPC 00000001)
[    0.107031] ACPI: WAET 0x000000007FFE193F 000028 (v01 BOCHS  BXPC     00000001 BXPC 00000001)
[    0.107084] ACPI: Reserving FACP table memory at [mem 0x7ffe1813-0x7ffe1886]
[    0.107111] ACPI: Reserving DSDT table memory at [mem 0x7ffe0040-0x7ffe1812]
[    0.107137] ACPI: Reserving FACS table memory at [mem 0x7ffe0000-0x7ffe003f]
[    0.107162] ACPI: Reserving APIC table memory at [mem 0x7ffe1887-0x7ffe1906]
[    0.107187] ACPI: Reserving HPET table memory at [mem 0x7ffe1907-0x7ffe193e]
[    0.107212] ACPI: Reserving WAET table memory at [mem 0x7ffe193f-0x7ffe1966]
[    0.109666] No NUMA configuration found
[    0.109693] Faking a node at [mem 0x0000000000000000-0x000000007ffdffff]
[    0.109737] NODE_DATA(0) allocated [mem 0x7ffdc000-0x7ffdffff]
[    0.109857] Zone ranges:
[    0.109872]   DMA      [mem 0x0000000000001000-0x0000000000ffffff]
[    0.109902]   DMA32    [mem 0x0000000001000000-0x000000007ffdffff]
[    0.109931]   Normal   empty
[    0.109950] Movable zone start for each node
[    0.109964] Early memory node ranges
[    0.109976]   node   0: [mem 0x0000000000001000-0x000000000009efff]
[    0.110001]   node   0: [mem 0x0000000000100000-0x000000007ffdffff]
[    0.110029] Initmem setup node 0 [mem 0x0000000000001000-0x000000007ffdffff]
[    0.110827] On node 0, zone DMA: 1 pages in unavailable ranges
[    0.111127] On node 0, zone DMA: 97 pages in unavailable ranges
[    0.318332] On node 0, zone DMA32: 32 pages in unavailable ranges
[    0.966455] kasan: KernelAddressSanitizer initialized
[    0.967142] ACPI: PM-Timer IO Port: 0x608
[    0.967202] ACPI: LAPIC_NMI (acpi_id[0xff] dfl dfl lint[0x1])
[    0.967314] IOAPIC[0]: apic_id 0, version 17, address 0xfec00000, GSI 0-23
[    0.967360] ACPI: INT_SRC_OVR (bus 0 bus_irq 0 global_irq 2 dfl dfl)
[    0.967439] ACPI: INT_SRC_OVR (bus 0 bus_irq 5 global_irq 5 high level)
[    0.967472] ACPI: INT_SRC_OVR (bus 0 bus_irq 9 global_irq 9 high level)
[    0.967505] ACPI: INT_SRC_OVR (bus 0 bus_irq 10 global_irq 10 high level)
[    0.967538] ACPI: INT_SRC_OVR (bus 0 bus_irq 11 global_irq 11 high level)
[    0.967594] ACPI: Using ACPI (MADT) for SMP configuration information
[    0.967615] ACPI: HPET id: 0x8086a201 base: 0xfed00000
[    0.967657] TSC deadline timer available
[    0.967676] smpboot: Allowing 2 CPUs, 0 hotplug CPUs
[    0.967879] kvm-guest: KVM setup pv remote TLB flush
[    0.967904] kvm-guest: setup PV sched yield
[    0.967991] PM: hibernation: Registered nosave memory: [mem 0x00000000-0x00000fff]
[    0.968028] PM: hibernation: Registered nosave memory: [mem 0x0009f000-0x0009ffff]
[    0.968053] PM: hibernation: Registered nosave memory: [mem 0x000a0000-0x000effff]
[    0.968078] PM: hibernation: Registered nosave memory: [mem 0x000f0000-0x000fffff]
[    0.968107] [mem 0x80000000-0xfeffbfff] available for PCI devices
[    0.968131] Booting paravirtualized kernel on KVM
[    0.968153] clocksource: refined-jiffies: mask: 0xffffffff max_cycles: 0xffffffff, max_idle_ns: 1910969940391419 ns
[    1.086493] setup_percpu: NR_CPUS:64 nr_cpumask_bits:64 nr_cpu_ids:2 nr_node_ids:1
[    1.087779] percpu: Embedded 64 pages/cpu s224472 r8192 d29480 u1048576
[    1.088121] kvm-guest: setup async PF for cpu 0
[    1.088152] kvm-guest: stealtime: cpu 0, msr 6d227140
[    1.088183] Built 1 zonelists, mobility grouping on.  Total pages: 515808
[    1.088209] Policy zone: DMA32
[    1.088227] Kernel command line: root=/dev/sda console=ttyS0 
[    1.089343] Dentry cache hash table entries: 262144 (order: 9, 2097152 bytes, linear)
[    1.090417] Inode-cache hash table entries: 131072 (order: 8, 1048576 bytes, linear)
[    1.090616] mem auto-init: stack:off, heap alloc:off, heap free:off
[    1.462107] Memory: 1699036K/2096632K available (47117K kernel code, 7796K rwdata, 8672K rodata, 2148K init, 1044K bss, 397340K reserved, 0K cma-reserved)
[    1.462716] SLUB: HWalign=64, Order=0-3, MinObjects=0, CPUs=2, Nodes=1
[    1.463215] rcu: Hierarchical RCU implementation.
[    1.463234] rcu: 	RCU event tracing is enabled.
[    1.463249] rcu: 	RCU restricting CPUs from NR_CPUS=64 to nr_cpu_ids=2.
[    1.463273] rcu: RCU calculated value of scheduler-enlistment delay is 100 jiffies.
[    1.463294] rcu: Adjusting geometry for rcu_fanout_leaf=16, nr_cpu_ids=2
[    1.585070] NR_IRQS: 4352, nr_irqs: 440, preallocated irqs: 16
[    1.595903] random: crng init done
[    1.640750] Console: colour VGA+ 80x25
[    2.990844] printk: console [ttyS0] enabled
[    3.006230] ACPI: Core revision 20210730
[    3.018570] clocksource: hpet: mask: 0xffffffff max_cycles: 0xffffffff, max_idle_ns: 19112604467 ns
[    3.048514] APIC: Switch to symmetric I/O mode setup
[    3.061719] kvm-guest: setup PV IPIs
[    3.086201] ..TIMER: vector=0x30 apic1=0 pin1=2 apic2=-1 pin2=-1
[    3.101353] clocksource: tsc-early: mask: 0xffffffffffffffff max_cycles: 0xfc66f4fc7c, max_idle_ns: 440795224246 ns
[    3.128339] Calibrating delay loop (skipped) preset value.. 2188.80 BogoMIPS (lpj=1094400)
[    3.129023] pid_max: default: 32768 minimum: 301
[    3.132172] LSM: Security Framework initializing
[    3.133129] SELinux:  Initializing.
[    3.138669] Mount-cache hash table entries: 4096 (order: 3, 32768 bytes, linear)
[    3.140211] Mountpoint-cache hash table entries: 4096 (order: 3, 32768 bytes, linear)
[    3.153027] x86/cpu: User Mode Instruction Prevention (UMIP) activated
[    3.156079] Last level iTLB entries: 4KB 0, 2MB 0, 4MB 0
[    3.157022] Last level dTLB entries: 4KB 0, 2MB 0, 4MB 0, 1GB 0
[    3.159043] Spectre V1 : Mitigation: usercopy/swapgs barriers and __user pointer sanitization
[    3.161027] Spectre V2 : Mitigation: Enhanced IBRS
[    3.162022] Spectre V2 : Spectre v2 / SpectreRSB mitigation: Filling RSB on context switch
[    3.163299] Spectre V2 : mitigation: Enabling conditional Indirect Branch Prediction Barrier
[    3.166022] Speculative Store Bypass: Mitigation: Speculative Store Bypass disabled via prctl and seccomp
[    3.553109] Freeing SMP alternatives memory: 44K
[    3.555023] smpboot: CPU0: Intel(R) Pentium(R) Silver N5030 CPU @ 1.10GHz (family: 0x6, model: 0x7a, stepping: 0x8)
[    3.556802] Performance Events: Goldmont plus events, 32-deep LBR, full-width counters, Intel PMU driver.
[    3.558032] ... version:                2
[    3.559027] ... bit width:              48
[    3.560028] ... generic registers:      4
[    3.561029] ... value mask:             0000ffffffffffff
[    3.562028] ... max period:             00007fffffffffff
[    3.563029] ... fixed-purpose events:   3
[    3.564024] ... event mask:             000000070000000f
[    3.566496] rcu: Hierarchical SRCU implementation.
[    3.572297] smp: Bringing up secondary CPUs ...
[    3.573684] x86: Booting SMP configuration:
[    3.574027] .... node  #0, CPUs:      #1
[    1.528145] kvm-clock: cpu 1, msr e51e041, secondary cpu clock
[    3.577083] kvm-guest: setup async PF for cpu 1
[    3.578007] kvm-guest: stealtime: cpu 1, msr 6d327140
[    3.601596] smp: Brought up 1 node, 2 CPUs
[    3.602032] smpboot: Max logical packages: 1
[    3.603026] smpboot: Total of 2 processors activated (4377.60 BogoMIPS)
[    3.607298] devtmpfs: initialized
[    3.617697] clocksource: jiffies: mask: 0xffffffff max_cycles: 0xffffffff, max_idle_ns: 1911260446275000 ns
[    3.618046] futex hash table entries: 512 (order: 3, 32768 bytes, linear)
[    3.619756] PM: RTC time: 11:43:01, date: 2022-12-07
[    3.621322] NET: Registered PF_NETLINK/PF_ROUTE protocol family
[    3.623405] audit: initializing netlink subsys (disabled)
[    3.629555] thermal_sys: Registered thermal governor 'step_wise'
[    3.629574] thermal_sys: Registered thermal governor 'user_space'
[    3.630291] cpuidle: using governor menu
[    3.630038] audit: type=2000 audit(1670413379.728:1): state=initialized audit_enabled=0 res=1
[    3.642117] ACPI: bus type PCI registered
[    3.644403] PCI: Using configuration type 1 for base access
[    3.701044] Kprobes globally optimized
[    3.708147] HugeTLB registered 2.00 MiB page size, pre-allocated 0 pages
[    3.709374] cryptomgr_test (27) used greatest stack depth: 30760 bytes left
[    3.711637] cryptomgr_test (29) used greatest stack depth: 30704 bytes left
[    3.723279] ACPI: Added _OSI(Module Device)
[    3.724038] ACPI: Added _OSI(Processor Device)
[    3.725031] ACPI: Added _OSI(3.0 _SCP Extensions)
[    3.726035] ACPI: Added _OSI(Processor Aggregator Device)
[    3.727050] ACPI: Added _OSI(Linux-Dell-Video)
[    3.728055] ACPI: Added _OSI(Linux-Lenovo-NV-HDMI-Audio)
[    3.729050] ACPI: Added _OSI(Linux-HPI-Hybrid-Graphics)
[    3.766813] ACPI: 1 ACPI AML tables successfully acquired and loaded
[    3.776521] ACPI: Interpreter enabled
[    3.777266] ACPI: PM: (supports S0 S3 S4 S5)
[    3.778028] ACPI: Using IOAPIC for interrupt routing
[    3.779240] PCI: Using host bridge windows from ACPI; if necessary, use "pci=nocrs" and report a bug
[    3.783007] ACPI: Enabled 2 GPEs in block 00 to 0F
[    3.867373] ACPI: PCI Root Bridge [PCI0] (domain 0000 [bus 00-ff])
[    3.868100] acpi PNP0A03:00: _OSC: OS supports [ASPM ClockPM Segments MSI HPX-Type3]
[    3.869312] acpi PNP0A03:00: fail to add MMCONFIG information, can't access extended PCI configuration space under this bridge.
[    3.870833] PCI host bridge to bus 0000:00
[    3.871059] pci_bus 0000:00: root bus resource [io  0x0000-0x0cf7 window]
[    3.872057] pci_bus 0000:00: root bus resource [io  0x0d00-0xffff window]
[    3.873057] pci_bus 0000:00: root bus resource [mem 0x000a0000-0x000bffff window]
[    3.874059] pci_bus 0000:00: root bus resource [mem 0x80000000-0xfebfffff window]
[    3.875080] pci_bus 0000:00: root bus resource [mem 0x100000000-0x17fffffff window]
[    3.876063] pci_bus 0000:00: root bus resource [bus 00-ff]
[    3.880451] pci 0000:00:00.0: [8086:1237] type 00 class 0x060000
[    3.908631] pci 0000:00:01.0: [8086:7000] type 00 class 0x060100
[    3.914126] pci 0000:00:01.1: [8086:7010] type 00 class 0x010180
[    3.919888] pci 0000:00:01.1: reg 0x20: [io  0xc060-0xc06f]
[    3.922083] pci 0000:00:01.1: legacy IDE quirk: reg 0x10: [io  0x01f0-0x01f7]
[    3.923092] pci 0000:00:01.1: legacy IDE quirk: reg 0x14: [io  0x03f6]
[    3.924038] pci 0000:00:01.1: legacy IDE quirk: reg 0x18: [io  0x0170-0x0177]
[    3.925038] pci 0000:00:01.1: legacy IDE quirk: reg 0x1c: [io  0x0376]
[    3.932584] pci 0000:00:01.3: [8086:7113] type 00 class 0x068000
[    3.934732] pci 0000:00:01.3: quirk: [io  0x0600-0x063f] claimed by PIIX4 ACPI
[    3.935063] pci 0000:00:01.3: quirk: [io  0x0700-0x070f] claimed by PIIX4 SMB
[    3.941623] pci 0000:00:02.0: [1234:1111] type 00 class 0x030000
[    3.944058] pci 0000:00:02.0: reg 0x10: [mem 0xfd000000-0xfdffffff pref]
[    3.949066] pci 0000:00:02.0: reg 0x18: [mem 0xfebb0000-0xfebb0fff]
[    3.958062] pci 0000:00:02.0: reg 0x30: [mem 0xfeba0000-0xfebaffff pref]
[    3.959283] pci 0000:00:02.0: Video device with shadowed ROM at [mem 0x000c0000-0x000dffff]
[    3.984162] pci 0000:00:03.0: [1af4:1005] type 00 class 0x00ff00
[    3.986033] pci 0000:00:03.0: reg 0x10: [io  0xc040-0xc05f]
[    3.991036] pci 0000:00:03.0: reg 0x20: [mem 0xfe000000-0xfe003fff 64bit pref]
[    4.022467] pci 0000:00:04.0: [8086:100e] type 00 class 0x020000
[    4.025033] pci 0000:00:04.0: reg 0x10: [mem 0xfeb80000-0xfeb9ffff]
[    4.028033] pci 0000:00:04.0: reg 0x14: [io  0xc000-0xc03f]
[    4.038034] pci 0000:00:04.0: reg 0x30: [mem 0xfeb00000-0xfeb7ffff pref]
[    4.069563] ACPI: PCI: Interrupt link LNKA configured for IRQ 10
[    4.072250] ACPI: PCI: Interrupt link LNKB configured for IRQ 10
[    4.075201] ACPI: PCI: Interrupt link LNKC configured for IRQ 11
[    4.078298] ACPI: PCI: Interrupt link LNKD configured for IRQ 11
[    4.080588] ACPI: PCI: Interrupt link LNKS configured for IRQ 9
[    4.084966] iommu: Default domain type: Translated 
[    4.085026] iommu: DMA domain TLB invalidation policy: lazy mode 
[    4.086256] pci 0000:00:02.0: vgaarb: setting as boot VGA device
[    4.087007] pci 0000:00:02.0: vgaarb: VGA device added: decodes=io+mem,owns=io+mem,locks=none
[    4.087046] pci 0000:00:02.0: vgaarb: bridge control possible
[    4.088031] vgaarb: loaded
[    4.094413] SCSI subsystem initialized
[    4.095590] ACPI: bus type USB registered
[    4.096336] usbcore: registered new interface driver usbfs
[    4.097007] usbcore: registered new interface driver hub
[    4.100155] usbcore: registered new device driver usb
[    4.102294] pps_core: LinuxPPS API ver. 1 registered
[    4.103027] pps_core: Software ver. 5.3.6 - Copyright 2005-2007 Rodolfo Giometti <giometti@linux.it>
[    4.115128] PTP clock support registered
[    4.129417] Advanced Linux Sound Architecture Driver Initialized.
[    4.131721] NetLabel: Initializing
[    4.132028] NetLabel:  domain hash size = 128
[    4.133027] NetLabel:  protocols = UNLABELED CIPSOv4 CALIPSO
[    4.134266] NetLabel:  unlabeled traffic allowed by default
[    4.136143] PCI: Using ACPI for IRQ routing
[    4.138382] hpet0: at MMIO 0xfed00000, IRQs 2, 8, 0
[    4.139027] hpet0: 3 comparators, 64-bit 100.000000 MHz counter
[    4.143275] clocksource: Switched to clocksource kvm-clock
[    4.935362] VFS: Disk quotas dquot_6.6.0
[    4.974139] VFS: Dquot-cache hash table entries: 512 (order 0, 4096 bytes)
[    4.976933] pnp: PnP ACPI init
[    5.022962] pnp: PnP ACPI: found 6 devices
[    5.190665] clocksource: acpi_pm: mask: 0xffffff max_cycles: 0xffffff, max_idle_ns: 2085701024 ns
[    5.205371] NET: Registered PF_INET protocol family
[    5.216883] IP idents hash table entries: 32768 (order: 6, 262144 bytes, linear)
[    5.246668] tcp_listen_portaddr_hash hash table entries: 1024 (order: 2, 16384 bytes, linear)
[    5.266596] Table-perturb hash table entries: 65536 (order: 6, 262144 bytes, linear)
[    5.280641] TCP established hash table entries: 16384 (order: 5, 131072 bytes, linear)
[    5.302290] TCP bind hash table entries: 16384 (order: 6, 262144 bytes, linear)
[    5.326784] TCP: Hash tables configured (established 16384 bind 16384)
[    5.333388] UDP hash table entries: 1024 (order: 3, 32768 bytes, linear)
[    5.350626] UDP-Lite hash table entries: 1024 (order: 3, 32768 bytes, linear)
[    5.366866] NET: Registered PF_UNIX/PF_LOCAL protocol family
[    5.388569] RPC: Registered named UNIX socket transport module.
[    5.417906] RPC: Registered udp transport module.
[    5.429639] RPC: Registered tcp transport module.
[    5.435434] RPC: Registered tcp NFSv4.1 backchannel transport module.
[    5.448311] pci_bus 0000:00: resource 4 [io  0x0000-0x0cf7 window]
[    5.480121] pci_bus 0000:00: resource 5 [io  0x0d00-0xffff window]
[    5.493526] pci_bus 0000:00: resource 6 [mem 0x000a0000-0x000bffff window]
[    5.503180] pci_bus 0000:00: resource 7 [mem 0x80000000-0xfebfffff window]
[    5.524909] pci_bus 0000:00: resource 8 [mem 0x100000000-0x17fffffff window]
[    5.547390] pci 0000:00:01.0: PIIX3: Enabling Passive Release
[    5.557942] pci 0000:00:00.0: quirk_passive_release+0x0/0xf0 took 10334 usecs
[    5.570901] pci 0000:00:00.0: Limiting direct PCI/PCI transfers
[    5.586362] pci 0000:00:00.0: quirk_natoma+0x0/0x70 took 15099 usecs
[    5.598642] pci 0000:00:01.0: Activating ISA DMA hang workarounds
[    5.606830] PCI: CLS 0 bytes, default 64
[   18.689906] RAPL PMU: API unit is 2^-32 Joules, 0 fixed counters, 10737418240 ms ovfl timer
[   18.692594] clocksource: tsc: mask: 0xffffffffffffffff max_cycles: 0xfc66f4fc7c, max_idle_ns: 440795224246 ns
[   19.019900] clocksource: Switched to clocksource tsc
[   19.060887] Initialise system trusted keyrings
[   19.084184] workingset: timestamp_bits=56 max_order=19 bucket_order=0
[   19.308314] NFS: Registering the id_resolver key type
[   19.322931] Key type id_resolver registered
[   19.327893] Key type id_legacy registered
[   19.339352] 9p: Installing v9fs 9p2000 file system support
[   19.462182] Key type asymmetric registered
[   19.463639] Asymmetric key parser 'x509' registered
[   19.465711] Block layer SCSI generic (bsg) driver version 0.4 loaded (major 251)
[   19.486462] io scheduler mq-deadline registered
[   19.498446] io scheduler kyber registered
[   19.514165] input: Power Button as /devices/LNXSYSTM:00/LNXPWRBN:00/input/input0
[   19.517251] ACPI: button: Power Button [PWRF]
[   28.536954] ACPI: \_SB_.LNKC: Enabled at IRQ 11
[   28.573874] Serial: 8250/16550 driver, 4 ports, IRQ sharing enabled
[   28.592489] 00:04: ttyS0 at I/O 0x3f8 (irq = 4, base_baud = 115200) is a 16550A
[   28.633660] Non-volatile memory driver v1.3
[   28.654657] Linux agpgart interface v0.103
[   28.774619] loop: module loaded
[   28.816505] scsi host0: ata_piix
[   28.827591] scsi host1: ata_piix
[   28.838964] ata1: PATA max MWDMA2 cmd 0x1f0 ctl 0x3f6 bmdma 0xc060 irq 14
[   28.852086] ata2: PATA max MWDMA2 cmd 0x170 ctl 0x376 bmdma 0xc068 irq 15
[   28.890938] e100: Intel(R) PRO/100 Network Driver
[   28.892955] e100: Copyright(c) 1999-2006 Intel Corporation
[   28.904183] e1000: Intel(R) PRO/1000 Network Driver
[   28.922454] e1000: Copyright (c) 1999-2006 Intel Corporation.
[   29.092557] ata1.00: ATA-7: QEMU HARDDISK, 2.5+, max UDMA/100
[   29.098178] ata1.00: 4194304 sectors, multi 16: LBA48 
[   29.115443] ata2.00: ATAPI: QEMU DVD-ROM, 2.5+, max UDMA/100
[   29.142864] scsi 0:0:0:0: Direct-Access     ATA      QEMU HARDDISK    2.5+ PQ: 0 ANSI: 5
[   29.158817] scsi 0:0:0:0: Attached scsi generic sg0 type 0
[   29.176530] sd 0:0:0:0: [sda] 4194304 512-byte logical blocks: (2.15 GB/2.00 GiB)
[   29.191736] sd 0:0:0:0: [sda] Write Protect is off
[   29.222496] sd 0:0:0:0: [sda] Write cache: enabled, read cache: enabled, doesn't support DPO or FUA
[   29.258173] scsi 1:0:0:0: CD-ROM            QEMU     QEMU DVD-ROM     2.5+ PQ: 0 ANSI: 5
[   29.275105] sd 0:0:0:0: [sda] Attached SCSI disk
[   29.590179] sr 1:0:0:0: [sr0] scsi3-mmc drive: 4x/4x cd/rw xa/form2 tray
[   29.592439] cdrom: Uniform CD-ROM driver Revision: 3.20
[   29.842960] sr 1:0:0:0: Attached scsi generic sg1 type 5
[   38.407492] ACPI: \_SB_.LNKD: Enabled at IRQ 10
[   39.806301] e1000 0000:00:04.0 eth0: (PCI:33MHz:32-bit) 52:54:00:12:34:56
[   39.818673] e1000 0000:00:04.0 eth0: Intel(R) PRO/1000 Network Connection
[   39.842786] e1000e: Intel(R) PRO/1000 Network Driver
[   39.844464] e1000e: Copyright(c) 1999 - 2015 Intel Corporation.
[   39.861729] sky2: driver version 1.30
[   39.878575] ehci_hcd: USB 2.0 'Enhanced' Host Controller (EHCI) Driver
[   39.892120] ehci-pci: EHCI PCI platform driver
[   39.896384] ohci_hcd: USB 1.1 'Open' Host Controller (OHCI) Driver
[   39.904169] ohci-pci: OHCI PCI platform driver
[   39.905856] uhci_hcd: USB Universal Host Controller Interface driver
[   39.937765] usbcore: registered new interface driver usblp
[   39.940737] usbcore: registered new interface driver usb-storage
[   39.974618] i8042: PNP: PS/2 Controller [PNP0303:KBD,PNP0f13:MOU] at 0x60,0x64 irq 1,12
[   39.989597] serio: i8042 KBD port at 0x60,0x64 irq 1
[   39.994395] serio: i8042 AUX port at 0x60,0x64 irq 12
[   40.021527] input: AT Translated Set 2 keyboard as /devices/platform/i8042/serio0/input/input1
[   40.031520] rtc_cmos 00:05: RTC can wake from S4
[   40.033914] rtc_cmos 00:05: registered as rtc0
[   40.034173] rtc_cmos 00:05: alarms up to one day, y3k, 242 bytes nvram, hpet irqs
[   40.051891] hpet: Lost 1 RTC interrupts
[   40.089146] device-mapper: ioctl: 4.45.0-ioctl (2021-03-22) initialised: dm-devel@redhat.com
[   40.113292] intel_pstate: CPU model not supported
[   40.114977] hid: raw HID events driver (C) Jiri Kosina
[   40.136840] usbcore: registered new interface driver usbhid
[   40.144361] usbhid: USB HID core driver
[   40.149526] Initializing XFRM netlink socket
[   40.171639] NET: Registered PF_INET6 protocol family
[   40.200459] Segment Routing with IPv6
[   40.209724] In-situ OAM (IOAM) with IPv6
[   40.217319] sit: IPv6, IPv4 and MPLS over IPv4 tunneling driver
[   40.247991] NET: Registered PF_PACKET protocol family
[   40.262392] 9pnet: Installing 9P2000 support
[   40.280786] Key type dns_resolver registered
[   40.296364] IPI shorthand broadcast: enabled
[   40.309736] sched_clock: Marking stable (38782358263, 1527145484)->(43119674750, -2810171003)
[   40.339231] registered taskstats version 1
[   40.344310] Loading compiled-in X.509 certificates
[   40.376169] PM:   Magic number: 2:413:731
[   40.403393] printk: console [netcon0] enabled
[   40.413533] netconsole: network logging started
[   40.441109] cfg80211: Loading compiled-in X.509 certificates for regulatory database
[   40.457920] kworker/u4:2 (73) used greatest stack depth: 28768 bytes left
[   40.487558] cfg80211: Loaded X.509 cert 'sforshee: 00b28ddf47aef9cea7'
[   40.510855] platform regulatory.0: Direct firmware load for regulatory.db failed with error -2
[   40.513900] ALSA device list:
[   40.522917] cfg80211: failed to load regulatory.db
[   40.525805]   No soundcards found.
[   41.191172] input: ImExPS/2 Generic Explorer Mouse as /devices/platform/i8042/serio1/input/input3
[   41.199129] md: Waiting for all devices to be available before autodetect
[   41.219315] md: If you don't use raid, use raid=noautodetect
[   41.250613] md: Autodetecting RAID arrays.
[   41.252081] md: autorun ...
[   41.253078] md: ... autorun DONE.
[   41.314229] EXT4-fs (sda): INFO: recovery required on readonly filesystem
[   41.316541] EXT4-fs (sda): write access will be enabled during recovery
[   41.565683] EXT4-fs (sda): recovery complete
[   41.573362] EXT4-fs (sda): mounted filesystem with ordered data mode. Opts: (null). Quota mode: none.
[   41.577057] VFS: Mounted root (ext4 filesystem) readonly on device 8:0.
[   41.603330] devtmpfs: mounted
[   41.613178] Freeing unused kernel image (initmem) memory: 2148K
[   41.628146] Write protecting the kernel read-only data: 59392k
[   41.645593] Freeing unused kernel image (text/rodata gap) memory: 2032K
[   41.677406] Freeing unused kernel image (rodata/data gap) memory: 1568K
[   41.693418] Run /sbin/init as init process
[   45.122389] SELinux:  Permission getrlimit in class process not defined in policy.
[   45.132419] SELinux:  Class process2 not defined in policy.
[   45.134319] SELinux:  Permission watch in class filesystem not defined in policy.
[   45.160676] SELinux:  Permission map in class file not defined in policy.
[   45.162943] SELinux:  Permission watch in class file not defined in policy.
[   45.165257] SELinux:  Permission watch_mount in class file not defined in policy.
[   45.189672] SELinux:  Permission watch_sb in class file not defined in policy.
[   45.215152] SELinux:  Permission watch_with_perm in class file not defined in policy.
[   45.224034] SELinux:  Permission watch_reads in class file not defined in policy.
[   45.226469] SELinux:  Permission map in class dir not defined in policy.
[   45.245599] SELinux:  Permission watch in class dir not defined in policy.
[   45.259551] SELinux:  Permission watch_mount in class dir not defined in policy.
[   45.280630] SELinux:  Permission watch_sb in class dir not defined in policy.
[   45.287907] SELinux:  Permission watch_with_perm in class dir not defined in policy.
[   45.309278] SELinux:  Permission watch_reads in class dir not defined in policy.
[   45.313914] SELinux:  Permission map in class lnk_file not defined in policy.
[   45.316280] SELinux:  Permission watch in class lnk_file not defined in policy.
[   45.346813] SELinux:  Permission watch_mount in class lnk_file not defined in policy.
[   45.349570] SELinux:  Permission watch_sb in class lnk_file not defined in policy.
[   45.359803] SELinux:  Permission watch_with_perm in class lnk_file not defined in policy.
[   45.362467] SELinux:  Permission watch_reads in class lnk_file not defined in policy.
[   45.365079] SELinux:  Permission map in class chr_file not defined in policy.
[   45.393288] SELinux:  Permission watch in class chr_file not defined in policy.
[   45.395619] SELinux:  Permission watch_mount in class chr_file not defined in policy.
[   45.416929] SELinux:  Permission watch_sb in class chr_file not defined in policy.
[   45.425197] SELinux:  Permission watch_with_perm in class chr_file not defined in policy.
[   45.440001] SELinux:  Permission watch_reads in class chr_file not defined in policy.
[   45.458598] SELinux:  Permission map in class blk_file not defined in policy.
[   45.461025] SELinux:  Permission watch in class blk_file not defined in policy.
[   45.463422] SELinux:  Permission watch_mount in class blk_file not defined in policy.
[   45.465810] SELinux:  Permission watch_sb in class blk_file not defined in policy.
[   45.500149] SELinux:  Permission watch_with_perm in class blk_file not defined in policy.
[   45.514103] SELinux:  Permission watch_reads in class blk_file not defined in policy.
[   45.529852] SELinux:  Permission map in class sock_file not defined in policy.
[   45.540568] SELinux:  Permission watch in class sock_file not defined in policy.
[   45.542813] SELinux:  Permission watch_mount in class sock_file not defined in policy.
[   45.550578] SELinux:  Permission watch_sb in class sock_file not defined in policy.
[   45.571746] SELinux:  Permission watch_with_perm in class sock_file not defined in policy.
[   45.575941] SELinux:  Permission watch_reads in class sock_file not defined in policy.
[   45.600128] SELinux:  Permission map in class fifo_file not defined in policy.
[   45.609571] SELinux:  Permission watch in class fifo_file not defined in policy.
[   45.611900] SELinux:  Permission watch_mount in class fifo_file not defined in policy.
[   45.630471] SELinux:  Permission watch_sb in class fifo_file not defined in policy.
[   45.646281] SELinux:  Permission watch_with_perm in class fifo_file not defined in policy.
[   45.648993] SELinux:  Permission watch_reads in class fifo_file not defined in policy.
[   45.651680] SELinux:  Permission map in class socket not defined in policy.
[   45.654022] SELinux:  Permission map in class tcp_socket not defined in policy.
[   45.682440] SELinux:  Permission map in class udp_socket not defined in policy.
[   45.697941] SELinux:  Permission map in class rawip_socket not defined in policy.
[   45.700253] SELinux:  Permission map in class netlink_socket not defined in policy.
[   45.725739] SELinux:  Permission map in class packet_socket not defined in policy.
[   45.728040] SELinux:  Permission map in class key_socket not defined in policy.
[   45.730285] SELinux:  Permission map in class unix_stream_socket not defined in policy.
[   45.754588] SELinux:  Permission map in class unix_dgram_socket not defined in policy.
[   45.776136] SELinux:  Permission map in class netlink_route_socket not defined in policy.
[   45.790914] SELinux:  Permission map in class netlink_tcpdiag_socket not defined in policy.
[   45.794886] SELinux:  Permission map in class netlink_nflog_socket not defined in policy.
[   45.797636] SELinux:  Permission map in class netlink_xfrm_socket not defined in policy.
[   45.824052] SELinux:  Permission map in class netlink_selinux_socket not defined in policy.
[   45.826728] SELinux:  Permission map in class netlink_iscsi_socket not defined in policy.
[   45.847517] SELinux:  Permission map in class netlink_audit_socket not defined in policy.
[   45.861208] SELinux:  Permission map in class netlink_fib_lookup_socket not defined in policy.
[   45.875371] SELinux:  Permission map in class netlink_connector_socket not defined in policy.
[   45.894365] SELinux:  Permission map in class netlink_netfilter_socket not defined in policy.
[   45.906922] SELinux:  Permission map in class netlink_dnrt_socket not defined in policy.
[   45.920208] SELinux:  Permission map in class netlink_kobject_uevent_socket not defined in policy.
[   45.934680] SELinux:  Permission map in class netlink_generic_socket not defined in policy.
[   45.946258] SELinux:  Permission map in class netlink_scsitransport_socket not defined in policy.
[   45.954533] SELinux:  Permission map in class netlink_rdma_socket not defined in policy.
[   45.969136] SELinux:  Permission map in class netlink_crypto_socket not defined in policy.
[   45.991792] SELinux:  Permission map in class appletalk_socket not defined in policy.
[   46.000783] SELinux:  Permission map in class dccp_socket not defined in policy.
[   46.015179] SELinux:  Permission perfmon in class capability2 not defined in policy.
[   46.026655] SELinux:  Permission bpf in class capability2 not defined in policy.
[   46.048761] SELinux:  Permission checkpoint_restore in class capability2 not defined in policy.
[   46.054446] SELinux:  Permission map in class tun_socket not defined in policy.
[   46.069106] SELinux:  Permission perfmon in class cap2_userns not defined in policy.
[   46.083447] SELinux:  Permission bpf in class cap2_userns not defined in policy.
[   46.099388] SELinux:  Permission checkpoint_restore in class cap2_userns not defined in policy.
[   46.114482] SELinux:  Class sctp_socket not defined in policy.
[   46.121851] SELinux:  Class icmp_socket not defined in policy.
[   46.127108] SELinux:  Class ax25_socket not defined in policy.
[   46.128968] SELinux:  Class ipx_socket not defined in policy.
[   46.161432] SELinux:  Class netrom_socket not defined in policy.
[   46.174679] SELinux:  Class atmpvc_socket not defined in policy.
[   46.189334] SELinux:  Class x25_socket not defined in policy.
[   46.194098] SELinux:  Class rose_socket not defined in policy.
[   46.210676] SELinux:  Class decnet_socket not defined in policy.
[   46.219574] SELinux:  Class atmsvc_socket not defined in policy.
[   46.226701] SELinux:  Class rds_socket not defined in policy.
[   46.235508] SELinux:  Class irda_socket not defined in policy.
[   46.246382] SELinux:  Class pppox_socket not defined in policy.
[   46.257737] SELinux:  Class llc_socket not defined in policy.
[   46.262768] SELinux:  Class can_socket not defined in policy.
[   46.275451] SELinux:  Class tipc_socket not defined in policy.
[   46.284282] SELinux:  Class bluetooth_socket not defined in policy.
[   46.305475] SELinux:  Class iucv_socket not defined in policy.
[   46.314162] SELinux:  Class rxrpc_socket not defined in policy.
[   46.318110] SELinux:  Class isdn_socket not defined in policy.
[   46.324266] SELinux:  Class phonet_socket not defined in policy.
[   46.343246] SELinux:  Class ieee802154_socket not defined in policy.
[   46.352187] SELinux:  Class caif_socket not defined in policy.
[   46.363029] SELinux:  Class alg_socket not defined in policy.
[   46.369520] SELinux:  Class nfc_socket not defined in policy.
[   46.390660] SELinux:  Class vsock_socket not defined in policy.
[   46.393986] SELinux:  Class kcm_socket not defined in policy.
[   46.403946] SELinux:  Class qipcrtr_socket not defined in policy.
[   46.415931] SELinux:  Class smc_socket not defined in policy.
[   46.418607] SELinux:  Class infiniband_pkey not defined in policy.
[   46.426672] SELinux:  Class infiniband_endport not defined in policy.
[   46.450262] SELinux:  Class bpf not defined in policy.
[   46.457519] SELinux:  Class xdp_socket not defined in policy.
[   46.464406] SELinux:  Class mctp_socket not defined in policy.
[   46.474661] SELinux:  Class perf_event not defined in policy.
[   46.482668] SELinux:  Class lockdown not defined in policy.
[   46.495875] SELinux:  Class anon_inode not defined in policy.
[   46.506691] SELinux: the above unknown classes and permissions will be allowed
[   46.628113] SELinux:  policy capability network_peer_controls=1
[   46.659704] SELinux:  policy capability open_perms=1
[   46.670183] SELinux:  policy capability extended_socket_class=0
[   46.678736] SELinux:  policy capability always_check_network=0
[   46.680657] SELinux:  policy capability cgroup_seclabel=0
[   46.688400] SELinux:  policy capability nnp_nosuid_transition=0
[   46.719687] SELinux:  policy capability genfs_seclabel_symlinks=0
[   46.721732] SELinux:  policy capability ioctl_skip_cloexec=0
[   47.042393] audit: type=1403 audit(1670413423.141:2): auid=4294967295 ses=4294967295 lsm=selinux res=1
[   47.098379] systemd[1]: Successfully loaded SELinux policy in 4.938127s.
[   47.307494] audit: type=1400 audit(1670413423.392:3): avc:  denied  { associate } for  pid=1 comm="systemd" name="pts" scontext=system_u:object_r:devpts_t:s0 tcontext=system_u:object_r:device_t:s0 tclass=filesystem permissive=1
[   47.548035] systemd[1]: Relabelled /dev and /run in 192.593ms.
[   47.685798] systemd[1]: systemd 232 running in system mode. (+PAM +AUDIT +SELINUX +IMA +APPARMOR +SMACK +SYSVINIT +UTMP +LIBCRYPTSETUP +GCRYPT +GNUTLS +ACL +XZ +LZ4 +SECCOMP +BLKID +ELFUTILS +KMOD +IDN)
[   47.751817] systemd[1]: Detected virtualization qemu.
[   47.761367] systemd[1]: Detected architecture x86-64.

Welcome to [1mDebian GNU/Linux 9 (stretch)[0m!

[   47.814415] systemd[1]: Set hostname to <syzkaller>.
[   48.245250] systemd-rc-loca (83) used greatest stack depth: 26216 bytes left
[   48.512816] grep (91) used greatest stack depth: 26192 bytes left
[   48.523643] selinux-autorel (84) used greatest stack depth: 25888 bytes left
[   49.106304] systemd[1]: Listening on /dev/initctl Compatibility Named Pipe.
[[0;32m  OK  [0m] Listening on /dev/initctl Compatibility Named Pipe.
[   49.145508] systemd[1]: Reached target Swap.
[[0;32m  OK  [0m] Reached target Swap.
[   49.167671] systemd[1]: Started Forward Password Requests to Wall Directory Watch.
[[0;32m  OK  [0m] Started Forward Password Requests to Wall Directory Watch.
[   49.209003] systemd[1]: Set up automount Arbitrary Executable File Formats File System Automount Point.
[[0;32m  OK  [0m] Set up automount Arbitrary Executabrmats File System Automount Point.
[   49.273334] audit: type=1400 audit(1670413425.373:4): avc:  denied  { audit_read } for  pid=1 comm="systemd" capability=37  scontext=system_u:system_r:kernel_t:s0 tcontext=system_u:system_r:kernel_t:s0 tclass=capability2 permissive=1
[   49.317273] systemd[1]: Listening on Journal Audit Socket.
[[0;32m  OK  [0m] Listening on Journal Audit Socket.
[   49.358099] systemd[1]: Listening on Journal Socket.
[[0;32m  OK  [0m] Listening on Journal Socket.
[[0;32m  OK  [0m] Reached target Remote File Systems.
[[0;32m  OK  [0m] Created slice System Slice.
[[0;32m  OK  [0m] Created slice system-serial\x2dgetty.slice.
         Starting Remount Root and Kernel File Systems...
[[0;32m  OK  [0m] Listening on Syslog Socket.
         Mounting /sys/kernel/config...
         Starting Load Kernel Modules...
[   49.661524] EXT4-fs (sda): re-mounted. Opts: (null). Quota mode: none.
         Starting Create Static Device Nodes in /dev...
[[0;32m  OK  [0m] Created slice system-getty.slice.
         Mounting /sys/kernel/debug...
[[0;32m  OK  [0m] Listening on udev Kernel Socket.
         Mounting /proc/sys/fs/binfmt_misc...
         Mounting POSIX Message Queue File System...
[[0;32m  OK  [0m] Started Dispatch Password Requests to Console Directory Watch.
[[0;32m  OK  [0m] Reached target Encrypted Volumes.
[[0;32m  OK  [0m] Reached target Paths.
[[0;32m  OK  [0m] Listening on Journal Socket (/dev/log).
         Starting Journal Service...
[[0;32m  OK  [0m] Reached target Slices.
[[0;32m  OK  [0m] Listening on udev Control Socket.
[[0;32m  OK  [0m] Reached target Sockets.
[[0;32m  OK  [0m] Mounted POSIX Message Queue File System.
[[0;32m  OK  [0m] Mounted /sys/kernel/debug.
[[0;32m  OK  [0m] Mounted /sys/kernel/config.
[[0;32m  OK  [0m] Mounted /proc/sys/fs/binfmt_misc.
