Extracting prog: 1h45m27.267393781s
Minimizing prog: 0s
Simplifying prog options: 0s
Extracting C: 0s
Simplifying C: 0s


757 programs, 4 VMs, timeouts [15s 1m40s 6m0s]
extracting reproducer from 757 programs
single: executing 8 programs separately with timeout 15s
testing program (duration=15s, {Threaded:true Repeat:true RepeatTimes:0 Procs:8 Slowdown:1 Sandbox:none SandboxArg:0 Leak:false NetInjection:false NetDevices:true NetReset:true Cgroups:true BinfmtMisc:true CloseFDs:true KCSAN:false DevlinkPCI:false NicVF:false USB:false VhciInjection:false Wifi:false IEEE802154:false Sysctl:true UseTmpDir:true HandleSegv:true Repro:true Trace:false LegacyOptions:{Collide:false Fault:false FaultCall:0 FaultNth:0}}): close_range-syz_open_dev$tty20-ioctl$TIOCVHANGUP-pselect6
detailed listing:
executing program 0:
close_range(0xffffffffffffffff, 0xffffffffffffffff, 0x2)
r0 = syz_open_dev$tty20(0xc, 0x4, 0x1)
ioctl$TIOCVHANGUP(r0, 0x5437, 0x0)
pselect6(0x40, &(0x7f0000000240), 0x0, 0x0, &(0x7f0000000300), 0x0)

program did not crash
testing program (duration=15s, {Threaded:true Repeat:true RepeatTimes:0 Procs:8 Slowdown:1 Sandbox:none SandboxArg:0 Leak:false NetInjection:false NetDevices:true NetReset:true Cgroups:true BinfmtMisc:true CloseFDs:true KCSAN:false DevlinkPCI:false NicVF:false USB:false VhciInjection:false Wifi:false IEEE802154:false Sysctl:true UseTmpDir:true HandleSegv:true Repro:true Trace:false LegacyOptions:{Collide:false Fault:false FaultCall:0 FaultNth:0}}): mknod-setxattr$security_selinux
detailed listing:
executing program 0:
mknod(&(0x7f0000000040)='./file0\x00', 0x0, 0x0)
setxattr$security_selinux(&(0x7f0000000000)='./file0\x00', &(0x7f00000000c0), &(0x7f0000000100)='unconfined_u:system_r:insmod_t:s0-s0:c0.c1023\x00', 0x2e, 0x203)

program did not crash
testing program (duration=15s, {Threaded:true Repeat:true RepeatTimes:0 Procs:8 Slowdown:1 Sandbox:none SandboxArg:0 Leak:false NetInjection:false NetDevices:true NetReset:true Cgroups:true BinfmtMisc:true CloseFDs:true KCSAN:false DevlinkPCI:false NicVF:false USB:false VhciInjection:false Wifi:false IEEE802154:false Sysctl:true UseTmpDir:true HandleSegv:true Repro:true Trace:false LegacyOptions:{Collide:false Fault:false FaultCall:0 FaultNth:0}}): close_range-mknod-inotify_init-dup3-inotify_add_watch-inotify_rm_watch-close_range-mknod-inotify_init-dup3-inotify_add_watch-inotify_rm_watch
detailed listing:
executing program 0:
close_range(0xffffffffffffffff, 0xffffffffffffffff, 0x2)
mknod(&(0x7f0000000040)='./file0\x00', 0x0, 0x0)
r0 = inotify_init()
r1 = dup3(r0, r0, 0x0)
r2 = inotify_add_watch(r1, &(0x7f0000000080)='./file0\x00', 0x60000010)
inotify_rm_watch(r0, r2)
close_range(0xffffffffffffffff, 0xffffffffffffffff, 0x2) (async)
mknod(&(0x7f0000000040)='./file0\x00', 0x0, 0x0) (async)
inotify_init() (async)
dup3(r0, r0, 0x0) (async)
inotify_add_watch(r1, &(0x7f0000000080)='./file0\x00', 0x60000010) (async)
inotify_rm_watch(r0, r2) (async)

program did not crash
testing program (duration=15s, {Threaded:true Repeat:true RepeatTimes:0 Procs:8 Slowdown:1 Sandbox:none SandboxArg:0 Leak:false NetInjection:false NetDevices:true NetReset:true Cgroups:true BinfmtMisc:true CloseFDs:true KCSAN:false DevlinkPCI:false NicVF:false USB:false VhciInjection:false Wifi:false IEEE802154:false Sysctl:true UseTmpDir:true HandleSegv:true Repro:true Trace:false LegacyOptions:{Collide:false Fault:false FaultCall:0 FaultNth:0}}): mknod-syz_mount_image$vfat
detailed listing:
executing program 0:
mknod(&(0x7f0000000040)='./file0\x00', 0x0, 0x0)
syz_mount_image$vfat(&(0x7f0000000000), &(0x7f0000000100)='./file0\x00', 0x100000, 0xd, &(0x7f0000000200)=[{&(0x7f0000010000)="601c6d6b646f73667008000008402000024c000002f80400000002000000000000000000010000000000000002000000010006000000000000000000000000008000"/96, 0x60}, {&(0x7f0000010060)='RRaA\x00'/32, 0x20, 0x800}, {&(0x7f0000010080)="00000000727241610100000007000000000000000000000000000000000055aa", 0x20, 0x9e0}, {&(0x7f00000100a0)="601c6d6b646f736670080000084020000200000002f80000100002000000000000000000010000000000000002000000010006000000000000000000000000008000"/96, 0x60, 0x3000}, {&(0x7f0000010100)='RRaA\x00'/32, 0x20, 0x3800}, {&(0x7f0000010120)="00000000727241610600000002000000000000000000000000000000000055aa", 0x20, 0x39e0}, {&(0x7f0000010140)="f8ffff0fffffff0fffffff0fffffff0fffffff0fffffff0fffffff0fffffff0f", 0x20, 0x10000}, {&(0x7f0000010160)="f8ffff0fffffff0fffffff0fffffff0fffffff0fffffff0fffffff0fffffff0f", 0x20, 0x10800}, {&(0x7f0000010180)="53595a4b414c4c4552202008000018602c552c55000018602c5500000000000041660069006c00650030000f00fc0000ffffffffffffffffffff0000ffffffff46494c453020202020202010004818602c552c55000018602c5503000000000041660069006c00650031000f00100000ffffffffffffffffffff0000ffffffff46494c453120202020202020004818602c552c55000018602c5505000a00000041660069006c00650032000f00140000ffffffffffffffffffff0000ffffffff46494c453220202020202020004818602c552c55000018602c5506002823000041660069006c0065002e000f00d263006f006c0064000000ffff0000ffffffff46494c457e312020434f4c20004818602c552c55000018602c55070064000000", 0x120, 0x11000}, {&(0x7f00000102a0)="2e2020202020202020202010004818602c552c55000018602c550300000000002e2e20202020202020202010004818602c552c55000018602c5500000000000041660069006c00650030000f00fc0000ffffffffffffffffffff0000ffffffff46494c453020202020202020004818602c552c55000018602c5504001a040000", 0x80, 0x31000}, {&(0x7f0000010320)='syzkallersyzkallersyzkallersyzkallersyzkallersyzkallersyzkallersyzkallersyzkallersyzkallersyzkallersyzkallersyzkallersyzkallersyzkallersyzkallersyzkallersyzkallersyzkallersyzkallersyzkallersyzkallersyzkallersyzkallersyzkallersyzkallersyzkallersyzkallersyzkallersyzkallersyzkallersyzkallersyzkallersyzkallersyzkallersyzkallersyzkallersyzkallersyzkallersyzkallersyzkallersyzkallersyzkallersyzkallersyzkallersyzkallersyzkallersyzkallersyzkallersyzkallersyzkallersyzkallersyzkallersyzkallersyzkallersyzkallersyzkallersyzkallersyzkallersyzkallersyzkallersyzkallersyzkallersyzkallersyzkallersyzkallersyzkallersyzkallersyzkallersyzkallersyzkallersyzkallersyzkallersyzkallersyzkallersyzkallersyzkallersyzkallersyzkallersyzkallersyzkallersyzkallersyzkallersyzkallersyzkallersyzkallersyzkallersyzkallersyzkallersyzkallersyzkallersyzkallersyzkallersyzkallersyzkallersyzkallersyzkallersyzkallersyzkallersyzkallersyzkallersyzkallersyzkallersyzkallersyzkallersyzkallersyzkallersyzkallersyzkallersyzkallersyzkallersyzkallersyzkallersyzkallersyzkallersyzkallersyzkal\x00\x00\x00\x00\x00\x00', 0x420, 0x51000}, {&(0x7f0000010740)='syzkallers\x00'/32, 0x20, 0x71000}, {&(0x7f0000010760)='syzkallersyzkallersyzkallersyzkallersyzkallersyzkallersyzkallersyzkallersyzkallersyzkallersyzkallers\x00'/128, 0x80, 0xb1000}], 0x0, &(0x7f00000107e0), 0x1)

program did not crash
testing program (duration=15s, {Threaded:true Repeat:true RepeatTimes:0 Procs:8 Slowdown:1 Sandbox:none SandboxArg:0 Leak:false NetInjection:false NetDevices:true NetReset:true Cgroups:true BinfmtMisc:true CloseFDs:true KCSAN:false DevlinkPCI:false NicVF:false USB:false VhciInjection:false Wifi:false IEEE802154:false Sysctl:true UseTmpDir:true HandleSegv:true Repro:true Trace:false LegacyOptions:{Collide:false Fault:false FaultCall:0 FaultNth:0}}): mknod-creat-rename-ioctl$EXT4_IOC_SWAP_BOOT
detailed listing:
executing program 0:
mknod(&(0x7f0000000040)='./file0\x00', 0x0, 0x0)
r0 = creat(&(0x7f0000000200)='./file2\x00', 0x0)
rename(&(0x7f0000000100)='./file0\x00', 0x0)
ioctl$EXT4_IOC_SWAP_BOOT(r0, 0x6611)

failed to init instance: failed to create VM: can't ssh into the instance
failed to run ["ssh" "-p" "59433" "-F" "/dev/null" "-o" "UserKnownHostsFile=/dev/null" "-o" "BatchMode=yes" "-o" "IdentitiesOnly=yes" "-o" "StrictHostKeyChecking=no" "-o" "ConnectTimeout=10" "-i" "/home/abel/Documents/workspace/syzkaller/tools/stretch.id_rsa" "root@localhost" "pwd"]: exit status 255
Connection timed out during banner exchange
Connection to 127.0.0.1 port 59433 timed out
[    0.000000] Linux version 6.0.8 (abel@abel-Inspiron-3502) (gcc (Ubuntu 11.3.0-1ubuntu1~22.04) 11.3.0, GNU ld (GNU Binutils for Ubuntu) 2.38) #3 SMP PREEMPT_DYNAMIC Mon Dec 5 23:32:47 CST 2022
[    0.000000] Command line: root=/dev/sda console=ttyS0 
[    0.000000] x86/fpu: Supporting XSAVE feature 0x001: 'x87 floating point registers'
[    0.000000] x86/fpu: Supporting XSAVE feature 0x002: 'SSE registers'
[    0.000000] x86/fpu: Supporting XSAVE feature 0x008: 'MPX bounds registers'
[    0.000000] x86/fpu: Supporting XSAVE feature 0x010: 'MPX CSR'
[    0.000000] x86/fpu: xstate_offset[3]:  576, xstate_sizes[3]:   64
[    0.000000] x86/fpu: xstate_offset[4]:  640, xstate_sizes[4]:   64
[    0.000000] x86/fpu: Enabled xstate features 0x1b, context size is 704 bytes, using 'compacted' format.
[    0.000000] signal: max sigframe size: 2032
[    0.000000] BIOS-provided physical RAM map:
[    0.000000] BIOS-e820: [mem 0x0000000000000000-0x000000000009fbff] usable
[    0.000000] BIOS-e820: [mem 0x000000000009fc00-0x000000000009ffff] reserved
[    0.000000] BIOS-e820: [mem 0x00000000000f0000-0x00000000000fffff] reserved
[    0.000000] BIOS-e820: [mem 0x0000000000100000-0x000000007ffdffff] usable
[    0.000000] BIOS-e820: [mem 0x000000007ffe0000-0x000000007fffffff] reserved
[    0.000000] BIOS-e820: [mem 0x00000000feffc000-0x00000000feffffff] reserved
[    0.000000] BIOS-e820: [mem 0x00000000fffc0000-0x00000000ffffffff] reserved
[    0.000000] NX (Execute Disable) protection: active
[    0.000000] SMBIOS 2.8 present.
[    0.000000] DMI: QEMU Standard PC (i440FX + PIIX, 1996), BIOS 1.15.0-1 04/01/2014
[    0.000000] Hypervisor detected: KVM
[    0.000000] kvm-clock: Using msrs 4b564d01 and 4b564d00
[    0.000007] kvm-clock: using sched offset of 853128309 cycles
[    0.000024] clocksource: kvm-clock: mask: 0xffffffffffffffff max_cycles: 0x1cd42e4dffb, max_idle_ns: 881590591483 ns
[    0.000052] tsc: Detected 1094.400 MHz processor
[    0.021894] last_pfn = 0x7ffe0 max_arch_pfn = 0x400000000
[    0.021988] x86/PAT: Configuration [0-7]: WB  WC  UC- UC  WB  WP  UC- WT  
[    0.031175] found SMP MP-table at [mem 0x000f5b90-0x000f5b9f]
[    0.031402] Using GB pages for direct mapping
[    0.033039] ACPI: Early table checksum verification disabled
[    0.033073] ACPI: RSDP 0x00000000000F59D0 000014 (v00 BOCHS )
[    0.033121] ACPI: RSDT 0x000000007FFE1967 000034 (v01 BOCHS  BXPC     00000001 BXPC 00000001)
[    0.033177] ACPI: FACP 0x000000007FFE1813 000074 (v01 BOCHS  BXPC     00000001 BXPC 00000001)
[    0.033237] ACPI: DSDT 0x000000007FFE0040 0017D3 (v01 BOCHS  BXPC     00000001 BXPC 00000001)
[    0.033286] ACPI: FACS 0x000000007FFE0000 000040
[    0.033321] ACPI: APIC 0x000000007FFE1887 000080 (v01 BOCHS  BXPC     00000001 BXPC 00000001)
[    0.033371] ACPI: HPET 0x000000007FFE1907 000038 (v01 BOCHS  BXPC     00000001 BXPC 00000001)
[    0.033439] ACPI: WAET 0x000000007FFE193F 000028 (v01 BOCHS  BXPC     00000001 BXPC 00000001)
[    0.033485] ACPI: Reserving FACP table memory at [mem 0x7ffe1813-0x7ffe1886]
[    0.033505] ACPI: Reserving DSDT table memory at [mem 0x7ffe0040-0x7ffe1812]
[    0.033524] ACPI: Reserving FACS table memory at [mem 0x7ffe0000-0x7ffe003f]
[    0.033543] ACPI: Reserving APIC table memory at [mem 0x7ffe1887-0x7ffe1906]
[    0.033562] ACPI: Reserving HPET table memory at [mem 0x7ffe1907-0x7ffe193e]
[    0.033581] ACPI: Reserving WAET table memory at [mem 0x7ffe193f-0x7ffe1966]
[    0.036166] No NUMA configuration found
[    0.036181] Faking a node at [mem 0x0000000000000000-0x000000007ffdffff]
[    0.036218] NODE_DATA(0) allocated [mem 0x7ffdc000-0x7ffdffff]
[    0.036333] Zone ranges:
[    0.036340]   DMA      [mem 0x0000000000001000-0x0000000000ffffff]
[    0.036363]   DMA32    [mem 0x0000000001000000-0x000000007ffdffff]
[    0.036384]   Normal   empty
[    0.036396] Movable zone start for each node
[    0.036403] Early memory node ranges
[    0.036408]   node   0: [mem 0x0000000000001000-0x000000000009efff]
[    0.036445]   node   0: [mem 0x0000000000100000-0x000000007ffdffff]
[    0.036468] Initmem setup node 0 [mem 0x0000000000001000-0x000000007ffdffff]
[    0.037061] On node 0, zone DMA: 1 pages in unavailable ranges
[    0.037355] On node 0, zone DMA: 97 pages in unavailable ranges
[    0.090960] On node 0, zone DMA32: 32 pages in unavailable ranges
[    0.218620] kasan: KernelAddressSanitizer initialized
[    0.219360] ACPI: PM-Timer IO Port: 0x608
[    0.219412] ACPI: LAPIC_NMI (acpi_id[0xff] dfl dfl lint[0x1])
[    0.219529] IOAPIC[0]: apic_id 0, version 17, address 0xfec00000, GSI 0-23
[    0.219567] ACPI: INT_SRC_OVR (bus 0 bus_irq 0 global_irq 2 dfl dfl)
[    0.219592] ACPI: INT_SRC_OVR (bus 0 bus_irq 5 global_irq 5 high level)
[    0.219614] ACPI: INT_SRC_OVR (bus 0 bus_irq 9 global_irq 9 high level)
[    0.219637] ACPI: INT_SRC_OVR (bus 0 bus_irq 10 global_irq 10 high level)
[    0.219660] ACPI: INT_SRC_OVR (bus 0 bus_irq 11 global_irq 11 high level)
[    0.219709] ACPI: Using ACPI (MADT) for SMP configuration information
[    0.219721] ACPI: HPET id: 0x8086a201 base: 0xfed00000
[    0.219749] TSC deadline timer available
[    0.219758] smpboot: Allowing 2 CPUs, 0 hotplug CPUs
[    0.219825] kvm-guest: KVM setup pv remote TLB flush
[    0.219838] kvm-guest: setup PV sched yield
[    0.219917] PM: hibernation: Registered nosave memory: [mem 0x00000000-0x00000fff]
[    0.219944] PM: hibernation: Registered nosave memory: [mem 0x0009f000-0x0009ffff]
[    0.219961] PM: hibernation: Registered nosave memory: [mem 0x000a0000-0x000effff]
[    0.219976] PM: hibernation: Registered nosave memory: [mem 0x000f0000-0x000fffff]
[    0.219997] [mem 0x80000000-0xfeffbfff] available for PCI devices
[    0.220013] Booting paravirtualized kernel on KVM
[    0.220026] clocksource: refined-jiffies: mask: 0xffffffff max_cycles: 0xffffffff, max_idle_ns: 1910969940391419 ns
[    0.248524] setup_percpu: NR_CPUS:64 nr_cpumask_bits:64 nr_cpu_ids:2 nr_node_ids:1
[    0.249548] percpu: Embedded 65 pages/cpu s225704 r8192 d32344 u1048576
[    0.249890] Fallback order for Node 0: 0 
[    0.249915] Built 1 zonelists, mobility grouping on.  Total pages: 515808
[    0.249934] Policy zone: DMA32
[    0.249944] Kernel command line: root=/dev/sda console=ttyS0 
[    0.250566] Dentry cache hash table entries: 262144 (order: 9, 2097152 bytes, linear)
[    0.251489] Inode-cache hash table entries: 131072 (order: 8, 1048576 bytes, linear)
[    0.251672] mem auto-init: stack:off, heap alloc:off, heap free:off
[    0.255609] stackdepot hash table entries: 1048576 (order: 11, 8388608 bytes, linear)
[    0.358710] Memory: 1694420K/2096632K available (49165K kernel code, 8082K rwdata, 9132K rodata, 2192K init, 2504K bss, 401956K reserved, 0K cma-reserved)
[    0.359535] SLUB: HWalign=64, Order=0-3, MinObjects=0, CPUs=2, Nodes=1
[    0.362658] Dynamic Preempt: voluntary
[    0.375062] rcu: Preemptible hierarchical RCU implementation.
[    0.375077] rcu: 	RCU event tracing is enabled.
[    0.375084] rcu: 	RCU restricting CPUs from NR_CPUS=64 to nr_cpu_ids=2.
[    0.375104] 	Trampoline variant of Tasks RCU enabled.
[    0.375112] rcu: RCU calculated value of scheduler-enlistment delay is 100 jiffies.
[    0.375126] rcu: Adjusting geometry for rcu_fanout_leaf=16, nr_cpu_ids=2
[    0.426418] NR_IRQS: 4352, nr_irqs: 440, preallocated irqs: 16
[    0.439174] rcu: srcu_init: Setting srcu_struct sizes based on contention.
[    0.439316] random: crng init done
[    0.470647] Console: colour VGA+ 80x25
[    1.032158] printk: console [ttyS0] enabled
[    1.034647] ACPI: Core revision 20220331
[    1.037473] clocksource: hpet: mask: 0xffffffff max_cycles: 0xffffffff, max_idle_ns: 19112604467 ns
[    1.048094] APIC: Switch to symmetric I/O mode setup
[    1.059928] kvm-guest: setup PV IPIs
[    1.063616] ..TIMER: vector=0x30 apic1=0 pin1=2 apic2=-1 pin2=-1
[    1.066139] clocksource: tsc-early: mask: 0xffffffffffffffff max_cycles: 0xfc66f4fc7c, max_idle_ns: 440795224246 ns
[    1.078119] Calibrating delay loop (skipped) preset value.. 2188.80 BogoMIPS (lpj=1094400)
[    1.079111] pid_max: default: 32768 minimum: 301
[    1.080410] LSM: Security Framework initializing
[    1.081306] SELinux:  Initializing.
[    1.082616] Mount-cache hash table entries: 4096 (order: 3, 32768 bytes, linear)
[    1.083132] Mountpoint-cache hash table entries: 4096 (order: 3, 32768 bytes, linear)
[    1.087223] x86/cpu: User Mode Instruction Prevention (UMIP) activated
[    1.088357] Last level iTLB entries: 4KB 0, 2MB 0, 4MB 0
[    1.089112] Last level dTLB entries: 4KB 0, 2MB 0, 4MB 0, 1GB 0
[    1.091146] Spectre V1 : Mitigation: usercopy/swapgs barriers and __user pointer sanitization
[    1.092134] Spectre V2 : Mitigation: Enhanced IBRS
[    1.093113] Spectre V2 : Spectre v2 / SpectreRSB mitigation: Filling RSB on context switch
[    1.094140] Spectre V2 : mitigation: Enabling conditional Indirect Branch Prediction Barrier
[    1.095114] Speculative Store Bypass: Mitigation: Speculative Store Bypass disabled via prctl
[    1.236969] Freeing SMP alternatives memory: 44K
[    1.237576] smpboot: CPU0: Intel(R) Pentium(R) Silver N5030 CPU @ 1.10GHz (family: 0x6, model: 0x7a, stepping: 0x8)
[    1.238957] cblist_init_generic: Setting adjustable number of callback queues.
[    1.239105] cblist_init_generic: Setting shift to 1 and lim to 1.
[    1.240292] Performance Events: Goldmont plus events, 32-deep LBR, full-width counters, Intel PMU driver.
[    1.242117] ... version:                2
[    1.243073] ... bit width:              48
[    1.243110] ... generic registers:      4
[    1.244107] ... value mask:             0000ffffffffffff
[    1.245109] ... max period:             00007fffffffffff
[    1.246111] ... fixed-purpose events:   3
[    1.247110] ... event mask:             000000070000000f
[    1.248791] unchecked MSR access error: WRMSR to 0xdc0 (tried to write 0x0000000000000000) at rIP: 0xffffffff8e640914 (intel_pmu_lbr_reset_64+0x1a4/0x270)
[    1.249112] Call Trace:
[    1.250114]  <TASK>
[    1.250812]  intel_pmu_lbr_reset+0xb5/0x1f0
[    1.251131]  ? init_debug_store_on_cpu+0x16/0xa0
[    1.252111]  intel_pmu_cpu_starting+0xbf/0x10d0
[    1.253118]  ? __kasan_kmalloc+0x81/0xa0
[    1.254112]  ? adl_update_topdown_event+0x100/0x100
[    1.255112]  x86_pmu_starting_cpu+0x1e/0x30
[    1.256115]  ? x86_pmu_dead_cpu+0x30/0x30
[    1.257109]  cpuhp_invoke_callback+0x54f/0x1020
[    1.258116]  ? __mutex_unlock_slowpath.constprop.0+0x2a0/0x2a0
[    1.259112]  ? perf_guest_get_msrs+0x17/0x20
[    1.260113]  cpuhp_issue_call+0x615/0x830
[    1.261116]  ? pmu_name_show+0x30/0x30
[    1.262113]  __cpuhp_setup_state_cpuslocked+0x314/0x7f0
[    1.263115]  ? x86_pmu_prepare_cpu+0x23/0xe0
[    1.264111]  ? x86_pmu_starting_cpu+0x30/0x30
[    1.265113]  ? x86_pmu_dead_cpu+0x30/0x30
[    1.266112]  ? x86_pmu_starting_cpu+0x30/0x30
[    1.267112]  __cpuhp_setup_state+0xa1/0x170
[    1.268117]  ? map_vsyscall+0xda/0xda
[    1.269112]  init_hw_perf_events+0x5b0/0x9bd
[    1.270116]  ? do_one_initcall+0x9e/0x3c0
[    1.271114]  ? map_vsyscall+0xda/0xda
[    1.272110]  do_one_initcall+0xa1/0x3c0
[    1.274114]  ? trace_event_raw_event_initcall_level+0x210/0x210
[    1.275114]  ? push_cpu_stop+0x7f0/0x7f0
[    1.276112]  ? _raw_spin_unlock_irqrestore+0x3d/0x80
[    1.278110]  ? _raw_spin_unlock+0x34/0x70
[    1.279114]  ? cblist_init_generic.constprop.0+0x315/0x440
[    1.281105]  kernel_init_freeable+0x324/0x593
[    1.282114]  ? finish_task_switch.isra.0+0x16e/0x6c0
[    1.283114]  ? rest_init+0x140/0x140
[    1.284114]  kernel_init+0x1a/0x1e0
[    1.286112]  ? rest_init+0x140/0x140
[    1.287114]  ret_from_fork+0x1f/0x30
[    1.288116]  </TASK>
[    1.289578] rcu: Hierarchical SRCU implementation.
[    1.290115] rcu: 	Max phase no-delay instances is 400.
[    1.295498] smp: Bringing up secondary CPUs ...
[    1.296792] x86: Booting SMP configuration:
[    1.297113] .... node  #0, CPUs:      #1
[    1.299214] smp: Brought up 1 node, 2 CPUs
[    1.302102] smpboot: Max logical packages: 1
[    1.303123] smpboot: Total of 2 processors activated (4377.60 BogoMIPS)
[    1.306375] devtmpfs: initialized
[    1.316854] clocksource: jiffies: mask: 0xffffffff max_cycles: 0xffffffff, max_idle_ns: 1911260446275000 ns
[    1.317134] futex hash table entries: 512 (order: 3, 32768 bytes, linear)
[    1.319511] PM: RTC time: 15:47:42, date: 2022-12-06
[    1.321352] NET: Registered PF_NETLINK/PF_ROUTE protocol family
[    1.323966] audit: initializing netlink subsys (disabled)
[    1.326182] audit: type=2000 audit(1670341661.592:1): state=initialized audit_enabled=0 res=1
[    1.327422] thermal_sys: Registered thermal governor 'step_wise'
[    1.328106] thermal_sys: Registered thermal governor 'user_space'
[    1.330124] cpuidle: using governor menu
[    1.333891] PCI: Using configuration type 1 for base access
[    1.396655] kprobes: kprobe jump-optimization is enabled. All kprobes are optimized if possible.
[    1.398615] HugeTLB: registered 2.00 MiB page size, pre-allocated 0 pages
[    1.399110] HugeTLB: 28 KiB vmemmap can be freed for a 2.00 MiB page
[    1.401635] ACPI: Added _OSI(Module Device)
[    1.403103] ACPI: Added _OSI(Processor Device)
[    1.404112] ACPI: Added _OSI(3.0 _SCP Extensions)
[    1.405111] ACPI: Added _OSI(Processor Aggregator Device)
[    1.406134] ACPI: Added _OSI(Linux-Dell-Video)
[    1.407141] ACPI: Added _OSI(Linux-Lenovo-NV-HDMI-Audio)
[    1.408159] ACPI: Added _OSI(Linux-HPI-Hybrid-Graphics)
[    1.450990] ACPI: 1 ACPI AML tables successfully acquired and loaded
[    1.461323] ACPI: Interpreter enabled
[    1.462341] ACPI: PM: (supports S0 S3 S4 S5)
[    1.463102] ACPI: Using IOAPIC for interrupt routing
[    1.464320] PCI: Using host bridge windows from ACPI; if necessary, use "pci=nocrs" and report a bug
[    1.465109] PCI: Using E820 reservations for host bridge windows
[    1.470624] ACPI: Enabled 2 GPEs in block 00 to 0F
[    1.569535] ACPI: PCI Root Bridge [PCI0] (domain 0000 [bus 00-ff])
[    1.570194] acpi PNP0A03:00: _OSC: OS supports [ASPM ClockPM Segments MSI HPX-Type3]
[    1.571127] acpi PNP0A03:00: _OSC: not requesting OS control; OS requires [ExtendedConfig ASPM ClockPM MSI]
[    1.572480] acpi PNP0A03:00: fail to add MMCONFIG information, can't access extended PCI configuration space under this bridge.
[    1.575363] PCI host bridge to bus 0000:00
[    1.576145] pci_bus 0000:00: root bus resource [io  0x0000-0x0cf7 window]
[    1.577143] pci_bus 0000:00: root bus resource [io  0x0d00-0xffff window]
[    1.578145] pci_bus 0000:00: root bus resource [mem 0x000a0000-0x000bffff window]
[    1.579144] pci_bus 0000:00: root bus resource [mem 0x80000000-0xfebfffff window]
[    1.580144] pci_bus 0000:00: root bus resource [mem 0x100000000-0x17fffffff window]
[    1.581146] pci_bus 0000:00: root bus resource [bus 00-ff]
[    1.582450] pci 0000:00:00.0: [8086:1237] type 00 class 0x060000
[    1.610053] pci 0000:00:01.0: [8086:7000] type 00 class 0x060100
[    1.613103] pci 0000:00:01.1: [8086:7010] type 00 class 0x010180
[    1.617587] pci 0000:00:01.1: reg 0x20: [io  0xc060-0xc06f]
[    1.620155] pci 0000:00:01.1: legacy IDE quirk: reg 0x10: [io  0x01f0-0x01f7]
[    1.621120] pci 0000:00:01.1: legacy IDE quirk: reg 0x14: [io  0x03f6]
[    1.622121] pci 0000:00:01.1: legacy IDE quirk: reg 0x18: [io  0x0170-0x0177]
[    1.623121] pci 0000:00:01.1: legacy IDE quirk: reg 0x1c: [io  0x0376]
[    1.625083] pci 0000:00:01.3: [8086:7113] type 00 class 0x068000
[    1.627090] pci 0000:00:01.3: quirk: [io  0x0600-0x063f] claimed by PIIX4 ACPI
[    1.628284] pci 0000:00:01.3: quirk: [io  0x0700-0x070f] claimed by PIIX4 SMB
[    1.630103] pci 0000:00:02.0: [1234:1111] type 00 class 0x030000
[    1.633053] pci 0000:00:02.0: reg 0x10: [mem 0xfd000000-0xfdffffff pref]
[    1.635972] pci 0000:00:02.0: reg 0x18: [mem 0xfebb0000-0xfebb0fff]
[    1.641011] pci 0000:00:02.0: reg 0x30: [mem 0xfeba0000-0xfebaffff pref]
[    1.641489] pci 0000:00:02.0: Video device with shadowed ROM at [mem 0x000c0000-0x000dffff]
[    1.667867] pci 0000:00:03.0: [1af4:1005] type 00 class 0x00ff00
[    1.669114] pci 0000:00:03.0: reg 0x10: [io  0xc040-0xc05f]
[    1.674107] pci 0000:00:03.0: reg 0x20: [mem 0xfe000000-0xfe003fff 64bit pref]
[    1.702309] pci 0000:00:04.0: [8086:100e] type 00 class 0x020000
[    1.704116] pci 0000:00:04.0: reg 0x10: [mem 0xfeb80000-0xfeb9ffff]
[    1.707116] pci 0000:00:04.0: reg 0x14: [io  0xc000-0xc03f]
[    1.715114] pci 0000:00:04.0: reg 0x30: [mem 0xfeb00000-0xfeb7ffff pref]
[    1.750668] ACPI: PCI: Interrupt link LNKA configured for IRQ 10
[    1.753984] ACPI: PCI: Interrupt link LNKB configured for IRQ 10
[    1.758696] ACPI: PCI: Interrupt link LNKC configured for IRQ 11
[    1.762818] ACPI: PCI: Interrupt link LNKD configured for IRQ 11
[    1.764283] ACPI: PCI: Interrupt link LNKS configured for IRQ 9
[    1.770250] iommu: Default domain type: Translated 
[    1.771108] iommu: DMA domain TLB invalidation policy: lazy mode 
[    1.773883] SCSI subsystem initialized
[    1.774892] ACPI: bus type USB registered
[    1.775406] usbcore: registered new interface driver usbfs
[    1.776302] usbcore: registered new interface driver hub
[    1.777268] usbcore: registered new device driver usb
[    1.778398] pps_core: LinuxPPS API ver. 1 registered
[    1.779104] pps_core: Software ver. 5.3.6 - Copyright 2005-2007 Rodolfo Giometti <giometti@linux.it>
[    1.780225] PTP clock support registered
[    1.781955] Advanced Linux Sound Architecture Driver Initialized.
[    1.784038] NetLabel: Initializing
[    1.784233] NetLabel:  domain hash size = 128
[    1.785106] NetLabel:  protocols = UNLABELED CIPSOv4 CALIPSO
[    1.786378] NetLabel:  unlabeled traffic allowed by default
[    1.787583] PCI: Using ACPI for IRQ routing
[    1.788828] pci 0000:00:02.0: vgaarb: setting as boot VGA device
[    1.789090] pci 0000:00:02.0: vgaarb: bridge control possible
[    1.789090] pci 0000:00:02.0: vgaarb: VGA device added: decodes=io+mem,owns=io+mem,locks=none
[    1.789114] vgaarb: loaded
[    1.790333] hpet0: at MMIO 0xfed00000, IRQs 2, 8, 0
[    1.791111] hpet0: 3 comparators, 64-bit 100.000000 MHz counter
[    4.668616] clocksource: Switched to clocksource kvm-clock
[    4.675086] VFS: Disk quotas dquot_6.6.0
[    4.680971] VFS: Dquot-cache hash table entries: 512 (order 0, 4096 bytes)
[    4.686733] pnp: PnP ACPI init
[    4.720014] pnp: PnP ACPI: found 6 devices
[    4.820874] clocksource: acpi_pm: mask: 0xffffff max_cycles: 0xffffff, max_idle_ns: 2085701024 ns
[    4.835488] NET: Registered PF_INET protocol family
[    4.841783] IP idents hash table entries: 32768 (order: 6, 262144 bytes, linear)
[    4.864730] tcp_listen_portaddr_hash hash table entries: 1024 (order: 2, 16384 bytes, linear)
[    4.869197] Table-perturb hash table entries: 65536 (order: 6, 262144 bytes, linear)
[    4.872139] TCP established hash table entries: 16384 (order: 5, 131072 bytes, linear)
[    4.883539] TCP bind hash table entries: 16384 (order: 6, 262144 bytes, linear)
[    4.898044] TCP: Hash tables configured (established 16384 bind 16384)
[    4.905366] UDP hash table entries: 1024 (order: 3, 32768 bytes, linear)
[    4.910396] UDP-Lite hash table entries: 1024 (order: 3, 32768 bytes, linear)
[    4.917528] NET: Registered PF_UNIX/PF_LOCAL protocol family
[    4.926476] RPC: Registered named UNIX socket transport module.
[    4.930192] RPC: Registered udp transport module.
[    4.937212] RPC: Registered tcp transport module.
[    4.940413] RPC: Registered tcp NFSv4.1 backchannel transport module.
[    4.953507] pci_bus 0000:00: resource 4 [io  0x0000-0x0cf7 window]
[    4.958017] pci_bus 0000:00: resource 5 [io  0x0d00-0xffff window]
[    4.964136] pci_bus 0000:00: resource 6 [mem 0x000a0000-0x000bffff window]
[    4.973308] pci_bus 0000:00: resource 7 [mem 0x80000000-0xfebfffff window]
[    4.978418] pci_bus 0000:00: resource 8 [mem 0x100000000-0x17fffffff window]
[    4.988210] pci 0000:00:01.0: PIIX3: Enabling Passive Release
[    4.993017] pci 0000:00:00.0: Limiting direct PCI/PCI transfers
[    4.998320] PCI: CLS 0 bytes, default 64
[    5.011405] RAPL PMU: API unit is 2^-32 Joules, 0 fixed counters, 10737418240 ms ovfl timer
[    5.014688] clocksource: tsc: mask: 0xffffffffffffffff max_cycles: 0xfc66f4fc7c, max_idle_ns: 440795224246 ns
[    5.022770] clocksource: Switched to clocksource tsc
[    5.062042] Initialise system trusted keyrings
[    5.064704] workingset: timestamp_bits=56 max_order=19 bucket_order=0
[    5.172336] NFS: Registering the id_resolver key type
[    5.175380] Key type id_resolver registered
[    5.177758] Key type id_legacy registered
[    5.181387] 9p: Installing v9fs 9p2000 file system support
[    5.227037] Key type asymmetric registered
[    5.231453] Asymmetric key parser 'x509' registered
[    5.235982] Block layer SCSI generic (bsg) driver version 0.4 loaded (major 251)
[    5.243037] io scheduler mq-deadline registered
[    5.248118] io scheduler kyber registered
[    5.262071] input: Power Button as /devices/LNXSYSTM:00/LNXPWRBN:00/input/input0
[    5.267143] ACPI: button: Power Button [PWRF]
[    9.307138] ACPI: \_SB_.LNKC: Enabled at IRQ 11
[    9.322469] Serial: 8250/16550 driver, 4 ports, IRQ sharing enabled
[    9.325084] 00:04: ttyS0 at I/O 0x3f8 (irq = 4, base_baud = 115200) is a 16550A
[    9.342275] Non-volatile memory driver v1.3
[    9.343855] Linux agpgart interface v0.103
[    9.345879] ACPI: bus type drm_connector registered
[    9.399876] loop: module loaded
[    9.420078] scsi host0: ata_piix
[    9.426745] scsi host1: ata_piix
[    9.429023] ata1: PATA max MWDMA2 cmd 0x1f0 ctl 0x3f6 bmdma 0xc060 irq 14
[    9.431999] ata2: PATA max MWDMA2 cmd 0x170 ctl 0x376 bmdma 0xc068 irq 15
[    9.443587] e100: Intel(R) PRO/100 Network Driver
[    9.452927] e100: Copyright(c) 1999-2006 Intel Corporation
[    9.455613] e1000: Intel(R) PRO/1000 Network Driver
[    9.467777] e1000: Copyright (c) 1999-2006 Intel Corporation.
[    9.593459] ata1: found unknown device (class 0)
[    9.595871] ata2: found unknown device (class 0)
[    9.598295] ata1.00: ATA-7: QEMU HARDDISK, 2.5+, max UDMA/100
[    9.600304] ata1.00: 4194304 sectors, multi 16: LBA48 
[    9.602960] ata2.00: ATAPI: QEMU DVD-ROM, 2.5+, max UDMA/100
[    9.606912] scsi 0:0:0:0: Direct-Access     ATA      QEMU HARDDISK    2.5+ PQ: 0 ANSI: 5
[    9.622824] scsi 0:0:0:0: Attached scsi generic sg0 type 0
[    9.639865] sd 0:0:0:0: [sda] 4194304 512-byte logical blocks: (2.15 GB/2.00 GiB)
[    9.643237] scsi 1:0:0:0: CD-ROM            QEMU     QEMU DVD-ROM     2.5+ PQ: 0 ANSI: 5
[    9.647295] sd 0:0:0:0: [sda] Write Protect is off
[    9.662637] sd 0:0:0:0: [sda] Write cache: enabled, read cache: enabled, doesn't support DPO or FUA
[    9.667553] sd 0:0:0:0: [sda] Preferred minimum I/O size 512 bytes
[    9.687754] sd 0:0:0:0: [sda] Attached SCSI disk
[    9.746279] sr 1:0:0:0: [sr0] scsi3-mmc drive: 4x/4x cd/rw xa/form2 tray
[    9.748618] cdrom: Uniform CD-ROM driver Revision: 3.20
[    9.782156] sr 1:0:0:0: Attached scsi generic sg1 type 5
[   13.827451] ACPI: \_SB_.LNKD: Enabled at IRQ 10
[   14.280908] e1000 0000:00:04.0 eth0: (PCI:33MHz:32-bit) 52:54:00:12:34:56
[   14.284924] e1000 0000:00:04.0 eth0: Intel(R) PRO/1000 Network Connection
[   14.289064] e1000e: Intel(R) PRO/1000 Network Driver
[   14.291878] e1000e: Copyright(c) 1999 - 2015 Intel Corporation.
[   14.295419] sky2: driver version 1.30
[   14.311327] ehci_hcd: USB 2.0 'Enhanced' Host Controller (EHCI) Driver
[   14.315123] ehci-pci: EHCI PCI platform driver
[   14.317854] ohci_hcd: USB 1.1 'Open' Host Controller (OHCI) Driver
[   14.321471] ohci-pci: OHCI PCI platform driver
[   14.324188] uhci_hcd: USB Universal Host Controller Interface driver
[   14.328474] usbcore: registered new interface driver usblp
[   14.331777] usbcore: registered new interface driver usb-storage
[   14.335716] i8042: PNP: PS/2 Controller [PNP0303:KBD,PNP0f13:MOU] at 0x60,0x64 irq 1,12
[   14.351861] serio: i8042 KBD port at 0x60,0x64 irq 1
[   14.354849] serio: i8042 AUX port at 0x60,0x64 irq 12
[   14.360289] input: AT Translated Set 2 keyboard as /devices/platform/i8042/serio0/input/input1
[   14.365639] rtc_cmos 00:05: RTC can wake from S4
[   14.369790] rtc_cmos 00:05: registered as rtc0
[   14.372340] rtc_cmos 00:05: alarms up to one day, y3k, 242 bytes nvram, hpet irqs
[   14.378628] device-mapper: ioctl: 4.47.0-ioctl (2022-07-28) initialised: dm-devel@redhat.com
[   14.382827] intel_pstate: CPU model not supported
[   14.393709] hid: raw HID events driver (C) Jiri Kosina
[   14.400864] usbcore: registered new interface driver usbhid
[   14.403253] usbhid: USB HID core driver
[   14.420567] Initializing XFRM netlink socket
[   14.424646] NET: Registered PF_INET6 protocol family
[   14.440651] Segment Routing with IPv6
[   14.442065] In-situ OAM (IOAM) with IPv6
[   14.443925] sit: IPv6, IPv4 and MPLS over IPv4 tunneling driver
[   14.447667] NET: Registered PF_PACKET protocol family
[   14.456206] 9pnet: Installing 9P2000 support
[   14.458272] Key type dns_resolver registered
[   14.471574] IPI shorthand broadcast: enabled
[   14.473800] sched_clock: Marking stable (13839668586, 633883676)->(18872905329, -4399353067)
[   14.478306] registered taskstats version 1
[   14.480224] Loading compiled-in X.509 certificates
[   14.495267] cryptomgr_test (52) used greatest stack depth: 30800 bytes left
[   14.498012] cryptomgr_test (57) used greatest stack depth: 30720 bytes left
[   14.500205] cryptomgr_test (67) used greatest stack depth: 30320 bytes left
[   14.513350] PM:   Magic number: 2:315:790
[   14.516511] printk: console [netcon0] enabled
[   14.518944] netconsole: network logging started
[   14.522798] cfg80211: Loading compiled-in X.509 certificates for regulatory database
[   14.543388] kworker/u4:0 (74) used greatest stack depth: 29072 bytes left
[   14.559284] cfg80211: Loaded X.509 cert 'sforshee: 00b28ddf47aef9cea7'
[   14.561901] platform regulatory.0: Direct firmware load for regulatory.db failed with error -2
[   14.567255] ALSA device list:
[   14.569143] cfg80211: failed to load regulatory.db
[   14.570416]   No soundcards found.
[   15.020680] input: ImExPS/2 Generic Explorer Mouse as /devices/platform/i8042/serio1/input/input3
[   15.023282] md: Waiting for all devices to be available before autodetect
[   15.025043] md: If you don't use raid, use raid=noautodetect
[   15.026534] md: Autodetecting RAID arrays.
[   15.027659] md: autorun ...
[   15.028426] md: ... autorun DONE.
[   15.037083] EXT4-fs (sda): INFO: recovery required on readonly filesystem
[   15.038444] EXT4-fs (sda): write access will be enabled during recovery
[   15.150152] EXT4-fs (sda): recovery complete
[   15.153408] EXT4-fs (sda): mounted filesystem with ordered data mode. Quota mode: none.
[   15.155814] VFS: Mounted root (ext4 filesystem) readonly on device 8:0.
[   15.159046] devtmpfs: mounted
[   15.161968] Freeing unused kernel image (initmem) memory: 2192K
[   15.163552] Write protecting the kernel read-only data: 61440k
[   15.168648] Freeing unused kernel image (text/rodata gap) memory: 2032K
[   15.183275] Freeing unused kernel image (rodata/data gap) memory: 1108K
[   15.184916] Run /sbin/init as init process
[   16.147553] SELinux:  Permission getrlimit in class process not defined in policy.
[   16.151589] SELinux:  Class process2 not defined in policy.
[   16.153390] SELinux:  Permission watch in class filesystem not defined in policy.
[   16.155886] SELinux:  Permission map in class file not defined in policy.
[   16.157504] SELinux:  Permission watch in class file not defined in policy.
[   16.159364] SELinux:  Permission watch_mount in class file not defined in policy.
[   16.161383] SELinux:  Permission watch_sb in class file not defined in policy.
[   16.163298] SELinux:  Permission watch_with_perm in class file not defined in policy.
[   16.165340] SELinux:  Permission watch_reads in class file not defined in policy.
[   16.167237] SELinux:  Permission map in class dir not defined in policy.
[   16.168543] SELinux:  Permission watch in class dir not defined in policy.
[   16.169854] SELinux:  Permission watch_mount in class dir not defined in policy.
[   16.171245] SELinux:  Permission watch_sb in class dir not defined in policy.
[   16.172541] SELinux:  Permission watch_with_perm in class dir not defined in policy.
[   16.173957] SELinux:  Permission watch_reads in class dir not defined in policy.
[   16.175458] SELinux:  Permission map in class lnk_file not defined in policy.
[   16.178849] SELinux:  Permission watch in class lnk_file not defined in policy.
[   16.182344] SELinux:  Permission watch_mount in class lnk_file not defined in policy.
[   16.184452] SELinux:  Permission watch_sb in class lnk_file not defined in policy.
[   16.186440] SELinux:  Permission watch_with_perm in class lnk_file not defined in policy.
[   16.188511] SELinux:  Permission watch_reads in class lnk_file not defined in policy.
[   16.190557] SELinux:  Permission map in class chr_file not defined in policy.
[   16.192461] SELinux:  Permission watch in class chr_file not defined in policy.
[   16.194359] SELinux:  Permission watch_mount in class chr_file not defined in policy.
[   16.196356] SELinux:  Permission watch_sb in class chr_file not defined in policy.
[   16.197764] SELinux:  Permission watch_with_perm in class chr_file not defined in policy.
[   16.199275] SELinux:  Permission watch_reads in class chr_file not defined in policy.
[   16.200707] SELinux:  Permission map in class blk_file not defined in policy.
[   16.201995] SELinux:  Permission watch in class blk_file not defined in policy.
[   16.203463] SELinux:  Permission watch_mount in class blk_file not defined in policy.
[   16.205474] SELinux:  Permission watch_sb in class blk_file not defined in policy.
[   16.207424] SELinux:  Permission watch_with_perm in class blk_file not defined in policy.
[   16.209527] SELinux:  Permission watch_reads in class blk_file not defined in policy.
[   16.211552] SELinux:  Permission map in class sock_file not defined in policy.
[   16.213453] SELinux:  Permission watch in class sock_file not defined in policy.
[   16.215469] SELinux:  Permission watch_mount in class sock_file not defined in policy.
[   16.217383] SELinux:  Permission watch_sb in class sock_file not defined in policy.
[   16.218856] SELinux:  Permission watch_with_perm in class sock_file not defined in policy.
[   16.232635] SELinux:  Permission watch_reads in class sock_file not defined in policy.
[   16.234106] SELinux:  Permission map in class fifo_file not defined in policy.
[   16.235465] SELinux:  Permission watch in class fifo_file not defined in policy.
[   16.236792] SELinux:  Permission watch_mount in class fifo_file not defined in policy.
[   16.238213] SELinux:  Permission watch_sb in class fifo_file not defined in policy.
[   16.239796] SELinux:  Permission watch_with_perm in class fifo_file not defined in policy.
[   16.241850] SELinux:  Permission watch_reads in class fifo_file not defined in policy.
[   16.248003] SELinux:  Permission map in class socket not defined in policy.
[   16.249464] SELinux:  Permission map in class tcp_socket not defined in policy.
[   16.250969] SELinux:  Permission map in class udp_socket not defined in policy.
[   16.252553] SELinux:  Permission map in class rawip_socket not defined in policy.
[   16.254073] SELinux:  Permission map in class netlink_socket not defined in policy.
[   16.255561] SELinux:  Permission map in class packet_socket not defined in policy.
[   16.257292] SELinux:  Permission map in class key_socket not defined in policy.
[   16.258815] SELinux:  Permission map in class unix_stream_socket not defined in policy.
[   16.260482] SELinux:  Permission map in class unix_dgram_socket not defined in policy.
[   16.261973] SELinux:  Permission map in class netlink_route_socket not defined in policy.
[   16.263597] SELinux:  Permission map in class netlink_tcpdiag_socket not defined in policy.
[   16.265178] SELinux:  Permission map in class netlink_nflog_socket not defined in policy.
[   16.266814] SELinux:  Permission map in class netlink_xfrm_socket not defined in policy.
[   16.268782] SELinux:  Permission map in class netlink_selinux_socket not defined in policy.
[   16.270765] SELinux:  Permission map in class netlink_iscsi_socket not defined in policy.
[   16.272881] SELinux:  Permission map in class netlink_audit_socket not defined in policy.
[   16.274896] SELinux:  Permission map in class netlink_fib_lookup_socket not defined in policy.
[   16.278526] SELinux:  Permission map in class netlink_connector_socket not defined in policy.
[   16.280605] SELinux:  Permission map in class netlink_netfilter_socket not defined in policy.
[   16.282936] SELinux:  Permission map in class netlink_dnrt_socket not defined in policy.
[   16.285015] SELinux:  Permission map in class netlink_kobject_uevent_socket not defined in policy.
[   16.287329] SELinux:  Permission map in class netlink_generic_socket not defined in policy.
[   16.290713] SELinux:  Permission map in class netlink_scsitransport_socket not defined in policy.
[   16.294867] SELinux:  Permission map in class netlink_rdma_socket not defined in policy.
[   16.298793] SELinux:  Permission map in class netlink_crypto_socket not defined in policy.
[   16.303633] SELinux:  Permission map in class appletalk_socket not defined in policy.
[   16.307731] SELinux:  Permission map in class dccp_socket not defined in policy.
[   16.311266] SELinux:  Permission perfmon in class capability2 not defined in policy.
[   16.314881] SELinux:  Permission bpf in class capability2 not defined in policy.
[   16.318357] SELinux:  Permission checkpoint_restore in class capability2 not defined in policy.
[   16.322396] SELinux:  Permission map in class tun_socket not defined in policy.
[   16.325909] SELinux:  Permission perfmon in class cap2_userns not defined in policy.
[   16.329572] SELinux:  Permission bpf in class cap2_userns not defined in policy.
[   16.333188] SELinux:  Permission checkpoint_restore in class cap2_userns not defined in policy.
[   16.337380] SELinux:  Class sctp_socket not defined in policy.
[   16.340239] SELinux:  Class icmp_socket not defined in policy.
[   16.343028] SELinux:  Class ax25_socket not defined in policy.
[   16.345752] SELinux:  Class ipx_socket not defined in policy.
[   16.348506] SELinux:  Class netrom_socket not defined in policy.
[   16.351366] SELinux:  Class atmpvc_socket not defined in policy.
[   16.354223] SELinux:  Class x25_socket not defined in policy.
[   16.357005] SELinux:  Class rose_socket not defined in policy.
[   16.359778] SELinux:  Class decnet_socket not defined in policy.
[   16.362647] SELinux:  Class atmsvc_socket not defined in policy.
[   16.365487] SELinux:  Class rds_socket not defined in policy.
[   16.368229] SELinux:  Class irda_socket not defined in policy.
[   16.370966] SELinux:  Class pppox_socket not defined in policy.
[   16.373837] SELinux:  Class llc_socket not defined in policy.
[   16.376564] SELinux:  Class can_socket not defined in policy.
[   16.379323] SELinux:  Class tipc_socket not defined in policy.
[   16.382054] SELinux:  Class bluetooth_socket not defined in policy.
[   16.385113] SELinux:  Class iucv_socket not defined in policy.
[   16.387914] SELinux:  Class rxrpc_socket not defined in policy.
[   16.390802] SELinux:  Class isdn_socket not defined in policy.
[   16.393513] SELinux:  Class phonet_socket not defined in policy.
[   16.396291] SELinux:  Class ieee802154_socket not defined in policy.
[   16.399155] SELinux:  Class caif_socket not defined in policy.
[   16.401891] SELinux:  Class alg_socket not defined in policy.
[   16.404780] SELinux:  Class nfc_socket not defined in policy.
[   16.407601] SELinux:  Class vsock_socket not defined in policy.
[   16.411189] SELinux:  Class kcm_socket not defined in policy.
[   16.415962] SELinux:  Class qipcrtr_socket not defined in policy.
[   16.419425] SELinux:  Class smc_socket not defined in policy.
[   16.422029] SELinux:  Class infiniband_pkey not defined in policy.
[   16.424817] SELinux:  Class infiniband_endport not defined in policy.
[   16.428399] SELinux:  Class bpf not defined in policy.
[   16.431758] SELinux:  Class xdp_socket not defined in policy.
[   16.435554] SELinux:  Class mctp_socket not defined in policy.
[   16.439381] SELinux:  Class perf_event not defined in policy.
[   16.441909] SELinux:  Class anon_inode not defined in policy.
[   16.444578] SELinux:  Class io_uring not defined in policy.
[   16.447122] SELinux: the above unknown classes and permissions will be allowed
[   16.486932] SELinux:  policy capability network_peer_controls=1
[   16.496653] SELinux:  policy capability open_perms=1
[   16.499317] SELinux:  policy capability extended_socket_class=0
[   16.502310] SELinux:  policy capability always_check_network=0
[   16.505240] SELinux:  policy capability cgroup_seclabel=0
[   16.507768] SELinux:  policy capability nnp_nosuid_transition=0
[   16.510739] SELinux:  policy capability genfs_seclabel_symlinks=0
[   16.513758] SELinux:  policy capability ioctl_skip_cloexec=0
[   16.609668] audit: type=1403 audit(1670341676.874:2): auid=4294967295 ses=4294967295 lsm=selinux res=1
[   16.631480] systemd[1]: Successfully loaded SELinux policy in 1.259583s.
[   16.683684] audit: type=1400 audit(1670341676.949:3): avc:  denied  { associate } for  pid=1 comm="systemd" name="pts" scontext=system_u:object_r:devpts_t:s0 tcontext=system_u:object_r:device_t:s0 tclass=filesystem permissive=1
[   16.753594] systemd[1]: Relabelled /dev and /run in 49.374ms.
[   16.839507] systemd[1]: systemd 232 running in system mode. (+PAM +AUDIT +SELINUX +IMA +APPARMOR +SMACK +SYSVINIT +UTMP +LIBCRYPTSETUP +GCRYPT +GNUTLS +ACL +XZ +LZ4 +SECCOMP +BLKID +ELFUTILS +KMOD +IDN)
[   16.844878] systemd[1]: Detected virtualization qemu.
[   16.846351] systemd[1]: Detected architecture x86-64.

Welcome to [1mDebian GNU/Linux 9 (stretch)[0m!

[   16.863934] systemd[1]: Set hostname to <syzkaller>.
[   17.079508] systemd-rc-loca (84) used greatest stack depth: 26424 bytes left
[   17.151939] selinux-autorel (85) used greatest stack depth: 25152 bytes left
[   17.390397] systemd[1]: Reached target Remote File Systems.
[[0;32m  OK  [0m] Reached target Remote File Systems.
[   17.409822] systemd[1]: Listening on Syslog Socket.
[[0;32m  OK  [0m] Listening on Syslog Socket.
[   17.414817] systemd[1]: Listening on Journal Socket.
[[0;32m  OK  [0m] Listening on Journal Socket.
[   17.431875] systemd[1]: Listening on Journal Socket (/dev/log).
[[0;32m  OK  [0m] Listening on Journal Socket (/dev/log).
[   17.438850] systemd[1]: Listening on udev Control Socket.
[[0;32m  OK  [0m] Listening on udev Control Socket.
[   17.445459] systemd[1]: Listening on /dev/initctl Compatibility Named Pipe.
[[0;32m  OK  [0m] Listening on /dev/initctl Compatibility Named Pipe.
[[0;32m  OK  [0m] Listening on udev Kernel Socket.
[[0;32m  OK  [0m] Created slice System Slice.
[[0;32m  OK  [0m] Reached target Slices.
         Starting Load Kernel Modules...
[[0;32m  OK  [0m] Created slice system-serial\x2dgetty.slice.
         Starting Remount Root and Kernel File Systems...
[[0;32m  OK  [0m] Created slice system-getty.slice.
[[0;32m  OK  [0m] Set up automount Arbitrary Executabâ€¦rmats File System Automount Point.
[[0;32m  OK  [0m] Started Forward Password Requests to Wall Directory Watch.
         Starting Create Static Device Nodes in /dev...
         Mounting POSIX Message Queue File System...
[   17.691518] EXT4-fs (sda): re-mounted. Quota mode: none.
         Mounting /proc/sys/fs/binfmt_misc...
         Mounting /sys/kernel/config...
[   17.785875] audit: type=1400 audit(1670341678.051:4): avc:  denied  { audit_read } for  pid=1 comm="systemd" capability=37  scontext=system_u:system_r:kernel_t:s0 tcontext=system_u:system_r:kernel_t:s0 tclass=capability2 permissive=1
[[0;32m  OK  [0m] Listening on Journal Audit Socket.
[[0;32m  OK  [0m] Reached target Sockets.
         Starting Journal Service...
[[0;32m  OK  [0m] Started Dispatch Password Requests to Console Directory Watch.
[[0;32m  OK  [0m] Reached target Encrypted Volumes.
[[0;32m  OK  [0m] Reached target Paths.
         Mounting /sys/kernel/debug...
[[0;32m  OK  [0m] Reached target Swap.
[[0;32m  OK  [0m] Mounted POSIX Message Queue File System.
[[0;32m  OK  [0m] Mounted /sys/kernel/config.
[[0;32m  OK  [0m] Mounted /proc/sys/fs/binfmt_misc.
[[0;32m  OK  [0m] Started Load Kernel Modules.
[[0;32m  OK  [0m] Started Remount Root and Kernel File Systems.
[[0;32m  OK  [0m] Mounted /sys/kernel/debug.
[[0;32m  OK  [0m] Started Create Static Device Nodes in /dev.
         Starting udev Kernel Device Manager...
         Starting udev Coldplug all Devices...
         Starting Load/Save Random Seed...
[[0;32m  OK  [0m] Reached target Local File Systems (Pre).
         Starting Apply Kernel Variables...
[[0;32m  OK  [0m] Reached target Local File Systems.
[[0;32m  OK  [0m] Started udev Kernel Device Manager.
[[0;32m  OK  [0m] Started Load/Save Random Seed.
[[0;32m  OK  [0m] Started Apply Kernel Variables.
[[0;32m  OK  [0m] Started Journal Service.
         Starting Flush Journal to Persistent Storage...
         Starting Raise network interfaces...
[   18.767401] audit: type=1107 audit(1670341679.027:5): pid=1 uid=0 auid=4294967295 ses=4294967295 subj=system_u:system_r:kernel_t:s0 msg='avc:  denied  { stop } for auid=n/a uid=0 gid=0 path="/lib/systemd/system/systemd-journald.service" cmdline="/bin/journalctl --flush" scontext=system_u:system_r:kernel_t:s0 tcontext=system_u:object_r:unlabeled_t:s0 tclass=service
[   18.767401]  exe="/lib/systemd/systemd" sauid=0 hostname=? addr=? terminal=?'
[   18.790038] systemd-journald[107]: Received request to flush runtime journal from PID 1
[[0;32m  OK  [0m] Started Flush Journal to Persistent Storage.
         Starting Create Volatile Files and Directories...
[[0;32m  OK  [0m] Started Create Volatile Files and Directories.
         Starting Update UTMP about System Boot/Shutdown...
         Starting Network Time Synchronization...
[[0;32m  OK  [0m] Started Update UTMP about System Boot/Shutdown.
[[0;32m  OK  [0m] Started Network Time Synchronization.
[[0;32m  OK  [0m] Reached target System Time Synchronized.
[[0;32m  OK  [0m] Started udev Coldplug all Devices.
[[0;32m  OK  [0m] Reached target System Initialization.
[[0;32m  OK  [0m] Reached target Basic System.
[[0;32m  OK  [0m] Started Daily apt download activities.
[[0;32m  OK  [0m] Started Regular background program processing daemon.
[   21.007698] e1000 0000:00:04.0 enp0s4: renamed from eth0
         Starting getty on tty2-tty6 if dbus and logind are not available...
         Starting System Logging Service...
[[0;32m  OK  [0m] Started Daily Cleanup of Temporary Directories.
[[0;32m  OK  [0m] Started Daily apt upgrade and clean activities.
[[0;32m  OK  [0m] Reached target Timers.
[[0;32m  OK  [0m] Found device /dev/ttyS0.
[   21.856985] audit: type=1107 audit(1670341682.122:6): pid=1 uid=0 auid=4294967295 ses=4294967295 subj=system_u:system_r:kernel_t:s0 msg='avc:  denied  { start } for auid=n/a uid=0 gid=0 path="/lib/systemd/system/getty@.service" cmdline="/bin/systemctl --no-block start getty@tty2.service getty@tty3.service getty@tty4.service getty@tty5.service getty@tty6.service" scontext=system_u:system_r:kernel_t:s0 tcontext=system_u:object_r:unlabeled_t:s0 tclass=service
[   21.856985]  exe="/lib/systemd/systemd" sauid=0 hostname=? addr=? terminal=?'
[   21.991089] audit: type=1107 audit(1670341682.201:7): pid=1 uid=0 auid=4294967295 ses=4294967295 subj=system_u:system_r:kernel_t:s0 msg='avc:  denied  { status } for auid=n/a uid=0 gid=0 path="/lib/systemd/system/getty@.service" cmdline="/bin/systemctl --no-block start getty@tty2.service getty@tty3.service getty@tty4.service getty@tty5.service getty@tty6.service" scontext=system_u:system_r:kernel_t:s0 tcontext=system_u:object_r:unlabeled_t:s0 tclass=service
[   21.991089]  exe="/lib/systemd/systemd" sauid=0 hostname=? addr=? terminal=?'
[[0;32m  OK  [0m] Started System Logging Service.
[[0;32m  OK  [0m] Started getty on tty2-tty6 if dbus and logind are not available.
[[0;32m  OK  [0m] Listening on Load/Save RF Kill Switch Status /dev/rfkill Watch.
[[0;1;31mFAILED[0m] Failed to start Raise network interfaces.
See 'systemctl status networking.service' for details.
[[0;32m  OK  [0m] Reached target Network.
[[0;32m  OK  [0m] Reached target Network is Online.
         Starting Daily apt download activities...
         Starting Permit User Sessions...
         Starting OpenBSD Secure Shell server...
[[0;32m  OK  [0m] Started Permit User Sessions.
[[0;32m  OK  [0m] Started Serial Getty on ttyS0.
[[0;32m  OK  [0m] Started Getty on tty3.
[[0;32m  OK  [0m] Started Getty on tty2.
[[0;32m  OK  [0m] Started Getty on tty6.
[[0;32m  OK  [0m] Started Getty on tty5.
[[0;32m  OK  [0m] Started Getty on tty4.
[[0;32m  OK  [0m] Started Getty on tty1.
[[0;32m  OK  [0m] Reached target Login Prompts.
[[0;32m  OK  [0m] Started OpenBSD Secure Shell server.
[[0;32m  OK  [0m] Reached target Multi-User System.
[[0;32m  OK  [0m] Reached target Graphical Interface.
         Starting Update UTMP about System Runlevel Changes...
[[0;32m  OK  [0m] Started Update UTMP about System Runlevel Changes.

Debian GNU/Linux 9 syzkaller ttyS0


failed to init instance: failed to create VM: can't ssh into the instance
failed to run ["ssh" "-p" "5597" "-F" "/dev/null" "-o" "UserKnownHostsFile=/dev/null" "-o" "BatchMode=yes" "-o" "IdentitiesOnly=yes" "-o" "StrictHostKeyChecking=no" "-o" "ConnectTimeout=10" "-i" "/home/abel/Documents/workspace/syzkaller/tools/stretch.id_rsa" "root@localhost" "pwd"]: exit status 255
Connection timed out during banner exchange
Connection to 127.0.0.1 port 5597 timed out
[    0.000000] Linux version 6.0.8 (abel@abel-Inspiron-3502) (gcc (Ubuntu 11.3.0-1ubuntu1~22.04) 11.3.0, GNU ld (GNU Binutils for Ubuntu) 2.38) #3 SMP PREEMPT_DYNAMIC Mon Dec 5 23:32:47 CST 2022
[    0.000000] Command line: root=/dev/sda console=ttyS0 
[    0.000000] x86/fpu: Supporting XSAVE feature 0x001: 'x87 floating point registers'
[    0.000000] x86/fpu: Supporting XSAVE feature 0x002: 'SSE registers'
[    0.000000] x86/fpu: Supporting XSAVE feature 0x008: 'MPX bounds registers'
[    0.000000] x86/fpu: Supporting XSAVE feature 0x010: 'MPX CSR'
[    0.000000] x86/fpu: xstate_offset[3]:  576, xstate_sizes[3]:   64
[    0.000000] x86/fpu: xstate_offset[4]:  640, xstate_sizes[4]:   64
[    0.000000] x86/fpu: Enabled xstate features 0x1b, context size is 704 bytes, using 'compacted' format.
[    0.000000] signal: max sigframe size: 2032
[    0.000000] BIOS-provided physical RAM map:
[    0.000000] BIOS-e820: [mem 0x0000000000000000-0x000000000009fbff] usable
[    0.000000] BIOS-e820: [mem 0x000000000009fc00-0x000000000009ffff] reserved
[    0.000000] BIOS-e820: [mem 0x00000000000f0000-0x00000000000fffff] reserved
[    0.000000] BIOS-e820: [mem 0x0000000000100000-0x000000007ffdffff] usable
[    0.000000] BIOS-e820: [mem 0x000000007ffe0000-0x000000007fffffff] reserved
[    0.000000] BIOS-e820: [mem 0x00000000feffc000-0x00000000feffffff] reserved
[    0.000000] BIOS-e820: [mem 0x00000000fffc0000-0x00000000ffffffff] reserved
[    0.000000] NX (Execute Disable) protection: active
[    0.000000] SMBIOS 2.8 present.
[    0.000000] DMI: QEMU Standard PC (i440FX + PIIX, 1996), BIOS 1.15.0-1 04/01/2014
[    0.000000] Hypervisor detected: KVM
[    0.000000] kvm-clock: Using msrs 4b564d01 and 4b564d00
[    0.000007] kvm-clock: using sched offset of 1360592674 cycles
[    0.000025] clocksource: kvm-clock: mask: 0xffffffffffffffff max_cycles: 0x1cd42e4dffb, max_idle_ns: 881590591483 ns
[    0.000053] tsc: Detected 1094.400 MHz processor
[    0.016414] last_pfn = 0x7ffe0 max_arch_pfn = 0x400000000
[    0.016528] x86/PAT: Configuration [0-7]: WB  WC  UC- UC  WB  WP  UC- WT  
[    0.025521] found SMP MP-table at [mem 0x000f5b90-0x000f5b9f]
[    0.025792] Using GB pages for direct mapping
[    0.027551] ACPI: Early table checksum verification disabled
[    0.027600] ACPI: RSDP 0x00000000000F59D0 000014 (v00 BOCHS )
[    0.027654] ACPI: RSDT 0x000000007FFE1967 000034 (v01 BOCHS  BXPC     00000001 BXPC 00000001)
[    0.027714] ACPI: FACP 0x000000007FFE1813 000074 (v01 BOCHS  BXPC     00000001 BXPC 00000001)
[    0.027777] ACPI: DSDT 0x000000007FFE0040 0017D3 (v01 BOCHS  BXPC     00000001 BXPC 00000001)
[    0.027831] ACPI: FACS 0x000000007FFE0000 000040
[    0.027869] ACPI: APIC 0x000000007FFE1887 000080 (v01 BOCHS  BXPC     00000001 BXPC 00000001)
[    0.027921] ACPI: HPET 0x000000007FFE1907 000038 (v01 BOCHS  BXPC     00000001 BXPC 00000001)
[    0.027974] ACPI: WAET 0x000000007FFE193F 000028 (v01 BOCHS  BXPC     00000001 BXPC 00000001)
[    0.028023] ACPI: Reserving FACP table memory at [mem 0x7ffe1813-0x7ffe1886]
[    0.028046] ACPI: Reserving DSDT table memory at [mem 0x7ffe0040-0x7ffe1812]
[    0.028065] ACPI: Reserving FACS table memory at [mem 0x7ffe0000-0x7ffe003f]
[    0.028084] ACPI: Reserving APIC table memory at [mem 0x7ffe1887-0x7ffe1906]
[    0.028103] ACPI: Reserving HPET table memory at [mem 0x7ffe1907-0x7ffe193e]
[    0.028122] ACPI: Reserving WAET table memory at [mem 0x7ffe193f-0x7ffe1966]
[    0.030863] No NUMA configuration found
[    0.030886] Faking a node at [mem 0x0000000000000000-0x000000007ffdffff]
[    0.030929] NODE_DATA(0) allocated [mem 0x7ffdc000-0x7ffdffff]
[    0.031082] Zone ranges:
[    0.031090]   DMA      [mem 0x0000000000001000-0x0000000000ffffff]
[    0.031117]   DMA32    [mem 0x0000000001000000-0x000000007ffdffff]
[    0.031140]   Normal   empty
[    0.031153] Movable zone start for each node
[    0.031160] Early memory node ranges
[    0.031166]   node   0: [mem 0x0000000000001000-0x000000000009efff]
[    0.031186]   node   0: [mem 0x0000000000100000-0x000000007ffdffff]
[    0.031210] Initmem setup node 0 [mem 0x0000000000001000-0x000000007ffdffff]
[    0.032665] On node 0, zone DMA: 1 pages in unavailable ranges
[    0.032975] On node 0, zone DMA: 97 pages in unavailable ranges
[    0.079124] On node 0, zone DMA32: 32 pages in unavailable ranges
[    0.207521] kasan: KernelAddressSanitizer initialized
[    0.208183] ACPI: PM-Timer IO Port: 0x608
[    0.208233] ACPI: LAPIC_NMI (acpi_id[0xff] dfl dfl lint[0x1])
[    0.208332] IOAPIC[0]: apic_id 0, version 17, address 0xfec00000, GSI 0-23
[    0.208369] ACPI: INT_SRC_OVR (bus 0 bus_irq 0 global_irq 2 dfl dfl)
[    0.208394] ACPI: INT_SRC_OVR (bus 0 bus_irq 5 global_irq 5 high level)
[    0.208417] ACPI: INT_SRC_OVR (bus 0 bus_irq 9 global_irq 9 high level)
[    0.208440] ACPI: INT_SRC_OVR (bus 0 bus_irq 10 global_irq 10 high level)
[    0.208463] ACPI: INT_SRC_OVR (bus 0 bus_irq 11 global_irq 11 high level)
[    0.208513] ACPI: Using ACPI (MADT) for SMP configuration information
[    0.208524] ACPI: HPET id: 0x8086a201 base: 0xfed00000
[    0.208553] TSC deadline timer available
[    0.208561] smpboot: Allowing 2 CPUs, 0 hotplug CPUs
[    0.208625] kvm-guest: KVM setup pv remote TLB flush
[    0.208639] kvm-guest: setup PV sched yield
[    0.208720] PM: hibernation: Registered nosave memory: [mem 0x00000000-0x00000fff]
[    0.208747] PM: hibernation: Registered nosave memory: [mem 0x0009f000-0x0009ffff]
[    0.208764] PM: hibernation: Registered nosave memory: [mem 0x000a0000-0x000effff]
[    0.208780] PM: hibernation: Registered nosave memory: [mem 0x000f0000-0x000fffff]
[    0.208800] [mem 0x80000000-0xfeffbfff] available for PCI devices
[    0.208816] Booting paravirtualized kernel on KVM
[    0.208830] clocksource: refined-jiffies: mask: 0xffffffff max_cycles: 0xffffffff, max_idle_ns: 1910969940391419 ns
[    0.254487] setup_percpu: NR_CPUS:64 nr_cpumask_bits:64 nr_cpu_ids:2 nr_node_ids:1
[    0.256851] percpu: Embedded 65 pages/cpu s225704 r8192 d32344 u1048576
[    0.257269] Fallback order for Node 0: 0 
[    0.257302] Built 1 zonelists, mobility grouping on.  Total pages: 515808
[    0.257322] Policy zone: DMA32
[    0.257334] Kernel command line: root=/dev/sda console=ttyS0 
[    0.271209] Dentry cache hash table entries: 262144 (order: 9, 2097152 bytes, linear)
[    0.271595] Inode-cache hash table entries: 131072 (order: 8, 1048576 bytes, linear)
[    0.271796] mem auto-init: stack:off, heap alloc:off, heap free:off
[    0.278957] stackdepot hash table entries: 1048576 (order: 11, 8388608 bytes, linear)
[    0.530964] Memory: 1694424K/2096632K available (49165K kernel code, 8082K rwdata, 9132K rodata, 2192K init, 2504K bss, 401952K reserved, 0K cma-reserved)
[    0.531564] SLUB: HWalign=64, Order=0-3, MinObjects=0, CPUs=2, Nodes=1
[    0.542860] Dynamic Preempt: voluntary
[    0.543232] rcu: Preemptible hierarchical RCU implementation.
[    0.543245] rcu: 	RCU event tracing is enabled.
[    0.543252] rcu: 	RCU restricting CPUs from NR_CPUS=64 to nr_cpu_ids=2.
[    0.543272] 	Trampoline variant of Tasks RCU enabled.
[    0.543280] rcu: RCU calculated value of scheduler-enlistment delay is 100 jiffies.
[    0.543293] rcu: Adjusting geometry for rcu_fanout_leaf=16, nr_cpu_ids=2
[    0.612911] NR_IRQS: 4352, nr_irqs: 440, preallocated irqs: 16
[    0.615849] rcu: srcu_init: Setting srcu_struct sizes based on contention.
[    0.616009] random: crng init done
[    0.641986] Console: colour VGA+ 80x25
[    1.052350] printk: console [ttyS0] enabled
[    1.056000] ACPI: Core revision 20220331
[    1.060138] clocksource: hpet: mask: 0xffffffff max_cycles: 0xffffffff, max_idle_ns: 19112604467 ns
[    1.067772] APIC: Switch to symmetric I/O mode setup
[    1.070677] kvm-guest: setup PV IPIs
[    1.078253] ..TIMER: vector=0x30 apic1=0 pin1=2 apic2=-1 pin2=-1
[    1.083651] clocksource: tsc-early: mask: 0xffffffffffffffff max_cycles: 0xfc66f4fc7c, max_idle_ns: 440795224246 ns
[    1.090428] Calibrating delay loop (skipped) preset value.. 2188.80 BogoMIPS (lpj=1094400)
[    1.091427] pid_max: default: 32768 minimum: 301
[    1.092660] LSM: Security Framework initializing
[    1.093537] SELinux:  Initializing.
[    1.095754] Mount-cache hash table entries: 4096 (order: 3, 32768 bytes, linear)
[    1.096439] Mountpoint-cache hash table entries: 4096 (order: 3, 32768 bytes, linear)
[    1.100524] x86/cpu: User Mode Instruction Prevention (UMIP) activated
[    1.102410] Last level iTLB entries: 4KB 0, 2MB 0, 4MB 0
[    1.104420] Last level dTLB entries: 4KB 0, 2MB 0, 4MB 0, 1GB 0
[    1.105466] Spectre V1 : Mitigation: usercopy/swapgs barriers and __user pointer sanitization
[    1.106438] Spectre V2 : Mitigation: Enhanced IBRS
[    1.107425] Spectre V2 : Spectre v2 / SpectreRSB mitigation: Filling RSB on context switch
[    1.108444] Spectre V2 : mitigation: Enabling conditional Indirect Branch Prediction Barrier
[    1.109432] Speculative Store Bypass: Mitigation: Speculative Store Bypass disabled via prctl
[    1.260085] Freeing SMP alternatives memory: 44K
[    1.260856] smpboot: CPU0: Intel(R) Pentium(R) Silver N5030 CPU @ 1.10GHz (family: 0x6, model: 0x7a, stepping: 0x8)
[    1.262257] cblist_init_generic: Setting adjustable number of callback queues.
[    1.262424] cblist_init_generic: Setting shift to 1 and lim to 1.
[    1.263605] Performance Events: Goldmont plus events, 32-deep LBR, full-width counters, Intel PMU driver.
[    1.264435] ... version:                2
[    1.265425] ... bit width:              48
[    1.266423] ... generic registers:      4
[    1.267424] ... value mask:             0000ffffffffffff
[    1.268424] ... max period:             00007fffffffffff
[    1.269425] ... fixed-purpose events:   3
[    1.270432] ... event mask:             000000070000000f
[    1.271757] unchecked MSR access error: WRMSR to 0xdc0 (tried to write 0x0000000000000000) at rIP: 0xffffffffb8040914 (intel_pmu_lbr_reset_64+0x1a4/0x270)
[    1.272432] Call Trace:
[    1.273288]  <TASK>
[    1.273426]  intel_pmu_lbr_reset+0xb5/0x1f0
[    1.274424]  ? init_debug_store_on_cpu+0x16/0xa0
[    1.275423]  intel_pmu_cpu_starting+0xbf/0x10d0
[    1.276438]  ? __kasan_kmalloc+0x81/0xa0
[    1.277421]  ? adl_update_topdown_event+0x100/0x100
[    1.278421]  x86_pmu_starting_cpu+0x1e/0x30
[    1.279422]  ? x86_pmu_dead_cpu+0x30/0x30
[    1.280420]  cpuhp_invoke_callback+0x54f/0x1020
[    1.281436]  ? __mutex_unlock_slowpath.constprop.0+0x2a0/0x2a0
[    1.282425]  ? perf_guest_get_msrs+0x17/0x20
[    1.283421]  cpuhp_issue_call+0x615/0x830
[    1.284422]  ? pmu_name_show+0x30/0x30
[    1.285421]  __cpuhp_setup_state_cpuslocked+0x314/0x7f0
[    1.286435]  ? x86_pmu_prepare_cpu+0x23/0xe0
[    1.287490]  ? x86_pmu_starting_cpu+0x30/0x30
[    1.288485]  ? x86_pmu_dead_cpu+0x30/0x30
[    1.289429]  ? x86_pmu_starting_cpu+0x30/0x30
[    1.290430]  __cpuhp_setup_state+0xa1/0x170
[    1.291431]  ? map_vsyscall+0xda/0xda
[    1.292435]  init_hw_perf_events+0x5b0/0x9bd
[    1.293429]  ? do_one_initcall+0x9e/0x3c0
[    1.294435]  ? map_vsyscall+0xda/0xda
[    1.295432]  do_one_initcall+0xa1/0x3c0
[    1.296437]  ? trace_event_raw_event_initcall_level+0x210/0x210
[    1.297434]  ? push_cpu_stop+0x7f0/0x7f0
[    1.298432]  ? _raw_spin_unlock_irqrestore+0x3d/0x80
[    1.299433]  ? _raw_spin_unlock+0x34/0x70
[    1.300433]  ? cblist_init_generic.constprop.0+0x315/0x440
[    1.301435]  kernel_init_freeable+0x324/0x593
[    1.302433]  ? finish_task_switch.isra.0+0x16e/0x6c0
[    1.303427]  ? rest_init+0x140/0x140
[    1.304423]  kernel_init+0x1a/0x1e0
[    1.305435]  ? rest_init+0x140/0x140
[    1.306429]  ret_from_fork+0x1f/0x30
[    1.307436]  </TASK>
[    1.308914] rcu: Hierarchical SRCU implementation.
[    1.309433] rcu: 	Max phase no-delay instances is 400.
[    1.314065] smp: Bringing up secondary CPUs ...
[    1.315054] x86: Booting SMP configuration:
[    1.315424] .... node  #0, CPUs:      #1
[    1.323551] smp: Brought up 1 node, 2 CPUs
[    1.325428] smpboot: Max logical packages: 1
[    1.326456] smpboot: Total of 2 processors activated (4377.60 BogoMIPS)
[    1.333429] devtmpfs: initialized
[    1.342496] clocksource: jiffies: mask: 0xffffffff max_cycles: 0xffffffff, max_idle_ns: 1911260446275000 ns
[    1.343456] futex hash table entries: 512 (order: 3, 32768 bytes, linear)
[    1.345193] PM: RTC time: 15:47:43, date: 2022-12-06
[    1.346379] NET: Registered PF_NETLINK/PF_ROUTE protocol family
[    1.347914] audit: initializing netlink subsys (disabled)
[    1.349530] audit: type=2000 audit(1670341662.304:1): state=initialized audit_enabled=0 res=1
[    1.350751] thermal_sys: Registered thermal governor 'step_wise'
[    1.351422] thermal_sys: Registered thermal governor 'user_space'
[    1.353503] cpuidle: using governor menu
[    1.356660] PCI: Using configuration type 1 for base access
[    1.420927] kprobes: kprobe jump-optimization is enabled. All kprobes are optimized if possible.
[    1.424018] HugeTLB: registered 2.00 MiB page size, pre-allocated 0 pages
[    1.424794] HugeTLB: 28 KiB vmemmap can be freed for a 2.00 MiB page
[    1.426932] ACPI: Added _OSI(Module Device)
[    1.427470] ACPI: Added _OSI(Processor Device)
[    1.428438] ACPI: Added _OSI(3.0 _SCP Extensions)
[    1.429442] ACPI: Added _OSI(Processor Aggregator Device)
[    1.430686] ACPI: Added _OSI(Linux-Dell-Video)
[    1.431449] ACPI: Added _OSI(Linux-Lenovo-NV-HDMI-Audio)
[    1.432459] ACPI: Added _OSI(Linux-HPI-Hybrid-Graphics)
[    1.488542] ACPI: 1 ACPI AML tables successfully acquired and loaded
[    1.503001] ACPI: Interpreter enabled
[    1.503692] ACPI: PM: (supports S0 S3 S4 S5)
[    1.504434] ACPI: Using IOAPIC for interrupt routing
[    1.505641] PCI: Using host bridge windows from ACPI; if necessary, use "pci=nocrs" and report a bug
[    1.506434] PCI: Using E820 reservations for host bridge windows
[    1.510115] ACPI: Enabled 2 GPEs in block 00 to 0F
[    1.611297] ACPI: PCI Root Bridge [PCI0] (domain 0000 [bus 00-ff])
[    1.611505] acpi PNP0A03:00: _OSC: OS supports [ASPM ClockPM Segments MSI HPX-Type3]
[    1.612482] acpi PNP0A03:00: _OSC: not requesting OS control; OS requires [ExtendedConfig ASPM ClockPM MSI]
[    1.613798] acpi PNP0A03:00: fail to add MMCONFIG information, can't access extended PCI configuration space under this bridge.
[    1.615945] PCI host bridge to bus 0000:00
[    1.616460] pci_bus 0000:00: root bus resource [io  0x0000-0x0cf7 window]
[    1.617461] pci_bus 0000:00: root bus resource [io  0x0d00-0xffff window]
[    1.618455] pci_bus 0000:00: root bus resource [mem 0x000a0000-0x000bffff window]
[    1.619449] pci_bus 0000:00: root bus resource [mem 0x80000000-0xfebfffff window]
[    1.620462] pci_bus 0000:00: root bus resource [mem 0x100000000-0x17fffffff window]
[    1.621465] pci_bus 0000:00: root bus resource [bus 00-ff]
[    1.622754] pci 0000:00:00.0: [8086:1237] type 00 class 0x060000
[    1.649384] pci 0000:00:01.0: [8086:7000] type 00 class 0x060100
[    1.654532] pci 0000:00:01.1: [8086:7010] type 00 class 0x010180
[    1.659426] pci 0000:00:01.1: reg 0x20: [io  0xc060-0xc06f]
[    1.662156] pci 0000:00:01.1: legacy IDE quirk: reg 0x10: [io  0x01f0-0x01f7]
[    1.662483] pci 0000:00:01.1: legacy IDE quirk: reg 0x14: [io  0x03f6]
[    1.663435] pci 0000:00:01.1: legacy IDE quirk: reg 0x18: [io  0x0170-0x0177]
[    1.664441] pci 0000:00:01.1: legacy IDE quirk: reg 0x1c: [io  0x0376]
[    1.666425] pci 0000:00:01.3: [8086:7113] type 00 class 0x068000
[    1.668395] pci 0000:00:01.3: quirk: [io  0x0600-0x063f] claimed by PIIX4 ACPI
[    1.669487] pci 0000:00:01.3: quirk: [io  0x0700-0x070f] claimed by PIIX4 SMB
[    1.671666] pci 0000:00:02.0: [1234:1111] type 00 class 0x030000
[    1.674237] pci 0000:00:02.0: reg 0x10: [mem 0xfd000000-0xfdffffff pref]
[    1.677465] pci 0000:00:02.0: reg 0x18: [mem 0xfebb0000-0xfebb0fff]
[    1.684443] pci 0000:00:02.0: reg 0x30: [mem 0xfeba0000-0xfebaffff pref]
[    1.685676] pci 0000:00:02.0: Video device with shadowed ROM at [mem 0x000c0000-0x000dffff]
[    1.712617] pci 0000:00:03.0: [1af4:1005] type 00 class 0x00ff00
[    1.715428] pci 0000:00:03.0: reg 0x10: [io  0xc040-0xc05f]
[    1.721382] pci 0000:00:03.0: reg 0x20: [mem 0xfe000000-0xfe003fff 64bit pref]
[    1.749916] pci 0000:00:04.0: [8086:100e] type 00 class 0x020000
[    1.752436] pci 0000:00:04.0: reg 0x10: [mem 0xfeb80000-0xfeb9ffff]
[    1.755431] pci 0000:00:04.0: reg 0x14: [io  0xc000-0xc03f]
[    1.764429] pci 0000:00:04.0: reg 0x30: [mem 0xfeb00000-0xfeb7ffff pref]
[    1.803700] ACPI: PCI: Interrupt link LNKA configured for IRQ 10
[    1.807533] ACPI: PCI: Interrupt link LNKB configured for IRQ 10
[    1.812577] ACPI: PCI: Interrupt link LNKC configured for IRQ 11
[    1.816138] ACPI: PCI: Interrupt link LNKD configured for IRQ 11
[    1.817626] ACPI: PCI: Interrupt link LNKS configured for IRQ 9
[    1.823495] iommu: Default domain type: Translated 
[    1.824430] iommu: DMA domain TLB invalidation policy: lazy mode 
[    1.826616] SCSI subsystem initialized
[    1.828247] ACPI: bus type USB registered
[    1.828770] usbcore: registered new interface driver usbfs
[    1.829563] usbcore: registered new interface driver hub
[    1.830606] usbcore: registered new device driver usb
[    1.831736] pps_core: LinuxPPS API ver. 1 registered
[    1.832423] pps_core: Software ver. 5.3.6 - Copyright 2005-2007 Rodolfo Giometti <giometti@linux.it>
[    1.833533] PTP clock support registered
[    1.835212] Advanced Linux Sound Architecture Driver Initialized.
[    1.837268] NetLabel: Initializing
[    1.837433] NetLabel:  domain hash size = 128
[    1.838432] NetLabel:  protocols = UNLABELED CIPSOv4 CALIPSO
[    1.839710] NetLabel:  unlabeled traffic allowed by default
[    1.840871] PCI: Using ACPI for IRQ routing
[    1.842102] pci 0000:00:02.0: vgaarb: setting as boot VGA device
[    1.842410] pci 0000:00:02.0: vgaarb: bridge control possible
[    1.842410] pci 0000:00:02.0: vgaarb: VGA device added: decodes=io+mem,owns=io+mem,locks=none
[    1.842433] vgaarb: loaded
[    1.843641] hpet0: at MMIO 0xfed00000, IRQs 2, 8, 0
[    1.844432] hpet0: 3 comparators, 64-bit 100.000000 MHz counter
[    4.821823] clocksource: Switched to clocksource kvm-clock
[    4.824588] VFS: Disk quotas dquot_6.6.0
[    4.826590] VFS: Dquot-cache hash table entries: 512 (order 0, 4096 bytes)
[    4.829502] pnp: PnP ACPI init
[    4.856060] pnp: PnP ACPI: found 6 devices
[    4.924624] clocksource: acpi_pm: mask: 0xffffff max_cycles: 0xffffff, max_idle_ns: 2085701024 ns
[    4.927951] NET: Registered PF_INET protocol family
[    4.929844] IP idents hash table entries: 32768 (order: 6, 262144 bytes, linear)
[    4.939998] tcp_listen_portaddr_hash hash table entries: 1024 (order: 2, 16384 bytes, linear)
[    4.943061] Table-perturb hash table entries: 65536 (order: 6, 262144 bytes, linear)
[    4.945664] TCP established hash table entries: 16384 (order: 5, 131072 bytes, linear)
[    4.960728] TCP bind hash table entries: 16384 (order: 6, 262144 bytes, linear)
[    4.975941] TCP: Hash tables configured (established 16384 bind 16384)
[    4.978520] UDP hash table entries: 1024 (order: 3, 32768 bytes, linear)
[    4.980929] UDP-Lite hash table entries: 1024 (order: 3, 32768 bytes, linear)
[    4.986479] NET: Registered PF_UNIX/PF_LOCAL protocol family
[    4.989121] RPC: Registered named UNIX socket transport module.
[    4.991050] RPC: Registered udp transport module.
[    5.004309] RPC: Registered tcp transport module.
[    5.006993] RPC: Registered tcp NFSv4.1 backchannel transport module.
[    5.012394] pci_bus 0000:00: resource 4 [io  0x0000-0x0cf7 window]
[    5.015916] pci_bus 0000:00: resource 5 [io  0x0d00-0xffff window]
[    5.030679] pci_bus 0000:00: resource 6 [mem 0x000a0000-0x000bffff window]
[    5.034381] pci_bus 0000:00: resource 7 [mem 0x80000000-0xfebfffff window]
[    5.038081] pci_bus 0000:00: resource 8 [mem 0x100000000-0x17fffffff window]
[    5.042790] pci 0000:00:01.0: PIIX3: Enabling Passive Release
[    5.056435] pci 0000:00:00.0: quirk_passive_release+0x0/0xf0 took 13350 usecs
[    5.059145] pci 0000:00:00.0: Limiting direct PCI/PCI transfers
[    5.062393] PCI: CLS 0 bytes, default 64
[    5.064698] RAPL PMU: API unit is 2^-32 Joules, 0 fixed counters, 10737418240 ms ovfl timer
[    5.070703] clocksource: tsc: mask: 0xffffffffffffffff max_cycles: 0xfc66f4fc7c, max_idle_ns: 440795224246 ns
[    5.080015] clocksource: Switched to clocksource tsc
[    5.452678] Initialise system trusted keyrings
[    5.455965] workingset: timestamp_bits=56 max_order=19 bucket_order=0
[    5.554639] NFS: Registering the id_resolver key type
[    5.556467] Key type id_resolver registered
[    5.557880] Key type id_legacy registered
[    5.567369] 9p: Installing v9fs 9p2000 file system support
[    5.605497] Key type asymmetric registered
[    5.606879] Asymmetric key parser 'x509' registered
[    5.628811] Block layer SCSI generic (bsg) driver version 0.4 loaded (major 251)
[    5.631327] io scheduler mq-deadline registered
[    5.632865] io scheduler kyber registered
[    5.653920] input: Power Button as /devices/LNXSYSTM:00/LNXPWRBN:00/input/input0
[    5.657148] ACPI: button: Power Button [PWRF]
[    9.947805] ACPI: \_SB_.LNKC: Enabled at IRQ 11
[    9.962060] Serial: 8250/16550 driver, 4 ports, IRQ sharing enabled
[    9.965459] 00:04: ttyS0 at I/O 0x3f8 (irq = 4, base_baud = 115200) is a 16550A
[    9.983363] Non-volatile memory driver v1.3
[    9.990910] Linux agpgart interface v0.103
[    9.993484] ACPI: bus type drm_connector registered
[   10.052135] loop: module loaded
[   10.084044] scsi host0: ata_piix
[   10.091716] scsi host1: ata_piix
[   10.094475] ata1: PATA max MWDMA2 cmd 0x1f0 ctl 0x3f6 bmdma 0xc060 irq 14
[   10.107574] ata2: PATA max MWDMA2 cmd 0x170 ctl 0x376 bmdma 0xc068 irq 15
[   10.121759] e100: Intel(R) PRO/100 Network Driver
[   10.135685] e100: Copyright(c) 1999-2006 Intel Corporation
[   10.138305] e1000: Intel(R) PRO/1000 Network Driver
[   10.140312] e1000: Copyright (c) 1999-2006 Intel Corporation.
[   10.276790] ata2: found unknown device (class 0)
[   10.279343] ata2.00: ATAPI: QEMU DVD-ROM, 2.5+, max UDMA/100
[   10.283100] ata1: found unknown device (class 0)
[   10.323763] ata1.00: ATA-7: QEMU HARDDISK, 2.5+, max UDMA/100
[   10.326459] ata1.00: 4194304 sectors, multi 16: LBA48 
[   10.343501] scsi 0:0:0:0: Direct-Access     ATA      QEMU HARDDISK    2.5+ PQ: 0 ANSI: 5
[   10.349378] sd 0:0:0:0: [sda] 4194304 512-byte logical blocks: (2.15 GB/2.00 GiB)
[   10.362800] sd 0:0:0:0: Attached scsi generic sg0 type 0
[   10.378433] sd 0:0:0:0: [sda] Write Protect is off
[   10.381658] sd 0:0:0:0: [sda] Write cache: enabled, read cache: enabled, doesn't support DPO or FUA
[   10.388510] sd 0:0:0:0: [sda] Preferred minimum I/O size 512 bytes
[   10.403296] scsi 1:0:0:0: CD-ROM            QEMU     QEMU DVD-ROM     2.5+ PQ: 0 ANSI: 5
[   10.417059] sd 0:0:0:0: [sda] Attached SCSI disk
[   10.472662] sr 1:0:0:0: [sr0] scsi3-mmc drive: 4x/4x cd/rw xa/form2 tray
[   10.474982] cdrom: Uniform CD-ROM driver Revision: 3.20
[   10.499573] sr 1:0:0:0: Attached scsi generic sg1 type 5
[   13.871118] ACPI: \_SB_.LNKD: Enabled at IRQ 10
[   14.526534] e1000 0000:00:04.0 eth0: (PCI:33MHz:32-bit) 52:54:00:12:34:56
[   14.530717] e1000 0000:00:04.0 eth0: Intel(R) PRO/1000 Network Connection
[   14.540336] e1000e: Intel(R) PRO/1000 Network Driver
[   14.542508] e1000e: Copyright(c) 1999 - 2015 Intel Corporation.
[   14.557496] sky2: driver version 1.30
[   14.560691] ehci_hcd: USB 2.0 'Enhanced' Host Controller (EHCI) Driver
[   14.562794] ehci-pci: EHCI PCI platform driver
[   14.564560] ohci_hcd: USB 1.1 'Open' Host Controller (OHCI) Driver
[   14.566598] ohci-pci: OHCI PCI platform driver
[   14.568243] uhci_hcd: USB Universal Host Controller Interface driver
[   14.571060] usbcore: registered new interface driver usblp
[   14.581858] usbcore: registered new interface driver usb-storage
[   14.586221] i8042: PNP: PS/2 Controller [PNP0303:KBD,PNP0f13:MOU] at 0x60,0x64 irq 1,12
[   14.592849] serio: i8042 KBD port at 0x60,0x64 irq 1
[   14.595922] serio: i8042 AUX port at 0x60,0x64 irq 12
[   14.600983] rtc_cmos 00:05: RTC can wake from S4
[   14.601809] input: AT Translated Set 2 keyboard as /devices/platform/i8042/serio0/input/input1
[   14.606079] rtc_cmos 00:05: registered as rtc0
[   14.611795] rtc_cmos 00:05: alarms up to one day, y3k, 242 bytes nvram, hpet irqs
[   14.617296] device-mapper: ioctl: 4.47.0-ioctl (2022-07-28) initialised: dm-devel@redhat.com
[   14.624143] intel_pstate: CPU model not supported
[   14.628167] hid: raw HID events driver (C) Jiri Kosina
[   14.636715] usbcore: registered new interface driver usbhid
[   14.641898] usbhid: USB HID core driver
[   14.654855] Initializing XFRM netlink socket
[   14.660659] NET: Registered PF_INET6 protocol family
[   14.670103] Segment Routing with IPv6
[   14.677209] In-situ OAM (IOAM) with IPv6
[   14.680216] sit: IPv6, IPv4 and MPLS over IPv4 tunneling driver
[   14.693602] NET: Registered PF_PACKET protocol family
[   14.697062] 9pnet: Installing 9P2000 support
[   14.702274] Key type dns_resolver registered
[   14.707539] IPI shorthand broadcast: enabled
[   14.713326] sched_clock: Marking stable (14243537682, 469520147)->(19415973818, -4702915989)
[   14.721285] registered taskstats version 1
[   14.724947] Loading compiled-in X.509 certificates
[   14.732138] cryptomgr_test (52) used greatest stack depth: 30720 bytes left
[   14.745437] cryptomgr_test (73) used greatest stack depth: 30320 bytes left
[   14.753354] PM:   Magic number: 2:315:790
[   14.762350] printk: console [netcon0] enabled
[   14.777567] netconsole: network logging started
[   14.781750] cfg80211: Loading compiled-in X.509 certificates for regulatory database
[   14.788003] kworker/u4:0 (74) used greatest stack depth: 29072 bytes left
[   14.803612] cfg80211: Loaded X.509 cert 'sforshee: 00b28ddf47aef9cea7'
[   14.807649] platform regulatory.0: Direct firmware load for regulatory.db failed with error -2
[   14.808120] ALSA device list:
[   14.812403] cfg80211: failed to load regulatory.db
[   14.818634]   No soundcards found.
[   15.425879] input: ImExPS/2 Generic Explorer Mouse as /devices/platform/i8042/serio1/input/input3
[   15.435754] md: Waiting for all devices to be available before autodetect
[   15.437040] md: If you don't use raid, use raid=noautodetect
[   15.438799] md: Autodetecting RAID arrays.
[   15.446876] md: autorun ...
[   15.453844] md: ... autorun DONE.
[   15.474216] EXT4-fs (sda): INFO: recovery required on readonly filesystem
[   15.476384] EXT4-fs (sda): write access will be enabled during recovery
[   15.581488] EXT4-fs (sda): recovery complete
[   15.584606] EXT4-fs (sda): mounted filesystem with ordered data mode. Quota mode: none.
[   15.586853] VFS: Mounted root (ext4 filesystem) readonly on device 8:0.
[   15.599394] devtmpfs: mounted
[   15.602385] Freeing unused kernel image (initmem) memory: 2192K
[   15.603941] Write protecting the kernel read-only data: 61440k
[   15.608899] Freeing unused kernel image (text/rodata gap) memory: 2032K
[   15.624290] Freeing unused kernel image (rodata/data gap) memory: 1108K
[   15.626111] Run /sbin/init as init process
[   17.688210] SELinux:  Permission getrlimit in class process not defined in policy.
[   17.698675] SELinux:  Class process2 not defined in policy.
[   17.700672] SELinux:  Permission watch in class filesystem not defined in policy.
[   17.705026] SELinux:  Permission map in class file not defined in policy.
[   17.717222] SELinux:  Permission watch in class file not defined in policy.
[   17.719939] SELinux:  Permission watch_mount in class file not defined in policy.
[   17.723849] SELinux:  Permission watch_sb in class file not defined in policy.
[   17.726385] SELinux:  Permission watch_with_perm in class file not defined in policy.
[   17.731057] SELinux:  Permission watch_reads in class file not defined in policy.
[   17.742668] SELinux:  Permission map in class dir not defined in policy.
[   17.745028] SELinux:  Permission watch in class dir not defined in policy.
[   17.747291] SELinux:  Permission watch_mount in class dir not defined in policy.
[   17.749650] SELinux:  Permission watch_sb in class dir not defined in policy.
[   17.763129] SELinux:  Permission watch_with_perm in class dir not defined in policy.
[   17.765926] SELinux:  Permission watch_reads in class dir not defined in policy.
[   17.768479] SELinux:  Permission map in class lnk_file not defined in policy.
[   17.770643] SELinux:  Permission watch in class lnk_file not defined in policy.
[   17.773006] SELinux:  Permission watch_mount in class lnk_file not defined in policy.
[   17.775475] SELinux:  Permission watch_sb in class lnk_file not defined in policy.
[   17.783262] SELinux:  Permission watch_with_perm in class lnk_file not defined in policy.
[   17.785497] SELinux:  Permission watch_reads in class lnk_file not defined in policy.
[   17.787488] SELinux:  Permission map in class chr_file not defined in policy.
[   17.803441] SELinux:  Permission watch in class chr_file not defined in policy.
[   17.805547] SELinux:  Permission watch_mount in class chr_file not defined in policy.
[   17.807814] SELinux:  Permission watch_sb in class chr_file not defined in policy.
[   17.810044] SELinux:  Permission watch_with_perm in class chr_file not defined in policy.
[   17.812387] SELinux:  Permission watch_reads in class chr_file not defined in policy.
[   17.815372] SELinux:  Permission map in class blk_file not defined in policy.
[   17.826528] SELinux:  Permission watch in class blk_file not defined in policy.
[   17.829038] SELinux:  Permission watch_mount in class blk_file not defined in policy.
[   17.831825] SELinux:  Permission watch_sb in class blk_file not defined in policy.
[   17.834499] SELinux:  Permission watch_with_perm in class blk_file not defined in policy.
[   17.841315] SELinux:  Permission watch_reads in class blk_file not defined in policy.
[   17.843913] SELinux:  Permission map in class sock_file not defined in policy.
[   17.848304] SELinux:  Permission watch in class sock_file not defined in policy.
[   17.852776] SELinux:  Permission watch_mount in class sock_file not defined in policy.
[   17.859123] SELinux:  Permission watch_sb in class sock_file not defined in policy.
[   17.871544] SELinux:  Permission watch_with_perm in class sock_file not defined in policy.
[   17.874486] SELinux:  Permission watch_reads in class sock_file not defined in policy.
[   17.877238] SELinux:  Permission map in class fifo_file not defined in policy.
[   17.879784] SELinux:  Permission watch in class fifo_file not defined in policy.
[   17.882603] SELinux:  Permission watch_mount in class fifo_file not defined in policy.
[   17.887626] SELinux:  Permission watch_sb in class fifo_file not defined in policy.
[   17.900121] SELinux:  Permission watch_with_perm in class fifo_file not defined in policy.
[   17.903942] SELinux:  Permission watch_reads in class fifo_file not defined in policy.
[   17.906988] SELinux:  Permission map in class socket not defined in policy.
[   17.909433] SELinux:  Permission map in class tcp_socket not defined in policy.
[   17.923984] SELinux:  Permission map in class udp_socket not defined in policy.
[   17.926558] SELinux:  Permission map in class rawip_socket not defined in policy.
[   17.929210] SELinux:  Permission map in class netlink_socket not defined in policy.
[   17.931894] SELinux:  Permission map in class packet_socket not defined in policy.
[   17.934365] SELinux:  Permission map in class key_socket not defined in policy.
[   17.936882] SELinux:  Permission map in class unix_stream_socket not defined in policy.
[   17.942638] SELinux:  Permission map in class unix_dgram_socket not defined in policy.
[   17.948056] SELinux:  Permission map in class netlink_route_socket not defined in policy.
[   17.957670] SELinux:  Permission map in class netlink_tcpdiag_socket not defined in policy.
[   17.963991] SELinux:  Permission map in class netlink_nflog_socket not defined in policy.
[   17.972190] SELinux:  Permission map in class netlink_xfrm_socket not defined in policy.
[   17.988816] SELinux:  Permission map in class netlink_selinux_socket not defined in policy.
[   17.993222] SELinux:  Permission map in class netlink_iscsi_socket not defined in policy.
[   17.997565] SELinux:  Permission map in class netlink_audit_socket not defined in policy.
[   18.001994] SELinux:  Permission map in class netlink_fib_lookup_socket not defined in policy.
[   18.006637] SELinux:  Permission map in class netlink_connector_socket not defined in policy.
[   18.012963] SELinux:  Permission map in class netlink_netfilter_socket not defined in policy.
[   18.019575] SELinux:  Permission map in class netlink_dnrt_socket not defined in policy.
[   18.030665] SELinux:  Permission map in class netlink_kobject_uevent_socket not defined in policy.
[   18.034769] SELinux:  Permission map in class netlink_generic_socket not defined in policy.
[   18.038035] SELinux:  Permission map in class netlink_scsitransport_socket not defined in policy.
[   18.044753] SELinux:  Permission map in class netlink_rdma_socket not defined in policy.
[   18.051693] SELinux:  Permission map in class netlink_crypto_socket not defined in policy.
[   18.058264] SELinux:  Permission map in class appletalk_socket not defined in policy.
[   18.065040] SELinux:  Permission map in class dccp_socket not defined in policy.
[   18.071872] SELinux:  Permission perfmon in class capability2 not defined in policy.
[   18.076607] SELinux:  Permission bpf in class capability2 not defined in policy.
[   18.081131] SELinux:  Permission checkpoint_restore in class capability2 not defined in policy.
[   18.088614] SELinux:  Permission map in class tun_socket not defined in policy.
[   18.094996] SELinux:  Permission perfmon in class cap2_userns not defined in policy.
[   18.100486] SELinux:  Permission bpf in class cap2_userns not defined in policy.
[   18.104240] SELinux:  Permission checkpoint_restore in class cap2_userns not defined in policy.
[   18.114817] SELinux:  Class sctp_socket not defined in policy.
[   18.119292] SELinux:  Class icmp_socket not defined in policy.
[   18.123999] SELinux:  Class ax25_socket not defined in policy.
[   18.131872] SELinux:  Class ipx_socket not defined in policy.
[   18.136595] SELinux:  Class netrom_socket not defined in policy.
[   18.142143] SELinux:  Class atmpvc_socket not defined in policy.
[   18.147851] SELinux:  Class x25_socket not defined in policy.
[   18.152609] SELinux:  Class rose_socket not defined in policy.
[   18.157547] SELinux:  Class decnet_socket not defined in policy.
[   18.162955] SELinux:  Class atmsvc_socket not defined in policy.
[   18.167879] SELinux:  Class rds_socket not defined in policy.
[   18.173249] SELinux:  Class irda_socket not defined in policy.
[   18.178577] SELinux:  Class pppox_socket not defined in policy.
[   18.183268] SELinux:  Class llc_socket not defined in policy.
[   18.188669] SELinux:  Class can_socket not defined in policy.
[   18.194502] SELinux:  Class tipc_socket not defined in policy.
[   18.200106] SELinux:  Class bluetooth_socket not defined in policy.
[   18.205036] SELinux:  Class iucv_socket not defined in policy.
[   18.209591] SELinux:  Class rxrpc_socket not defined in policy.
[   18.213392] SELinux:  Class isdn_socket not defined in policy.
[   18.217602] SELinux:  Class phonet_socket not defined in policy.
[   18.230937] SELinux:  Class ieee802154_socket not defined in policy.
[   18.239153] SELinux:  Class caif_socket not defined in policy.
[   18.240710] SELinux:  Class alg_socket not defined in policy.
[   18.242282] SELinux:  Class nfc_socket not defined in policy.
[   18.243821] SELinux:  Class vsock_socket not defined in policy.
[   18.255178] SELinux:  Class kcm_socket not defined in policy.
[   18.258104] SELinux:  Class qipcrtr_socket not defined in policy.
[   18.261086] SELinux:  Class smc_socket not defined in policy.
[   18.263898] SELinux:  Class infiniband_pkey not defined in policy.
[   18.266866] SELinux:  Class infiniband_endport not defined in policy.
[   18.269987] SELinux:  Class bpf not defined in policy.
[   18.285084] SELinux:  Class xdp_socket not defined in policy.
[   18.287911] SELinux:  Class mctp_socket not defined in policy.
[   18.290706] SELinux:  Class perf_event not defined in policy.
[   18.293495] SELinux:  Class anon_inode not defined in policy.
[   18.296345] SELinux:  Class io_uring not defined in policy.
[   18.299119] SELinux: the above unknown classes and permissions will be allowed
[   18.361673] SELinux:  policy capability network_peer_controls=1
[   18.375301] SELinux:  policy capability open_perms=1
[   18.376666] SELinux:  policy capability extended_socket_class=0
[   18.378223] SELinux:  policy capability always_check_network=0
[   18.379724] SELinux:  policy capability cgroup_seclabel=0
[   18.381147] SELinux:  policy capability nnp_nosuid_transition=0
[   18.382622] SELinux:  policy capability genfs_seclabel_symlinks=0
[   18.384214] SELinux:  policy capability ioctl_skip_cloexec=0
[   18.524730] audit: type=1403 audit(1670341679.479:2): auid=4294967295 ses=4294967295 lsm=selinux res=1
[   18.539475] systemd[1]: Successfully loaded SELinux policy in 2.690196s.
[   18.601155] audit: type=1400 audit(1670341679.555:3): avc:  denied  { associate } for  pid=1 comm="systemd" name="pts" scontext=system_u:object_r:devpts_t:s0 tcontext=system_u:object_r:device_t:s0 tclass=filesystem permissive=1
[   18.724013] systemd[1]: Relabelled /dev and /run in 81.603ms.
[   18.833716] systemd[1]: systemd 232 running in system mode. (+PAM +AUDIT +SELINUX +IMA +APPARMOR +SMACK +SYSVINIT +UTMP +LIBCRYPTSETUP +GCRYPT +GNUTLS +ACL +XZ +LZ4 +SECCOMP +BLKID +ELFUTILS +KMOD +IDN)
[   18.839168] systemd[1]: Detected virtualization qemu.
[   18.840549] systemd[1]: Detected architecture x86-64.

Welcome to [1mDebian GNU/Linux 9 (stretch)[0m!

[   18.870554] systemd[1]: Set hostname to <syzkaller>.
[   19.078747] systemd-cryptse (86) used greatest stack depth: 27000 bytes left
[   19.101836] systemd-rc-loca (84) used greatest stack depth: 25488 bytes left
[   19.631362] systemd[1]: Started Dispatch Password Requests to Console Directory Watch.
[[0;32m  OK  [0m] Started Dispatch Password Requests to Console Directory Watch.
[   19.653529] systemd[1]: Listening on Syslog Socket.
[[0;32m  OK  [0m] Listening on Syslog Socket.
[   19.679243] systemd[1]: Listening on Journal Socket.
[[0;32m  OK  [0m] Listening on Journal Socket.
[   19.721638] systemd[1]: Listening on /dev/initctl Compatibility Named Pipe.
[[0;32m  OK  [0m] Listening on /dev/initctl Compatibility Named Pipe.
[   19.760725] systemd[1]: Created slice System Slice.
[[0;32m  OK  [0m] Created slice System Slice.
[   19.801463] systemd[1]: Starting Load Kernel Modules...
         Starting Load Kernel Modules...
[[0;32m  OK  [0m] Reached target Slices.
[[0;32m  OK  [0m] Listening on Journal Socket (/dev/log).
[[0;32m  OK  [0m] Set up automount Arbitrary Executabâ€¦rmats File System Automount Point.
         Mounting /proc/sys/fs/binfmt_misc...
[[0;32m  OK  [0m] Created slice system-getty.slice.
[[0;32m  OK  [0m] Listening on udev Kernel Socket.
         Mounting POSIX Message Queue File System...
         Starting Create Static Device Nodes in /dev...
         Starting Remount Root and Kernel File Systems...
[[0;32m  OK  [0m] Created slice system-serial\x2dgetty.slice.
         Mounting /sys/kernel/debug...
         Mounting /sys/kernel/config...
[[0;32m  OK  [0m] Reached target Swap.
[[0;32m  OK  [0m] Listening on udev Control Socket.[   20.293040] EXT4-fs (sda): re-mounted. Quota mode: none.

[[0;32m  OK  [0m] Started Forward Password Requests to Wall Directory Watch.
[[0;32m  OK  [0m] Reached target Encrypted Volumes.
[[0;32m  OK  [0m] Reached target Paths.
[[0;32m  OK  [0m] Reached target Remote File Systems.
[   20.375792] audit: type=1400 audit(1670341681.328:4): avc:  denied  { audit_read } for  pid=1 comm="systemd" capability=37  scontext=system_u:system_r:kernel_t:s0 tcontext=system_u:system_r:kernel_t:s0 tclass=capability2 permissive=1
[[0;32m  OK  [0m] Listening on Journal Audit Socket.
[[0;32m  OK  [0m] Reached target Sockets.
         Starting Journal Service...
[[0;32m  OK  [0m] Mounted POSIX Message Queue File System.
[[0;32m  OK  [0m] Mounted /sys/kernel/debug.
[[0;32m  OK  [0m] Mounted /sys/kernel/config.
[[0;32m  OK  [0m] Mounted /proc/sys/fs/binfmt_misc.
[[0;32m  OK  [0m] Started Load Kernel Modules.
[[0;32m  OK  [0m] Started Create Static Device Nodes in /dev.
[[0;32m  OK  [0m] Started Remount Root and Kernel File Systems.
         Starting udev Coldplug all Devices...
         Starting Load/Save Random Seed...
         Starting udev Kernel Device Manager...
[[0;32m  OK  [0m] Reached target Local File Systems (Pre).
         Starting Apply Kernel Variables...
[[0;32m  OK  [0m] Reached target Local File Systems.
[[0;32m  OK  [0m] Started Load/Save Random Seed.
[[0;32m  OK  [0m] Started Apply Kernel Variables.
         Starting Raise network interfaces...
[[0;32m  OK  [0m] Started udev Kernel Device Manager.
[[0;32m  OK  [0m] Started Journal Service.
         Starting Flush Journal to Persistent Storage...
[   22.556591] audit: type=1107 audit(1670341683.511:5): pid=1 uid=0 auid=4294967295 ses=4294967295 subj=system_u:system_r:kernel_t:s0 msg='avc:  denied  { stop } for auid=n/a uid=0 gid=0 path="/lib/systemd/system/systemd-journald.service" cmdline="/bin/journalctl --flush" scontext=system_u:system_r:kernel_t:s0 tcontext=system_u:object_r:unlabeled_t:s0 tclass=service
[   22.556591]  exe="/lib/systemd/systemd" sauid=0 hostname=? addr=? terminal=?'
[   22.598503] systemd-journald[110]: Received request to flush runtime journal from PID 1
[[0;32m  OK  [0m] Started Flush Journal to Persistent Storage.
         Starting Create Volatile Files and Directories...
[[0;32m  OK  [0m] Started Create Volatile Files and Directories.
         Starting Update UTMP about System Boot/Shutdown...
         Starting Network Time Synchronization...
[[0;32m  OK  [0m] Started Update UTMP about System Boot/Shutdown.
[[0;32m  OK  [0m] Started udev Coldplug all Devices.
[   24.149900] e1000 0000:00:04.0 enp0s4: renamed from eth0
[[0;32m  OK  [0m] Found device /dev/ttyS0.
[[0;32m  OK  [0m] Started Network Time Synchronization.
[[0;32m  OK  [0m] Reached target System Time Synchronized.
[[0;32m  OK  [0m] Reached target System Initialization.
[[0;32m  OK  [0m] Reached target Basic System.
[[0;32m  OK  [0m] Started Regular background program processing daemon.
[[0;32m  OK  [0m] Started Daily apt download activities.
[[0;32m  OK  [0m] Started Daily apt upgrade and clean activities.
[[0;32m  OK  [0m] Started Daily Cleanup of Temporary Directories.
[[0;32m  OK  [0m] Reached target Timers.
         Starting System Logging Service...
         Starting getty on tty2-tty6 if dbus and logind are not available...
[[0;32m  OK  [0m] Listening on Load/Save RF Kill Switch Status /dev/rfkill Watch.
[[0;32m  OK  [0m] Started System Logging Service.
[   25.587586] audit: type=1107 audit(1670341686.533:6): pid=1 uid=0 auid=4294967295 ses=4294967295 subj=system_u:system_r:kernel_t:s0 msg='avc:  denied  { start } for auid=n/a uid=0 gid=0 path="/lib/systemd/system/getty@.service" cmdline="/bin/systemctl --no-block start getty@tty2.service getty@tty3.service getty@tty4.service getty@tty5.service getty@tty6.service" scontext=system_u:system_r:kernel_t:s0 tcontext=system_u:object_r:unlabeled_t:s0 tclass=service
[   25.587586]  exe="/lib/systemd/systemd" sauid=0 hostname=? addr=? terminal=?'
[[0;32m  OK  [0m] Started getty on tty2-tty6 if dbus and logind are not available.
[[0;1;31mFAILED[0m] Failed to start Raise network interfaces.
See 'systemctl status networking.service' for details.
[[0;32m  OK  [0m] Reached target Network.
[   25.706817] audit: type=1107 audit(1670341686.533:7): pid=1 uid=0 auid=4294967295 ses=4294967295 subj=system_u:system_r:kernel_t:s0 msg='avc:  denied  { status } for auid=n/a uid=0 gid=0 path="/lib/systemd/system/getty@.service" cmdline="/bin/systemctl --no-block start getty@tty2.service getty@tty3.service getty@tty4.service getty@tty5.service getty@tty6.service" scontext=system_u:system_r:kernel_t:s0 tcontext=system_u:object_r:unlabeled_t:s0 tclass=service
[   25.706817]  exe="/lib/systemd/systemd" sauid=0 hostname=? addr=? terminal=?'
         Starting Permit User Sessions...
[[0;32m  OK  [0m] Reached target Network is Online.
         Starting Daily apt download activities...
         Starting OpenBSD Secure Shell server...
[[0;32m  OK  [0m] Started Permit User Sessions.
[[0;32m  OK  [0m] Started Getty on tty6.
[[0;32m  OK  [0m] Started Getty on tty3.
[[0;32m  OK  [0m] Started Getty on tty4.
[[0;32m  OK  [0m] Started Serial Getty on ttyS0.
[[0;32m  OK  [0m] Started Getty on tty1.
[[0;32m  OK  [0m] Started Getty on tty5.
[[0;32m  OK  [0m] Started Getty on tty2.
[[0;32m  OK  [0m] Reached target Login Prompts.
[[0;32m  OK  [0m] Started OpenBSD Secure Shell server.
[[0;32m  OK  [0m] Reached target Multi-User System.
[[0;32m  OK  [0m] Reached target Graphical Interface.
         Starting Update UTMP about System Runlevel Changes...
[[0;32m  OK  [0m] Started Update UTMP about System Runlevel Changes.

Debian GNU/Linux 9 syzkaller ttyS0


program did not crash
