Extracting prog: 1h10m27.752485038s
Minimizing prog: 0s
Simplifying prog options: 0s
Extracting C: 0s
Simplifying C: 0s


328 programs, 4 VMs, timeouts [15s 6m0s]
extracting reproducer from 328 programs
single: executing 8 programs separately with timeout 15s
testing program (duration=15s, {Threaded:true Repeat:true RepeatTimes:0 Procs:8 Slowdown:1 Sandbox:none SandboxArg:0 Leak:false NetInjection:false NetDevices:true NetReset:true Cgroups:true BinfmtMisc:true CloseFDs:true KCSAN:false DevlinkPCI:false NicVF:false USB:false VhciInjection:false Wifi:false IEEE802154:false Sysctl:true UseTmpDir:true HandleSegv:true Repro:true Trace:false LegacyOptions:{Collide:false Fault:false FaultCall:0 FaultNth:0}}): socket$packet-bind$packet
detailed listing:
executing program 0:
r0 = socket$packet(0x11, 0x2, 0x300)
bind$packet(r0, &(0x7f00000000c0)={0x11, 0x0, 0x0, 0x1, 0x9, 0x6, @broadcast}, 0x14)

program did not crash
testing program (duration=15s, {Threaded:true Repeat:true RepeatTimes:0 Procs:8 Slowdown:1 Sandbox:none SandboxArg:0 Leak:false NetInjection:false NetDevices:true NetReset:true Cgroups:true BinfmtMisc:true CloseFDs:true KCSAN:false DevlinkPCI:false NicVF:false USB:false VhciInjection:false Wifi:false IEEE802154:false Sysctl:true UseTmpDir:true HandleSegv:true Repro:true Trace:false LegacyOptions:{Collide:false Fault:false FaultCall:0 FaultNth:0}}): socket$packet-bind$packet
detailed listing:
executing program 0:
r0 = socket$packet(0x11, 0x0, 0x300)
bind$packet(r0, &(0x7f00000000c0)={0x11, 0x18, 0x0, 0x1, 0x9, 0x6, @broadcast}, 0x14)

program did not crash
testing program (duration=15s, {Threaded:true Repeat:true RepeatTimes:0 Procs:8 Slowdown:1 Sandbox:none SandboxArg:0 Leak:false NetInjection:false NetDevices:true NetReset:true Cgroups:true BinfmtMisc:true CloseFDs:true KCSAN:false DevlinkPCI:false NicVF:false USB:false VhciInjection:false Wifi:false IEEE802154:false Sysctl:true UseTmpDir:true HandleSegv:true Repro:true Trace:false LegacyOptions:{Collide:false Fault:false FaultCall:0 FaultNth:0}}): openat$ptmx-write$binfmt_elf32
detailed listing:
executing program 0:
r0 = openat$ptmx(0xffffffffffffff9c, &(0x7f0000000000), 0x1, 0x0)
write$binfmt_elf32(r0, &(0x7f0000000400)={{0x7f, 0x45, 0x4c, 0x46, 0x0, 0x0, 0x0, 0x0, 0x0, 0x0, 0x0, 0x0, 0x0, 0x38}, [{0x0, 0x0, 0x0, 0x0, 0x0, 0x9, 0xe9e, 0x6}], "312e61cb9046081a43cea2edf6da6baeac7024e027e302fb7b71f8e11dbd4669", ['\x00', '\x00']}, 0x278)

program did not crash
testing program (duration=15s, {Threaded:true Repeat:true RepeatTimes:0 Procs:8 Slowdown:1 Sandbox:none SandboxArg:0 Leak:false NetInjection:false NetDevices:true NetReset:true Cgroups:true BinfmtMisc:true CloseFDs:true KCSAN:false DevlinkPCI:false NicVF:false USB:false VhciInjection:false Wifi:false IEEE802154:false Sysctl:true UseTmpDir:true HandleSegv:true Repro:true Trace:false LegacyOptions:{Collide:false Fault:false FaultCall:0 FaultNth:0}}): creat-ioctl$EVIOCGSND-socket$packet-mount$9p_tcp-statx-msgctl$IPC_SET-openat-statx-getsockopt$inet_IP_IPSEC_POLICY-statx-msgctl$IPC_SET-openat-msgget$private-msgsnd-msgctl$IPC_RMID-msgctl$IPC_STAT-msgctl$IPC_INFO-msgctl$MSG_STAT-mount$9p_tcp
detailed listing:
executing program 0:
r0 = creat(&(0x7f0000000000)='./file0\x00', 0x0)
ioctl$EVIOCGSND(r0, 0x8040451a, 0x0)
socket$packet(0x11, 0x2, 0x300)
mount$9p_tcp(&(0x7f0000000340), &(0x7f0000000380)='./file0\x00', &(0x7f00000003c0), 0x0, &(0x7f00000004c0)={'trans=tcp,', {}, 0x2c, {[], [{@euid_gt}, {@smackfshat={'smackfshat', 0x3d, '\x00'}}, {@euid_lt}]}})
statx(0xffffffffffffffff, &(0x7f0000000400)='./file0\x00', 0x4000, 0x7ff, &(0x7f0000000440)={0x0, 0x0, 0x0, 0x0, 0x0, <r1=>0x0})
msgctl$IPC_SET(0x0, 0x1, &(0x7f0000000540)={{0x0, 0x0, r1, 0x0, 0x0, 0x12, 0x6}, 0x0, 0x0, 0x100, 0x1, 0x8001, 0x4, 0x5309, 0x7af0, 0x1, 0x6, 0xffffffffffffffff, 0xffffffffffffffff})
r2 = openat(0xffffffffffffff9c, &(0x7f0000000340)='./file0\x00', 0x42, 0x0)
statx(0xffffffffffffff9c, &(0x7f00000018c0)='./file0\x00', 0x4000, 0x68c, &(0x7f0000001900)={0x0, 0x0, 0x0, 0x0, <r3=>0x0, <r4=>0x0})
getsockopt$inet_IP_IPSEC_POLICY(0xffffffffffffffff, 0x0, 0x10, &(0x7f0000001780)={{{@in=@dev, @in6=@initdev, 0x0, 0x0, 0x0, 0x0, 0x0, 0x0, 0x0, 0x0, 0x0, <r5=>0x0}}, {{@in=@empty}, 0x0, @in6=@dev}}, &(0x7f0000001880)=0xe8)
statx(r2, &(0x7f0000000400)='./file0\x00', 0x4000, 0x7ff, &(0x7f0000000440)={0x0, 0x0, 0x0, 0x0, 0x0, <r6=>0x0})
msgctl$IPC_SET(0x0, 0x1, &(0x7f0000000540)={{0x0, r5, r6, r3, r4, 0x12, 0x6}, 0x0, 0x0, 0x100, 0x1, 0x8001, 0x4, 0x5309, 0x7af0, 0x1, 0x6, 0xffffffffffffffff, 0xffffffffffffffff})
openat(0xffffffffffffff9c, &(0x7f0000000340)='./file0\x00', 0x42, 0x0)
r7 = msgget$private(0x0, 0x80)
msgsnd(r7, &(0x7f0000000100)={0x2, "5cd12d600aff96f34d1adeba499a35e9d03bf4d68414a5771ec2487b7d4ca8271f6ad66d7716b62aecfa4004504e5d3028959cd202a322e2f9b19dbd257f2759d5945cb92d3f1c03339ee35c761e3ccba897c61ade3b2d4ea0ff68e2ebeacbda64d563645d373ad28bac365d7404d8004f0b77c7b67a68b0b892f03a1232535fa9127eabd1e27ed721a8d6b60b3b8307ae0b24ab4f80fcf7"}, 0xa0, 0x800)
msgctl$IPC_RMID(r7, 0x0)
msgctl$IPC_STAT(r7, 0x2, &(0x7f00000011c0)=""/120)
msgctl$IPC_INFO(r7, 0x3, &(0x7f0000001600)=""/112)
msgctl$MSG_STAT(r7, 0xb, &(0x7f00000016c0)=""/180)
mount$9p_tcp(&(0x7f0000000040), &(0x7f0000000080)='./file0\x00', &(0x7f00000000c0), 0x800400, &(0x7f0000000100)={'trans=tcp,', {'port', 0x3d, 0x4e20}, 0x2c, {[{@access_uid}, {@mmap}, {@access_uid={'access', 0x3d, r3}}, {@cachetag={'cachetag', 0x3d, 'smackfshat'}}, {@msize={'msize', 0x3d, 0x2}}, {@access_client}, {@cache_none}], [{@pcr={'pcr', 0x3d, 0x25}}, {@context={'context', 0x3d, 'unconfined_u'}}, {@context={'context', 0x3d, 'user_u'}}, {@fowner_eq={'fowner', 0x3d, 0xffffffffffffffff}}, {@uid_eq}, {@smackfsroot={'smackfsroot', 0x3d, '127.0.0.1\x00'}}, {@context={'context', 0x3d, 'user_u'}}, {@pcr={'pcr', 0x3d, 0xd}}, {@measure}]}})

program did not crash
testing program (duration=15s, {Threaded:true Repeat:true RepeatTimes:0 Procs:8 Slowdown:1 Sandbox:none SandboxArg:0 Leak:false NetInjection:false NetDevices:true NetReset:true Cgroups:true BinfmtMisc:true CloseFDs:true KCSAN:false DevlinkPCI:false NicVF:false USB:false VhciInjection:false Wifi:false IEEE802154:false Sysctl:true UseTmpDir:true HandleSegv:true Repro:true Trace:false LegacyOptions:{Collide:false Fault:false FaultCall:0 FaultNth:0}}): openat$ptmx-write$binfmt_elf32
detailed listing:
executing program 0:
r0 = openat$ptmx(0xffffffffffffff9c, &(0x7f0000000000), 0x1, 0x0)
write$binfmt_elf32(r0, &(0x7f0000000400)={{0x7f, 0x45, 0x4c, 0x46, 0x0, 0x0, 0x0, 0x0, 0x0, 0x0, 0x0, 0x0, 0x0, 0x38, 0x0, 0x0, 0x7762, 0x20, 0x1, 0x20, 0xa840, 0x8}, [{0x6474e551, 0x17, 0xfffffffd, 0x0, 0x5, 0x9, 0xe9e, 0x6}, {0x4, 0x8, 0x4232, 0x8, 0x7, 0x6d200fc1, 0x9, 0x3}], "312e61cb9046081a43cea2edf6da6baeac7024e027e302fb7b71f8e11dbd4669", ['\x00', '\x00']}, 0x298)

program did not crash
testing program (duration=15s, {Threaded:true Repeat:true RepeatTimes:0 Procs:8 Slowdown:1 Sandbox:none SandboxArg:0 Leak:false NetInjection:false NetDevices:true NetReset:true Cgroups:true BinfmtMisc:true CloseFDs:true KCSAN:false DevlinkPCI:false NicVF:false USB:false VhciInjection:false Wifi:false IEEE802154:false Sysctl:true UseTmpDir:true HandleSegv:true Repro:true Trace:false LegacyOptions:{Collide:false Fault:false FaultCall:0 FaultNth:0}}): socket$nl_generic-getsockopt$SO_TIMESTAMPING-socket$nl_generic-getsockopt$SO_TIMESTAMPING-fstatfs-setsockopt$IP_VS_SO_SET_ADD-ioctl$AUTOFS_DEV_IOCTL_SETPIPEFD-creat-socket$packet-name_to_handle_at-bind$packet
detailed listing:
executing program 0:
r0 = socket$nl_generic(0x10, 0x3, 0x10)
getsockopt$SO_TIMESTAMPING(r0, 0x1, 0x0, 0x0, 0x0)
r1 = socket$nl_generic(0x10, 0x3, 0x10)
getsockopt$SO_TIMESTAMPING(r1, 0x1, 0x0, 0x0, 0x0)
fstatfs(0xffffffffffffffff, &(0x7f0000000180)=""/81)
setsockopt$IP_VS_SO_SET_ADD(0xffffffffffffffff, 0x0, 0x482, &(0x7f0000000080)={0x32, @local, 0x4e23, 0x0, 'fo\x00', 0x4, 0x101, 0xe}, 0x2c)
ioctl$AUTOFS_DEV_IOCTL_SETPIPEFD(0xffffffffffffffff, 0xc0189378, &(0x7f0000000040)={{0x1, 0x1, 0x18, r0, {r1}}, './file0\x00'})
creat(&(0x7f0000000000)='./file0\x00', 0x0)
r2 = socket$packet(0x11, 0x2, 0x300)
name_to_handle_at(0xffffffffffffff9c, 0x0, 0x0, 0x0, 0x200)
bind$packet(r2, &(0x7f00000000c0)={0x11, 0x18, 0x0, 0x1, 0x9, 0x6, @broadcast}, 0x14)

program did not crash
testing program (duration=15s, {Threaded:true Repeat:true RepeatTimes:0 Procs:8 Slowdown:1 Sandbox:none SandboxArg:0 Leak:false NetInjection:false NetDevices:true NetReset:true Cgroups:true BinfmtMisc:true CloseFDs:true KCSAN:false DevlinkPCI:false NicVF:false USB:false VhciInjection:false Wifi:false IEEE802154:false Sysctl:true UseTmpDir:true HandleSegv:true Repro:true Trace:false LegacyOptions:{Collide:false Fault:false FaultCall:0 FaultNth:0}}): ioctl$NS_GET_PARENT-ioctl$FIGETBSZ-getsockopt$SO_TIMESTAMPING-ioctl$AUTOFS_DEV_IOCTL_VERSION-openat$sndtimer-getsockopt$SO_TIMESTAMPING-socket$nl_generic-poll-socket$packet-socket$nl_generic-ioctl$sock_SIOCETHTOOL-getsockopt$SO_TIMESTAMPING
detailed listing:
executing program 0:
r0 = ioctl$NS_GET_PARENT(0xffffffffffffffff, 0xb702, 0x0)
ioctl$FIGETBSZ(r0, 0x2, &(0x7f0000000400))
getsockopt$SO_TIMESTAMPING(0xffffffffffffffff, 0x1, 0x0, 0x0, 0x0)
ioctl$AUTOFS_DEV_IOCTL_VERSION(0xffffffffffffffff, 0xc0189371, &(0x7f0000000580)={{0x1, 0x1, 0x18, <r1=>0xffffffffffffffff}, './file0\x00'})
r2 = openat$sndtimer(0xffffffffffffff9c, &(0x7f00000005c0), 0x20002)
getsockopt$SO_TIMESTAMPING(0xffffffffffffffff, 0x1, 0x0, 0x0, 0x0)
r3 = socket$nl_generic(0x10, 0x3, 0x10)
poll(&(0x7f0000000600)=[{0xffffffffffffffff, 0x2000}, {r1, 0x40e6}, {0xffffffffffffffff, 0x402}, {r2, 0x2000}, {0xffffffffffffffff, 0x10}, {0xffffffffffffffff, 0x289}, {r0, 0x10}, {0xffffffffffffffff, 0x500}, {r3, 0x110}], 0x9, 0x1f)
socket$packet(0x11, 0x2, 0x300)
r4 = socket$nl_generic(0x10, 0x3, 0x10)
ioctl$sock_SIOCETHTOOL(r4, 0x8946, &(0x7f0000000540)={'ip6gre0\x00', &(0x7f0000000440)=@ethtool_gstrings={0x1b, 0x6, 0xd8, "03e5ae2d1840eee26cc5b4ce0323dc3f4441d841f278d4803539a032147a1647f18f62026695b92a656221f6c8ed180bd89350885387e648e69de76279594a224ea1cdef2c0eb87394e8db45a38bf3ddd2b123ecf78a3445fa148a8882a513f45ffe2f80217a6232436ebba202b6e16888b58c87692b15d5e3f307b8aa0efbec7947eb75cca170dcdcc50f9ac872ca8ac49987631ae1edbad5a04c8a4b12715eae18064a3a39ace2d303aa423d0e966f08213ad150fe0bd78c3953f0f790a66491fa5f7d91000604b25aa2e52f99e3017cbe298547ce8c9b"}})
getsockopt$SO_TIMESTAMPING(0xffffffffffffffff, 0x1, 0x0, 0x0, 0x0)

failed to init instance: failed to create VM: can't ssh into the instance
failed to run ["ssh" "-p" "41153" "-F" "/dev/null" "-o" "UserKnownHostsFile=/dev/null" "-o" "BatchMode=yes" "-o" "IdentitiesOnly=yes" "-o" "StrictHostKeyChecking=no" "-o" "ConnectTimeout=10" "-i" "/home/abel/Documents/workspace/syzkaller/tools/stretch.id_rsa" "root@localhost" "pwd"]: exit status 255
Connection timed out during banner exchange
Connection to 127.0.0.1 port 41153 timed out
[    0.000000] Linux version 5.15.79 (abel@abel-Inspiron-3502) (gcc (Ubuntu 11.3.0-1ubuntu1~22.04) 11.3.0, GNU ld (GNU Binutils for Ubuntu) 2.38) #1 SMP Sun Nov 20 22:22:17 CST 2022
[    0.000000] Command line: root=/dev/sda console=ttyS0 
[    0.000000] x86/fpu: Supporting XSAVE feature 0x001: 'x87 floating point registers'
[    0.000000] x86/fpu: Supporting XSAVE feature 0x002: 'SSE registers'
[    0.000000] x86/fpu: Supporting XSAVE feature 0x008: 'MPX bounds registers'
[    0.000000] x86/fpu: Supporting XSAVE feature 0x010: 'MPX CSR'
[    0.000000] x86/fpu: xstate_offset[3]:  576, xstate_sizes[3]:   64
[    0.000000] x86/fpu: xstate_offset[4]:  640, xstate_sizes[4]:   64
[    0.000000] x86/fpu: Enabled xstate features 0x1b, context size is 704 bytes, using 'compacted' format.
[    0.000000] signal: max sigframe size: 2032
[    0.000000] BIOS-provided physical RAM map:
[    0.000000] BIOS-e820: [mem 0x0000000000000000-0x000000000009fbff] usable
[    0.000000] BIOS-e820: [mem 0x000000000009fc00-0x000000000009ffff] reserved
[    0.000000] BIOS-e820: [mem 0x00000000000f0000-0x00000000000fffff] reserved
[    0.000000] BIOS-e820: [mem 0x0000000000100000-0x000000007ffdffff] usable
[    0.000000] BIOS-e820: [mem 0x000000007ffe0000-0x000000007fffffff] reserved
[    0.000000] BIOS-e820: [mem 0x00000000feffc000-0x00000000feffffff] reserved
[    0.000000] BIOS-e820: [mem 0x00000000fffc0000-0x00000000ffffffff] reserved
[    0.000000] NX (Execute Disable) protection: active
[    0.000000] SMBIOS 2.8 present.
[    0.000000] DMI: QEMU Standard PC (i440FX + PIIX, 1996), BIOS 1.15.0-1 04/01/2014
[    0.000000] Hypervisor detected: KVM
[    0.000000] kvm-clock: Using msrs 4b564d01 and 4b564d00
[    0.000000] kvm-clock: cpu 0, msr 45892001, primary cpu clock
[    0.000006] kvm-clock: using sched offset of 1801394268 cycles
[    0.000024] clocksource: kvm-clock: mask: 0xffffffffffffffff max_cycles: 0x1cd42e4dffb, max_idle_ns: 881590591483 ns
[    0.000049] tsc: Detected 1094.400 MHz processor
[    0.024500] last_pfn = 0x7ffe0 max_arch_pfn = 0x400000000
[    0.024593] x86/PAT: Configuration [0-7]: WB  WC  UC- UC  WB  WP  UC- WT  
[    0.042532] found SMP MP-table at [mem 0x000f5b90-0x000f5b9f]
[    0.042738] Using GB pages for direct mapping
[    0.052146] ACPI: Early table checksum verification disabled
[    0.052184] ACPI: RSDP 0x00000000000F59D0 000014 (v00 BOCHS )
[    0.052223] ACPI: RSDT 0x000000007FFE1967 000034 (v01 BOCHS  BXPC     00000001 BXPC 00000001)
[    0.052266] ACPI: FACP 0x000000007FFE1813 000074 (v01 BOCHS  BXPC     00000001 BXPC 00000001)
[    0.052311] ACPI: DSDT 0x000000007FFE0040 0017D3 (v01 BOCHS  BXPC     00000001 BXPC 00000001)
[    0.052347] ACPI: FACS 0x000000007FFE0000 000040
[    0.052376] ACPI: APIC 0x000000007FFE1887 000080 (v01 BOCHS  BXPC     00000001 BXPC 00000001)
[    0.052412] ACPI: HPET 0x000000007FFE1907 000038 (v01 BOCHS  BXPC     00000001 BXPC 00000001)
[    0.052447] ACPI: WAET 0x000000007FFE193F 000028 (v01 BOCHS  BXPC     00000001 BXPC 00000001)
[    0.052479] ACPI: Reserving FACP table memory at [mem 0x7ffe1813-0x7ffe1886]
[    0.052496] ACPI: Reserving DSDT table memory at [mem 0x7ffe0040-0x7ffe1812]
[    0.052510] ACPI: Reserving FACS table memory at [mem 0x7ffe0000-0x7ffe003f]
[    0.052525] ACPI: Reserving APIC table memory at [mem 0x7ffe1887-0x7ffe1906]
[    0.052539] ACPI: Reserving HPET table memory at [mem 0x7ffe1907-0x7ffe193e]
[    0.052553] ACPI: Reserving WAET table memory at [mem 0x7ffe193f-0x7ffe1966]
[    0.060720] No NUMA configuration found
[    0.060744] Faking a node at [mem 0x0000000000000000-0x000000007ffdffff]
[    0.060774] NODE_DATA(0) allocated [mem 0x7ffdc000-0x7ffdffff]
[    0.060879] Zone ranges:
[    0.060890]   DMA      [mem 0x0000000000001000-0x0000000000ffffff]
[    0.060911]   DMA32    [mem 0x0000000001000000-0x000000007ffdffff]
[    0.060930]   Normal   empty
[    0.060944] Movable zone start for each node
[    0.060953] Early memory node ranges
[    0.060962]   node   0: [mem 0x0000000000001000-0x000000000009efff]
[    0.060977]   node   0: [mem 0x0000000000100000-0x000000007ffdffff]
[    0.060995] Initmem setup node 0 [mem 0x0000000000001000-0x000000007ffdffff]
[    0.061829] On node 0, zone DMA: 1 pages in unavailable ranges
[    0.062125] On node 0, zone DMA: 97 pages in unavailable ranges
[    0.211351] On node 0, zone DMA32: 32 pages in unavailable ranges
[    0.691575] kasan: KernelAddressSanitizer initialized
[    0.692276] ACPI: PM-Timer IO Port: 0x608
[    0.692317] ACPI: LAPIC_NMI (acpi_id[0xff] dfl dfl lint[0x1])
[    0.692413] IOAPIC[0]: apic_id 0, version 17, address 0xfec00000, GSI 0-23
[    0.692440] ACPI: INT_SRC_OVR (bus 0 bus_irq 0 global_irq 2 dfl dfl)
[    0.692460] ACPI: INT_SRC_OVR (bus 0 bus_irq 5 global_irq 5 high level)
[    0.692477] ACPI: INT_SRC_OVR (bus 0 bus_irq 9 global_irq 9 high level)
[    0.692493] ACPI: INT_SRC_OVR (bus 0 bus_irq 10 global_irq 10 high level)
[    0.692510] ACPI: INT_SRC_OVR (bus 0 bus_irq 11 global_irq 11 high level)
[    0.692540] ACPI: Using ACPI (MADT) for SMP configuration information
[    0.692553] ACPI: HPET id: 0x8086a201 base: 0xfed00000
[    0.692577] TSC deadline timer available
[    0.692589] smpboot: Allowing 2 CPUs, 0 hotplug CPUs
[    0.692646] kvm-guest: KVM setup pv remote TLB flush
[    0.692662] kvm-guest: setup PV sched yield
[    0.692729] PM: hibernation: Registered nosave memory: [mem 0x00000000-0x00000fff]
[    0.692752] PM: hibernation: Registered nosave memory: [mem 0x0009f000-0x0009ffff]
[    0.692766] PM: hibernation: Registered nosave memory: [mem 0x000a0000-0x000effff]
[    0.692780] PM: hibernation: Registered nosave memory: [mem 0x000f0000-0x000fffff]
[    0.692796] [mem 0x80000000-0xfeffbfff] available for PCI devices
[    0.692810] Booting paravirtualized kernel on KVM
[    0.692824] clocksource: refined-jiffies: mask: 0xffffffff max_cycles: 0xffffffff, max_idle_ns: 1910969940391419 ns
[    0.788100] setup_percpu: NR_CPUS:64 nr_cpumask_bits:64 nr_cpu_ids:2 nr_node_ids:1
[    0.789915] percpu: Embedded 64 pages/cpu s224472 r8192 d29480 u1048576
[    0.790158] kvm-guest: setup async PF for cpu 0
[    0.799428] kvm-guest: stealtime: cpu 0, msr 6d227140
[    0.799458] Built 1 zonelists, mobility grouping on.  Total pages: 515808
[    0.799476] Policy zone: DMA32
[    0.799488] Kernel command line: root=/dev/sda console=ttyS0 
[    0.801397] Dentry cache hash table entries: 262144 (order: 9, 2097152 bytes, linear)
[    0.806513] Inode-cache hash table entries: 131072 (order: 8, 1048576 bytes, linear)
[    0.806690] mem auto-init: stack:off, heap alloc:off, heap free:off
[    1.190191] Memory: 1701340K/2096632K available (45069K kernel code, 7445K rwdata, 8232K rodata, 2080K init, 1604K bss, 395036K reserved, 0K cma-reserved)
[    1.190680] SLUB: HWalign=64, Order=0-3, MinObjects=0, CPUs=2, Nodes=1
[    1.191093] rcu: Hierarchical RCU implementation.
[    1.191104] rcu: 	RCU event tracing is enabled.
[    1.191113] rcu: 	RCU restricting CPUs from NR_CPUS=64 to nr_cpu_ids=2.
[    1.191127] rcu: RCU calculated value of scheduler-enlistment delay is 100 jiffies.
[    1.191139] rcu: Adjusting geometry for rcu_fanout_leaf=16, nr_cpu_ids=2
[    1.286894] NR_IRQS: 4352, nr_irqs: 440, preallocated irqs: 16
[    1.295581] random: crng init done
[    1.343082] Console: colour VGA+ 80x25
[    2.460046] printk: console [ttyS0] enabled
[    2.465518] ACPI: Core revision 20210730
[    2.472824] clocksource: hpet: mask: 0xffffffff max_cycles: 0xffffffff, max_idle_ns: 19112604467 ns
[    2.484578] APIC: Switch to symmetric I/O mode setup
[    2.491560] kvm-guest: setup PV IPIs
[    2.504265] ..TIMER: vector=0x30 apic1=0 pin1=2 apic2=-1 pin2=-1
[    2.513004] clocksource: tsc-early: mask: 0xffffffffffffffff max_cycles: 0xfc66f4fc7c, max_idle_ns: 440795224246 ns
[    2.525617] Calibrating delay loop (skipped) preset value.. 2188.80 BogoMIPS (lpj=1094400)
[    2.526616] pid_max: default: 32768 minimum: 301
[    2.527810] LSM: Security Framework initializing
[    2.528715] SELinux:  Initializing.
[    2.531702] Mount-cache hash table entries: 4096 (order: 3, 32768 bytes, linear)
[    2.532627] Mountpoint-cache hash table entries: 4096 (order: 3, 32768 bytes, linear)
[    2.539705] x86/cpu: User Mode Instruction Prevention (UMIP) activated
[    2.541676] Last level iTLB entries: 4KB 0, 2MB 0, 4MB 0
[    2.542613] Last level dTLB entries: 4KB 0, 2MB 0, 4MB 0, 1GB 0
[    2.543639] Spectre V1 : Mitigation: usercopy/swapgs barriers and __user pointer sanitization
[    2.544623] Spectre V2 : Mitigation: Enhanced IBRS
[    2.545615] Spectre V2 : Spectre v2 / SpectreRSB mitigation: Filling RSB on context switch
[    2.546628] Spectre V2 : mitigation: Enabling conditional Indirect Branch Prediction Barrier
[    2.547616] Speculative Store Bypass: Mitigation: Speculative Store Bypass disabled via prctl and seccomp
[    2.803145] Freeing SMP alternatives memory: 44K
[    2.805780] smpboot: CPU0: Intel(R) Pentium(R) Silver N5030 CPU @ 1.10GHz (family: 0x6, model: 0x7a, stepping: 0x8)
[    2.809491] Performance Events: Goldmont plus events, 32-deep LBR, full-width counters, Intel PMU driver.
[    2.810620] ... version:                2
[    2.811576] ... bit width:              48
[    2.811618] ... generic registers:      4
[    2.812620] ... value mask:             0000ffffffffffff
[    2.813872] ... max period:             00007fffffffffff
[    2.814815] ... fixed-purpose events:   3
[    2.815620] ... event mask:             000000070000000f
[    2.818659] rcu: Hierarchical SRCU implementation.
[    2.829417] smp: Bringing up secondary CPUs ...
[    2.831536] x86: Booting SMP configuration:
[    2.831620] .... node  #0, CPUs:      #1
[    1.227059] kvm-clock: cpu 1, msr 45892041, secondary cpu clock
[    2.832985] kvm-guest: setup async PF for cpu 1
[    2.833601] kvm-guest: stealtime: cpu 1, msr 6d327140
[    2.839303] smp: Brought up 1 node, 2 CPUs
[    2.839624] smpboot: Max logical packages: 1
[    2.840620] smpboot: Total of 2 processors activated (4377.60 BogoMIPS)
[    2.844632] devtmpfs: initialized
[    2.860642] clocksource: jiffies: mask: 0xffffffff max_cycles: 0xffffffff, max_idle_ns: 1911260446275000 ns
[    2.861635] futex hash table entries: 512 (order: 3, 32768 bytes, linear)
[    2.864616] PM: RTC time: 09:36:55, date: 2022-11-21
[    2.867375] NET: Registered PF_NETLINK/PF_ROUTE protocol family
[    2.871381] audit: initializing netlink subsys (disabled)
[    2.871856] audit: type=2000 audit(1669023414.524:1): state=initialized audit_enabled=0 res=1
[    2.878083] thermal_sys: Registered thermal governor 'step_wise'
[    2.878099] thermal_sys: Registered thermal governor 'user_space'
[    2.878875] cpuidle: using governor menu
[    2.881677] ACPI: bus type PCI registered
[    2.883443] PCI: Using configuration type 1 for base access
[    2.960204] Kprobes globally optimized
[    2.961691] HugeTLB registered 2.00 MiB page size, pre-allocated 0 pages
[    2.964024] cryptomgr_test (27) used greatest stack depth: 30760 bytes left
[    2.980929] ACPI: Added _OSI(Module Device)
[    2.981661] ACPI: Added _OSI(Processor Device)
[    2.982626] ACPI: Added _OSI(3.0 _SCP Extensions)
[    2.983630] ACPI: Added _OSI(Processor Aggregator Device)
[    2.984650] ACPI: Added _OSI(Linux-Dell-Video)
[    2.985647] ACPI: Added _OSI(Linux-Lenovo-NV-HDMI-Audio)
[    2.986649] ACPI: Added _OSI(Linux-HPI-Hybrid-Graphics)
[    3.074912] ACPI: 1 ACPI AML tables successfully acquired and loaded
[    3.092009] ACPI: Interpreter enabled
[    3.092852] ACPI: PM: (supports S0 S3 S4 S5)
[    3.093622] ACPI: Using IOAPIC for interrupt routing
[    3.095715] PCI: Using host bridge windows from ACPI; if necessary, use "pci=nocrs" and report a bug
[    3.099968] ACPI: Enabled 2 GPEs in block 00 to 0F
[    3.213821] ACPI: PCI Root Bridge [PCI0] (domain 0000 [bus 00-ff])
[    3.214870] acpi PNP0A03:00: _OSC: OS supports [ASPM ClockPM Segments MSI HPX-Type3]
[    3.215889] acpi PNP0A03:00: fail to add MMCONFIG information, can't access extended PCI configuration space under this bridge.
[    3.220138] PCI host bridge to bus 0000:00
[    3.220650] pci_bus 0000:00: root bus resource [io  0x0000-0x0cf7 window]
[    3.221650] pci_bus 0000:00: root bus resource [io  0x0d00-0xffff window]
[    3.222648] pci_bus 0000:00: root bus resource [mem 0x000a0000-0x000bffff window]
[    3.223646] pci_bus 0000:00: root bus resource [mem 0x80000000-0xfebfffff window]
[    3.224647] pci_bus 0000:00: root bus resource [mem 0x100000000-0x17fffffff window]
[    3.226594] pci_bus 0000:00: root bus resource [bus 00-ff]
[    3.233625] pci 0000:00:00.0: [8086:1237] type 00 class 0x060000
[    3.288731] pci 0000:00:01.0: [8086:7000] type 00 class 0x060100
[    3.296842] pci 0000:00:01.1: [8086:7010] type 00 class 0x010180
[    3.303625] pci 0000:00:01.1: reg 0x20: [io  0xc060-0xc06f]
[    3.306052] pci 0000:00:01.1: legacy IDE quirk: reg 0x10: [io  0x01f0-0x01f7]
[    3.306628] pci 0000:00:01.1: legacy IDE quirk: reg 0x14: [io  0x03f6]
[    3.307629] pci 0000:00:01.1: legacy IDE quirk: reg 0x18: [io  0x0170-0x0177]
[    3.308628] pci 0000:00:01.1: legacy IDE quirk: reg 0x1c: [io  0x0376]
[    3.321424] pci 0000:00:01.3: [8086:7113] type 00 class 0x068000
[    3.323705] pci 0000:00:01.3: quirk: [io  0x0600-0x063f] claimed by PIIX4 ACPI
[    3.324649] pci 0000:00:01.3: quirk: [io  0x0700-0x070f] claimed by PIIX4 SMB
[    3.332277] pci 0000:00:02.0: [1234:1111] type 00 class 0x030000
[    3.334650] pci 0000:00:02.0: reg 0x10: [mem 0xfd000000-0xfdffffff pref]
[    3.340654] pci 0000:00:02.0: reg 0x18: [mem 0xfebb0000-0xfebb0fff]
[    3.349652] pci 0000:00:02.0: reg 0x30: [mem 0xfeba0000-0xfebaffff pref]
[    3.350899] pci 0000:00:02.0: Video device with shadowed ROM at [mem 0x000c0000-0x000dffff]
[    3.394023] pci 0000:00:03.0: [1af4:1005] type 00 class 0x00ff00
[    3.396626] pci 0000:00:03.0: reg 0x10: [io  0xc040-0xc05f]
[    3.405623] pci 0000:00:03.0: reg 0x20: [mem 0xfe000000-0xfe003fff 64bit pref]
[    3.443556] pci 0000:00:04.0: [8086:100e] type 00 class 0x020000
[    3.445625] pci 0000:00:04.0: reg 0x10: [mem 0xfeb80000-0xfeb9ffff]
[    3.448626] pci 0000:00:04.0: reg 0x14: [io  0xc000-0xc03f]
[    3.460343] pci 0000:00:04.0: reg 0x30: [mem 0xfeb00000-0xfeb7ffff pref]
[    3.517083] ACPI: PCI: Interrupt link LNKA configured for IRQ 10
[    3.521829] ACPI: PCI: Interrupt link LNKB configured for IRQ 10
[    3.525704] ACPI: PCI: Interrupt link LNKC configured for IRQ 11
[    3.531677] ACPI: PCI: Interrupt link LNKD configured for IRQ 11
[    3.534074] ACPI: PCI: Interrupt link LNKS configured for IRQ 9
[    3.544930] iommu: Default domain type: Translated 
[    3.545620] iommu: DMA domain TLB invalidation policy: lazy mode 
[    3.547731] pci 0000:00:02.0: vgaarb: setting as boot VGA device
[    3.548601] pci 0000:00:02.0: vgaarb: VGA device added: decodes=io+mem,owns=io+mem,locks=none
[    3.549601] pci 0000:00:02.0: vgaarb: bridge control possible
[    3.549622] vgaarb: loaded
[    3.552838] SCSI subsystem initialized
[    3.556792] ACPI: bus type USB registered
[    3.557893] usbcore: registered new interface driver usbfs
[    3.558807] usbcore: registered new interface driver hub
[    3.560113] usbcore: registered new device driver usb
[    3.561678] pps_core: LinuxPPS API ver. 1 registered
[    3.562717] pps_core: Software ver. 5.3.6 - Copyright 2005-2007 Rodolfo Giometti <giometti@linux.it>
[    3.563919] PTP clock support registered
[    3.566120] Advanced Linux Sound Architecture Driver Initialized.
[    3.571995] NetLabel: Initializing
[    3.572621] NetLabel:  domain hash size = 128
[    3.573622] NetLabel:  protocols = UNLABELED CIPSOv4 CALIPSO
[    3.575266] NetLabel:  unlabeled traffic allowed by default
[    3.577694] PCI: Using ACPI for IRQ routing
[    3.579139] hpet0: at MMIO 0xfed00000, IRQs 2, 8, 0
[    3.579619] hpet0: 3 comparators, 64-bit 100.000000 MHz counter
[    3.583875] clocksource: Switched to clocksource kvm-clock
[    4.321271] VFS: Disk quotas dquot_6.6.0
[    4.322765] VFS: Dquot-cache hash table entries: 512 (order 0, 4096 bytes)
[    4.345736] pnp: PnP ACPI init
[    4.386833] pnp: PnP ACPI: found 6 devices
[    4.485687] clocksource: acpi_pm: mask: 0xffffff max_cycles: 0xffffff, max_idle_ns: 2085701024 ns
[    4.492757] NET: Registered PF_INET protocol family
[    4.509823] IP idents hash table entries: 32768 (order: 6, 262144 bytes, linear)
[    4.522379] tcp_listen_portaddr_hash hash table entries: 1024 (order: 2, 16384 bytes, linear)
[    4.544668] Table-perturb hash table entries: 65536 (order: 6, 262144 bytes, linear)
[    4.565731] TCP established hash table entries: 16384 (order: 5, 131072 bytes, linear)
[    4.573993] TCP bind hash table entries: 16384 (order: 6, 262144 bytes, linear)
[    4.591769] TCP: Hash tables configured (established 16384 bind 16384)
[    4.606706] UDP hash table entries: 1024 (order: 3, 32768 bytes, linear)
[    4.626736] UDP-Lite hash table entries: 1024 (order: 3, 32768 bytes, linear)
[    4.639917] NET: Registered PF_UNIX/PF_LOCAL protocol family
[    4.670323] RPC: Registered named UNIX socket transport module.
[    4.689183] RPC: Registered udp transport module.
[    4.701799] RPC: Registered tcp transport module.
[    4.709012] RPC: Registered tcp NFSv4.1 backchannel transport module.
[    4.740127] pci_bus 0000:00: resource 4 [io  0x0000-0x0cf7 window]
[    4.750648] pci_bus 0000:00: resource 5 [io  0x0d00-0xffff window]
[    4.761757] pci_bus 0000:00: resource 6 [mem 0x000a0000-0x000bffff window]
[    4.779194] pci_bus 0000:00: resource 7 [mem 0x80000000-0xfebfffff window]
[    4.794696] pci_bus 0000:00: resource 8 [mem 0x100000000-0x17fffffff window]
[    4.806664] pci 0000:00:01.0: PIIX3: Enabling Passive Release
[    4.816655] pci 0000:00:00.0: Limiting direct PCI/PCI transfers
[    4.818631] pci 0000:00:01.0: Activating ISA DMA hang workarounds
[    4.844716] pci 0000:00:01.0: quirk_isa_dma_hangs+0x0/0x60 took 25471 usecs
[    4.847333] PCI: CLS 0 bytes, default 64
[   10.361539] RAPL PMU: API unit is 2^-32 Joules, 0 fixed counters, 10737418240 ms ovfl timer
[   10.367232] clocksource: tsc: mask: 0xffffffffffffffff max_cycles: 0xfc66f4fc7c, max_idle_ns: 440795224246 ns
[   10.553646] clocksource: Switched to clocksource tsc
[   10.588688] Initialise system trusted keyrings
[   10.601766] workingset: timestamp_bits=56 max_order=19 bucket_order=0
[   10.755205] NFS: Registering the id_resolver key type
[   10.765238] Key type id_resolver registered
[   10.769332] Key type id_legacy registered
[   10.776153] 9p: Installing v9fs 9p2000 file system support
[   10.860116] cryptomgr_test (61) used greatest stack depth: 30704 bytes left
[   10.861854] Key type asymmetric registered
[   10.875799] Asymmetric key parser 'x509' registered
[   10.884921] Block layer SCSI generic (bsg) driver version 0.4 loaded (major 251)
[   10.895794] io scheduler mq-deadline registered
[   10.902984] io scheduler kyber registered
[   10.921289] input: Power Button as /devices/LNXSYSTM:00/LNXPWRBN:00/input/input0
[   10.934464] ACPI: button: Power Button [PWRF]
[   18.087981] ACPI: \_SB_.LNKC: Enabled at IRQ 11
[   18.101763] Serial: 8250/16550 driver, 4 ports, IRQ sharing enabled
[   18.116640] 00:04: ttyS0 at I/O 0x3f8 (irq = 4, base_baud = 115200) is a 16550A
[   18.135213] Non-volatile memory driver v1.3
[   18.151729] Linux agpgart interface v0.103
[   18.237499] loop: module loaded
[   18.266367] scsi host0: ata_piix
[   18.269159] scsi host1: ata_piix
[   18.270999] ata1: PATA max MWDMA2 cmd 0x1f0 ctl 0x3f6 bmdma 0xc060 irq 14
[   18.294089] ata2: PATA max MWDMA2 cmd 0x170 ctl 0x376 bmdma 0xc068 irq 15
[   18.315164] e100: Intel(R) PRO/100 Network Driver
[   18.335987] e100: Copyright(c) 1999-2006 Intel Corporation
[   18.339589] e1000: Intel(R) PRO/1000 Network Driver
[   18.345358] e1000: Copyright (c) 1999-2006 Intel Corporation.
[   18.473827] ata2.00: ATAPI: QEMU DVD-ROM, 2.5+, max UDMA/100
[   18.477776] ata1.00: ATA-7: QEMU HARDDISK, 2.5+, max UDMA/100
[   18.479632] ata1.00: 4194304 sectors, multi 16: LBA48 
[   18.482510] scsi 0:0:0:0: Direct-Access     ATA      QEMU HARDDISK    2.5+ PQ: 0 ANSI: 5
[   18.529208] scsi 0:0:0:0: Attached scsi generic sg0 type 0
[   18.538450] sd 0:0:0:0: [sda] 4194304 512-byte logical blocks: (2.15 GB/2.00 GiB)
[   18.565019] sd 0:0:0:0: [sda] Write Protect is off
[   18.568703] sd 0:0:0:0: [sda] Write cache: enabled, read cache: enabled, doesn't support DPO or FUA
[   18.580721] scsi 1:0:0:0: CD-ROM            QEMU     QEMU DVD-ROM     2.5+ PQ: 0 ANSI: 5
[   18.678248] sd 0:0:0:0: [sda] Attached SCSI disk
[   18.777134] sr 1:0:0:0: [sr0] scsi3-mmc drive: 4x/4x cd/rw xa/form2 tray
[   18.778918] cdrom: Uniform CD-ROM driver Revision: 3.20
[   18.925329] sr 1:0:0:0: Attached scsi generic sg1 type 5
[   25.754008] ACPI: \_SB_.LNKD: Enabled at IRQ 10
[   26.883558] e1000 0000:00:04.0 eth0: (PCI:33MHz:32-bit) 52:54:00:12:34:56
[   26.885733] e1000 0000:00:04.0 eth0: Intel(R) PRO/1000 Network Connection
[   26.908179] e1000e: Intel(R) PRO/1000 Network Driver
[   26.909802] e1000e: Copyright(c) 1999 - 2015 Intel Corporation.
[   26.911904] sky2: driver version 1.30
[   26.930264] ehci_hcd: USB 2.0 'Enhanced' Host Controller (EHCI) Driver
[   26.932426] ehci-pci: EHCI PCI platform driver
[   26.933967] ohci_hcd: USB 1.1 'Open' Host Controller (OHCI) Driver
[   26.948115] ohci-pci: OHCI PCI platform driver
[   26.949689] uhci_hcd: USB Universal Host Controller Interface driver
[   26.969999] usbcore: registered new interface driver usblp
[   26.971965] usbcore: registered new interface driver usb-storage
[   26.974096] i8042: PNP: PS/2 Controller [PNP0303:KBD,PNP0f13:MOU] at 0x60,0x64 irq 1,12
[   26.995435] serio: i8042 KBD port at 0x60,0x64 irq 1
[   26.997098] serio: i8042 AUX port at 0x60,0x64 irq 12
[   27.036306] rtc_cmos 00:05: RTC can wake from S4
[   27.046369] rtc_cmos 00:05: registered as rtc0
[   27.065201] rtc_cmos 00:05: alarms up to one day, y3k, 242 bytes nvram, hpet irqs
[   27.073656] device-mapper: ioctl: 4.45.0-ioctl (2021-03-22) initialised: dm-devel@redhat.com
[   27.080844] intel_pstate: CPU model not supported
[   27.082633] hid: raw HID events driver (C) Jiri Kosina
[   27.084302] input: AT Translated Set 2 keyboard as /devices/platform/i8042/serio0/input/input1
[   27.099932] usbcore: registered new interface driver usbhid
[   27.099945] usbhid: USB HID core driver
[   27.103008] Initializing XFRM netlink socket
[   27.115352] NET: Registered PF_INET6 protocol family
[   27.129888] Segment Routing with IPv6
[   27.133730] In-situ OAM (IOAM) with IPv6
[   27.140070] sit: IPv6, IPv4 and MPLS over IPv4 tunneling driver
[   27.156978] NET: Registered PF_PACKET protocol family
[   27.161305] 9pnet: Installing 9P2000 support
[   27.168387] Key type dns_resolver registered
[   27.175013] IPI shorthand broadcast: enabled
[   27.178901] sched_clock: Marking stable (25952682861, 1226059055)->(29214573056, -2035831140)
[   27.192627] registered taskstats version 1
[   27.193698] Loading compiled-in X.509 certificates
[   27.206218] PM:   Magic number: 14:144:627
[   27.213532] printk: console [netcon0] enabled
[   27.214983] netconsole: network logging started
[   27.233129] cfg80211: Loading compiled-in X.509 certificates for regulatory database
[   27.253256] kworker/u4:2 (73) used greatest stack depth: 28784 bytes left
[   27.258104] cfg80211: Loaded X.509 cert 'sforshee: 00b28ddf47aef9cea7'
[   27.264444] platform regulatory.0: Direct firmware load for regulatory.db failed with error -2
[   27.266711] ALSA device list:
[   27.273309] cfg80211: failed to load regulatory.db
[   27.289224]   No soundcards found.
[   27.746739] input: ImExPS/2 Generic Explorer Mouse as /devices/platform/i8042/serio1/input/input3
[   27.752762] md: Waiting for all devices to be available before autodetect
[   27.755284] md: If you don't use raid, use raid=noautodetect
[   27.758436] md: Autodetecting RAID arrays.
[   27.761015] md: autorun ...
[   27.761982] md: ... autorun DONE.
[   27.833587] EXT4-fs (sda): INFO: recovery required on readonly filesystem
[   27.835902] EXT4-fs (sda): write access will be enabled during recovery
[   28.079215] EXT4-fs (sda): recovery complete
[   28.112907] EXT4-fs (sda): mounted filesystem with ordered data mode. Opts: (null). Quota mode: none.
[   28.116685] VFS: Mounted root (ext4 filesystem) readonly on device 8:0.
[   28.131179] devtmpfs: mounted
[   28.145932] Freeing unused kernel image (initmem) memory: 2080K
[   28.147814] Write protecting the kernel read-only data: 57344k
[   28.191588] Freeing unused kernel image (text/rodata gap) memory: 2032K
[   28.207360] Freeing unused kernel image (rodata/data gap) memory: 2008K
[   28.209507] Run /sbin/init as init process
[   31.509430] SELinux:  Permission getrlimit in class process not defined in policy.
[   31.536159] SELinux:  Class process2 not defined in policy.
[   31.538006] SELinux:  Permission watch in class filesystem not defined in policy.
[   31.548463] SELinux:  Permission map in class file not defined in policy.
[   31.550801] SELinux:  Permission watch in class file not defined in policy.
[   31.553098] SELinux:  Permission watch_mount in class file not defined in policy.
[   31.555562] SELinux:  Permission watch_sb in class file not defined in policy.
[   31.578637] SELinux:  Permission watch_with_perm in class file not defined in policy.
[   31.581130] SELinux:  Permission watch_reads in class file not defined in policy.
[   31.583236] SELinux:  Permission map in class dir not defined in policy.
[   31.605305] SELinux:  Permission watch in class dir not defined in policy.
[   31.613537] SELinux:  Permission watch_mount in class dir not defined in policy.
[   31.615955] SELinux:  Permission watch_sb in class dir not defined in policy.
[   31.618172] SELinux:  Permission watch_with_perm in class dir not defined in policy.
[   31.654365] SELinux:  Permission watch_reads in class dir not defined in policy.
[   31.663332] SELinux:  Permission map in class lnk_file not defined in policy.
[   31.665533] SELinux:  Permission watch in class lnk_file not defined in policy.
[   31.677478] SELinux:  Permission watch_mount in class lnk_file not defined in policy.
[   31.699624] SELinux:  Permission watch_sb in class lnk_file not defined in policy.
[   31.706246] SELinux:  Permission watch_with_perm in class lnk_file not defined in policy.
[   31.725496] SELinux:  Permission watch_reads in class lnk_file not defined in policy.
[   31.737514] SELinux:  Permission map in class chr_file not defined in policy.
[   31.754029] SELinux:  Permission watch in class chr_file not defined in policy.
[   31.768441] SELinux:  Permission watch_mount in class chr_file not defined in policy.
[   31.770622] SELinux:  Permission watch_sb in class chr_file not defined in policy.
[   31.792779] SELinux:  Permission watch_with_perm in class chr_file not defined in policy.
[   31.796730] SELinux:  Permission watch_reads in class chr_file not defined in policy.
[   31.804517] SELinux:  Permission map in class blk_file not defined in policy.
[   31.809891] SELinux:  Permission watch in class blk_file not defined in policy.
[   31.812286] SELinux:  Permission watch_mount in class blk_file not defined in policy.
[   31.814526] SELinux:  Permission watch_sb in class blk_file not defined in policy.
[   31.842669] SELinux:  Permission watch_with_perm in class blk_file not defined in policy.
[   31.853297] SELinux:  Permission watch_reads in class blk_file not defined in policy.
[   31.862755] SELinux:  Permission map in class sock_file not defined in policy.
[   31.868800] SELinux:  Permission watch in class sock_file not defined in policy.
[   31.895876] SELinux:  Permission watch_mount in class sock_file not defined in policy.
[   31.900381] SELinux:  Permission watch_sb in class sock_file not defined in policy.
[   31.904252] SELinux:  Permission watch_with_perm in class sock_file not defined in policy.
[   31.925699] SELinux:  Permission watch_reads in class sock_file not defined in policy.
[   31.938970] SELinux:  Permission map in class fifo_file not defined in policy.
[   31.946283] SELinux:  Permission watch in class fifo_file not defined in policy.
[   31.948152] SELinux:  Permission watch_mount in class fifo_file not defined in policy.
[   31.965621] SELinux:  Permission watch_sb in class fifo_file not defined in policy.
[   31.968178] SELinux:  Permission watch_with_perm in class fifo_file not defined in policy.
[   31.995994] SELinux:  Permission watch_reads in class fifo_file not defined in policy.
[   31.998730] SELinux:  Permission map in class socket not defined in policy.
[   32.008971] SELinux:  Permission map in class tcp_socket not defined in policy.
[   32.011339] SELinux:  Permission map in class udp_socket not defined in policy.
[   32.035395] SELinux:  Permission map in class rawip_socket not defined in policy.
[   32.041088] SELinux:  Permission map in class netlink_socket not defined in policy.
[   32.047415] SELinux:  Permission map in class packet_socket not defined in policy.
[   32.049946] SELinux:  Permission map in class key_socket not defined in policy.
[   32.069074] SELinux:  Permission map in class unix_stream_socket not defined in policy.
[   32.080389] SELinux:  Permission map in class unix_dgram_socket not defined in policy.
[   32.083011] SELinux:  Permission map in class netlink_route_socket not defined in policy.
[   32.106840] SELinux:  Permission map in class netlink_tcpdiag_socket not defined in policy.
[   32.112246] SELinux:  Permission map in class netlink_nflog_socket not defined in policy.
[   32.114886] SELinux:  Permission map in class netlink_xfrm_socket not defined in policy.
[   32.138474] SELinux:  Permission map in class netlink_selinux_socket not defined in policy.
[   32.152242] SELinux:  Permission map in class netlink_iscsi_socket not defined in policy.
[   32.162404] SELinux:  Permission map in class netlink_audit_socket not defined in policy.
[   32.178849] SELinux:  Permission map in class netlink_fib_lookup_socket not defined in policy.
[   32.188877] SELinux:  Permission map in class netlink_connector_socket not defined in policy.
[   32.200249] SELinux:  Permission map in class netlink_netfilter_socket not defined in policy.
[   32.224353] SELinux:  Permission map in class netlink_dnrt_socket not defined in policy.
[   32.238891] SELinux:  Permission map in class netlink_kobject_uevent_socket not defined in policy.
[   32.258113] SELinux:  Permission map in class netlink_generic_socket not defined in policy.
[   32.278187] SELinux:  Permission map in class netlink_scsitransport_socket not defined in policy.
[   32.298443] SELinux:  Permission map in class netlink_rdma_socket not defined in policy.
[   32.316679] SELinux:  Permission map in class netlink_crypto_socket not defined in policy.
[   32.334781] SELinux:  Permission map in class appletalk_socket not defined in policy.
[   32.348698] SELinux:  Permission map in class dccp_socket not defined in policy.
[   32.369651] SELinux:  Permission perfmon in class capability2 not defined in policy.
[   32.378848] SELinux:  Permission bpf in class capability2 not defined in policy.
[   32.387417] SELinux:  Permission checkpoint_restore in class capability2 not defined in policy.
[   32.401219] SELinux:  Permission map in class tun_socket not defined in policy.
[   32.415542] SELinux:  Permission perfmon in class cap2_userns not defined in policy.
[   32.432040] SELinux:  Permission bpf in class cap2_userns not defined in policy.
[   32.447403] SELinux:  Permission checkpoint_restore in class cap2_userns not defined in policy.
[   32.464318] SELinux:  Class sctp_socket not defined in policy.
[   32.487948] SELinux:  Class icmp_socket not defined in policy.
[   32.493467] SELinux:  Class ax25_socket not defined in policy.
[   32.508256] SELinux:  Class ipx_socket not defined in policy.
[   32.518759] SELinux:  Class netrom_socket not defined in policy.
[   32.537268] SELinux:  Class atmpvc_socket not defined in policy.
[   32.545300] SELinux:  Class x25_socket not defined in policy.
[   32.556525] SELinux:  Class rose_socket not defined in policy.
[   32.574987] SELinux:  Class decnet_socket not defined in policy.
[   32.585748] SELinux:  Class atmsvc_socket not defined in policy.
[   32.613992] SELinux:  Class rds_socket not defined in policy.
[   32.621787] SELinux:  Class irda_socket not defined in policy.
[   32.633012] SELinux:  Class pppox_socket not defined in policy.
[   32.643498] SELinux:  Class llc_socket not defined in policy.
[   32.658508] SELinux:  Class can_socket not defined in policy.
[   32.670917] SELinux:  Class tipc_socket not defined in policy.
[   32.678783] SELinux:  Class bluetooth_socket not defined in policy.
[   32.692414] SELinux:  Class iucv_socket not defined in policy.
[   32.706112] SELinux:  Class rxrpc_socket not defined in policy.
[   32.718727] SELinux:  Class isdn_socket not defined in policy.
[   32.727583] SELinux:  Class phonet_socket not defined in policy.
[   32.733938] SELinux:  Class ieee802154_socket not defined in policy.
[   32.745311] SELinux:  Class caif_socket not defined in policy.
[   32.752220] SELinux:  Class alg_socket not defined in policy.
[   32.765004] SELinux:  Class nfc_socket not defined in policy.
[   32.781642] SELinux:  Class vsock_socket not defined in policy.
[   32.790142] SELinux:  Class kcm_socket not defined in policy.
[   32.794099] SELinux:  Class qipcrtr_socket not defined in policy.
[   32.800865] SELinux:  Class smc_socket not defined in policy.
[   32.811291] SELinux:  Class infiniband_pkey not defined in policy.
[   32.815333] SELinux:  Class infiniband_endport not defined in policy.
[   32.830295] SELinux:  Class bpf not defined in policy.
[   32.833807] SELinux:  Class xdp_socket not defined in policy.
[   32.848123] SELinux:  Class mctp_socket not defined in policy.
[   32.856431] SELinux:  Class perf_event not defined in policy.
[   32.862486] SELinux:  Class lockdown not defined in policy.
[   32.871873] SELinux:  Class anon_inode not defined in policy.
[   32.878070] SELinux: the above unknown classes and permissions will be allowed
[   33.016211] SELinux:  policy capability network_peer_controls=1
[   33.022260] SELinux:  policy capability open_perms=1
[   33.035850] SELinux:  policy capability extended_socket_class=0
[   33.045564] SELinux:  policy capability always_check_network=0
[   33.058399] SELinux:  policy capability cgroup_seclabel=0
[   33.068407] SELinux:  policy capability nnp_nosuid_transition=0
[   33.076155] SELinux:  policy capability genfs_seclabel_symlinks=0
[   33.091786] SELinux:  policy capability ioctl_skip_cloexec=0
[   33.321190] audit: type=1403 audit(1669023444.972:2): auid=4294967295 ses=4294967295 lsm=selinux res=1
[   33.366075] systemd[1]: Successfully loaded SELinux policy in 4.632114s.
[   33.519900] audit: type=1400 audit(1669023445.168:3): avc:  denied  { associate } for  pid=1 comm="systemd" name="pts" scontext=system_u:object_r:devpts_t:s0 tcontext=system_u:object_r:device_t:s0 tclass=filesystem permissive=1
[   33.736395] systemd[1]: Relabelled /dev and /run in 168.013ms.
[   33.920067] systemd[1]: systemd 232 running in system mode. (+PAM +AUDIT +SELINUX +IMA +APPARMOR +SMACK +SYSVINIT +UTMP +LIBCRYPTSETUP +GCRYPT +GNUTLS +ACL +XZ +LZ4 +SECCOMP +BLKID +ELFUTILS +KMOD +IDN)
[   33.957304] systemd[1]: Detected virtualization qemu.
[   33.966233] systemd[1]: Detected architecture x86-64.

Welcome to [1mDebian GNU/Linux 9 (stretch)[0m!

[   34.021384] systemd[1]: Set hostname to <syzkaller>.
[   34.400048] systemd-rc-loca (83) used greatest stack depth: 26232 bytes left
[   34.626941] selinux-autorel (84) used greatest stack depth: 25968 bytes left
[   35.149653] systemd[1]: Reached target Remote File Systems.
[[0;32m  OK  [0m] Reached target Remote File Systems.
[   35.186196] systemd[1]: Started Dispatch Password Requests to Console Directory Watch.
[[0;32m  OK  [0m] Started Dispatch Password Requests to Console Directory Watch.
[   35.236729] systemd[1]: Listening on udev Control Socket.
[[0;32m  OK  [0m] Listening on udev Control Socket.
[   35.268278] systemd[1]: Listening on Syslog Socket.
[[0;32m  OK  [0m] Listening on Syslog Socket.
[   35.308299] systemd[1]: Listening on Journal Socket.
[[0;32m  OK  [0m] Listening on Journal Socket.
[   35.333202] systemd[1]: Reached target Swap.
[[0;32m  OK  [0m] Reached target Swap.
[[0;32m  OK  [0m] Listening on Journal Socket (/dev/log).
[[0;32m  OK  [0m] Started Forward Password Requests to Wall Directory Watch.
[[0;32m  OK  [0m] Reached target Encrypted Volumes.
[[0;32m  OK  [0m] Listening on /dev/initctl Compatibility Named Pipe.
[[0;32m  OK  [0m] Set up automount Arbitrary Executabâ€¦rmats File System Automount Point.
[[0;32m  OK  [0m] Listening on udev Kernel Socket.
[[0;32m  OK  [0m] Created slice System Slice.
[[0;32m  OK  [0m] Created slice system-getty.slice.
         Starting Load Kernel Modules...
         Mounting /proc/sys/fs/binfmt_misc...
[[0;32m  OK  [0m] Reached target Slices.
[[0;32m  OK  [0m] Created slice system-serial\x2dgetty.slice.
         Mounting /sys/kernel/debug...
         Mounting POSIX Message Queue File System...
         Mounting /sys/kernel/config...
         Starting Remount Root and Kernel File Systems...
[[0;32m  OK  [0m] Listening on Journal Audit Socket.
[   35.972315] audit: type=1400 audit(1669023447.620:4): avc:  denied  { audit_read } for  pid=1 comm="systemd" capability=37  scontext=system_u:system_r:kernel_t:s0 tcontext=system_u:system_r:kernel_t:s0 tclass=capability2 permissive=1
         Starting Journal Service...
[[0;32m  OK  [0m] Reached target Sockets.
[[0;32m  OK  [0m] Reached target Paths.
         Starting Create Static Device Nodes in /dev...
[[0;32m  OK  [0m] Mounted POSIX Message Queue File System.
[[0;32m  OK  [0m] Mounted /sys/kernel/debug.
[[0;32m  OK  [0m] Mounted /sys/kernel/config.
[[0;32m  OK  [0m] Mounted /proc/sys/fs/binfmt_misc.
[[0;32m  OK  [0m] Started Load Kernel Modules.
[   36.256798] EXT4-fs (sda): re-mounted. Opts: (null). Quota mode: none.
[[0;32m  OK  [0m] Started Remount Root and Kernel File Systems.
         Starting udev Coldplug all Devices...
         Starting Load/Save Random Seed...
         Starting Apply Kernel Variables...
[[0;32m  OK  [0m] Started Load/Save Random Seed.
[[0;32m  OK  [0m] Started Apply Kernel Variables.
[[0;32m  OK  [0m] Started Create Static Device Nodes in /dev.
         Starting udev Kernel Device Manager...
[[0;32m  OK  [0m] Reached target Local File Systems (Pre).
[[0;32m  OK  [0m] Reached target Local File Systems.
         Starting Raise network interfaces...
[   37.765304] ifquery (117) used greatest stack depth: 25208 bytes left
[[0;32m  OK  [0m] Started Journal Service.
         Starting Flush Journal to Persistent Storage...[   37.920592] udevadm (109) used greatest stack depth: 25056 bytes left

[   38.237447] systemd-journald[102]: Received request to flush runtime journal from PID 1
[   38.264672] audit: type=1107 audit(1669023449.889:5): pid=1 uid=0 auid=4294967295 ses=4294967295 subj=system_u:system_r:kernel_t:s0 msg='avc:  denied  { stop } for auid=n/a uid=0 gid=0 path="/lib/systemd/system/systemd-journald.service" cmdline="/bin/journalctl --flush" scontext=system_u:system_r:kernel_t:s0 tcontext=system_u:object_r:unlabeled_t:s0 tclass=service
[   38.264672]  exe="/lib/systemd/systemd" sauid=0 hostname=? addr=? terminal=?'
[[0;32m  OK  [0m] Started Flush Journal to Persistent Storage.
         Starting Create Volatile Files and Directories...
[[0;32m  OK  [0m] Started udev Kernel Device Manager.
[[0;32m  OK  [0m] Started Create Volatile Files and Directories.
         Starting Update UTMP about System Boot/Shutdown...
         Starting Network Time Synchronization...
[[0;32m  OK  [0m] Started Update UTMP about System Boot/Shutdown.
[[0;32m  OK  [0m] Started udev Coldplug all Devices.
[[0;32m  OK  [0m] Started Network Time Synchronization.
[[0;32m  OK  [0m] Reached target System Time Synchronized.
[[0;32m  OK  [0m] Reached target System Initialization.
[[0;32m  OK  [0m] Started Daily apt download activities.
[[0;32m  OK  [0m] Started Daily apt upgrade and clean activities.
[[0;32m  OK  [0m] Started Daily Cleanup of Temporary Directories.
[[0;32m  OK  [0m] Reached target Timers.
[[0;32m  OK  [0m] Reached target Basic System.
         Starting System Logging Service...
[   42.350655] e1000 0000:00:04.0 enp0s4: renamed from eth0
[[0;32m  OK  [0m] Started Regular background program processing daemon.
         Starting getty on tty2-tty6 if dbus and logind are not available...
[[0;32m  OK  [0m] Started System Logging Service.
[[0;32m  OK  [0m] Found device /dev/ttyS0.
[   43.914642] audit: type=1107 audit(1669023455.553:6): pid=1 uid=0 auid=4294967295 ses=4294967295 subj=system_u:system_r:kernel_t:s0 msg='avc:  denied  { start } for auid=n/a uid=0 gid=0 path="/lib/systemd/system/getty@.service" cmdline="/bin/systemctl --no-block start getty@tty2.service getty@tty3.service getty@tty4.service getty@tty5.service getty@tty6.service" scontext=system_u:system_r:kernel_t:s0 tcontext=system_u:object_r:unlabeled_t:s0 tclass=service
[   43.914642]  exe="/lib/systemd/systemd" sauid=0 hostname=? addr=? terminal=?'
[   44.027491] audit: type=1107 audit(1669023455.565:7): pid=1 uid=0 auid=4294967295 ses=4294967295 subj=system_u:system_r:kernel_t:s0 msg='avc:  denied  { status } for auid=n/a uid=0 gid=0 path="/lib/systemd/system/getty@.service" cmdline="/bin/systemctl --no-block start getty@tty2.service getty@tty3.service getty@tty4.service getty@tty5.service getty@tty6.service" scontext=system_u:system_r:kernel_t:s0 tcontext=system_u:object_r:unlabeled_t:s0 tclass=service
[   44.027491]  exe="/lib/systemd/systemd" sauid=0 hostname=? addr=? terminal=?'
[[0;32m  OK  [0m] Started getty on tty2-tty6 if dbus and logind are not available.
[[0;32m  OK  [0m] Listening on Load/Save RF Kill Switch Status /dev/rfkill Watch.
[[0;1;31mFAILED[0m] Failed to start Raise network interfaces.
See 'systemctl status networking.service' for details.
[[0;32m  OK  [0m] Reached target Network.
         Starting OpenBSD Secure Shell server...
         Starting Permit User Sessions...
[[0;32m  OK  [0m] Reached target Network is Online.
         Starting Daily apt download activities...
[[0;32m  OK  [0m] Started Permit User Sessions.
[[0;32m  OK  [0m] Started Getty on tty3.
[[0;32m  OK  [0m] Started Getty on tty6.
[[0;32m  OK  [0m] Started Serial Getty on ttyS0.
[[0;32m  OK  [0m] Started Getty on tty1.
[[0;32m  OK  [0m] Started Getty on tty4.
[[0;32m  OK  [0m] Started Getty on tty2.
[[0;32m  OK  [0m] Started Getty on tty5.
[[0;32m  OK  [0m] Reached target Login Prompts.
[[0;32m  OK  [0m] Started OpenBSD Secure Shell server.
[[0;32m  OK  [0m] Reached target Multi-User System.
[[0;32m  OK  [0m] Reached target Graphical Interface.
         Starting Update UTMP about System Runlevel Changes...
[[0;32m  OK  [0m] Started Update UTMP about System Runlevel Changes.

Debian GNU/Linux 9 syzkaller ttyS0


failed to init instance: failed to create VM: can't ssh into the instance
failed to run ["ssh" "-p" "59970" "-F" "/dev/null" "-o" "UserKnownHostsFile=/dev/null" "-o" "BatchMode=yes" "-o" "IdentitiesOnly=yes" "-o" "StrictHostKeyChecking=no" "-o" "ConnectTimeout=10" "-i" "/home/abel/Documents/workspace/syzkaller/tools/stretch.id_rsa" "root@localhost" "pwd"]: exit status 255
Connection timed out during banner exchange
Connection to 127.0.0.1 port 59970 timed out
[    0.000000] Linux version 5.15.79 (abel@abel-Inspiron-3502) (gcc (Ubuntu 11.3.0-1ubuntu1~22.04) 11.3.0, GNU ld (GNU Binutils for Ubuntu) 2.38) #1 SMP Sun Nov 20 22:22:17 CST 2022
[    0.000000] Command line: root=/dev/sda console=ttyS0 
[    0.000000] x86/fpu: Supporting XSAVE feature 0x001: 'x87 floating point registers'
[    0.000000] x86/fpu: Supporting XSAVE feature 0x002: 'SSE registers'
[    0.000000] x86/fpu: Supporting XSAVE feature 0x008: 'MPX bounds registers'
[    0.000000] x86/fpu: Supporting XSAVE feature 0x010: 'MPX CSR'
[    0.000000] x86/fpu: xstate_offset[3]:  576, xstate_sizes[3]:   64
[    0.000000] x86/fpu: xstate_offset[4]:  640, xstate_sizes[4]:   64
[    0.000000] x86/fpu: Enabled xstate features 0x1b, context size is 704 bytes, using 'compacted' format.
[    0.000000] signal: max sigframe size: 2032
[    0.000000] BIOS-provided physical RAM map:
[    0.000000] BIOS-e820: [mem 0x0000000000000000-0x000000000009fbff] usable
[    0.000000] BIOS-e820: [mem 0x000000000009fc00-0x000000000009ffff] reserved
[    0.000000] BIOS-e820: [mem 0x00000000000f0000-0x00000000000fffff] reserved
[    0.000000] BIOS-e820: [mem 0x0000000000100000-0x000000007ffdffff] usable
[    0.000000] BIOS-e820: [mem 0x000000007ffe0000-0x000000007fffffff] reserved
[    0.000000] BIOS-e820: [mem 0x00000000feffc000-0x00000000feffffff] reserved
[    0.000000] BIOS-e820: [mem 0x00000000fffc0000-0x00000000ffffffff] reserved
[    0.000000] NX (Execute Disable) protection: active
[    0.000000] SMBIOS 2.8 present.
[    0.000000] DMI: QEMU Standard PC (i440FX + PIIX, 1996), BIOS 1.15.0-1 04/01/2014
[    0.000000] Hypervisor detected: KVM
[    0.000000] kvm-clock: Using msrs 4b564d01 and 4b564d00
[    0.000000] kvm-clock: cpu 0, msr 1e292001, primary cpu clock
[    0.000008] kvm-clock: using sched offset of 2220398890 cycles
[    0.000030] clocksource: kvm-clock: mask: 0xffffffffffffffff max_cycles: 0x1cd42e4dffb, max_idle_ns: 881590591483 ns
[    0.000058] tsc: Detected 1094.400 MHz processor
[    0.032820] last_pfn = 0x7ffe0 max_arch_pfn = 0x400000000
[    0.032910] x86/PAT: Configuration [0-7]: WB  WC  UC- UC  WB  WP  UC- WT  
[    0.051583] found SMP MP-table at [mem 0x000f5b90-0x000f5b9f]
[    0.051785] Using GB pages for direct mapping
[    0.052955] ACPI: Early table checksum verification disabled
[    0.052987] ACPI: RSDP 0x00000000000F59D0 000014 (v00 BOCHS )
[    0.053029] ACPI: RSDT 0x000000007FFE1967 000034 (v01 BOCHS  BXPC     00000001 BXPC 00000001)
[    0.053073] ACPI: FACP 0x000000007FFE1813 000074 (v01 BOCHS  BXPC     00000001 BXPC 00000001)
[    0.053119] ACPI: DSDT 0x000000007FFE0040 0017D3 (v01 BOCHS  BXPC     00000001 BXPC 00000001)
[    0.053156] ACPI: FACS 0x000000007FFE0000 000040
[    0.053185] ACPI: APIC 0x000000007FFE1887 000080 (v01 BOCHS  BXPC     00000001 BXPC 00000001)
[    0.053221] ACPI: HPET 0x000000007FFE1907 000038 (v01 BOCHS  BXPC     00000001 BXPC 00000001)
[    0.053259] ACPI: WAET 0x000000007FFE193F 000028 (v01 BOCHS  BXPC     00000001 BXPC 00000001)
[    0.053293] ACPI: Reserving FACP table memory at [mem 0x7ffe1813-0x7ffe1886]
[    0.053309] ACPI: Reserving DSDT table memory at [mem 0x7ffe0040-0x7ffe1812]
[    0.053325] ACPI: Reserving FACS table memory at [mem 0x7ffe0000-0x7ffe003f]
[    0.053339] ACPI: Reserving APIC table memory at [mem 0x7ffe1887-0x7ffe1906]
[    0.053354] ACPI: Reserving HPET table memory at [mem 0x7ffe1907-0x7ffe193e]
[    0.053369] ACPI: Reserving WAET table memory at [mem 0x7ffe193f-0x7ffe1966]
[    0.073070] No NUMA configuration found
[    0.073098] Faking a node at [mem 0x0000000000000000-0x000000007ffdffff]
[    0.073133] NODE_DATA(0) allocated [mem 0x7ffdc000-0x7ffdffff]
[    0.073243] Zone ranges:
[    0.073256]   DMA      [mem 0x0000000000001000-0x0000000000ffffff]
[    0.073280]   DMA32    [mem 0x0000000001000000-0x000000007ffdffff]
[    0.073300]   Normal   empty
[    0.073314] Movable zone start for each node
[    0.073323] Early memory node ranges
[    0.073332]   node   0: [mem 0x0000000000001000-0x000000000009efff]
[    0.073348]   node   0: [mem 0x0000000000100000-0x000000007ffdffff]
[    0.073367] Initmem setup node 0 [mem 0x0000000000001000-0x000000007ffdffff]
[    0.074610] On node 0, zone DMA: 1 pages in unavailable ranges
[    0.074907] On node 0, zone DMA: 97 pages in unavailable ranges
[    0.261621] On node 0, zone DMA32: 32 pages in unavailable ranges
[    0.739396] kasan: KernelAddressSanitizer initialized
[    0.740023] ACPI: PM-Timer IO Port: 0x608
[    0.740060] ACPI: LAPIC_NMI (acpi_id[0xff] dfl dfl lint[0x1])
[    0.740152] IOAPIC[0]: apic_id 0, version 17, address 0xfec00000, GSI 0-23
[    0.740178] ACPI: INT_SRC_OVR (bus 0 bus_irq 0 global_irq 2 dfl dfl)
[    0.740197] ACPI: INT_SRC_OVR (bus 0 bus_irq 5 global_irq 5 high level)
[    0.740213] ACPI: INT_SRC_OVR (bus 0 bus_irq 9 global_irq 9 high level)
[    0.740230] ACPI: INT_SRC_OVR (bus 0 bus_irq 10 global_irq 10 high level)
[    0.740245] ACPI: INT_SRC_OVR (bus 0 bus_irq 11 global_irq 11 high level)
[    0.740275] ACPI: Using ACPI (MADT) for SMP configuration information
[    0.740288] ACPI: HPET id: 0x8086a201 base: 0xfed00000
[    0.740309] TSC deadline timer available
[    0.740321] smpboot: Allowing 2 CPUs, 0 hotplug CPUs
[    0.740376] kvm-guest: KVM setup pv remote TLB flush
[    0.740392] kvm-guest: setup PV sched yield
[    0.740530] PM: hibernation: Registered nosave memory: [mem 0x00000000-0x00000fff]
[    0.740553] PM: hibernation: Registered nosave memory: [mem 0x0009f000-0x0009ffff]
[    0.740567] PM: hibernation: Registered nosave memory: [mem 0x000a0000-0x000effff]
[    0.740580] PM: hibernation: Registered nosave memory: [mem 0x000f0000-0x000fffff]
[    0.740596] [mem 0x80000000-0xfeffbfff] available for PCI devices
[    0.740609] Booting paravirtualized kernel on KVM
[    0.740623] clocksource: refined-jiffies: mask: 0xffffffff max_cycles: 0xffffffff, max_idle_ns: 1910969940391419 ns
[    0.839158] setup_percpu: NR_CPUS:64 nr_cpumask_bits:64 nr_cpu_ids:2 nr_node_ids:1
[    0.840994] percpu: Embedded 64 pages/cpu s224472 r8192 d29480 u1048576
[    0.841310] kvm-guest: setup async PF for cpu 0
[    0.841329] kvm-guest: stealtime: cpu 0, msr 6d227140
[    0.841373] Built 1 zonelists, mobility grouping on.  Total pages: 515808
[    0.841389] Policy zone: DMA32
[    0.841401] Kernel command line: root=/dev/sda console=ttyS0 
[    0.843126] Dentry cache hash table entries: 262144 (order: 9, 2097152 bytes, linear)
[    0.850653] Inode-cache hash table entries: 131072 (order: 8, 1048576 bytes, linear)
[    0.850995] mem auto-init: stack:off, heap alloc:off, heap free:off
[    1.198459] Memory: 1701340K/2096632K available (45069K kernel code, 7445K rwdata, 8232K rodata, 2080K init, 1604K bss, 395036K reserved, 0K cma-reserved)
[    1.200158] SLUB: HWalign=64, Order=0-3, MinObjects=0, CPUs=2, Nodes=1
[    1.201582] rcu: Hierarchical RCU implementation.
[    1.201599] rcu: 	RCU event tracing is enabled.
[    1.201608] rcu: 	RCU restricting CPUs from NR_CPUS=64 to nr_cpu_ids=2.
[    1.201759] rcu: RCU calculated value of scheduler-enlistment delay is 100 jiffies.
[    1.201773] rcu: Adjusting geometry for rcu_fanout_leaf=16, nr_cpu_ids=2
[    1.289594] NR_IRQS: 4352, nr_irqs: 440, preallocated irqs: 16
[    1.291274] random: crng init done
[    1.339925] Console: colour VGA+ 80x25
[    2.524614] printk: console [ttyS0] enabled
[    2.529195] ACPI: Core revision 20210730
[    2.536706] clocksource: hpet: mask: 0xffffffff max_cycles: 0xffffffff, max_idle_ns: 19112604467 ns
[    2.553430] APIC: Switch to symmetric I/O mode setup
[    2.562230] kvm-guest: setup PV IPIs
[    2.578147] ..TIMER: vector=0x30 apic1=0 pin1=2 apic2=-1 pin2=-1
[    2.591485] clocksource: tsc-early: mask: 0xffffffffffffffff max_cycles: 0xfc66f4fc7c, max_idle_ns: 440795224246 ns
[    2.614055] Calibrating delay loop (skipped) preset value.. 2188.80 BogoMIPS (lpj=1094400)
[    2.615055] pid_max: default: 32768 minimum: 301
[    2.618825] LSM: Security Framework initializing
[    2.620085] SELinux:  Initializing.
[    2.623046] Mount-cache hash table entries: 4096 (order: 3, 32768 bytes, linear)
[    2.625090] Mountpoint-cache hash table entries: 4096 (order: 3, 32768 bytes, linear)
[    2.631569] x86/cpu: User Mode Instruction Prevention (UMIP) activated
[    2.633327] Last level iTLB entries: 4KB 0, 2MB 0, 4MB 0
[    2.634051] Last level dTLB entries: 4KB 0, 2MB 0, 4MB 0, 1GB 0
[    2.635040] Spectre V1 : Mitigation: usercopy/swapgs barriers and __user pointer sanitization
[    2.635064] Spectre V2 : Mitigation: Enhanced IBRS
[    2.636054] Spectre V2 : Spectre v2 / SpectreRSB mitigation: Filling RSB on context switch
[    2.638063] Spectre V2 : mitigation: Enabling conditional Indirect Branch Prediction Barrier
[    2.640052] Speculative Store Bypass: Mitigation: Speculative Store Bypass disabled via prctl and seccomp
[    2.861065] Freeing SMP alternatives memory: 44K
[    2.863040] smpboot: CPU0: Intel(R) Pentium(R) Silver N5030 CPU @ 1.10GHz (family: 0x6, model: 0x7a, stepping: 0x8)
[    2.865386] Performance Events: Goldmont plus events, 32-deep LBR, full-width counters, Intel PMU driver.
[    2.866082] ... version:                2
[    2.867058] ... bit width:              48
[    2.868058] ... generic registers:      4
[    2.869059] ... value mask:             0000ffffffffffff
[    2.870059] ... max period:             00007fffffffffff
[    2.871058] ... fixed-purpose events:   3
[    2.872055] ... event mask:             000000070000000f
[    2.874536] rcu: Hierarchical SRCU implementation.
[    2.885497] smp: Bringing up secondary CPUs ...
[    2.887235] x86: Booting SMP configuration:
[    2.888062] .... node  #0, CPUs:      #1
[    1.319820] kvm-clock: cpu 1, msr 1e292041, secondary cpu clock
[    2.894182] kvm-guest: setup async PF for cpu 1
[    2.895040] kvm-guest: stealtime: cpu 1, msr 6d327140
[    2.905631] smp: Brought up 1 node, 2 CPUs
[    2.906070] smpboot: Max logical packages: 1
[    2.907057] smpboot: Total of 2 processors activated (4377.60 BogoMIPS)
[    2.911055] devtmpfs: initialized
[    2.927619] clocksource: jiffies: mask: 0xffffffff max_cycles: 0xffffffff, max_idle_ns: 1911260446275000 ns
[    2.928142] futex hash table entries: 512 (order: 3, 32768 bytes, linear)
[    2.931051] PM: RTC time: 09:36:55, date: 2022-11-21
[    2.935041] NET: Registered PF_NETLINK/PF_ROUTE protocol family
[    2.940189] audit: initializing netlink subsys (disabled)
[    2.942466] audit: type=2000 audit(1669023414.873:1): state=initialized audit_enabled=0 res=1
[    2.949061] thermal_sys: Registered thermal governor 'step_wise'
[    2.949077] thermal_sys: Registered thermal governor 'user_space'
[    2.952253] cpuidle: using governor menu
[    2.960163] ACPI: bus type PCI registered
[    2.961808] PCI: Using configuration type 1 for base access
[    3.118351] Kprobes globally optimized
[    3.120363] HugeTLB registered 2.00 MiB page size, pre-allocated 0 pages
[    3.121502] cryptomgr_test (28) used greatest stack depth: 30760 bytes left
[    3.134315] ACPI: Added _OSI(Module Device)
[    3.135109] ACPI: Added _OSI(Processor Device)
[    3.136068] ACPI: Added _OSI(3.0 _SCP Extensions)
[    3.137062] ACPI: Added _OSI(Processor Aggregator Device)
[    3.138106] ACPI: Added _OSI(Linux-Dell-Video)
[    3.139103] ACPI: Added _OSI(Linux-Lenovo-NV-HDMI-Audio)
[    3.140105] ACPI: Added _OSI(Linux-HPI-Hybrid-Graphics)
[    3.227441] ACPI: 1 ACPI AML tables successfully acquired and loaded
[    3.241872] ACPI: Interpreter enabled
[    3.242287] ACPI: PM: (supports S0 S3 S4 S5)
[    3.243061] ACPI: Using IOAPIC for interrupt routing
[    3.244251] PCI: Using host bridge windows from ACPI; if necessary, use "pci=nocrs" and report a bug
[    3.247285] ACPI: Enabled 2 GPEs in block 00 to 0F
[    3.362391] ACPI: PCI Root Bridge [PCI0] (domain 0000 [bus 00-ff])
[    3.363267] acpi PNP0A03:00: _OSC: OS supports [ASPM ClockPM Segments MSI HPX-Type3]
[    3.364459] acpi PNP0A03:00: fail to add MMCONFIG information, can't access extended PCI configuration space under this bridge.
[    3.366268] PCI host bridge to bus 0000:00
[    3.367087] pci_bus 0000:00: root bus resource [io  0x0000-0x0cf7 window]
[    3.368104] pci_bus 0000:00: root bus resource [io  0x0d00-0xffff window]
[    3.369106] pci_bus 0000:00: root bus resource [mem 0x000a0000-0x000bffff window]
[    3.370101] pci_bus 0000:00: root bus resource [mem 0x80000000-0xfebfffff window]
[    3.371113] pci_bus 0000:00: root bus resource [mem 0x100000000-0x17fffffff window]
[    3.372131] pci_bus 0000:00: root bus resource [bus 00-ff]
[    3.378216] pci 0000:00:00.0: [8086:1237] type 00 class 0x060000
[    3.415399] pci 0000:00:01.0: [8086:7000] type 00 class 0x060100
[    3.421861] pci 0000:00:01.1: [8086:7010] type 00 class 0x010180
[    3.425558] pci 0000:00:01.1: reg 0x20: [io  0xc060-0xc06f]
[    3.428476] pci 0000:00:01.1: legacy IDE quirk: reg 0x10: [io  0x01f0-0x01f7]
[    3.429083] pci 0000:00:01.1: legacy IDE quirk: reg 0x14: [io  0x03f6]
[    3.430064] pci 0000:00:01.1: legacy IDE quirk: reg 0x18: [io  0x0170-0x0177]
[    3.431083] pci 0000:00:01.1: legacy IDE quirk: reg 0x1c: [io  0x0376]
[    3.438229] pci 0000:00:01.3: [8086:7113] type 00 class 0x068000
[    3.440427] pci 0000:00:01.3: quirk: [io  0x0600-0x063f] claimed by PIIX4 ACPI
[    3.441088] pci 0000:00:01.3: quirk: [io  0x0700-0x070f] claimed by PIIX4 SMB
[    3.449825] pci 0000:00:02.0: [1234:1111] type 00 class 0x030000
[    3.452087] pci 0000:00:02.0: reg 0x10: [mem 0xfd000000-0xfdffffff pref]
[    3.457088] pci 0000:00:02.0: reg 0x18: [mem 0xfebb0000-0xfebb0fff]
[    3.466092] pci 0000:00:02.0: reg 0x30: [mem 0xfeba0000-0xfebaffff pref]
[    3.467333] pci 0000:00:02.0: Video device with shadowed ROM at [mem 0x000c0000-0x000dffff]
[    3.511157] pci 0000:00:03.0: [1af4:1005] type 00 class 0x00ff00
[    3.514059] pci 0000:00:03.0: reg 0x10: [io  0xc040-0xc05f]
[    3.524063] pci 0000:00:03.0: reg 0x20: [mem 0xfe000000-0xfe003fff 64bit pref]
[    3.573342] pci 0000:00:04.0: [8086:100e] type 00 class 0x020000
[    3.576064] pci 0000:00:04.0: reg 0x10: [mem 0xfeb80000-0xfeb9ffff]
[    3.579063] pci 0000:00:04.0: reg 0x14: [io  0xc000-0xc03f]
[    3.591063] pci 0000:00:04.0: reg 0x30: [mem 0xfeb00000-0xfeb7ffff pref]
[    3.646144] ACPI: PCI: Interrupt link LNKA configured for IRQ 10
[    3.652621] ACPI: PCI: Interrupt link LNKB configured for IRQ 10
[    3.660316] ACPI: PCI: Interrupt link LNKC configured for IRQ 11
[    3.664808] ACPI: PCI: Interrupt link LNKD configured for IRQ 11
[    3.667094] ACPI: PCI: Interrupt link LNKS configured for IRQ 9
[    3.673727] iommu: Default domain type: Translated 
[    3.674057] iommu: DMA domain TLB invalidation policy: lazy mode 
[    3.676036] pci 0000:00:02.0: vgaarb: setting as boot VGA device
[    3.676040] pci 0000:00:02.0: vgaarb: VGA device added: decodes=io+mem,owns=io+mem,locks=none
[    3.676067] pci 0000:00:02.0: vgaarb: bridge control possible
[    3.677062] vgaarb: loaded
[    3.679301] SCSI subsystem initialized
[    3.683150] ACPI: bus type USB registered
[    3.684326] usbcore: registered new interface driver usbfs
[    3.685230] usbcore: registered new interface driver hub
[    3.686193] usbcore: registered new device driver usb
[    3.687326] pps_core: LinuxPPS API ver. 1 registered
[    3.688059] pps_core: Software ver. 5.3.6 - Copyright 2005-2007 Rodolfo Giometti <giometti@linux.it>
[    3.689146] PTP clock support registered
[    3.692596] Advanced Linux Sound Architecture Driver Initialized.
[    3.695385] NetLabel: Initializing
[    3.696067] NetLabel:  domain hash size = 128
[    3.697058] NetLabel:  protocols = UNLABELED CIPSOv4 CALIPSO
[    3.698281] NetLabel:  unlabeled traffic allowed by default
[    3.700136] PCI: Using ACPI for IRQ routing
[    3.702289] hpet0: at MMIO 0xfed00000, IRQs 2, 8, 0
[    3.703057] hpet0: 3 comparators, 64-bit 100.000000 MHz counter
[    3.708132] clocksource: Switched to clocksource kvm-clock
[    4.443631] VFS: Disk quotas dquot_6.6.0
[    4.453075] VFS: Dquot-cache hash table entries: 512 (order 0, 4096 bytes)
[    4.470813] pnp: PnP ACPI init
[    4.520295] pnp: PnP ACPI: found 6 devices
[    4.677727] clocksource: acpi_pm: mask: 0xffffff max_cycles: 0xffffff, max_idle_ns: 2085701024 ns
[    4.683160] NET: Registered PF_INET protocol family
[    4.692829] IP idents hash table entries: 32768 (order: 6, 262144 bytes, linear)
[    4.718748] tcp_listen_portaddr_hash hash table entries: 1024 (order: 2, 16384 bytes, linear)
[    4.734184] Table-perturb hash table entries: 65536 (order: 6, 262144 bytes, linear)
[    4.749068] TCP established hash table entries: 16384 (order: 5, 131072 bytes, linear)
[    4.765173] TCP bind hash table entries: 16384 (order: 6, 262144 bytes, linear)
[    4.779741] TCP: Hash tables configured (established 16384 bind 16384)
[    4.794572] UDP hash table entries: 1024 (order: 3, 32768 bytes, linear)
[    4.802346] UDP-Lite hash table entries: 1024 (order: 3, 32768 bytes, linear)
[    4.819313] NET: Registered PF_UNIX/PF_LOCAL protocol family
[    4.838205] RPC: Registered named UNIX socket transport module.
[    4.847189] RPC: Registered udp transport module.
[    4.855228] RPC: Registered tcp transport module.
[    4.863978] RPC: Registered tcp NFSv4.1 backchannel transport module.
[    4.884639] pci_bus 0000:00: resource 4 [io  0x0000-0x0cf7 window]
[    4.895807] pci_bus 0000:00: resource 5 [io  0x0d00-0xffff window]
[    4.905381] pci_bus 0000:00: resource 6 [mem 0x000a0000-0x000bffff window]
[    4.916950] pci_bus 0000:00: resource 7 [mem 0x80000000-0xfebfffff window]
[    4.928337] pci_bus 0000:00: resource 8 [mem 0x100000000-0x17fffffff window]
[    4.943838] pci 0000:00:01.0: PIIX3: Enabling Passive Release
[    4.953275] pci 0000:00:00.0: Limiting direct PCI/PCI transfers
[    4.963841] pci 0000:00:00.0: quirk_natoma+0x0/0x60 took 10318 usecs
[    4.975988] pci 0000:00:01.0: Activating ISA DMA hang workarounds
[    4.986266] PCI: CLS 0 bytes, default 64
[   10.489379] RAPL PMU: API unit is 2^-32 Joules, 0 fixed counters, 10737418240 ms ovfl timer
[   10.492291] clocksource: tsc: mask: 0xffffffffffffffff max_cycles: 0xfc66f4fc7c, max_idle_ns: 440795224246 ns
[   10.649432] clocksource: Switched to clocksource tsc
[   10.669115] Initialise system trusted keyrings
[   10.697273] workingset: timestamp_bits=56 max_order=19 bucket_order=0
[   10.814818] NFS: Registering the id_resolver key type
[   10.828373] Key type id_resolver registered
[   10.830503] Key type id_legacy registered
[   10.842412] 9p: Installing v9fs 9p2000 file system support
[   10.921664] Key type asymmetric registered
[   10.923049] Asymmetric key parser 'x509' registered
[   10.925036] Block layer SCSI generic (bsg) driver version 0.4 loaded (major 251)
[   10.936592] io scheduler mq-deadline registered
[   10.943428] io scheduler kyber registered
[   10.965134] input: Power Button as /devices/LNXSYSTM:00/LNXPWRBN:00/input/input0
[   10.968236] ACPI: button: Power Button [PWRF]
[   17.811238] ACPI: \_SB_.LNKC: Enabled at IRQ 11
[   17.821087] Serial: 8250/16550 driver, 4 ports, IRQ sharing enabled
[   17.833351] 00:04: ttyS0 at I/O 0x3f8 (irq = 4, base_baud = 115200) is a 16550A
[   17.850502] Non-volatile memory driver v1.3
[   17.859288] Linux agpgart interface v0.103
[   17.930812] loop: module loaded
[   17.963833] scsi host0: ata_piix
[   17.981500] scsi host1: ata_piix
[   17.994977] ata1: PATA max MWDMA2 cmd 0x1f0 ctl 0x3f6 bmdma 0xc060 irq 14
[   18.016091] ata2: PATA max MWDMA2 cmd 0x170 ctl 0x376 bmdma 0xc068 irq 15
[   18.027697] e100: Intel(R) PRO/100 Network Driver
[   18.044355] e100: Copyright(c) 1999-2006 Intel Corporation
[   18.053577] e1000: Intel(R) PRO/1000 Network Driver
[   18.059460] e1000: Copyright (c) 1999-2006 Intel Corporation.
[   18.178416] ata2.00: ATAPI: QEMU DVD-ROM, 2.5+, max UDMA/100
[   18.229949] ata1.00: ATA-7: QEMU HARDDISK, 2.5+, max UDMA/100
[   18.231937] ata1.00: 4194304 sectors, multi 16: LBA48 
[   18.234826] scsi 0:0:0:0: Direct-Access     ATA      QEMU HARDDISK    2.5+ PQ: 0 ANSI: 5
[   18.259350] scsi 0:0:0:0: Attached scsi generic sg0 type 0
[   18.262974] sd 0:0:0:0: [sda] 4194304 512-byte logical blocks: (2.15 GB/2.00 GiB)
[   18.293511] scsi 1:0:0:0: CD-ROM            QEMU     QEMU DVD-ROM     2.5+ PQ: 0 ANSI: 5
[   18.296760] sd 0:0:0:0: [sda] Write Protect is off
[   18.299989] sd 0:0:0:0: [sda] Write cache: enabled, read cache: enabled, doesn't support DPO or FUA
[   18.358312] sd 0:0:0:0: [sda] Attached SCSI disk
[   18.458479] sr 1:0:0:0: [sr0] scsi3-mmc drive: 4x/4x cd/rw xa/form2 tray
[   18.460173] cdrom: Uniform CD-ROM driver Revision: 3.20
[   18.678020] sr 1:0:0:0: Attached scsi generic sg1 type 5
[   25.223390] ACPI: \_SB_.LNKD: Enabled at IRQ 10
[   26.475894] e1000 0000:00:04.0 eth0: (PCI:33MHz:32-bit) 52:54:00:12:34:56
[   26.491079] e1000 0000:00:04.0 eth0: Intel(R) PRO/1000 Network Connection
[   26.510566] e1000e: Intel(R) PRO/1000 Network Driver
[   26.512088] e1000e: Copyright(c) 1999 - 2015 Intel Corporation.
[   26.513959] sky2: driver version 1.30
[   26.534207] ehci_hcd: USB 2.0 'Enhanced' Host Controller (EHCI) Driver
[   26.539679] ehci-pci: EHCI PCI platform driver
[   26.541201] ohci_hcd: USB 1.1 'Open' Host Controller (OHCI) Driver
[   26.565131] ohci-pci: OHCI PCI platform driver
[   26.566790] uhci_hcd: USB Universal Host Controller Interface driver
[   26.569367] usbcore: registered new interface driver usblp
[   26.571225] usbcore: registered new interface driver usb-storage
[   26.601244] i8042: PNP: PS/2 Controller [PNP0303:KBD,PNP0f13:MOU] at 0x60,0x64 irq 1,12
[   26.629586] serio: i8042 KBD port at 0x60,0x64 irq 1
[   26.631188] serio: i8042 AUX port at 0x60,0x64 irq 12
[   26.651467] rtc_cmos 00:05: RTC can wake from S4
[   26.653757] input: AT Translated Set 2 keyboard as /devices/platform/i8042/serio0/input/input1
[   26.659173] rtc_cmos 00:05: registered as rtc0
[   26.669365] rtc_cmos 00:05: alarms up to one day, y3k, 242 bytes nvram, hpet irqs
[   26.694686] device-mapper: ioctl: 4.45.0-ioctl (2021-03-22) initialised: dm-devel@redhat.com
[   26.722885] intel_pstate: CPU model not supported
[   26.737391] hid: raw HID events driver (C) Jiri Kosina
[   26.772617] usbcore: registered new interface driver usbhid
[   26.779648] usbhid: USB HID core driver
[   26.789859] Initializing XFRM netlink socket
[   26.795251] NET: Registered PF_INET6 protocol family
[   26.812244] Segment Routing with IPv6
[   26.813481] In-situ OAM (IOAM) with IPv6
[   26.815280] sit: IPv6, IPv4 and MPLS over IPv4 tunneling driver
[   26.818513] NET: Registered PF_PACKET protocol family
[   26.820603] 9pnet: Installing 9P2000 support
[   26.822104] Key type dns_resolver registered
[   26.838374] IPI shorthand broadcast: enabled
[   26.839770] sched_clock: Marking stable (25520846933, 1318820616)->(28350826788, -1511159239)
[   26.875462] registered taskstats version 1
[   26.889600] Loading compiled-in X.509 certificates
[   26.895511] PM:   Magic number: 14:144:627
[   26.897097] printk: console [netcon0] enabled
[   26.911906] netconsole: network logging started
[   26.925423] cfg80211: Loading compiled-in X.509 certificates for regulatory database
[   26.939370] kworker/u4:2 (73) used greatest stack depth: 28784 bytes left
[   26.956997] cfg80211: Loaded X.509 cert 'sforshee: 00b28ddf47aef9cea7'
[   26.959217] platform regulatory.0: Direct firmware load for regulatory.db failed with error -2
[   26.963037] ALSA device list:
[   26.977874]   No soundcards found.
[   26.984176] cfg80211: failed to load regulatory.db
[   27.413109] input: ImExPS/2 Generic Explorer Mouse as /devices/platform/i8042/serio1/input/input3
[   27.430269] md: Waiting for all devices to be available before autodetect
[   27.438406] md: If you don't use raid, use raid=noautodetect
[   27.446234] md: Autodetecting RAID arrays.
[   27.462438] md: autorun ...
[   27.463373] md: ... autorun DONE.
[   27.511367] EXT4-fs (sda): INFO: recovery required on readonly filesystem
[   27.513564] EXT4-fs (sda): write access will be enabled during recovery
[   27.767412] EXT4-fs (sda): recovery complete
[   27.778152] EXT4-fs (sda): mounted filesystem with ordered data mode. Opts: (null). Quota mode: none.
[   27.785183] VFS: Mounted root (ext4 filesystem) readonly on device 8:0.
[   27.805006] devtmpfs: mounted
[   27.814789] Freeing unused kernel image (initmem) memory: 2080K
[   27.819445] Write protecting the kernel read-only data: 57344k
[   27.842119] Freeing unused kernel image (text/rodata gap) memory: 2032K
[   27.857266] Freeing unused kernel image (rodata/data gap) memory: 2008K
[   27.860976] Run /sbin/init as init process
[   31.145029] SELinux:  Permission getrlimit in class process not defined in policy.
[   31.177247] SELinux:  Class process2 not defined in policy.
[   31.185241] SELinux:  Permission watch in class filesystem not defined in policy.
[   31.196969] SELinux:  Permission map in class file not defined in policy.
[   31.205596] SELinux:  Permission watch in class file not defined in policy.
[   31.213457] SELinux:  Permission watch_mount in class file not defined in policy.
[   31.222310] SELinux:  Permission watch_sb in class file not defined in policy.
[   31.224805] SELinux:  Permission watch_with_perm in class file not defined in policy.
[   31.247690] SELinux:  Permission watch_reads in class file not defined in policy.
[   31.253509] SELinux:  Permission map in class dir not defined in policy.
[   31.278546] SELinux:  Permission watch in class dir not defined in policy.
[   31.281017] SELinux:  Permission watch_mount in class dir not defined in policy.
[   31.289600] SELinux:  Permission watch_sb in class dir not defined in policy.
[   31.302600] SELinux:  Permission watch_with_perm in class dir not defined in policy.
[   31.314283] SELinux:  Permission watch_reads in class dir not defined in policy.
[   31.334102] SELinux:  Permission map in class lnk_file not defined in policy.
[   31.338322] SELinux:  Permission watch in class lnk_file not defined in policy.
[   31.347614] SELinux:  Permission watch_mount in class lnk_file not defined in policy.
[   31.361397] SELinux:  Permission watch_sb in class lnk_file not defined in policy.
[   31.371982] SELinux:  Permission watch_with_perm in class lnk_file not defined in policy.
[   31.383564] SELinux:  Permission watch_reads in class lnk_file not defined in policy.
[   31.394394] SELinux:  Permission map in class chr_file not defined in policy.
[   31.412671] SELinux:  Permission watch in class chr_file not defined in policy.
[   31.441285] SELinux:  Permission watch_mount in class chr_file not defined in policy.
[   31.445823] SELinux:  Permission watch_sb in class chr_file not defined in policy.
[   31.449196] SELinux:  Permission watch_with_perm in class chr_file not defined in policy.
[   31.465314] SELinux:  Permission watch_reads in class chr_file not defined in policy.
[   31.475630] SELinux:  Permission map in class blk_file not defined in policy.
[   31.490675] SELinux:  Permission watch in class blk_file not defined in policy.
[   31.498681] SELinux:  Permission watch_mount in class blk_file not defined in policy.
[   31.509301] SELinux:  Permission watch_sb in class blk_file not defined in policy.
[   31.525289] SELinux:  Permission watch_with_perm in class blk_file not defined in policy.
[   31.527956] SELinux:  Permission watch_reads in class blk_file not defined in policy.
[   31.545273] SELinux:  Permission map in class sock_file not defined in policy.
[   31.553277] SELinux:  Permission watch in class sock_file not defined in policy.
[   31.556165] SELinux:  Permission watch_mount in class sock_file not defined in policy.
[   31.568461] SELinux:  Permission watch_sb in class sock_file not defined in policy.
[   31.585507] SELinux:  Permission watch_with_perm in class sock_file not defined in policy.
[   31.588986] SELinux:  Permission watch_reads in class sock_file not defined in policy.
[   31.608574] SELinux:  Permission map in class fifo_file not defined in policy.
[   31.613779] SELinux:  Permission watch in class fifo_file not defined in policy.
[   31.629825] SELinux:  Permission watch_mount in class fifo_file not defined in policy.
[   31.644424] SELinux:  Permission watch_sb in class fifo_file not defined in policy.
[   31.657280] SELinux:  Permission watch_with_perm in class fifo_file not defined in policy.
[   31.667240] SELinux:  Permission watch_reads in class fifo_file not defined in policy.
[   31.679284] SELinux:  Permission map in class socket not defined in policy.
[   31.693288] SELinux:  Permission map in class tcp_socket not defined in policy.
[   31.698448] SELinux:  Permission map in class udp_socket not defined in policy.
[   31.715515] SELinux:  Permission map in class rawip_socket not defined in policy.
[   31.726125] SELinux:  Permission map in class netlink_socket not defined in policy.
[   31.735738] SELinux:  Permission map in class packet_socket not defined in policy.
[   31.744844] SELinux:  Permission map in class key_socket not defined in policy.
[   31.753730] SELinux:  Permission map in class unix_stream_socket not defined in policy.
[   31.756346] SELinux:  Permission map in class unix_dgram_socket not defined in policy.
[   31.778288] SELinux:  Permission map in class netlink_route_socket not defined in policy.
[   31.786152] SELinux:  Permission map in class netlink_tcpdiag_socket not defined in policy.
[   31.795083] SELinux:  Permission map in class netlink_nflog_socket not defined in policy.
[   31.803450] SELinux:  Permission map in class netlink_xfrm_socket not defined in policy.
[   31.821938] SELinux:  Permission map in class netlink_selinux_socket not defined in policy.
[   31.834139] SELinux:  Permission map in class netlink_iscsi_socket not defined in policy.
[   31.843243] SELinux:  Permission map in class netlink_audit_socket not defined in policy.
[   31.850089] SELinux:  Permission map in class netlink_fib_lookup_socket not defined in policy.
[   31.873635] SELinux:  Permission map in class netlink_connector_socket not defined in policy.
[   31.888527] SELinux:  Permission map in class netlink_netfilter_socket not defined in policy.
[   31.907641] SELinux:  Permission map in class netlink_dnrt_socket not defined in policy.
[   31.925574] SELinux:  Permission map in class netlink_kobject_uevent_socket not defined in policy.
[   31.942930] SELinux:  Permission map in class netlink_generic_socket not defined in policy.
[   31.960296] SELinux:  Permission map in class netlink_scsitransport_socket not defined in policy.
[   31.975253] SELinux:  Permission map in class netlink_rdma_socket not defined in policy.
[   31.989390] SELinux:  Permission map in class netlink_crypto_socket not defined in policy.
[   32.007082] hrtimer: interrupt took 7066224 ns
[   32.012023] SELinux:  Permission map in class appletalk_socket not defined in policy.
[   32.041652] SELinux:  Permission map in class dccp_socket not defined in policy.
[   32.045438] SELinux:  Permission perfmon in class capability2 not defined in policy.
[   32.053486] SELinux:  Permission bpf in class capability2 not defined in policy.
[   32.069032] SELinux:  Permission checkpoint_restore in class capability2 not defined in policy.
[   32.084740] SELinux:  Permission map in class tun_socket not defined in policy.
[   32.101441] SELinux:  Permission perfmon in class cap2_userns not defined in policy.
[   32.107686] SELinux:  Permission bpf in class cap2_userns not defined in policy.
[   32.125239] SELinux:  Permission checkpoint_restore in class cap2_userns not defined in policy.
[   32.138117] SELinux:  Class sctp_socket not defined in policy.
[   32.139601] SELinux:  Class icmp_socket not defined in policy.
[   32.153274] SELinux:  Class ax25_socket not defined in policy.
[   32.169281] SELinux:  Class ipx_socket not defined in policy.
[   32.171457] SELinux:  Class netrom_socket not defined in policy.
[   32.175952] SELinux:  Class atmpvc_socket not defined in policy.
[   32.185270] SELinux:  Class x25_socket not defined in policy.
[   32.191290] SELinux:  Class rose_socket not defined in policy.
[   32.205293] SELinux:  Class decnet_socket not defined in policy.
[   32.213501] SELinux:  Class atmsvc_socket not defined in policy.
[   32.222707] SELinux:  Class rds_socket not defined in policy.
[   32.224577] SELinux:  Class irda_socket not defined in policy.
[   32.233315] SELinux:  Class pppox_socket not defined in policy.
[   32.237477] SELinux:  Class llc_socket not defined in policy.
[   32.244163] SELinux:  Class can_socket not defined in policy.
[   32.260513] SELinux:  Class tipc_socket not defined in policy.
[   32.262708] SELinux:  Class bluetooth_socket not defined in policy.
[   32.270432] SELinux:  Class iucv_socket not defined in policy.
[   32.279110] SELinux:  Class rxrpc_socket not defined in policy.
[   32.301302] SELinux:  Class isdn_socket not defined in policy.
[   32.304195] SELinux:  Class phonet_socket not defined in policy.
[   32.318270] SELinux:  Class ieee802154_socket not defined in policy.
[   32.320734] SELinux:  Class caif_socket not defined in policy.
[   32.330029] SELinux:  Class alg_socket not defined in policy.
[   32.332400] SELinux:  Class nfc_socket not defined in policy.
[   32.347806] SELinux:  Class vsock_socket not defined in policy.
[   32.355471] SELinux:  Class kcm_socket not defined in policy.
[   32.357240] SELinux:  Class qipcrtr_socket not defined in policy.
[   32.366855] SELinux:  Class smc_socket not defined in policy.
[   32.378732] SELinux:  Class infiniband_pkey not defined in policy.
[   32.389287] SELinux:  Class infiniband_endport not defined in policy.
[   32.391438] SELinux:  Class bpf not defined in policy.
[   32.406520] SELinux:  Class xdp_socket not defined in policy.
[   32.408855] SELinux:  Class mctp_socket not defined in policy.
[   32.417617] SELinux:  Class perf_event not defined in policy.
[   32.423880] SELinux:  Class lockdown not defined in policy.
[   32.442058] SELinux:  Class anon_inode not defined in policy.
[   32.447751] SELinux: the above unknown classes and permissions will be allowed
[   32.576754] SELinux:  policy capability network_peer_controls=1
[   32.589020] SELinux:  policy capability open_perms=1
[   32.590600] SELinux:  policy capability extended_socket_class=0
[   32.592481] SELinux:  policy capability always_check_network=0
[   32.611090] SELinux:  policy capability cgroup_seclabel=0
[   32.612889] SELinux:  policy capability nnp_nosuid_transition=0
[   32.630699] SELinux:  policy capability genfs_seclabel_symlinks=0
[   32.632691] SELinux:  policy capability ioctl_skip_cloexec=0
[   32.878033] audit: type=1403 audit(1669023444.808:2): auid=4294967295 ses=4294967295 lsm=selinux res=1
[   32.921474] systemd[1]: Successfully loaded SELinux policy in 4.531134s.
[   33.032679] audit: type=1400 audit(1669023444.963:3): avc:  denied  { associate } for  pid=1 comm="systemd" name="pts" scontext=system_u:object_r:devpts_t:s0 tcontext=system_u:object_r:device_t:s0 tclass=filesystem permissive=1
[   33.205729] systemd[1]: Relabelled /dev and /run in 137.950ms.
[   33.325719] systemd[1]: systemd 232 running in system mode. (+PAM +AUDIT +SELINUX +IMA +APPARMOR +SMACK +SYSVINIT +UTMP +LIBCRYPTSETUP +GCRYPT +GNUTLS +ACL +XZ +LZ4 +SECCOMP +BLKID +ELFUTILS +KMOD +IDN)
[   33.356314] systemd[1]: Detected virtualization qemu.
[   33.374271] systemd[1]: Detected architecture x86-64.

Welcome to [1mDebian GNU/Linux 9 (stretch)[0m!

[   33.413390] systemd[1]: Set hostname to <syzkaller>.
[   33.752590] systemd-fstab-g (86) used greatest stack depth: 26832 bytes left
[   33.913372] systemd-debug-g (87) used greatest stack depth: 26416 bytes left
[   33.940628] systemd-rc-loca (83) used greatest stack depth: 26296 bytes left
[   34.106000] selinux-autorel (84) used greatest stack depth: 25944 bytes left
[   34.971762] systemd[1]: Created slice System Slice.
[[0;32m  OK  [0m] Created slice System Slice.
[   35.019191] systemd[1]: dev-hugepages.mount: Couldn't determine result for ConditionVirtualization=!private-users, assuming failed: No such file or directory
[   35.057280] systemd[1]: Mounting /sys/kernel/config...
         Mounting /sys/kernel/config...
[   35.084519] systemd[1]: Listening on Journal Socket (/dev/log).
[[0;32m  OK  [0m] Listening on Journal Socket (/dev/log).
[   35.097121] systemd[1]: Created slice system-getty.slice.
[[0;32m  OK  [0m] Created slice system-getty.slice.
[   35.126680] systemd[1]: Started Forward Password Requests to Wall Directory Watch.
[[0;32m  OK  [0m] Started Forward Password Requests to Wall Directory Watch.
         Mounting /sys/kernel/debug...
[[0;32m  OK  [0m] Listening on /dev/initctl Compatibility Named Pipe.
[[0;32m  OK  [0m] Started Dispatch Password Requests to Console Directory Watch.
[[0;32m  OK  [0m] Created slice system-serial\x2dgetty.slice.
[[0;32m  OK  [0m] Reached target Swap.
[[0;32m  OK  [0m] Listening on udev Kernel Socket.
         Mounting POSIX Message Queue File System...
[[0;32m  OK  [0m] Listening on Syslog Socket.
[[0;32m  OK  [0m] Reached target Paths.
[[0;32m  OK  [0m] Reached target Remote File Systems.
[[0;32m  OK  [0m] Listening on Journal Socket.
         Starting Load Kernel Modules...
         Starting Remount Root and Kernel File Systems...
[[0;32m  OK  [0m] Reached target Slices.
[[0;32m  OK  [0m] Listening on udev Control Socket.
[[0;32m  OK  [0m] Reached target Encrypted Volumes.
[[0;32m  OK  [0m] Set up automount Arbitrary Executabâ€¦rmats File System Automount Point.
         Mounting /proc/sys/fs/binfmt_misc...
         Starting Create Static Device Nodes in /dev...
[   35.641584] audit: type=1400 audit(1669023447.560:4): avc:  denied  { audit_read } for  pid=1 comm="systemd" capability=37  scontext=system_u:system_r:kernel_t:s0 tcontext=system_u:system_r:kernel_t:s0 tclass=capability2 permissive=1
[   35.689710] EXT4-fs (sda): re-mounted. Opts: (null). Quota mode: none.
[[0;32m  OK  [0m] Listening on Journal Audit Socket.
         Starting Journal Service...
[[0;32m  OK  [0m] Reached target Sockets.
[[0;32m  OK  [0m] Mounted POSIX Message Queue File System.
[[0;32m  OK  [0m] Mounted /sys/kernel/debug.
[[0;32m  OK  [0m] Mounted /sys/kernel/config.
[[0;32m  OK  [0m] Mounted /proc/sys/fs/binfmt_misc.
[[0;32m  OK  [0m] Started Load Kernel Modules.
[[0;32m  OK  [0m] Started Remount Root and Kernel File Systems.
         Starting Load/Save Random Seed...
         Starting udev Coldplug all Devices...
         Starting Apply Kernel Variables...
[[0;32m  OK  [0m] Started Load/Save Random Seed.
[[0;32m  OK  [0m] Started Apply Kernel Variables.
[   36.704539] systemd-tmpfile (105) used greatest stack depth: 25856 bytes left
[[0;32m  OK  [0m] Started Create Static Device Nodes in /dev.
[[0;32m  OK  [0m] Reached target Local File Systems (Pre).
[[0;32m  OK  [0m] Reached target Local File Systems.
         Starting Raise network interfaces...
         Starting udev Kernel Device Manager...
[[0;32m  OK  [0m] Started Journal Service.
         Starting Flush Journal to Persistent Storage...
[   37.596246] audit: type=1107 audit(1669023449.524:5): pid=1 uid=0 auid=4294967295 ses=4294967295 subj=system_u:system_r:kernel_t:s0 msg='avc:  denied  { stop } for auid=n/a uid=0 gid=0 path="/lib/systemd/system/systemd-journald.service" cmdline="/bin/journalctl --flush" scontext=system_u:system_r:kernel_t:s0 tcontext=system_u:object_r:unlabeled_t:s0 tclass=service
[   37.596246]  exe="/lib/systemd/systemd" sauid=0 hostname=? addr=? terminal=?'
[   37.683349] systemd-journald[107]: Received request to flush runtime journal from PID 1
[[0;32m  OK  [0m] Started Flush Journal to Persistent Storage.
         Starting Create Volatile Files and Directories...
[[0;32m  OK  [0m] Started udev Kernel Device Manager.
[[0;32m  OK  [0m] Started Create Volatile Files and Directories.
         Starting Update UTMP about System Boot/Shutdown...
         Starting Network Time Synchronization...
[[0;32m  OK  [0m] Started Update UTMP about System Boot/Shutdown.
[[0;32m  OK  [0m] Started Network Time Synchronization.
[[0;32m  OK  [0m] Started udev Coldplug all Devices.
[[0;32m  OK  [0m] Reached target System Time Synchronized.
[[0;32m  OK  [0m] Reached target System Initialization.
[[0;32m  OK  [0m] Reached target Basic System.
[[0;32m  OK  [0m] Started Regular background program processing daemon.
         Starting getty on tty2-tty6 if dbus and logind are not available...
[[0;32m  OK  [0m] Started Daily apt download activities.
         Starting System Logging Service...
[[0;32m  OK  [0m] Started Daily apt upgrade and clean activities.
[[0;32m  OK  [0m] Started Daily Cleanup of Temporary Directories.
[[0;32m  OK  [0m] Reached target Timers.
[   42.443261] e1000 0000:00:04.0 enp0s4: renamed from eth0
[[0;32m  OK  [0m] Found device /dev/ttyS0.
[[0;32m  OK  [0m] Started System Logging Service.
[   43.359685] audit: type=1107 audit(1669023455.228:6): pid=1 uid=0 auid=4294967295 ses=4294967295 subj=system_u:system_r:kernel_t:s0 msg='avc:  denied  { start } for auid=n/a uid=0 gid=0 path="/lib/systemd/system/getty@.service" cmdline="/bin/systemctl --no-block start getty@tty2.service getty@tty3.service getty@tty4.service getty@tty5.service getty@tty6.service" scontext=system_u:system_r:kernel_t:s0 tcontext=system_u:object_r:unlabeled_t:s0 tclass=service
[   43.359685]  exe="/lib/systemd/systemd" sauid=0 hostname=? addr=? terminal=?'
[[0;32m  OK  [0m] Listening on Load/Save RF Kill Switch Status /dev/rfkill Watch.
[   43.724786] ln (198) used greatest stack depth: 25056 bytes left
[   43.787831] audit: type=1107 audit(1669023455.290:7): pid=1 uid=0 auid=4294967295 ses=4294967295 subj=system_u:system_r:kernel_t:s0 msg='avc:  denied  { status } for auid=n/a uid=0 gid=0 path="/lib/systemd/system/getty@.service" cmdline="/bin/systemctl --no-block start getty@tty2.service getty@tty3.service getty@tty4.service getty@tty5.service getty@tty6.service" scontext=system_u:system_r:kernel_t:s0 tcontext=system_u:object_r:unlabeled_t:s0 tclass=service
[   43.787831]  exe="/lib/systemd/systemd" sauid=0 hostname=? addr=? terminal=?'
[[0;32m  OK  [0m] Started getty on tty2-tty6 if dbus and logind are not available.
[[0;1;31mFAILED[0m] Failed to start Raise network interfaces.
See 'systemctl status networking.service' for details.
[[0;32m  OK  [0m] Reached target Network.
         Starting Permit User Sessions...
         Starting OpenBSD Secure Shell server...
[[0;32m  OK  [0m] Reached target Network is Online.
         Starting Daily apt download activities...
[[0;32m  OK  [0m] Started Permit User Sessions.
[[0;32m  OK  [0m] Started Getty on tty6.
[[0;32m  OK  [0m] Started Getty on tty5.
[[0;32m  OK  [0m] Started Serial Getty on ttyS0.
[[0;32m  OK  [0m] Started Getty on tty2.
[[0;32m  OK  [0m] Started Getty on tty4.
[[0;32m  OK  [0m] Started Getty on tty3.
[[0;32m  OK  [0m] Started Getty on tty1.
[[0;32m  OK  [0m] Reached target Login Prompts.
[[0;32m  OK  [0m] Started OpenBSD Secure Shell server.
[[0;32m  OK  [0m] Reached target Multi-User System.
[[0;32m  OK  [0m] Reached target Graphical Interface.
         Starting Update UTMP about System Runlevel Changes...
[[0;32m  OK  [0m] Started Update UTMP about System Runlevel Changes.

Debian GNU/Linux 9 syzkaller ttyS0


program did not crash
testing program (duration=15s, {Threaded:true Repeat:true RepeatTimes:0 Procs:8 Slowdown:1 Sandbox:none SandboxArg:0 Leak:false NetInjection:false NetDevices:true NetReset:true Cgroups:true BinfmtMisc:true CloseFDs:true KCSAN:false DevlinkPCI:false NicVF:false USB:false VhciInjection:false Wifi:false IEEE802154:false Sysctl:true UseTmpDir:true HandleSegv:true Repro:true Trace:false LegacyOptions:{Collide:false Fault:false FaultCall:0 FaultNth:0}}): socket$nl_generic-getsockopt$SO_TIMESTAMPING-socket$nl_generic-getsockopt$SO_TIMESTAMPING-pipe-fstatfs-setsockopt$IP_VS_SO_SET_ADD-ioctl$AUTOFS_DEV_IOCTL_SETPIPEFD-creat-bind$packet
detailed listing:
executing program 0:
r0 = socket$nl_generic(0x10, 0x3, 0x10)
getsockopt$SO_TIMESTAMPING(r0, 0x1, 0x0, 0x0, 0x0)
r1 = socket$nl_generic(0x10, 0x3, 0x10)
getsockopt$SO_TIMESTAMPING(r1, 0x1, 0x0, 0x0, 0x0)
pipe(&(0x7f0000000040)={<r2=>0xffffffffffffffff})
fstatfs(r2, &(0x7f0000000180)=""/81)
setsockopt$IP_VS_SO_SET_ADD(r2, 0x0, 0x482, &(0x7f0000000080)={0x32, @local, 0x4e23, 0x0, 'fo\x00', 0x4, 0x101, 0xe}, 0x2c)
ioctl$AUTOFS_DEV_IOCTL_SETPIPEFD(0xffffffffffffffff, 0xc0189378, &(0x7f0000000040)={{0x1, 0x1, 0x18, r0, {r1}}, './file0\x00'})
creat(&(0x7f0000000000)='./file0\x00', 0x0)
bind$packet(0xffffffffffffffff, &(0x7f00000000c0)={0x11, 0x18, 0x0, 0x1, 0x9, 0x6, @broadcast}, 0x14)

program did not crash
single: failed to extract reproducer
bisect: bisecting 328 programs with base timeout 15s
bisect: bisecting 328 programs
bisect: executing all 328 programs
