Extracting prog: 53.856377726s
Minimizing prog: 12m55.069937437s
Simplifying prog options: 0s
Extracting C: 37.449060213s
Simplifying C: 9m14.399980409s


735 programs, 4 VMs, timeouts [15s 1m40s 6m0s]
extracting reproducer from 627 programs
single: executing 8 programs separately with timeout 15s
testing program (duration=15s, {Threaded:true Repeat:true RepeatTimes:0 Procs:8 Slowdown:1 Sandbox:none SandboxArg:0 Leak:false NetInjection:false NetDevices:true NetReset:true Cgroups:true BinfmtMisc:true CloseFDs:true KCSAN:false DevlinkPCI:false NicVF:false USB:false VhciInjection:false Wifi:false IEEE802154:false Sysctl:true UseTmpDir:true HandleSegv:true Repro:true Trace:false LegacyOptions:{Collide:false Fault:false FaultCall:0 FaultNth:0}}): sendmsg$NL80211_CMD_SET_INTERFACE-openat$sysfs-write$P9_RREADDIR
detailed listing:
executing program 0:
sendmsg$NL80211_CMD_SET_INTERFACE(0xffffffffffffffff, &(0x7f00000001c0)={0x0, 0x0, &(0x7f0000000180)={&(0x7f00000000c0)={0x34, 0x0, 0x0, 0x0, 0x0, {{}, {@val={0x8}, @val={0xc}}}, [@NL80211_ATTR_MESH_ID={0xa}]}, 0x34}, 0x1, 0x0, 0x0, 0x8800}, 0xd5)
r0 = openat$sysfs(0xffffffffffffff9c, &(0x7f0000000000)='/sys/kernel/profiling', 0x82281, 0x0)
write$P9_RREADDIR(r0, &(0x7f00000000c0)=ANY=[], 0x68)

program crashed: KASAN: stack-out-of-bounds Read in profile_pc
single: successfully extracted reproducer
found reproducer with 3 syscalls
minimizing guilty program
testing program (duration=22.5s, {Threaded:true Repeat:true RepeatTimes:0 Procs:8 Slowdown:1 Sandbox:none SandboxArg:0 Leak:false NetInjection:false NetDevices:true NetReset:true Cgroups:true BinfmtMisc:true CloseFDs:true KCSAN:false DevlinkPCI:false NicVF:false USB:false VhciInjection:false Wifi:false IEEE802154:false Sysctl:true UseTmpDir:true HandleSegv:true Repro:true Trace:false LegacyOptions:{Collide:false Fault:false FaultCall:0 FaultNth:0}}): sendmsg$NL80211_CMD_SET_INTERFACE-openat$sysfs
detailed listing:
executing program 0:
sendmsg$NL80211_CMD_SET_INTERFACE(0xffffffffffffffff, &(0x7f00000001c0)={0x0, 0x0, &(0x7f0000000180)={&(0x7f00000000c0)={0x34, 0x0, 0x0, 0x0, 0x0, {{}, {@val={0x8}, @val={0xc}}}, [@NL80211_ATTR_MESH_ID={0xa}]}, 0x34}, 0x1, 0x0, 0x0, 0x8800}, 0xd5)
openat$sysfs(0xffffffffffffff9c, &(0x7f0000000000)='/sys/kernel/profiling', 0x82281, 0x0)

program did not crash
testing program (duration=22.5s, {Threaded:true Repeat:true RepeatTimes:0 Procs:8 Slowdown:1 Sandbox:none SandboxArg:0 Leak:false NetInjection:false NetDevices:true NetReset:true Cgroups:true BinfmtMisc:true CloseFDs:true KCSAN:false DevlinkPCI:false NicVF:false USB:false VhciInjection:false Wifi:false IEEE802154:false Sysctl:true UseTmpDir:true HandleSegv:true Repro:true Trace:false LegacyOptions:{Collide:false Fault:false FaultCall:0 FaultNth:0}}): sendmsg$NL80211_CMD_SET_INTERFACE-write$P9_RREADDIR
detailed listing:
executing program 0:
sendmsg$NL80211_CMD_SET_INTERFACE(0xffffffffffffffff, &(0x7f00000001c0)={0x0, 0x0, &(0x7f0000000180)={&(0x7f00000000c0)={0x34, 0x0, 0x0, 0x0, 0x0, {{}, {@val={0x8}, @val={0xc}}}, [@NL80211_ATTR_MESH_ID={0xa}]}, 0x34}, 0x1, 0x0, 0x0, 0x8800}, 0xd5)
write$P9_RREADDIR(0xffffffffffffffff, &(0x7f00000000c0)=ANY=[], 0x68)

program did not crash
testing program (duration=22.5s, {Threaded:true Repeat:true RepeatTimes:0 Procs:8 Slowdown:1 Sandbox:none SandboxArg:0 Leak:false NetInjection:false NetDevices:true NetReset:true Cgroups:true BinfmtMisc:true CloseFDs:true KCSAN:false DevlinkPCI:false NicVF:false USB:false VhciInjection:false Wifi:false IEEE802154:false Sysctl:true UseTmpDir:true HandleSegv:true Repro:true Trace:false LegacyOptions:{Collide:false Fault:false FaultCall:0 FaultNth:0}}): openat$sysfs-write$P9_RREADDIR
detailed listing:
executing program 0:
r0 = openat$sysfs(0xffffffffffffff9c, &(0x7f0000000000)='/sys/kernel/profiling', 0x82281, 0x0)
write$P9_RREADDIR(r0, &(0x7f00000000c0)=ANY=[], 0x68)

failed to init instance: failed to create VM: can't ssh into the instance
failed to run ["ssh" "-p" "1389" "-F" "/dev/null" "-o" "UserKnownHostsFile=/dev/null" "-o" "BatchMode=yes" "-o" "IdentitiesOnly=yes" "-o" "StrictHostKeyChecking=no" "-o" "ConnectTimeout=10" "-i" "/home/abel/Documents/workspace/syzkaller/tools/stretch.id_rsa" "root@localhost" "pwd"]: exit status 255
Connection timed out during banner exchange
Connection to 127.0.0.1 port 1389 timed out
[    0.000000] Linux version 5.15.79 (abel@abel-Inspiron-3502) (gcc (Ubuntu 11.3.0-1ubuntu1~22.04) 11.3.0, GNU ld (GNU Binutils for Ubuntu) 2.38) #1 SMP Sun Nov 20 22:22:17 CST 2022
[    0.000000] Command line: root=/dev/sda console=ttyS0 
[    0.000000] x86/fpu: Supporting XSAVE feature 0x001: 'x87 floating point registers'
[    0.000000] x86/fpu: Supporting XSAVE feature 0x002: 'SSE registers'
[    0.000000] x86/fpu: Supporting XSAVE feature 0x008: 'MPX bounds registers'
[    0.000000] x86/fpu: Supporting XSAVE feature 0x010: 'MPX CSR'
[    0.000000] x86/fpu: xstate_offset[3]:  576, xstate_sizes[3]:   64
[    0.000000] x86/fpu: xstate_offset[4]:  640, xstate_sizes[4]:   64
[    0.000000] x86/fpu: Enabled xstate features 0x1b, context size is 704 bytes, using 'compacted' format.
[    0.000000] signal: max sigframe size: 2032
[    0.000000] BIOS-provided physical RAM map:
[    0.000000] BIOS-e820: [mem 0x0000000000000000-0x000000000009fbff] usable
[    0.000000] BIOS-e820: [mem 0x000000000009fc00-0x000000000009ffff] reserved
[    0.000000] BIOS-e820: [mem 0x00000000000f0000-0x00000000000fffff] reserved
[    0.000000] BIOS-e820: [mem 0x0000000000100000-0x000000007ffdffff] usable
[    0.000000] BIOS-e820: [mem 0x000000007ffe0000-0x000000007fffffff] reserved
[    0.000000] BIOS-e820: [mem 0x00000000feffc000-0x00000000feffffff] reserved
[    0.000000] BIOS-e820: [mem 0x00000000fffc0000-0x00000000ffffffff] reserved
[    0.000000] NX (Execute Disable) protection: active
[    0.000000] SMBIOS 2.8 present.
[    0.000000] DMI: QEMU Standard PC (i440FX + PIIX, 1996), BIOS 1.15.0-1 04/01/2014
[    0.000000] Hypervisor detected: KVM
[    0.000000] kvm-clock: Using msrs 4b564d01 and 4b564d00
[    0.000000] kvm-clock: cpu 0, msr 32892001, primary cpu clock
[    0.000011] kvm-clock: using sched offset of 761874377 cycles
[    0.000036] clocksource: kvm-clock: mask: 0xffffffffffffffff max_cycles: 0x1cd42e4dffb, max_idle_ns: 881590591483 ns
[    0.000068] tsc: Detected 1094.400 MHz processor
[    0.011406] last_pfn = 0x7ffe0 max_arch_pfn = 0x400000000
[    0.011509] x86/PAT: Configuration [0-7]: WB  WC  UC- UC  WB  WP  UC- WT  
[    0.019874] found SMP MP-table at [mem 0x000f5b90-0x000f5b9f]
[    0.020253] Using GB pages for direct mapping
[    0.021508] ACPI: Early table checksum verification disabled
[    0.021553] ACPI: RSDP 0x00000000000F59D0 000014 (v00 BOCHS )
[    0.021595] ACPI: RSDT 0x000000007FFE1967 000034 (v01 BOCHS  BXPC     00000001 BXPC 00000001)
[    0.021641] ACPI: FACP 0x000000007FFE1813 000074 (v01 BOCHS  BXPC     00000001 BXPC 00000001)
[    0.021689] ACPI: DSDT 0x000000007FFE0040 0017D3 (v01 BOCHS  BXPC     00000001 BXPC 00000001)
[    0.021730] ACPI: FACS 0x000000007FFE0000 000040
[    0.021763] ACPI: APIC 0x000000007FFE1887 000080 (v01 BOCHS  BXPC     00000001 BXPC 00000001)
[    0.021805] ACPI: HPET 0x000000007FFE1907 000038 (v01 BOCHS  BXPC     00000001 BXPC 00000001)
[    0.021846] ACPI: WAET 0x000000007FFE193F 000028 (v01 BOCHS  BXPC     00000001 BXPC 00000001)
[    0.021884] ACPI: Reserving FACP table memory at [mem 0x7ffe1813-0x7ffe1886]
[    0.021903] ACPI: Reserving DSDT table memory at [mem 0x7ffe0040-0x7ffe1812]
[    0.021920] ACPI: Reserving FACS table memory at [mem 0x7ffe0000-0x7ffe003f]
[    0.021936] ACPI: Reserving APIC table memory at [mem 0x7ffe1887-0x7ffe1906]
[    0.021952] ACPI: Reserving HPET table memory at [mem 0x7ffe1907-0x7ffe193e]
[    0.022083] ACPI: Reserving WAET table memory at [mem 0x7ffe193f-0x7ffe1966]
[    0.023983] No NUMA configuration found
[    0.024018] Faking a node at [mem 0x0000000000000000-0x000000007ffdffff]
[    0.024055] NODE_DATA(0) allocated [mem 0x7ffdc000-0x7ffdffff]
[    0.024169] Zone ranges:
[    0.024182]   DMA      [mem 0x0000000000001000-0x0000000000ffffff]
[    0.024205]   DMA32    [mem 0x0000000001000000-0x000000007ffdffff]
[    0.024226]   Normal   empty
[    0.024241] Movable zone start for each node
[    0.024251] Early memory node ranges
[    0.024260]   node   0: [mem 0x0000000000001000-0x000000000009efff]
[    0.024276]   node   0: [mem 0x0000000000100000-0x000000007ffdffff]
[    0.024295] Initmem setup node 0 [mem 0x0000000000001000-0x000000007ffdffff]
[    0.026127] On node 0, zone DMA: 1 pages in unavailable ranges
[    0.026464] On node 0, zone DMA: 97 pages in unavailable ranges
[    0.089531] On node 0, zone DMA32: 32 pages in unavailable ranges
[    0.613804] kasan: KernelAddressSanitizer initialized
[    0.614495] ACPI: PM-Timer IO Port: 0x608
[    0.614535] ACPI: LAPIC_NMI (acpi_id[0xff] dfl dfl lint[0x1])
[    0.614626] IOAPIC[0]: apic_id 0, version 17, address 0xfec00000, GSI 0-23
[    0.614652] ACPI: INT_SRC_OVR (bus 0 bus_irq 0 global_irq 2 dfl dfl)
[    0.614672] ACPI: INT_SRC_OVR (bus 0 bus_irq 5 global_irq 5 high level)
[    0.614688] ACPI: INT_SRC_OVR (bus 0 bus_irq 9 global_irq 9 high level)
[    0.614705] ACPI: INT_SRC_OVR (bus 0 bus_irq 10 global_irq 10 high level)
[    0.614722] ACPI: INT_SRC_OVR (bus 0 bus_irq 11 global_irq 11 high level)
[    0.614753] ACPI: Using ACPI (MADT) for SMP configuration information
[    0.614765] ACPI: HPET id: 0x8086a201 base: 0xfed00000
[    0.614790] TSC deadline timer available
[    0.614801] smpboot: Allowing 2 CPUs, 0 hotplug CPUs
[    0.614857] kvm-guest: KVM setup pv remote TLB flush
[    0.614875] kvm-guest: setup PV sched yield
[    0.614994] PM: hibernation: Registered nosave memory: [mem 0x00000000-0x00000fff]
[    0.615016] PM: hibernation: Registered nosave memory: [mem 0x0009f000-0x0009ffff]
[    0.615030] PM: hibernation: Registered nosave memory: [mem 0x000a0000-0x000effff]
[    0.615044] PM: hibernation: Registered nosave memory: [mem 0x000f0000-0x000fffff]
[    0.615060] [mem 0x80000000-0xfeffbfff] available for PCI devices
[    0.615074] Booting paravirtualized kernel on KVM
[    0.615088] clocksource: refined-jiffies: mask: 0xffffffff max_cycles: 0xffffffff, max_idle_ns: 1910969940391419 ns
[    0.665040] setup_percpu: NR_CPUS:64 nr_cpumask_bits:64 nr_cpu_ids:2 nr_node_ids:1
[    0.666189] percpu: Embedded 64 pages/cpu s224472 r8192 d29480 u1048576
[    0.666427] kvm-guest: setup async PF for cpu 0
[    0.666451] kvm-guest: stealtime: cpu 0, msr 6d227140
[    0.666474] Built 1 zonelists, mobility grouping on.  Total pages: 515808
[    0.666491] Policy zone: DMA32
[    0.666503] Kernel command line: root=/dev/sda console=ttyS0 
[    0.667841] Dentry cache hash table entries: 262144 (order: 9, 2097152 bytes, linear)
[    0.668845] Inode-cache hash table entries: 131072 (order: 8, 1048576 bytes, linear)
[    0.669007] mem auto-init: stack:off, heap alloc:off, heap free:off
[    0.844808] Memory: 1701340K/2096632K available (45069K kernel code, 7445K rwdata, 8232K rodata, 2080K init, 1604K bss, 395036K reserved, 0K cma-reserved)
[    0.845302] SLUB: HWalign=64, Order=0-3, MinObjects=0, CPUs=2, Nodes=1
[    0.845740] rcu: Hierarchical RCU implementation.
[    0.845753] rcu: 	RCU event tracing is enabled.
[    0.845762] rcu: 	RCU restricting CPUs from NR_CPUS=64 to nr_cpu_ids=2.
[    0.845776] rcu: RCU calculated value of scheduler-enlistment delay is 100 jiffies.
[    0.845789] rcu: Adjusting geometry for rcu_fanout_leaf=16, nr_cpu_ids=2
[    0.898328] NR_IRQS: 4352, nr_irqs: 440, preallocated irqs: 16
[    0.902390] random: crng init done
[    0.920699] Console: colour VGA+ 80x25
[    1.320873] printk: console [ttyS0] enabled
[    1.334385] ACPI: Core revision 20210730
[    1.336394] clocksource: hpet: mask: 0xffffffff max_cycles: 0xffffffff, max_idle_ns: 19112604467 ns
[    1.350159] APIC: Switch to symmetric I/O mode setup
[    1.351850] kvm-guest: setup PV IPIs
[    1.355264] ..TIMER: vector=0x30 apic1=0 pin1=2 apic2=-1 pin2=-1
[    1.357265] clocksource: tsc-early: mask: 0xffffffffffffffff max_cycles: 0xfc66f4fc7c, max_idle_ns: 440795224246 ns
[    1.368234] Calibrating delay loop (skipped) preset value.. 2188.80 BogoMIPS (lpj=1094400)
[    1.369231] pid_max: default: 32768 minimum: 301
[    1.371417] LSM: Security Framework initializing
[    1.372331] SELinux:  Initializing.
[    1.373583] Mount-cache hash table entries: 4096 (order: 3, 32768 bytes, linear)
[    1.374245] Mountpoint-cache hash table entries: 4096 (order: 3, 32768 bytes, linear)
[    1.377902] x86/cpu: User Mode Instruction Prevention (UMIP) activated
[    1.378434] Last level iTLB entries: 4KB 0, 2MB 0, 4MB 0
[    1.379230] Last level dTLB entries: 4KB 0, 2MB 0, 4MB 0, 1GB 0
[    1.380258] Spectre V1 : Mitigation: usercopy/swapgs barriers and __user pointer sanitization
[    1.381237] Spectre V2 : Mitigation: Enhanced IBRS
[    1.382252] Spectre V2 : Spectre v2 / SpectreRSB mitigation: Filling RSB on context switch
[    1.383246] Spectre V2 : mitigation: Enabling conditional Indirect Branch Prediction Barrier
[    1.384234] Speculative Store Bypass: Mitigation: Speculative Store Bypass disabled via prctl and seccomp
[    1.486747] Freeing SMP alternatives memory: 44K
[    1.487627] smpboot: CPU0: Intel(R) Pentium(R) Silver N5030 CPU @ 1.10GHz (family: 0x6, model: 0x7a, stepping: 0x8)
[    1.488955] Performance Events: Goldmont plus events, 32-deep LBR, full-width counters, Intel PMU driver.
[    1.489243] ... version:                2
[    1.490235] ... bit width:              48
[    1.491232] ... generic registers:      4
[    1.492238] ... value mask:             0000ffffffffffff
[    1.493232] ... max period:             00007fffffffffff
[    1.494233] ... fixed-purpose events:   3
[    1.495235] ... event mask:             000000070000000f
[    1.496754] rcu: Hierarchical SRCU implementation.
[    1.499608] smp: Bringing up secondary CPUs ...
[    1.500855] x86: Booting SMP configuration:
[    1.501234] .... node  #0, CPUs:      #1
[    0.462867] kvm-clock: cpu 1, msr 32892041, secondary cpu clock
[    1.511287] kvm-guest: setup async PF for cpu 1
[    1.512218] kvm-guest: stealtime: cpu 1, msr 6d327140
[    1.513362] smp: Brought up 1 node, 2 CPUs
[    1.514238] smpboot: Max logical packages: 1
[    1.515232] smpboot: Total of 2 processors activated (4377.60 BogoMIPS)
[    1.518441] devtmpfs: initialized
[    1.525816] clocksource: jiffies: mask: 0xffffffff max_cycles: 0xffffffff, max_idle_ns: 1911260446275000 ns
[    1.529253] futex hash table entries: 512 (order: 3, 32768 bytes, linear)
[    1.532217] PM: RTC time: 14:57:46, date: 2022-11-21
[    1.535070] NET: Registered PF_NETLINK/PF_ROUTE protocol family
[    1.542463] audit: initializing netlink subsys (disabled)
[    1.548495] audit: type=2000 audit(1669042666.311:1): state=initialized audit_enabled=0 res=1
[    1.551034] thermal_sys: Registered thermal governor 'step_wise'
[    1.551240] thermal_sys: Registered thermal governor 'user_space'
[    1.553307] cpuidle: using governor menu
[    1.556656] ACPI: bus type PCI registered
[    1.558651] PCI: Using configuration type 1 for base access
[    1.652497] Kprobes globally optimized
[    1.654282] HugeTLB registered 2.00 MiB page size, pre-allocated 0 pages
[    1.655441] cryptomgr_test (28) used greatest stack depth: 30760 bytes left
[    1.682733] cryptomgr_test (33) used greatest stack depth: 30704 bytes left
[    1.685616] ACPI: Added _OSI(Module Device)
[    1.687318] ACPI: Added _OSI(Processor Device)
[    1.688234] ACPI: Added _OSI(3.0 _SCP Extensions)
[    1.689233] ACPI: Added _OSI(Processor Aggregator Device)
[    1.690255] ACPI: Added _OSI(Linux-Dell-Video)
[    1.691265] ACPI: Added _OSI(Linux-Lenovo-NV-HDMI-Audio)
[    1.692258] ACPI: Added _OSI(Linux-HPI-Hybrid-Graphics)
[    1.728188] ACPI: 1 ACPI AML tables successfully acquired and loaded
[    1.737460] ACPI: Interpreter enabled
[    1.738446] ACPI: PM: (supports S0 S3 S4 S5)
[    1.739237] ACPI: Using IOAPIC for interrupt routing
[    1.740458] PCI: Using host bridge windows from ACPI; if necessary, use "pci=nocrs" and report a bug
[    1.743436] ACPI: Enabled 2 GPEs in block 00 to 0F
[    1.812605] ACPI: PCI Root Bridge [PCI0] (domain 0000 [bus 00-ff])
[    1.813287] acpi PNP0A03:00: _OSC: OS supports [ASPM ClockPM Segments MSI HPX-Type3]
[    1.814493] acpi PNP0A03:00: fail to add MMCONFIG information, can't access extended PCI configuration space under this bridge.
[    1.815936] PCI host bridge to bus 0000:00
[    1.816264] pci_bus 0000:00: root bus resource [io  0x0000-0x0cf7 window]
[    1.817256] pci_bus 0000:00: root bus resource [io  0x0d00-0xffff window]
[    1.818259] pci_bus 0000:00: root bus resource [mem 0x000a0000-0x000bffff window]
[    1.819263] pci_bus 0000:00: root bus resource [mem 0x80000000-0xfebfffff window]
[    1.820255] pci_bus 0000:00: root bus resource [mem 0x100000000-0x17fffffff window]
[    1.821268] pci_bus 0000:00: root bus resource [bus 00-ff]
[    1.825333] pci 0000:00:00.0: [8086:1237] type 00 class 0x060000
[    1.849440] pci 0000:00:01.0: [8086:7000] type 00 class 0x060100
[    1.855022] pci 0000:00:01.1: [8086:7010] type 00 class 0x010180
[    1.858716] pci 0000:00:01.1: reg 0x20: [io  0xc060-0xc06f]
[    1.861265] pci 0000:00:01.1: legacy IDE quirk: reg 0x10: [io  0x01f0-0x01f7]
[    1.862245] pci 0000:00:01.1: legacy IDE quirk: reg 0x14: [io  0x03f6]
[    1.863239] pci 0000:00:01.1: legacy IDE quirk: reg 0x18: [io  0x0170-0x0177]
[    1.864245] pci 0000:00:01.1: legacy IDE quirk: reg 0x1c: [io  0x0376]
[    1.869053] pci 0000:00:01.3: [8086:7113] type 00 class 0x068000
[    1.870112] pci 0000:00:01.3: quirk: [io  0x0600-0x063f] claimed by PIIX4 ACPI
[    1.870272] pci 0000:00:01.3: quirk: [io  0x0700-0x070f] claimed by PIIX4 SMB
[    1.876518] pci 0000:00:02.0: [1234:1111] type 00 class 0x030000
[    1.879094] pci 0000:00:02.0: reg 0x10: [mem 0xfd000000-0xfdffffff pref]
[    1.882063] pci 0000:00:02.0: reg 0x18: [mem 0xfebb0000-0xfebb0fff]
[    1.888261] pci 0000:00:02.0: reg 0x30: [mem 0xfeba0000-0xfebaffff pref]
[    1.889477] pci 0000:00:02.0: Video device with shadowed ROM at [mem 0x000c0000-0x000dffff]
[    1.913779] pci 0000:00:03.0: [1af4:1005] type 00 class 0x00ff00
[    1.915238] pci 0000:00:03.0: reg 0x10: [io  0xc040-0xc05f]
[    1.920841] pci 0000:00:03.0: reg 0x20: [mem 0xfe000000-0xfe003fff 64bit pref]
[    1.946130] pci 0000:00:04.0: [8086:100e] type 00 class 0x020000
[    1.948218] pci 0000:00:04.0: reg 0x10: [mem 0xfeb80000-0xfeb9ffff]
[    1.950238] pci 0000:00:04.0: reg 0x14: [io  0xc000-0xc03f]
[    1.957239] pci 0000:00:04.0: reg 0x30: [mem 0xfeb00000-0xfeb7ffff pref]
[    1.984610] ACPI: PCI: Interrupt link LNKA configured for IRQ 10
[    1.987483] ACPI: PCI: Interrupt link LNKB configured for IRQ 10
[    1.990367] ACPI: PCI: Interrupt link LNKC configured for IRQ 11
[    1.994851] ACPI: PCI: Interrupt link LNKD configured for IRQ 11
[    1.996254] ACPI: PCI: Interrupt link LNKS configured for IRQ 9
[    2.000948] iommu: Default domain type: Translated 
[    2.001235] iommu: DMA domain TLB invalidation policy: lazy mode 
[    2.002730] pci 0000:00:02.0: vgaarb: setting as boot VGA device
[    2.003218] pci 0000:00:02.0: vgaarb: VGA device added: decodes=io+mem,owns=io+mem,locks=none
[    2.003244] pci 0000:00:02.0: vgaarb: bridge control possible
[    2.004237] vgaarb: loaded
[    2.006526] SCSI subsystem initialized
[    2.009828] ACPI: bus type USB registered
[    2.010458] usbcore: registered new interface driver usbfs
[    2.011385] usbcore: registered new interface driver hub
[    2.012358] usbcore: registered new device driver usb
[    2.014208] pps_core: LinuxPPS API ver. 1 registered
[    2.015264] pps_core: Software ver. 5.3.6 - Copyright 2005-2007 Rodolfo Giometti <giometti@linux.it>
[    2.016536] PTP clock support registered
[    2.018648] Advanced Linux Sound Architecture Driver Initialized.
[    2.020809] NetLabel: Initializing
[    2.021234] NetLabel:  domain hash size = 128
[    2.022233] NetLabel:  protocols = UNLABELED CIPSOv4 CALIPSO
[    2.023450] NetLabel:  unlabeled traffic allowed by default
[    2.024709] PCI: Using ACPI for IRQ routing
[    2.026722] hpet0: at MMIO 0xfed00000, IRQs 2, 8, 0
[    2.027248] hpet0: 3 comparators, 64-bit 100.000000 MHz counter
[    2.032332] clocksource: Switched to clocksource kvm-clock
[    2.261955] VFS: Disk quotas dquot_6.6.0
[    2.263471] VFS: Dquot-cache hash table entries: 512 (order 0, 4096 bytes)
[    2.266337] pnp: PnP ACPI init
[    2.292861] pnp: PnP ACPI: found 6 devices
[    2.350878] clocksource: acpi_pm: mask: 0xffffff max_cycles: 0xffffff, max_idle_ns: 2085701024 ns
[    2.354197] NET: Registered PF_INET protocol family
[    2.357174] IP idents hash table entries: 32768 (order: 6, 262144 bytes, linear)
[    2.365663] tcp_listen_portaddr_hash hash table entries: 1024 (order: 2, 16384 bytes, linear)
[    2.373032] Table-perturb hash table entries: 65536 (order: 6, 262144 bytes, linear)
[    2.379668] TCP established hash table entries: 16384 (order: 5, 131072 bytes, linear)
[    2.387096] TCP bind hash table entries: 16384 (order: 6, 262144 bytes, linear)
[    2.393024] TCP: Hash tables configured (established 16384 bind 16384)
[    2.397507] UDP hash table entries: 1024 (order: 3, 32768 bytes, linear)
[    2.403033] UDP-Lite hash table entries: 1024 (order: 3, 32768 bytes, linear)
[    2.409271] NET: Registered PF_UNIX/PF_LOCAL protocol family
[    2.415495] RPC: Registered named UNIX socket transport module.
[    2.418648] RPC: Registered udp transport module.
[    2.422373] RPC: Registered tcp transport module.
[    2.427093] RPC: Registered tcp NFSv4.1 backchannel transport module.
[    2.435244] pci_bus 0000:00: resource 4 [io  0x0000-0x0cf7 window]
[    2.438497] pci_bus 0000:00: resource 5 [io  0x0d00-0xffff window]
[    2.443644] pci_bus 0000:00: resource 6 [mem 0x000a0000-0x000bffff window]
[    2.448282] pci_bus 0000:00: resource 7 [mem 0x80000000-0xfebfffff window]
[    2.453840] pci_bus 0000:00: resource 8 [mem 0x100000000-0x17fffffff window]
[    2.460454] pci 0000:00:01.0: PIIX3: Enabling Passive Release
[    2.466327] pci 0000:00:00.0: Limiting direct PCI/PCI transfers
[    2.472705] pci 0000:00:01.0: Activating ISA DMA hang workarounds
[    2.480858] PCI: CLS 0 bytes, default 64
[    4.811260] RAPL PMU: API unit is 2^-32 Joules, 0 fixed counters, 10737418240 ms ovfl timer
[    4.826051] clocksource: tsc: mask: 0xffffffffffffffff max_cycles: 0xfc66f4fc7c, max_idle_ns: 440795224246 ns
[    4.910357] clocksource: Switched to clocksource tsc
[    4.931730] Initialise system trusted keyrings
[    4.940684] workingset: timestamp_bits=56 max_order=19 bucket_order=0
[    5.019015] NFS: Registering the id_resolver key type
[    5.020542] Key type id_resolver registered
[    5.021616] Key type id_legacy registered
[    5.023068] 9p: Installing v9fs 9p2000 file system support
[    5.065648] Key type asymmetric registered
[    5.067131] Asymmetric key parser 'x509' registered
[    5.068886] Block layer SCSI generic (bsg) driver version 0.4 loaded (major 251)
[    5.070815] io scheduler mq-deadline registered
[    5.072011] io scheduler kyber registered
[    5.075478] input: Power Button as /devices/LNXSYSTM:00/LNXPWRBN:00/input/input0
[    5.088861] ACPI: button: Power Button [PWRF]
[    7.826130] ACPI: \_SB_.LNKC: Enabled at IRQ 11
[    7.831852] Serial: 8250/16550 driver, 4 ports, IRQ sharing enabled
[    7.836144] 00:04: ttyS0 at I/O 0x3f8 (irq = 4, base_baud = 115200) is a 16550A
[    7.845887] Non-volatile memory driver v1.3
[    7.848972] Linux agpgart interface v0.103
[    7.873632] loop: module loaded
[    7.891388] scsi host0: ata_piix
[    7.895812] scsi host1: ata_piix
[    7.898647] ata1: PATA max MWDMA2 cmd 0x1f0 ctl 0x3f6 bmdma 0xc060 irq 14
[    7.902732] ata2: PATA max MWDMA2 cmd 0x170 ctl 0x376 bmdma 0xc068 irq 15
[    7.916130] e100: Intel(R) PRO/100 Network Driver
[    7.919984] e100: Copyright(c) 1999-2006 Intel Corporation
[    7.923303] e1000: Intel(R) PRO/1000 Network Driver
[    7.924975] e1000: Copyright (c) 1999-2006 Intel Corporation.
[    8.069505] ata2.00: ATAPI: QEMU DVD-ROM, 2.5+, max UDMA/100
[    8.073189] ata1.00: ATA-7: QEMU HARDDISK, 2.5+, max UDMA/100
[    8.077966] ata1.00: 4194304 sectors, multi 16: LBA48 
[    8.082440] scsi 0:0:0:0: Direct-Access     ATA      QEMU HARDDISK    2.5+ PQ: 0 ANSI: 5
[    8.095987] scsi 0:0:0:0: Attached scsi generic sg0 type 0
[    8.105083] sd 0:0:0:0: [sda] 4194304 512-byte logical blocks: (2.15 GB/2.00 GiB)
[    8.109613] sd 0:0:0:0: [sda] Write Protect is off
[    8.125203] sd 0:0:0:0: [sda] Write cache: enabled, read cache: enabled, doesn't support DPO or FUA
[    8.125233] scsi 1:0:0:0: CD-ROM            QEMU     QEMU DVD-ROM     2.5+ PQ: 0 ANSI: 5
[    8.147399] sd 0:0:0:0: [sda] Attached SCSI disk
[    8.269385] sr 1:0:0:0: [sr0] scsi3-mmc drive: 4x/4x cd/rw xa/form2 tray
[    8.271732] cdrom: Uniform CD-ROM driver Revision: 3.20
[    8.403925] sr 1:0:0:0: Attached scsi generic sg1 type 5
[   11.242939] ACPI: \_SB_.LNKD: Enabled at IRQ 10
[   11.941092] e1000 0000:00:04.0 eth0: (PCI:33MHz:32-bit) 52:54:00:12:34:56
[   11.945076] e1000 0000:00:04.0 eth0: Intel(R) PRO/1000 Network Connection
[   11.960305] e1000e: Intel(R) PRO/1000 Network Driver
[   11.963132] e1000e: Copyright(c) 1999 - 2015 Intel Corporation.
[   11.966862] sky2: driver version 1.30
[   11.970068] ehci_hcd: USB 2.0 'Enhanced' Host Controller (EHCI) Driver
[   11.973818] ehci-pci: EHCI PCI platform driver
[   11.987533] ohci_hcd: USB 1.1 'Open' Host Controller (OHCI) Driver
[   11.991129] ohci-pci: OHCI PCI platform driver
[   11.993899] uhci_hcd: USB Universal Host Controller Interface driver
[   11.998090] usbcore: registered new interface driver usblp
[   12.001395] usbcore: registered new interface driver usb-storage
[   12.009116] i8042: PNP: PS/2 Controller [PNP0303:KBD,PNP0f13:MOU] at 0x60,0x64 irq 1,12
[   12.038002] serio: i8042 KBD port at 0x60,0x64 irq 1
[   12.040936] serio: i8042 AUX port at 0x60,0x64 irq 12
[   12.046284] input: AT Translated Set 2 keyboard as /devices/platform/i8042/serio0/input/input1
[   12.046863] rtc_cmos 00:05: RTC can wake from S4
[   12.071244] rtc_cmos 00:05: registered as rtc0
[   12.079186] rtc_cmos 00:05: alarms up to one day, y3k, 242 bytes nvram, hpet irqs
[   12.087003] device-mapper: ioctl: 4.45.0-ioctl (2021-03-22) initialised: dm-devel@redhat.com
[   12.100956] intel_pstate: CPU model not supported
[   12.104024] hid: raw HID events driver (C) Jiri Kosina
[   12.108873] usbcore: registered new interface driver usbhid
[   12.117117] usbhid: USB HID core driver
[   12.122437] Initializing XFRM netlink socket
[   12.132900] NET: Registered PF_INET6 protocol family
[   12.140611] Segment Routing with IPv6
[   12.148375] In-situ OAM (IOAM) with IPv6
[   12.151493] sit: IPv6, IPv4 and MPLS over IPv4 tunneling driver
[   12.160591] NET: Registered PF_PACKET protocol family
[   12.166574] 9pnet: Installing 9P2000 support
[   12.170262] Key type dns_resolver registered
[   12.175968] IPI shorthand broadcast: enabled
[   12.180202] sched_clock: Marking stable (11718111373, 461867955)->(12972532596, -792553268)
[   12.192104] registered taskstats version 1
[   12.194930] Loading compiled-in X.509 certificates
[   12.201904] PM:   Magic number: 14:536:991
[   12.214539] printk: console [netcon0] enabled
[   12.216963] netconsole: network logging started
[   12.220757] cfg80211: Loading compiled-in X.509 certificates for regulatory database
[   12.229817] kworker/u4:2 (73) used greatest stack depth: 28784 bytes left
[   12.240554] cfg80211: Loaded X.509 cert 'sforshee: 00b28ddf47aef9cea7'
[   12.245598] platform regulatory.0: Direct firmware load for regulatory.db failed with error -2
[   12.246283] ALSA device list:
[   12.261345] cfg80211: failed to load regulatory.db
[   12.277271]   No soundcards found.
[   12.904355] input: ImExPS/2 Generic Explorer Mouse as /devices/platform/i8042/serio1/input/input3
[   12.930834] md: Waiting for all devices to be available before autodetect
[   12.934738] md: If you don't use raid, use raid=noautodetect
[   12.940697] md: Autodetecting RAID arrays.
[   12.945191] md: autorun ...
[   12.948536] md: ... autorun DONE.
[   12.974754] EXT4-fs (sda): INFO: recovery required on readonly filesystem
[   12.978652] EXT4-fs (sda): write access will be enabled during recovery
[   13.094189] EXT4-fs (sda): recovery complete
[   13.106206] EXT4-fs (sda): mounted filesystem with ordered data mode. Opts: (null). Quota mode: none.
[   13.109481] VFS: Mounted root (ext4 filesystem) readonly on device 8:0.
[   13.117193] devtmpfs: mounted
[   13.119875] Freeing unused kernel image (initmem) memory: 2080K
[   13.122029] Write protecting the kernel read-only data: 57344k
[   13.138470] Freeing unused kernel image (text/rodata gap) memory: 2032K
[   13.142102] Freeing unused kernel image (rodata/data gap) memory: 2008K
[   13.144382] Run /sbin/init as init process
[   14.548512] SELinux:  Permission getrlimit in class process not defined in policy.
[   14.553855] SELinux:  Class process2 not defined in policy.
[   14.556198] SELinux:  Permission watch in class filesystem not defined in policy.
[   14.561149] SELinux:  Permission map in class file not defined in policy.
[   14.565355] SELinux:  Permission watch in class file not defined in policy.
[   14.569784] SELinux:  Permission watch_mount in class file not defined in policy.
[   14.574516] SELinux:  Permission watch_sb in class file not defined in policy.
[   14.579338] SELinux:  Permission watch_with_perm in class file not defined in policy.
[   14.584489] SELinux:  Permission watch_reads in class file not defined in policy.
[   14.589248] SELinux:  Permission map in class dir not defined in policy.
[   14.593845] SELinux:  Permission watch in class dir not defined in policy.
[   14.598333] SELinux:  Permission watch_mount in class dir not defined in policy.
[   14.603103] SELinux:  Permission watch_sb in class dir not defined in policy.
[   14.607705] SELinux:  Permission watch_with_perm in class dir not defined in policy.
[   14.611113] SELinux:  Permission watch_reads in class dir not defined in policy.
[   14.614394] SELinux:  Permission map in class lnk_file not defined in policy.
[   14.617510] SELinux:  Permission watch in class lnk_file not defined in policy.
[   14.620629] SELinux:  Permission watch_mount in class lnk_file not defined in policy.
[   14.624268] SELinux:  Permission watch_sb in class lnk_file not defined in policy.
[   14.627626] SELinux:  Permission watch_with_perm in class lnk_file not defined in policy.
[   14.631174] SELinux:  Permission watch_reads in class lnk_file not defined in policy.
[   14.634601] SELinux:  Permission map in class chr_file not defined in policy.
[   14.637714] SELinux:  Permission watch in class chr_file not defined in policy.
[   14.641151] SELinux:  Permission watch_mount in class chr_file not defined in policy.
[   14.644454] SELinux:  Permission watch_sb in class chr_file not defined in policy.
[   14.647373] SELinux:  Permission watch_with_perm in class chr_file not defined in policy.
[   14.650629] SELinux:  Permission watch_reads in class chr_file not defined in policy.
[   14.654002] SELinux:  Permission map in class blk_file not defined in policy.
[   14.657093] SELinux:  Permission watch in class blk_file not defined in policy.
[   14.660346] SELinux:  Permission watch_mount in class blk_file not defined in policy.
[   14.663591] SELinux:  Permission watch_sb in class blk_file not defined in policy.
[   14.667802] SELinux:  Permission watch_with_perm in class blk_file not defined in policy.
[   14.672238] SELinux:  Permission watch_reads in class blk_file not defined in policy.
[   14.675622] SELinux:  Permission map in class sock_file not defined in policy.
[   14.678844] SELinux:  Permission watch in class sock_file not defined in policy.
[   14.681961] SELinux:  Permission watch_mount in class sock_file not defined in policy.
[   14.684905] SELinux:  Permission watch_sb in class sock_file not defined in policy.
[   14.687745] SELinux:  Permission watch_with_perm in class sock_file not defined in policy.
[   14.691100] SELinux:  Permission watch_reads in class sock_file not defined in policy.
[   14.694511] SELinux:  Permission map in class fifo_file not defined in policy.
[   14.697686] SELinux:  Permission watch in class fifo_file not defined in policy.
[   14.700802] SELinux:  Permission watch_mount in class fifo_file not defined in policy.
[   14.704188] SELinux:  Permission watch_sb in class fifo_file not defined in policy.
[   14.707037] SELinux:  Permission watch_with_perm in class fifo_file not defined in policy.
[   14.710307] SELinux:  Permission watch_reads in class fifo_file not defined in policy.
[   14.713724] SELinux:  Permission map in class socket not defined in policy.
[   14.716850] SELinux:  Permission map in class tcp_socket not defined in policy.
[   14.720184] SELinux:  Permission map in class udp_socket not defined in policy.
[   14.723150] SELinux:  Permission map in class rawip_socket not defined in policy.
[   14.725903] SELinux:  Permission map in class netlink_socket not defined in policy.
[   14.728639] SELinux:  Permission map in class packet_socket not defined in policy.
[   14.731771] SELinux:  Permission map in class key_socket not defined in policy.
[   14.734985] SELinux:  Permission map in class unix_stream_socket not defined in policy.
[   14.738430] SELinux:  Permission map in class unix_dgram_socket not defined in policy.
[   14.741861] SELinux:  Permission map in class netlink_route_socket not defined in policy.
[   14.745569] SELinux:  Permission map in class netlink_tcpdiag_socket not defined in policy.
[   14.749292] SELinux:  Permission map in class netlink_nflog_socket not defined in policy.
[   14.752346] SELinux:  Permission map in class netlink_xfrm_socket not defined in policy.
[   14.755196] SELinux:  Permission map in class netlink_selinux_socket not defined in policy.
[   14.758258] SELinux:  Permission map in class netlink_iscsi_socket not defined in policy.
[   14.761908] SELinux:  Permission map in class netlink_audit_socket not defined in policy.
[   14.765521] SELinux:  Permission map in class netlink_fib_lookup_socket not defined in policy.
[   14.768876] SELinux:  Permission map in class netlink_connector_socket not defined in policy.
[   14.772593] SELinux:  Permission map in class netlink_netfilter_socket not defined in policy.
[   14.776285] SELinux:  Permission map in class netlink_dnrt_socket not defined in policy.
[   14.781182] SELinux:  Permission map in class netlink_kobject_uevent_socket not defined in policy.
[   14.788739] SELinux:  Permission map in class netlink_generic_socket not defined in policy.
[   14.793844] SELinux:  Permission map in class netlink_scsitransport_socket not defined in policy.
[   14.810300] SELinux:  Permission map in class netlink_rdma_socket not defined in policy.
[   14.812419] SELinux:  Permission map in class netlink_crypto_socket not defined in policy.
[   14.815949] SELinux:  Permission map in class appletalk_socket not defined in policy.
[   14.819277] SELinux:  Permission map in class dccp_socket not defined in policy.
[   14.823394] SELinux:  Permission perfmon in class capability2 not defined in policy.
[   14.833650] SELinux:  Permission bpf in class capability2 not defined in policy.
[   14.836780] SELinux:  Permission checkpoint_restore in class capability2 not defined in policy.
[   14.842391] SELinux:  Permission map in class tun_socket not defined in policy.
[   14.853516] SELinux:  Permission perfmon in class cap2_userns not defined in policy.
[   14.856847] SELinux:  Permission bpf in class cap2_userns not defined in policy.
[   14.860960] SELinux:  Permission checkpoint_restore in class cap2_userns not defined in policy.
[   14.873259] SELinux:  Class sctp_socket not defined in policy.
[   14.875822] SELinux:  Class icmp_socket not defined in policy.
[   14.878195] SELinux:  Class ax25_socket not defined in policy.
[   14.880760] SELinux:  Class ipx_socket not defined in policy.
[   14.883141] SELinux:  Class netrom_socket not defined in policy.
[   14.885706] SELinux:  Class atmpvc_socket not defined in policy.
[   14.888189] SELinux:  Class x25_socket not defined in policy.
[   14.890700] SELinux:  Class rose_socket not defined in policy.
[   14.893333] SELinux:  Class decnet_socket not defined in policy.
[   14.895913] SELinux:  Class atmsvc_socket not defined in policy.
[   14.898571] SELinux:  Class rds_socket not defined in policy.
[   14.901001] SELinux:  Class irda_socket not defined in policy.
[   14.903578] SELinux:  Class pppox_socket not defined in policy.
[   14.906231] SELinux:  Class llc_socket not defined in policy.
[   14.908725] SELinux:  Class can_socket not defined in policy.
[   14.911266] SELinux:  Class tipc_socket not defined in policy.
[   14.913763] SELinux:  Class bluetooth_socket not defined in policy.
[   14.916304] SELinux:  Class iucv_socket not defined in policy.
[   14.918666] SELinux:  Class rxrpc_socket not defined in policy.
[   14.920339] SELinux:  Class isdn_socket not defined in policy.
[   14.921821] SELinux:  Class phonet_socket not defined in policy.
[   14.923596] SELinux:  Class ieee802154_socket not defined in policy.
[   14.926266] SELinux:  Class caif_socket not defined in policy.
[   14.928749] SELinux:  Class alg_socket not defined in policy.
[   14.931098] SELinux:  Class nfc_socket not defined in policy.
[   14.933120] SELinux:  Class vsock_socket not defined in policy.
[   14.935467] SELinux:  Class kcm_socket not defined in policy.
[   14.937757] SELinux:  Class qipcrtr_socket not defined in policy.
[   14.940313] SELinux:  Class smc_socket not defined in policy.
[   14.942624] SELinux:  Class infiniband_pkey not defined in policy.
[   14.946180] SELinux:  Class infiniband_endport not defined in policy.
[   14.955803] SELinux:  Class bpf not defined in policy.
[   14.958063] SELinux:  Class xdp_socket not defined in policy.
[   14.960496] SELinux:  Class mctp_socket not defined in policy.
[   14.965309] SELinux:  Class perf_event not defined in policy.
[   14.969775] SELinux:  Class lockdown not defined in policy.
[   14.972237] SELinux:  Class anon_inode not defined in policy.
[   14.974823] SELinux: the above unknown classes and permissions will be allowed
[   15.013861] SELinux:  policy capability network_peer_controls=1
[   15.023042] SELinux:  policy capability open_perms=1
[   15.025268] SELinux:  policy capability extended_socket_class=0
[   15.028000] SELinux:  policy capability always_check_network=0
[   15.030677] SELinux:  policy capability cgroup_seclabel=0
[   15.033134] SELinux:  policy capability nnp_nosuid_transition=0
[   15.035881] SELinux:  policy capability genfs_seclabel_symlinks=0
[   15.038674] SELinux:  policy capability ioctl_skip_cloexec=0
[   15.108256] audit: type=1403 audit(1669042679.869:2): auid=4294967295 ses=4294967295 lsm=selinux res=1
[   15.132348] systemd[1]: Successfully loaded SELinux policy in 1.752013s.
[   15.205019] audit: type=1400 audit(1669042679.959:3): avc:  denied  { associate } for  pid=1 comm="systemd" name="pts" scontext=system_u:object_r:devpts_t:s0 tcontext=system_u:object_r:device_t:s0 tclass=filesystem permissive=1
[   15.262733] systemd[1]: Relabelled /dev and /run in 36.297ms.
[   15.346054] systemd[1]: systemd 232 running in system mode. (+PAM +AUDIT +SELINUX +IMA +APPARMOR +SMACK +SYSVINIT +UTMP +LIBCRYPTSETUP +GCRYPT +GNUTLS +ACL +XZ +LZ4 +SECCOMP +BLKID +ELFUTILS +KMOD +IDN)
[   15.358688] systemd[1]: Detected virtualization qemu.
[   15.360116] systemd[1]: Detected architecture x86-64.

Welcome to [1mDebian GNU/Linux 9 (stretch)[0m!

[   15.390682] systemd[1]: Set hostname to <syzkaller>.
[   15.555211] systemd-system- (89) used greatest stack depth: 26832 bytes left
[   15.567257] systemd-sysv-ge (80) used greatest stack depth: 26624 bytes left
[   15.598312] systemd-rc-loca (83) used greatest stack depth: 26296 bytes left
[   15.652917] systemd-gpt-aut (82) used greatest stack depth: 25152 bytes left
[   15.946545] systemd[1]: Started Forward Password Requests to Wall Directory Watch.
[[0;32m  OK  [0m] Started Forward Password Requests to Wall Directory Watch.
[   15.969738] systemd[1]: Listening on /dev/initctl Compatibility Named Pipe.
[[0;32m  OK  [0m] Listening on /dev/initctl Compatibility Named Pipe.
[   15.992604] systemd[1]: Listening on Journal Socket.
[[0;32m  OK  [0m] Listening on Journal Socket.
[   16.000681] systemd[1]: Listening on udev Kernel Socket.
[[0;32m  OK  [0m] Listening on udev Kernel Socket.
[   16.011479] systemd[1]: Started Dispatch Password Requests to Console Directory Watch.
[[0;32m  OK  [0m] Started Dispatch Password Requests to Console Directory Watch.
[   16.024829] systemd[1]: Reached target Encrypted Volumes.
[[0;32m  OK  [0m] Reached target Encrypted Volumes.
[[0;32m  OK  [0m] Listening on Syslog Socket.
[[0;32m  OK  [0m] Set up automount Arbitrary Executabâ€¦rmats File System Automount Point.
[[0;32m  OK  [0m] Reached target Paths.
[   16.059670] audit: type=1400 audit(1669042680.821:4): avc:  denied  { audit_read } for  pid=1 comm="systemd" capability=37  scontext=system_u:system_r:kernel_t:s0 tcontext=system_u:system_r:kernel_t:s0 tclass=capability2 permissive=1
[[0;32m  OK  [0m] Listening on Journal Audit Socket.
[[0;32m  OK  [0m] Reached target Swap.
[[0;32m  OK  [0m] Created slice System Slice.
         Mounting POSIX Message Queue File System...
         Mounting /sys/kernel/debug...
[[0;32m  OK  [0m] Created slice system-serial\x2dgetty.slice.
         Starting Create Static Device Nodes in /dev...
         Mounting /sys/kernel/config...
[[0;32m  OK  [0m] Created slice system-getty.slice.
[[0;32m  OK  [0m] Reached target Slices.
         Starting Load Kernel Modules...
         Mounting /proc/sys/fs/binfmt_misc...
         Starting Remount Root and Kernel File Systems...
[[0;32m  OK  [0m] Listening on udev Control Socket.
[[0;32m  OK  [0m] Listening on Journal Socket (/dev/log).
[[0;32m  OK  [0m] Reached target Sockets.
         Starting Journal Service...
[[0;32m  OK  [0m] Reached target Remote File Systems.
[   16.387455] EXT4-fs (sda): re-mounted. Opts: (null). Quota mode: none.
[[0;32m  OK  [0m] Mounted POSIX Message Queue File System.
[[0;32m  OK  [0m] Mounted /sys/kernel/debug.
[[0;32m  OK  [0m] Mounted /sys/kernel/config.
[[0;32m  OK  [0m] Mounted /proc/sys/fs/binfmt_misc.
[[0;32m  OK  [0m] Started Create Static Device Nodes in /dev.
[[0;32m  OK  [0m] Started Load Kernel Modules.
[[0;32m  OK  [0m] Started Remount Root and Kernel File Systems.
         Starting Load/Save Random Seed...
         Starting udev Coldplug all Devices...
         Starting Apply Kernel Variables...
         Starting udev Kernel Device Manager...
[[0;32m  OK  [0m] Reached target Local File Systems (Pre).
[[0;32m  OK  [0m] Reached target Local File Systems.
[[0;32m  OK  [0m] Started Load/Save Random Seed.
[[0;32m  OK  [0m] Started Apply Kernel Variables.
         Starting Raise network interfaces...
[[0;32m  OK  [0m] Started Journal Service.
         Starting Flush Journal to Persistent Storage...
[   17.098645] systemd-journald[105]: Received request to flush runtime journal from PID 1
[   17.101563] audit: type=1107 audit(1669042681.855:5): pid=1 uid=0 auid=4294967295 ses=4294967295 subj=system_u:system_r:kernel_t:s0 msg='avc:  denied  { stop } for auid=n/a uid=0 gid=0 path="/lib/systemd/system/systemd-journald.service" cmdline="/bin/journalctl --flush" scontext=system_u:system_r:kernel_t:s0 tcontext=system_u:object_r:unlabeled_t:s0 tclass=service
[   17.101563]  exe="/lib/systemd/systemd" sauid=0 hostname=? addr=? terminal=?'
[[0;32m  OK  [0m] Started Flush Journal to Persistent Storage.
         Starting Create Volatile Files and Directories...
[[0;32m  OK  [0m] Started Create Volatile Files and Directories.
[[0;32m  OK  [0m] Started udev Kernel Device Manager.
         Starting Network Time Synchronization...
         Starting Update UTMP about System Boot/Shutdown...
[[0;32m  OK  [0m] Started Update UTMP about System Boot/Shutdown.
[[0;32m  OK  [0m] Started Network Time Synchronization.
[[0;32m  OK  [0m] Reached target System Time Synchronized.
[[0;32m  OK  [0m] Started udev Coldplug all Devices.
[[0;32m  OK  [0m] Reached target System Initialization.
[[0;32m  OK  [0m] Started Daily Cleanup of Temporary Directories.
[[0;32m  OK  [0m] Reached target Basic System.
         Starting System Logging Service...
[[0;32m  OK  [0m] Started Regular background program processing daemon.
[[0;32m  OK  [0m] Started Daily apt download activities.
[[0;32m  OK  [0m] Started Daily apt upgrade and clean activities.
[[0;32m  OK  [0m] Reached target Timers.
         Starting getty on tty2-tty6 if dbus and logind are not available...
[   19.057688] e1000 0000:00:04.0 enp0s4: renamed from eth0
[[0;32m  OK  [0m] Found device /dev/ttyS0.
[[0;32m  OK  [0m] Started System Logging Service.
[   19.254532] audit: type=1107 audit(1669042684.002:6): pid=1 uid=0 auid=4294967295 ses=4294967295 subj=system_u:system_r:kernel_t:s0 msg='avc:  denied  { start } for auid=n/a uid=0 gid=0 path="/lib/systemd/system/getty@.service" cmdline="/bin/systemctl --no-block start getty@tty2.service getty@tty3.service getty@tty4.service getty@tty5.service getty@tty6.service" scontext=system_u:system_r:kernel_t:s0 tcontext=system_u:object_r:unlabeled_t:s0 tclass=service
[   19.254532]  exe="/lib/systemd/systemd" sauid=0 hostname=? addr=? terminal=?'
[   19.500479] audit: type=1107 audit(1669042684.002:7): pid=1 uid=0 auid=4294967295 ses=4294967295 subj=system_u:system_r:kernel_t:s0 msg='avc:  denied  { status } for auid=n/a uid=0 gid=0 path="/lib/systemd/system/getty@.service" cmdline="/bin/systemctl --no-block start getty@tty2.service getty@tty3.service getty@tty4.service getty@tty5.service getty@tty6.service" scontext=system_u:system_r:kernel_t:s0 tcontext=system_u:object_r:unlabeled_t:s0 tclass=service
[   19.500479]  exe="/lib/systemd/systemd" sauid=0 hostname=? addr=? terminal=?'
[[0;32m  OK  [0m] Listening on Load/Save RF Kill Switch Status /dev/rfkill Watch.
[[0;32m  OK  [0m] Started getty on tty2-tty6 if dbus and logind are not available.
[[0;1;31mFAILED[0m] Failed to start Raise network interfaces.
See 'systemctl status networking.service' for details.
[[0;32m  OK  [0m] Reached target Network.
         Starting Permit User Sessions...
         Starting OpenBSD Secure Shell server...
[[0;32m  OK  [0m] Reached target Network is Online.
         Starting Daily apt download activities...
[[0;32m  OK  [0m] Started Permit User Sessions.
[[0;32m  OK  [0m] Started Getty on tty2.
[[0;32m  OK  [0m] Started Getty on tty1.
[[0;32m  OK  [0m] Started Getty on tty4.
[[0;32m  OK  [0m] Started Getty on tty5.
[[0;32m  OK  [0m] Started Getty on tty6.
[[0;32m  OK  [0m] Started Getty on tty3.
[[0;32m  OK  [0m] Started Serial Getty on ttyS0.
[[0;32m  OK  [0m] Reached target Login Prompts.
[[0;32m  OK  [0m] Started OpenBSD Secure Shell server.
[[0;32m  OK  [0m] Reached target Multi-User System.
[[0;32m  OK  [0m] Reached target Graphical Interface.
         Starting Update UTMP about System Runlevel Changes...
[[0;32m  OK  [0m] Started Update UTMP about System Runlevel Changes.

Debian GNU/Linux 9 syzkaller ttyS0


failed to init instance: failed to create VM: can't ssh into the instance
failed to run ["ssh" "-p" "14750" "-F" "/dev/null" "-o" "UserKnownHostsFile=/dev/null" "-o" "BatchMode=yes" "-o" "IdentitiesOnly=yes" "-o" "StrictHostKeyChecking=no" "-o" "ConnectTimeout=10" "-i" "/home/abel/Documents/workspace/syzkaller/tools/stretch.id_rsa" "root@localhost" "pwd"]: exit status 255
Connection timed out during banner exchange
Connection to 127.0.0.1 port 14750 timed out
[    0.000000] Linux version 5.15.79 (abel@abel-Inspiron-3502) (gcc (Ubuntu 11.3.0-1ubuntu1~22.04) 11.3.0, GNU ld (GNU Binutils for Ubuntu) 2.38) #1 SMP Sun Nov 20 22:22:17 CST 2022
[    0.000000] Command line: root=/dev/sda console=ttyS0 
[    0.000000] x86/fpu: Supporting XSAVE feature 0x001: 'x87 floating point registers'
[    0.000000] x86/fpu: Supporting XSAVE feature 0x002: 'SSE registers'
[    0.000000] x86/fpu: Supporting XSAVE feature 0x008: 'MPX bounds registers'
[    0.000000] x86/fpu: Supporting XSAVE feature 0x010: 'MPX CSR'
[    0.000000] x86/fpu: xstate_offset[3]:  576, xstate_sizes[3]:   64
[    0.000000] x86/fpu: xstate_offset[4]:  640, xstate_sizes[4]:   64
[    0.000000] x86/fpu: Enabled xstate features 0x1b, context size is 704 bytes, using 'compacted' format.
[    0.000000] signal: max sigframe size: 2032
[    0.000000] BIOS-provided physical RAM map:
[    0.000000] BIOS-e820: [mem 0x0000000000000000-0x000000000009fbff] usable
[    0.000000] BIOS-e820: [mem 0x000000000009fc00-0x000000000009ffff] reserved
[    0.000000] BIOS-e820: [mem 0x00000000000f0000-0x00000000000fffff] reserved
[    0.000000] BIOS-e820: [mem 0x0000000000100000-0x000000007ffdffff] usable
[    0.000000] BIOS-e820: [mem 0x000000007ffe0000-0x000000007fffffff] reserved
[    0.000000] BIOS-e820: [mem 0x00000000feffc000-0x00000000feffffff] reserved
[    0.000000] BIOS-e820: [mem 0x00000000fffc0000-0x00000000ffffffff] reserved
[    0.000000] NX (Execute Disable) protection: active
[    0.000000] SMBIOS 2.8 present.
[    0.000000] DMI: QEMU Standard PC (i440FX + PIIX, 1996), BIOS 1.15.0-1 04/01/2014
[    0.000000] Hypervisor detected: KVM
[    0.000000] kvm-clock: Using msrs 4b564d01 and 4b564d00
[    0.000000] kvm-clock: cpu 0, msr 45092001, primary cpu clock
[    0.000008] kvm-clock: using sched offset of 753889853 cycles
[    0.000031] clocksource: kvm-clock: mask: 0xffffffffffffffff max_cycles: 0x1cd42e4dffb, max_idle_ns: 881590591483 ns
[    0.000061] tsc: Detected 1094.400 MHz processor
[    0.011802] last_pfn = 0x7ffe0 max_arch_pfn = 0x400000000
[    0.011929] x86/PAT: Configuration [0-7]: WB  WC  UC- UC  WB  WP  UC- WT  
[    0.020240] found SMP MP-table at [mem 0x000f5b90-0x000f5b9f]
[    0.020567] Using GB pages for direct mapping
[    0.021999] ACPI: Early table checksum verification disabled
[    0.022057] ACPI: RSDP 0x00000000000F59D0 000014 (v00 BOCHS )
[    0.022103] ACPI: RSDT 0x000000007FFE1967 000034 (v01 BOCHS  BXPC     00000001 BXPC 00000001)
[    0.022156] ACPI: FACP 0x000000007FFE1813 000074 (v01 BOCHS  BXPC     00000001 BXPC 00000001)
[    0.022208] ACPI: DSDT 0x000000007FFE0040 0017D3 (v01 BOCHS  BXPC     00000001 BXPC 00000001)
[    0.022251] ACPI: FACS 0x000000007FFE0000 000040
[    0.022283] ACPI: APIC 0x000000007FFE1887 000080 (v01 BOCHS  BXPC     00000001 BXPC 00000001)
[    0.022325] ACPI: HPET 0x000000007FFE1907 000038 (v01 BOCHS  BXPC     00000001 BXPC 00000001)
[    0.022366] ACPI: WAET 0x000000007FFE193F 000028 (v01 BOCHS  BXPC     00000001 BXPC 00000001)
[    0.022403] ACPI: Reserving FACP table memory at [mem 0x7ffe1813-0x7ffe1886]
[    0.022423] ACPI: Reserving DSDT table memory at [mem 0x7ffe0040-0x7ffe1812]
[    0.022440] ACPI: Reserving FACS table memory at [mem 0x7ffe0000-0x7ffe003f]
[    0.022456] ACPI: Reserving APIC table memory at [mem 0x7ffe1887-0x7ffe1906]
[    0.022473] ACPI: Reserving HPET table memory at [mem 0x7ffe1907-0x7ffe193e]
[    0.022489] ACPI: Reserving WAET table memory at [mem 0x7ffe193f-0x7ffe1966]
[    0.024426] No NUMA configuration found
[    0.024449] Faking a node at [mem 0x0000000000000000-0x000000007ffdffff]
[    0.024479] NODE_DATA(0) allocated [mem 0x7ffdc000-0x7ffdffff]
[    0.024575] Zone ranges:
[    0.024587]   DMA      [mem 0x0000000000001000-0x0000000000ffffff]
[    0.024610]   DMA32    [mem 0x0000000001000000-0x000000007ffdffff]
[    0.024630]   Normal   empty
[    0.024645] Movable zone start for each node
[    0.024654] Early memory node ranges
[    0.024663]   node   0: [mem 0x0000000000001000-0x000000000009efff]
[    0.024679]   node   0: [mem 0x0000000000100000-0x000000007ffdffff]
[    0.024699] Initmem setup node 0 [mem 0x0000000000001000-0x000000007ffdffff]
[    0.026209] On node 0, zone DMA: 1 pages in unavailable ranges
[    0.026514] On node 0, zone DMA: 97 pages in unavailable ranges
[    0.081056] On node 0, zone DMA32: 32 pages in unavailable ranges
[    0.407564] kasan: KernelAddressSanitizer initialized
[    0.408509] ACPI: PM-Timer IO Port: 0x608
[    0.408574] ACPI: LAPIC_NMI (acpi_id[0xff] dfl dfl lint[0x1])
[    0.408730] IOAPIC[0]: apic_id 0, version 17, address 0xfec00000, GSI 0-23
[    0.408763] ACPI: INT_SRC_OVR (bus 0 bus_irq 0 global_irq 2 dfl dfl)
[    0.408784] ACPI: INT_SRC_OVR (bus 0 bus_irq 5 global_irq 5 high level)
[    0.408802] ACPI: INT_SRC_OVR (bus 0 bus_irq 9 global_irq 9 high level)
[    0.408819] ACPI: INT_SRC_OVR (bus 0 bus_irq 10 global_irq 10 high level)
[    0.408836] ACPI: INT_SRC_OVR (bus 0 bus_irq 11 global_irq 11 high level)
[    0.408867] ACPI: Using ACPI (MADT) for SMP configuration information
[    0.408880] ACPI: HPET id: 0x8086a201 base: 0xfed00000
[    0.408911] TSC deadline timer available
[    0.408924] smpboot: Allowing 2 CPUs, 0 hotplug CPUs
[    0.409001] kvm-guest: KVM setup pv remote TLB flush
[    0.409020] kvm-guest: setup PV sched yield
[    0.409131] PM: hibernation: Registered nosave memory: [mem 0x00000000-0x00000fff]
[    0.409155] PM: hibernation: Registered nosave memory: [mem 0x0009f000-0x0009ffff]
[    0.409170] PM: hibernation: Registered nosave memory: [mem 0x000a0000-0x000effff]
[    0.409183] PM: hibernation: Registered nosave memory: [mem 0x000f0000-0x000fffff]
[    0.409199] [mem 0x80000000-0xfeffbfff] available for PCI devices
[    0.409213] Booting paravirtualized kernel on KVM
[    0.409230] clocksource: refined-jiffies: mask: 0xffffffff max_cycles: 0xffffffff, max_idle_ns: 1910969940391419 ns
[    0.435795] setup_percpu: NR_CPUS:64 nr_cpumask_bits:64 nr_cpu_ids:2 nr_node_ids:1
[    0.437691] percpu: Embedded 64 pages/cpu s224472 r8192 d29480 u1048576
[    0.437956] kvm-guest: setup async PF for cpu 0
[    0.437981] kvm-guest: stealtime: cpu 0, msr 6d227140
[    0.438009] Built 1 zonelists, mobility grouping on.  Total pages: 515808
[    0.438024] Policy zone: DMA32
[    0.438037] Kernel command line: root=/dev/sda console=ttyS0 
[    0.439527] Dentry cache hash table entries: 262144 (order: 9, 2097152 bytes, linear)
[    0.440781] Inode-cache hash table entries: 131072 (order: 8, 1048576 bytes, linear)
[    0.440957] mem auto-init: stack:off, heap alloc:off, heap free:off
[    0.552833] Memory: 1701340K/2096632K available (45069K kernel code, 7445K rwdata, 8232K rodata, 2080K init, 1604K bss, 395036K reserved, 0K cma-reserved)
[    0.553369] SLUB: HWalign=64, Order=0-3, MinObjects=0, CPUs=2, Nodes=1
[    0.553852] rcu: Hierarchical RCU implementation.
[    0.553870] rcu: 	RCU event tracing is enabled.
[    0.553880] rcu: 	RCU restricting CPUs from NR_CPUS=64 to nr_cpu_ids=2.
[    0.553895] rcu: RCU calculated value of scheduler-enlistment delay is 100 jiffies.
[    0.553909] rcu: Adjusting geometry for rcu_fanout_leaf=16, nr_cpu_ids=2
[    0.575435] NR_IRQS: 4352, nr_irqs: 440, preallocated irqs: 16
[    0.576112] random: crng init done
[    0.588814] Console: colour VGA+ 80x25
[    1.058744] printk: console [ttyS0] enabled
[    1.060234] ACPI: Core revision 20210730
[    1.063157] clocksource: hpet: mask: 0xffffffff max_cycles: 0xffffffff, max_idle_ns: 19112604467 ns
[    1.070983] APIC: Switch to symmetric I/O mode setup
[    1.075748] kvm-guest: setup PV IPIs
[    1.080174] ..TIMER: vector=0x30 apic1=0 pin1=2 apic2=-1 pin2=-1
[    1.084500] clocksource: tsc-early: mask: 0xffffffffffffffff max_cycles: 0xfc66f4fc7c, max_idle_ns: 440795224246 ns
[    1.091275] Calibrating delay loop (skipped) preset value.. 2188.80 BogoMIPS (lpj=1094400)
[    1.092275] pid_max: default: 32768 minimum: 301
[    1.093461] LSM: Security Framework initializing
[    1.094358] SELinux:  Initializing.
[    1.096612] Mount-cache hash table entries: 4096 (order: 3, 32768 bytes, linear)
[    1.097286] Mountpoint-cache hash table entries: 4096 (order: 3, 32768 bytes, linear)
[    1.101016] x86/cpu: User Mode Instruction Prevention (UMIP) activated
[    1.102427] Last level iTLB entries: 4KB 0, 2MB 0, 4MB 0
[    1.103272] Last level dTLB entries: 4KB 0, 2MB 0, 4MB 0, 1GB 0
[    1.104297] Spectre V1 : Mitigation: usercopy/swapgs barriers and __user pointer sanitization
[    1.105362] Spectre V2 : Mitigation: Enhanced IBRS
[    1.106273] Spectre V2 : Spectre v2 / SpectreRSB mitigation: Filling RSB on context switch
[    1.107287] Spectre V2 : mitigation: Enabling conditional Indirect Branch Prediction Barrier
[    1.109270] Speculative Store Bypass: Mitigation: Speculative Store Bypass disabled via prctl and seccomp
[    1.203593] Freeing SMP alternatives memory: 44K
[    1.205665] smpboot: CPU0: Intel(R) Pentium(R) Silver N5030 CPU @ 1.10GHz (family: 0x6, model: 0x7a, stepping: 0x8)
[    1.207057] Performance Events: Goldmont plus events, 32-deep LBR, full-width counters, Intel PMU driver.
[    1.208285] ... version:                2
[    1.209276] ... bit width:              48
[    1.210275] ... generic registers:      4
[    1.211275] ... value mask:             0000ffffffffffff
[    1.212275] ... max period:             00007fffffffffff
[    1.213279] ... fixed-purpose events:   3
[    1.214276] ... event mask:             000000070000000f
[    1.215784] rcu: Hierarchical SRCU implementation.
[    1.218712] smp: Bringing up secondary CPUs ...
[    1.219861] x86: Booting SMP configuration:
[    1.220278] .... node  #0, CPUs:      #1
[    0.511198] kvm-clock: cpu 1, msr 45092041, secondary cpu clock
[    1.230436] kvm-guest: setup async PF for cpu 1
[    1.231260] kvm-guest: stealtime: cpu 1, msr 6d327140
[    1.231428] smp: Brought up 1 node, 2 CPUs
[    1.232283] smpboot: Max logical packages: 1
[    1.233269] smpboot: Total of 2 processors activated (4377.60 BogoMIPS)
[    1.235692] devtmpfs: initialized
[    1.243854] clocksource: jiffies: mask: 0xffffffff max_cycles: 0xffffffff, max_idle_ns: 1911260446275000 ns
[    1.244300] futex hash table entries: 512 (order: 3, 32768 bytes, linear)
[    1.246012] PM: RTC time: 14:57:46, date: 2022-11-21
[    1.247005] NET: Registered PF_NETLINK/PF_ROUTE protocol family
[    1.249114] audit: initializing netlink subsys (disabled)
[    1.252202] thermal_sys: Registered thermal governor 'step_wise'
[    1.252215] thermal_sys: Registered thermal governor 'user_space'
[    1.251282] audit: type=2000 audit(1669042665.922:1): state=initialized audit_enabled=0 res=1
[    1.260290] cpuidle: using governor menu
[    1.261758] ACPI: bus type PCI registered
[    1.262982] PCI: Using configuration type 1 for base access
[    1.320207] Kprobes globally optimized
[    1.321916] HugeTLB registered 2.00 MiB page size, pre-allocated 0 pages
[    1.322777] cryptomgr_test (27) used greatest stack depth: 30760 bytes left
[    1.327058] ACPI: Added _OSI(Module Device)
[    1.327281] ACPI: Added _OSI(Processor Device)
[    1.330282] ACPI: Added _OSI(3.0 _SCP Extensions)
[    1.331279] ACPI: Added _OSI(Processor Aggregator Device)
[    1.332299] ACPI: Added _OSI(Linux-Dell-Video)
[    1.333325] ACPI: Added _OSI(Linux-Lenovo-NV-HDMI-Audio)
[    1.334296] ACPI: Added _OSI(Linux-HPI-Hybrid-Graphics)
[    1.370649] ACPI: 1 ACPI AML tables successfully acquired and loaded
[    1.381195] ACPI: Interpreter enabled
[    1.381464] ACPI: PM: (supports S0 S3 S4 S5)
[    1.382277] ACPI: Using IOAPIC for interrupt routing
[    1.383457] PCI: Using host bridge windows from ACPI; if necessary, use "pci=nocrs" and report a bug
[    1.386425] ACPI: Enabled 2 GPEs in block 00 to 0F
[    1.456433] ACPI: PCI Root Bridge [PCI0] (domain 0000 [bus 00-ff])
[    1.457343] acpi PNP0A03:00: _OSC: OS supports [ASPM ClockPM Segments MSI HPX-Type3]
[    1.458556] acpi PNP0A03:00: fail to add MMCONFIG information, can't access extended PCI configuration space under this bridge.
[    1.460024] PCI host bridge to bus 0000:00
[    1.460304] pci_bus 0000:00: root bus resource [io  0x0000-0x0cf7 window]
[    1.461308] pci_bus 0000:00: root bus resource [io  0x0d00-0xffff window]
[    1.462306] pci_bus 0000:00: root bus resource [mem 0x000a0000-0x000bffff window]
[    1.463320] pci_bus 0000:00: root bus resource [mem 0x80000000-0xfebfffff window]
[    1.464307] pci_bus 0000:00: root bus resource [mem 0x100000000-0x17fffffff window]
[    1.465305] pci_bus 0000:00: root bus resource [bus 00-ff]
[    1.470471] pci 0000:00:00.0: [8086:1237] type 00 class 0x060000
[    1.502870] pci 0000:00:01.0: [8086:7000] type 00 class 0x060100
[    1.513026] pci 0000:00:01.1: [8086:7010] type 00 class 0x010180
[    1.522280] pci 0000:00:01.1: reg 0x20: [io  0xc060-0xc06f]
[    1.526294] pci 0000:00:01.1: legacy IDE quirk: reg 0x10: [io  0x01f0-0x01f7]
[    1.527286] pci 0000:00:01.1: legacy IDE quirk: reg 0x14: [io  0x03f6]
[    1.528286] pci 0000:00:01.1: legacy IDE quirk: reg 0x18: [io  0x0170-0x0177]
[    1.529285] pci 0000:00:01.1: legacy IDE quirk: reg 0x1c: [io  0x0376]
[    1.534184] pci 0000:00:01.3: [8086:7113] type 00 class 0x068000
[    1.536555] pci 0000:00:01.3: quirk: [io  0x0600-0x063f] claimed by PIIX4 ACPI
[    1.537387] pci 0000:00:01.3: quirk: [io  0x0700-0x070f] claimed by PIIX4 SMB
[    1.544873] pci 0000:00:02.0: [1234:1111] type 00 class 0x030000
[    1.547452] pci 0000:00:02.0: reg 0x10: [mem 0xfd000000-0xfdffffff pref]
[    1.551492] pci 0000:00:02.0: reg 0x18: [mem 0xfebb0000-0xfebb0fff]
[    1.556985] pci 0000:00:02.0: reg 0x30: [mem 0xfeba0000-0xfebaffff pref]
[    1.559101] pci 0000:00:02.0: Video device with shadowed ROM at [mem 0x000c0000-0x000dffff]
[    1.582709] pci 0000:00:03.0: [1af4:1005] type 00 class 0x00ff00
[    1.584280] pci 0000:00:03.0: reg 0x10: [io  0xc040-0xc05f]
[    1.592281] pci 0000:00:03.0: reg 0x20: [mem 0xfe000000-0xfe003fff 64bit pref]
[    1.619041] pci 0000:00:04.0: [8086:100e] type 00 class 0x020000
[    1.621366] pci 0000:00:04.0: reg 0x10: [mem 0xfeb80000-0xfeb9ffff]
[    1.623280] pci 0000:00:04.0: reg 0x14: [io  0xc000-0xc03f]
[    1.629928] pci 0000:00:04.0: reg 0x30: [mem 0xfeb00000-0xfeb7ffff pref]
[    1.661665] ACPI: PCI: Interrupt link LNKA configured for IRQ 10
[    1.664538] ACPI: PCI: Interrupt link LNKB configured for IRQ 10
[    1.667540] ACPI: PCI: Interrupt link LNKC configured for IRQ 11
[    1.670378] ACPI: PCI: Interrupt link LNKD configured for IRQ 11
[    1.672186] ACPI: PCI: Interrupt link LNKS configured for IRQ 9
[    1.676461] iommu: Default domain type: Translated 
[    1.677278] iommu: DMA domain TLB invalidation policy: lazy mode 
[    1.678709] pci 0000:00:02.0: vgaarb: setting as boot VGA device
[    1.679260] pci 0000:00:02.0: vgaarb: VGA device added: decodes=io+mem,owns=io+mem,locks=none
[    1.679286] pci 0000:00:02.0: vgaarb: bridge control possible
[    1.680282] vgaarb: loaded
[    1.682206] SCSI subsystem initialized
[    1.683827] ACPI: bus type USB registered
[    1.685260] usbcore: registered new interface driver usbfs
[    1.686446] usbcore: registered new interface driver hub
[    1.687844] usbcore: registered new device driver usb
[    1.689926] pps_core: LinuxPPS API ver. 1 registered
[    1.690278] pps_core: Software ver. 5.3.6 - Copyright 2005-2007 Rodolfo Giometti <giometti@linux.it>
[    1.691360] PTP clock support registered
[    1.693676] Advanced Linux Sound Architecture Driver Initialized.
[    1.695965] NetLabel: Initializing
[    1.696275] NetLabel:  domain hash size = 128
[    1.697277] NetLabel:  protocols = UNLABELED CIPSOv4 CALIPSO
[    1.698503] NetLabel:  unlabeled traffic allowed by default
[    1.699707] PCI: Using ACPI for IRQ routing
[    1.700761] hpet0: at MMIO 0xfed00000, IRQs 2, 8, 0
[    1.701278] hpet0: 3 comparators, 64-bit 100.000000 MHz counter
[    1.706298] clocksource: Switched to clocksource kvm-clock
[    1.918333] VFS: Disk quotas dquot_6.6.0
[    1.930759] VFS: Dquot-cache hash table entries: 512 (order 0, 4096 bytes)
[    1.937069] pnp: PnP ACPI init
[    1.953779] pnp: PnP ACPI: found 6 devices
[    2.006252] clocksource: acpi_pm: mask: 0xffffff max_cycles: 0xffffff, max_idle_ns: 2085701024 ns
[    2.011305] NET: Registered PF_INET protocol family
[    2.014101] IP idents hash table entries: 32768 (order: 6, 262144 bytes, linear)
[    2.023874] tcp_listen_portaddr_hash hash table entries: 1024 (order: 2, 16384 bytes, linear)
[    2.035099] Table-perturb hash table entries: 65536 (order: 6, 262144 bytes, linear)
[    2.044073] TCP established hash table entries: 16384 (order: 5, 131072 bytes, linear)
[    2.061442] TCP bind hash table entries: 16384 (order: 6, 262144 bytes, linear)
[    2.065941] TCP: Hash tables configured (established 16384 bind 16384)
[    2.069868] UDP hash table entries: 1024 (order: 3, 32768 bytes, linear)
[    2.079798] UDP-Lite hash table entries: 1024 (order: 3, 32768 bytes, linear)
[    2.085526] NET: Registered PF_UNIX/PF_LOCAL protocol family
[    2.102529] RPC: Registered named UNIX socket transport module.
[    2.104402] RPC: Registered udp transport module.
[    2.105997] RPC: Registered tcp transport module.
[    2.107569] RPC: Registered tcp NFSv4.1 backchannel transport module.
[    2.111030] pci_bus 0000:00: resource 4 [io  0x0000-0x0cf7 window]
[    2.112678] pci_bus 0000:00: resource 5 [io  0x0d00-0xffff window]
[    2.126356] pci_bus 0000:00: resource 6 [mem 0x000a0000-0x000bffff window]
[    2.128069] pci_bus 0000:00: resource 7 [mem 0x80000000-0xfebfffff window]
[    2.129774] pci_bus 0000:00: resource 8 [mem 0x100000000-0x17fffffff window]
[    2.133934] pci 0000:00:01.0: PIIX3: Enabling Passive Release
[    2.135909] pci 0000:00:00.0: Limiting direct PCI/PCI transfers
[    2.144654] pci 0000:00:01.0: Activating ISA DMA hang workarounds
[    2.146937] PCI: CLS 0 bytes, default 64
[    5.270763] RAPL PMU: API unit is 2^-32 Joules, 0 fixed counters, 10737418240 ms ovfl timer
[    5.273721] clocksource: tsc: mask: 0xffffffffffffffff max_cycles: 0xfc66f4fc7c, max_idle_ns: 440795224246 ns
[    5.351140] clocksource: Switched to clocksource tsc
[    5.368711] Initialise system trusted keyrings
[    5.381841] workingset: timestamp_bits=56 max_order=19 bucket_order=0
[    5.459370] NFS: Registering the id_resolver key type
[    5.461276] Key type id_resolver registered
[    5.462815] Key type id_legacy registered
[    5.464771] 9p: Installing v9fs 9p2000 file system support
[    5.511518] Key type asymmetric registered
[    5.513046] Asymmetric key parser 'x509' registered
[    5.515366] Block layer SCSI generic (bsg) driver version 0.4 loaded (major 251)
[    5.518097] io scheduler mq-deadline registered
[    5.520130] io scheduler kyber registered
[    5.527738] input: Power Button as /devices/LNXSYSTM:00/LNXPWRBN:00/input/input0
[    5.542367] ACPI: button: Power Button [PWRF]
[    8.694853] ACPI: \_SB_.LNKC: Enabled at IRQ 11
[    8.704496] Serial: 8250/16550 driver, 4 ports, IRQ sharing enabled
[    8.710522] 00:04: ttyS0 at I/O 0x3f8 (irq = 4, base_baud = 115200) is a 16550A
[    8.730435] Non-volatile memory driver v1.3
[    8.733970] Linux agpgart interface v0.103
[    8.779108] loop: module loaded
[    8.804033] scsi host0: ata_piix
[    8.826640] scsi host1: ata_piix
[    8.829780] ata1: PATA max MWDMA2 cmd 0x1f0 ctl 0x3f6 bmdma 0xc060 irq 14
[    8.834495] ata2: PATA max MWDMA2 cmd 0x170 ctl 0x376 bmdma 0xc068 irq 15
[    8.848462] e100: Intel(R) PRO/100 Network Driver
[    8.863745] e100: Copyright(c) 1999-2006 Intel Corporation
[    8.865338] e1000: Intel(R) PRO/1000 Network Driver
[    8.866624] e1000: Copyright (c) 1999-2006 Intel Corporation.
[    9.006572] ata1.00: ATA-7: QEMU HARDDISK, 2.5+, max UDMA/100
[    9.008644] ata1.00: 4194304 sectors, multi 16: LBA48 
[    9.011981] ata2.00: ATAPI: QEMU DVD-ROM, 2.5+, max UDMA/100
[    9.015830] scsi 0:0:0:0: Direct-Access     ATA      QEMU HARDDISK    2.5+ PQ: 0 ANSI: 5
[    9.028198] scsi 0:0:0:0: Attached scsi generic sg0 type 0
[    9.031529] scsi 1:0:0:0: CD-ROM            QEMU     QEMU DVD-ROM     2.5+ PQ: 0 ANSI: 5
[    9.036874] sd 0:0:0:0: [sda] 4194304 512-byte logical blocks: (2.15 GB/2.00 GiB)
[    9.051721] sd 0:0:0:0: [sda] Write Protect is off
[    9.053634] sd 0:0:0:0: [sda] Write cache: enabled, read cache: enabled, doesn't support DPO or FUA
[    9.078583] sd 0:0:0:0: [sda] Attached SCSI disk
[    9.173535] sr 1:0:0:0: [sr0] scsi3-mmc drive: 4x/4x cd/rw xa/form2 tray
[    9.178369] cdrom: Uniform CD-ROM driver Revision: 3.20
[    9.345709] sr 1:0:0:0: Attached scsi generic sg1 type 5
[   12.092411] ACPI: \_SB_.LNKD: Enabled at IRQ 10
[   12.626852] e1000 0000:00:04.0 eth0: (PCI:33MHz:32-bit) 52:54:00:12:34:56
[   12.631400] e1000 0000:00:04.0 eth0: Intel(R) PRO/1000 Network Connection
[   12.636175] e1000e: Intel(R) PRO/1000 Network Driver
[   12.639478] e1000e: Copyright(c) 1999 - 2015 Intel Corporation.
[   12.643737] sky2: driver version 1.30
[   12.647283] ehci_hcd: USB 2.0 'Enhanced' Host Controller (EHCI) Driver
[   12.651674] ehci-pci: EHCI PCI platform driver
[   12.654774] ohci_hcd: USB 1.1 'Open' Host Controller (OHCI) Driver
[   12.658896] ohci-pci: OHCI PCI platform driver
[   12.661967] uhci_hcd: USB Universal Host Controller Interface driver
[   12.667389] usbcore: registered new interface driver usblp
[   12.671446] usbcore: registered new interface driver usb-storage
[   12.674452] i8042: PNP: PS/2 Controller [PNP0303:KBD,PNP0f13:MOU] at 0x60,0x64 irq 1,12
[   12.713997] serio: i8042 KBD port at 0x60,0x64 irq 1
[   12.717206] serio: i8042 AUX port at 0x60,0x64 irq 12
[   12.730455] rtc_cmos 00:05: RTC can wake from S4
[   12.734192] rtc_cmos 00:05: registered as rtc0
[   12.735639] rtc_cmos 00:05: alarms up to one day, y3k, 242 bytes nvram, hpet irqs
[   12.748517] input: AT Translated Set 2 keyboard as /devices/platform/i8042/serio0/input/input1
[   12.754621] device-mapper: ioctl: 4.45.0-ioctl (2021-03-22) initialised: dm-devel@redhat.com
[   12.761891] intel_pstate: CPU model not supported
[   12.765328] hid: raw HID events driver (C) Jiri Kosina
[   12.773044] usbcore: registered new interface driver usbhid
[   12.780849] usbhid: USB HID core driver
[   12.786683] Initializing XFRM netlink socket
[   12.797088] NET: Registered PF_INET6 protocol family
[   12.805341] Segment Routing with IPv6
[   12.813570] In-situ OAM (IOAM) with IPv6
[   12.816937] sit: IPv6, IPv4 and MPLS over IPv4 tunneling driver
[   12.826553] NET: Registered PF_PACKET protocol family
[   12.832922] 9pnet: Installing 9P2000 support
[   12.838668] Key type dns_resolver registered
[   12.844924] IPI shorthand broadcast: enabled
[   12.850741] sched_clock: Marking stable (12340267256, 510198120)->(13385899914, -535434538)
[   12.859937] registered taskstats version 1
[   12.862869] Loading compiled-in X.509 certificates
[   12.876855] PM:   Magic number: 14:536:991
[   12.889727] printk: console [netcon0] enabled
[   12.892516] netconsole: network logging started
[   12.901040] cfg80211: Loading compiled-in X.509 certificates for regulatory database
[   12.906710] kworker/u4:2 (73) used greatest stack depth: 28784 bytes left
[   12.923928] cfg80211: Loaded X.509 cert 'sforshee: 00b28ddf47aef9cea7'
[   12.928433] platform regulatory.0: Direct firmware load for regulatory.db failed with error -2
[   12.933771] ALSA device list:
[   12.935734]   No soundcards found.
[   12.937998] cfg80211: failed to load regulatory.db
[   13.569982] input: ImExPS/2 Generic Explorer Mouse as /devices/platform/i8042/serio1/input/input3
[   13.582535] md: Waiting for all devices to be available before autodetect
[   13.589541] md: If you don't use raid, use raid=noautodetect
[   13.595011] md: Autodetecting RAID arrays.
[   13.600125] md: autorun ...
[   13.601538] md: ... autorun DONE.
[   13.638691] EXT4-fs (sda): INFO: recovery required on readonly filesystem
[   13.646377] EXT4-fs (sda): write access will be enabled during recovery
[   13.782553] EXT4-fs (sda): recovery complete
[   13.798935] EXT4-fs (sda): mounted filesystem with ordered data mode. Opts: (null). Quota mode: none.
[   13.802045] VFS: Mounted root (ext4 filesystem) readonly on device 8:0.
[   13.804724] devtmpfs: mounted
[   13.808442] Freeing unused kernel image (initmem) memory: 2080K
[   13.824522] Write protecting the kernel read-only data: 57344k
[   13.830911] Freeing unused kernel image (text/rodata gap) memory: 2032K
[   13.836840] Freeing unused kernel image (rodata/data gap) memory: 2008K
[   13.845576] Run /sbin/init as init process
[   14.935239] SELinux:  Permission getrlimit in class process not defined in policy.
[   14.946558] SELinux:  Class process2 not defined in policy.
[   14.948326] SELinux:  Permission watch in class filesystem not defined in policy.
[   14.964097] SELinux:  Permission map in class file not defined in policy.
[   14.966243] SELinux:  Permission watch in class file not defined in policy.
[   14.968561] SELinux:  Permission watch_mount in class file not defined in policy.
[   14.983189] SELinux:  Permission watch_sb in class file not defined in policy.
[   14.985507] SELinux:  Permission watch_with_perm in class file not defined in policy.
[   14.987915] SELinux:  Permission watch_reads in class file not defined in policy.
[   15.004498] SELinux:  Permission map in class dir not defined in policy.
[   15.006659] SELinux:  Permission watch in class dir not defined in policy.
[   15.008757] SELinux:  Permission watch_mount in class dir not defined in policy.
[   15.023568] SELinux:  Permission watch_sb in class dir not defined in policy.
[   15.025679] SELinux:  Permission watch_with_perm in class dir not defined in policy.
[   15.027941] SELinux:  Permission watch_reads in class dir not defined in policy.
[   15.050239] SELinux:  Permission map in class lnk_file not defined in policy.
[   15.052404] SELinux:  Permission watch in class lnk_file not defined in policy.
[   15.054580] SELinux:  Permission watch_mount in class lnk_file not defined in policy.
[   15.056819] SELinux:  Permission watch_sb in class lnk_file not defined in policy.
[   15.067450] SELinux:  Permission watch_with_perm in class lnk_file not defined in policy.
[   15.077048] SELinux:  Permission watch_reads in class lnk_file not defined in policy.
[   15.087611] SELinux:  Permission map in class chr_file not defined in policy.
[   15.090923] SELinux:  Permission watch in class chr_file not defined in policy.
[   15.093518] SELinux:  Permission watch_mount in class chr_file not defined in policy.
[   15.095999] SELinux:  Permission watch_sb in class chr_file not defined in policy.
[   15.110180] SELinux:  Permission watch_with_perm in class chr_file not defined in policy.
[   15.112230] SELinux:  Permission watch_reads in class chr_file not defined in policy.
[   15.115437] SELinux:  Permission map in class blk_file not defined in policy.
[   15.121422] SELinux:  Permission watch in class blk_file not defined in policy.
[   15.136996] SELinux:  Permission watch_mount in class blk_file not defined in policy.
[   15.142281] SELinux:  Permission watch_sb in class blk_file not defined in policy.
[   15.144643] SELinux:  Permission watch_with_perm in class blk_file not defined in policy.
[   15.155345] SELinux:  Permission watch_reads in class blk_file not defined in policy.
[   15.162562] SELinux:  Permission map in class sock_file not defined in policy.
[   15.175182] SELinux:  Permission watch in class sock_file not defined in policy.
[   15.183478] SELinux:  Permission watch_mount in class sock_file not defined in policy.
[   15.194555] SELinux:  Permission watch_sb in class sock_file not defined in policy.
[   15.209854] SELinux:  Permission watch_with_perm in class sock_file not defined in policy.
[   15.220330] SELinux:  Permission watch_reads in class sock_file not defined in policy.
[   15.222285] SELinux:  Permission map in class fifo_file not defined in policy.
[   15.234570] SELinux:  Permission watch in class fifo_file not defined in policy.
[   15.242400] SELinux:  Permission watch_mount in class fifo_file not defined in policy.
[   15.256511] SELinux:  Permission watch_sb in class fifo_file not defined in policy.
[   15.264621] SELinux:  Permission watch_with_perm in class fifo_file not defined in policy.
[   15.277147] SELinux:  Permission watch_reads in class fifo_file not defined in policy.
[   15.286086] SELinux:  Permission map in class socket not defined in policy.
[   15.292314] SELinux:  Permission map in class tcp_socket not defined in policy.
[   15.298659] SELinux:  Permission map in class udp_socket not defined in policy.
[   15.306335] SELinux:  Permission map in class rawip_socket not defined in policy.
[   15.313149] SELinux:  Permission map in class netlink_socket not defined in policy.
[   15.321506] SELinux:  Permission map in class packet_socket not defined in policy.
[   15.333530] SELinux:  Permission map in class key_socket not defined in policy.
[   15.345124] SELinux:  Permission map in class unix_stream_socket not defined in policy.
[   15.352105] SELinux:  Permission map in class unix_dgram_socket not defined in policy.
[   15.360336] SELinux:  Permission map in class netlink_route_socket not defined in policy.
[   15.366931] SELinux:  Permission map in class netlink_tcpdiag_socket not defined in policy.
[   15.375325] SELinux:  Permission map in class netlink_nflog_socket not defined in policy.
[   15.383314] SELinux:  Permission map in class netlink_xfrm_socket not defined in policy.
[   15.390411] SELinux:  Permission map in class netlink_selinux_socket not defined in policy.
[   15.398112] SELinux:  Permission map in class netlink_iscsi_socket not defined in policy.
[   15.406382] SELinux:  Permission map in class netlink_audit_socket not defined in policy.
[   15.415720] SELinux:  Permission map in class netlink_fib_lookup_socket not defined in policy.
[   15.423715] SELinux:  Permission map in class netlink_connector_socket not defined in policy.
[   15.432493] SELinux:  Permission map in class netlink_netfilter_socket not defined in policy.
[   15.442225] SELinux:  Permission map in class netlink_dnrt_socket not defined in policy.
[   15.449709] SELinux:  Permission map in class netlink_kobject_uevent_socket not defined in policy.
[   15.457799] SELinux:  Permission map in class netlink_generic_socket not defined in policy.
[   15.466993] SELinux:  Permission map in class netlink_scsitransport_socket not defined in policy.
[   15.475553] SELinux:  Permission map in class netlink_rdma_socket not defined in policy.
[   15.482023] SELinux:  Permission map in class netlink_crypto_socket not defined in policy.
[   15.494162] SELinux:  Permission map in class appletalk_socket not defined in policy.
[   15.503007] SELinux:  Permission map in class dccp_socket not defined in policy.
[   15.514829] SELinux:  Permission perfmon in class capability2 not defined in policy.
[   15.527675] SELinux:  Permission bpf in class capability2 not defined in policy.
[   15.535597] SELinux:  Permission checkpoint_restore in class capability2 not defined in policy.
[   15.545778] SELinux:  Permission map in class tun_socket not defined in policy.
[   15.553718] SELinux:  Permission perfmon in class cap2_userns not defined in policy.
[   15.568496] SELinux:  Permission bpf in class cap2_userns not defined in policy.
[   15.576494] SELinux:  Permission checkpoint_restore in class cap2_userns not defined in policy.
[   15.582540] SELinux:  Class sctp_socket not defined in policy.
[   15.586610] SELinux:  Class icmp_socket not defined in policy.
[   15.591180] SELinux:  Class ax25_socket not defined in policy.
[   15.594844] SELinux:  Class ipx_socket not defined in policy.
[   15.598798] SELinux:  Class netrom_socket not defined in policy.
[   15.602326] SELinux:  Class atmpvc_socket not defined in policy.
[   15.606147] SELinux:  Class x25_socket not defined in policy.
[   15.609824] SELinux:  Class rose_socket not defined in policy.
[   15.613256] SELinux:  Class decnet_socket not defined in policy.
[   15.617719] SELinux:  Class atmsvc_socket not defined in policy.
[   15.621642] SELinux:  Class rds_socket not defined in policy.
[   15.625508] SELinux:  Class irda_socket not defined in policy.
[   15.629936] SELinux:  Class pppox_socket not defined in policy.
[   15.634653] SELinux:  Class llc_socket not defined in policy.
[   15.638838] SELinux:  Class can_socket not defined in policy.
[   15.642255] SELinux:  Class tipc_socket not defined in policy.
[   15.645549] SELinux:  Class bluetooth_socket not defined in policy.
[   15.650993] SELinux:  Class iucv_socket not defined in policy.
[   15.667582] SELinux:  Class rxrpc_socket not defined in policy.
[   15.672321] SELinux:  Class isdn_socket not defined in policy.
[   15.679562] SELinux:  Class phonet_socket not defined in policy.
[   15.689733] SELinux:  Class ieee802154_socket not defined in policy.
[   15.695867] SELinux:  Class caif_socket not defined in policy.
[   15.701958] SELinux:  Class alg_socket not defined in policy.
[   15.706370] SELinux:  Class nfc_socket not defined in policy.
[   15.717405] SELinux:  Class vsock_socket not defined in policy.
[   15.720977] SELinux:  Class kcm_socket not defined in policy.
[   15.745999] SELinux:  Class qipcrtr_socket not defined in policy.
[   15.749828] SELinux:  Class smc_socket not defined in policy.
[   15.755760] SELinux:  Class infiniband_pkey not defined in policy.
[   15.760805] SELinux:  Class infiniband_endport not defined in policy.
[   15.764771] SELinux:  Class bpf not defined in policy.
[   15.769828] SELinux:  Class xdp_socket not defined in policy.
[   15.773143] SELinux:  Class mctp_socket not defined in policy.
[   15.783008] SELinux:  Class perf_event not defined in policy.
[   15.785771] SELinux:  Class lockdown not defined in policy.
[   15.787657] SELinux:  Class anon_inode not defined in policy.
[   15.789759] SELinux: the above unknown classes and permissions will be allowed
[   15.848247] SELinux:  policy capability network_peer_controls=1
[   15.858561] SELinux:  policy capability open_perms=1
[   15.862462] SELinux:  policy capability extended_socket_class=0
[   15.865369] SELinux:  policy capability always_check_network=0
[   15.876849] SELinux:  policy capability cgroup_seclabel=0
[   15.879041] SELinux:  policy capability nnp_nosuid_transition=0
[   15.880854] SELinux:  policy capability genfs_seclabel_symlinks=0
[   15.885021] SELinux:  policy capability ioctl_skip_cloexec=0
[   15.979174] audit: type=1403 audit(1669042680.649:2): auid=4294967295 ses=4294967295 lsm=selinux res=1
[   16.024183] systemd[1]: Successfully loaded SELinux policy in 1.977676s.
[   16.114773] audit: type=1400 audit(1669042680.785:3): avc:  denied  { associate } for  pid=1 comm="systemd" name="pts" scontext=system_u:object_r:devpts_t:s0 tcontext=system_u:object_r:device_t:s0 tclass=filesystem permissive=1
[   16.169803] systemd[1]: Relabelled /dev and /run in 29.072ms.
[   16.223039] systemd[1]: systemd 232 running in system mode. (+PAM +AUDIT +SELINUX +IMA +APPARMOR +SMACK +SYSVINIT +UTMP +LIBCRYPTSETUP +GCRYPT +GNUTLS +ACL +XZ +LZ4 +SECCOMP +BLKID +ELFUTILS +KMOD +IDN)
[   16.240516] systemd[1]: Detected virtualization qemu.
[   16.244959] systemd[1]: Detected architecture x86-64.

Welcome to [1mDebian GNU/Linux 9 (stretch)[0m!

[   16.262947] systemd[1]: Set hostname to <syzkaller>.
[   16.471430] systemd-hiberna (88) used greatest stack depth: 26832 bytes left
[   16.541142] systemd-cryptse (85) used greatest stack depth: 26144 bytes left
[   16.655587] selinux-autorel (84) used greatest stack depth: 25152 bytes left
[   16.895154] systemd[1]: Listening on udev Control Socket.
[[0;32m  OK  [0m] Listening on udev Control Socket.
[   16.943325] systemd[1]: Reached target Swap.
[[0;32m  OK  [0m] Reached target Swap.
[   16.964085] systemd[1]: Started Forward Password Requests to Wall Directory Watch.
[[0;32m  OK  [0m] Started Forward Password Requests to Wall Directory Watch.
[   16.995140] systemd[1]: Started Dispatch Password Requests to Console Directory Watch.
[[0;32m  OK  [0m] Started Dispatch Password Requests to Console Directory Watch.
[   17.047329] systemd[1]: Reached target Remote File Systems.
[[0;32m  OK  [0m] Reached target Remote File Systems.
[   17.078504] systemd[1]: Listening on Journal Socket.
[[0;32m  OK  [0m] Listening on Journal Socket.
[[0;32m  OK  [0m] Listening on udev Kernel Socket.
[[0;32m  OK  [0m] Listening on /dev/initctl Compatibility Named Pipe.
[[0;32m  OK  [0m] Listening on Syslog Socket.
[[0;32m  OK  [0m] Set up automount Arbitrary Executabâ€¦rmats File System Automount Point.
[[0;32m  OK  [0m] Listening on Journal Audit Socket.
[   17.167752] audit: type=1400 audit(1669042681.835:4): avc:  denied  { audit_read } for  pid=1 comm="systemd" capability=37  scontext=system_u:system_r:kernel_t:s0 tcontext=system_u:system_r:kernel_t:s0 tclass=capability2 permissive=1
[[0;32m  OK  [0m] Reached target Paths.
[[0;32m  OK  [0m] Reached target Encrypted Volumes.
[[0;32m  OK  [0m] Listening on Journal Socket (/dev/log).
[[0;32m  OK  [0m] Reached target Sockets.
[[0;32m  OK  [0m] Created slice System Slice.
         Starting Load Kernel Modules...
[[0;32m  OK  [0m] Created slice system-serial\x2dgetty.slice.
[[0;32m  OK  [0m] Created slice system-getty.slice.
         Mounting POSIX Message Queue File System...
         Starting Create Static Device Nodes in /dev...
         Starting Journal Service...
         Mounting /sys/kernel/debug...
[[0;32m  OK  [0m] Reached target Slices.
         Mounting /sys/kernel/config...
         Starting Remount Root and Kernel File Systems...
         Mounting /proc/sys/fs/binfmt_misc...
[[0;32m  OK  [0m] Mounted POSIX Message Queue File System.
[[0;32m  OK  [0m] Mounted /sys/kernel/debug.[   17.608515] EXT4-fs (sda): re-mounted. Opts: (null). Quota mode: none.

[[0;32m  OK  [0m] Mounted /sys/kernel/config.
[[0;32m  OK  [0m] Mounted /proc/sys/fs/binfmt_misc.
[[0;32m  OK  [0m] Started Load Kernel Modules.
[[0;32m  OK  [0m] Started Create Static Device Nodes in /dev.
[[0;32m  OK  [0m] Started Remount Root and Kernel File Systems.
         Starting Load/Save Random Seed...
         Starting udev Coldplug all Devices...
         Starting udev Kernel Device Manager...
[[0;32m  OK  [0m] Reached target Local File Systems (Pre).
         Starting Apply Kernel Variables...
[[0;32m  OK  [0m] Reached target Local File Systems.
[[0;32m  OK  [0m] Started Journal Service.
[[0;32m  OK  [0m] Started Load/Save Random Seed.
[[0;32m  OK  [0m] Started Apply Kernel Variables.
         Starting Raise network interfaces...
         Starting Flush Journal to Persistent Storage...
[   18.239100] audit: type=1107 audit(1669042682.909:5): pid=1 uid=0 auid=4294967295 ses=4294967295 subj=system_u:system_r:kernel_t:s0 msg='avc:  denied  { stop } for auid=n/a uid=0 gid=0 path="/lib/systemd/system/systemd-journald.service" cmdline="/bin/journalctl --flush" scontext=system_u:system_r:kernel_t:s0 tcontext=system_u:object_r:unlabeled_t:s0 tclass=service
[   18.239100]  exe="/lib/systemd/systemd" sauid=0 hostname=? addr=? terminal=?'
[   18.284572] systemd-journald[95]: Received request to flush runtime journal from PID 1
[[0;32m  OK  [0m] Started udev Kernel Device Manager.
[[0;32m  OK  [0m] Started Flush Journal to Persistent Storage.
         Starting Create Volatile Files and Directories...
[[0;32m  OK  [0m] Started Create Volatile Files and Directories.
         Starting Network Time Synchronization...
         Starting Update UTMP about System Boot/Shutdown...
[[0;32m  OK  [0m] Started Update UTMP about System Boot/Shutdown.
[[0;32m  OK  [0m] Started udev Coldplug all Devices.
[[0;32m  OK  [0m] Started Network Time Synchronization.
[[0;32m  OK  [0m] Reached target System Initialization.
[[0;32m  OK  [0m] Started Daily Cleanup of Temporary Directories.
[[0;32m  OK  [0m] Reached target Basic System.
[[0;32m  OK  [0m] Started Regular background program processing daemon.
         Starting System Logging Service...
         Starting getty on tty2-tty6 if dbus and logind are not available...
[[0;32m  OK  [0m] Reached target System Time Synchronized.
[[0;32m  OK  [0m] Started Daily apt download activities.[   20.191000] e1000 0000:00:04.0 enp0s4: renamed from eth0

[[0;32m  OK  [0m] Started Daily apt upgrade and clean activities.
[[0;32m  OK  [0m] Reached target Timers.
[[0;32m  OK  [0m] Found device /dev/ttyS0.
[   20.631285] hrtimer: interrupt took 10449510 ns
[   20.668129] audit: type=1107 audit(1669042685.336:6): pid=1 uid=0 auid=4294967295 ses=4294967295 subj=system_u:system_r:kernel_t:s0 msg='avc:  denied  { start } for auid=n/a uid=0 gid=0 path="/lib/systemd/system/getty@.service" cmdline="/bin/systemctl --no-block start getty@tty2.service getty@tty3.service getty@tty4.service getty@tty5.service getty@tty6.service" scontext=system_u:system_r:kernel_t:s0 tcontext=system_u:object_r:unlabeled_t:s0 tclass=service
[   20.668129]  exe="/lib/systemd/systemd" sauid=0 hostname=? addr=? terminal=?'
[[0;32m  OK  [0m] Started System Logging Service.
[   21.122551] audit: type=1107 audit(1669042685.442:7): pid=1 uid=0 auid=4294967295 ses=4294967295 subj=system_u:system_r:kernel_t:s0 msg='avc:  denied  { status } for auid=n/a uid=0 gid=0 path="/lib/systemd/system/getty@.service" cmdline="/bin/systemctl --no-block start getty@tty2.service getty@tty3.service getty@tty4.service getty@tty5.service getty@tty6.service" scontext=system_u:system_r:kernel_t:s0 tcontext=system_u:object_r:unlabeled_t:s0 tclass=service
[   21.122551]  exe="/lib/systemd/systemd" sauid=0 hostname=? addr=? terminal=?'
[[0;32m  OK  [0m] Started getty on tty2-tty6 if dbus and logind are not available.
[[0;32m  OK  [0m] Listening on Load/Save RF Kill Switch Status /dev/rfkill Watch.
[[0;1;31mFAILED[0m] Failed to start Raise network interfaces.
See 'systemctl status networking.service' for details.
[[0;32m  OK  [0m] Reached target Network.
[[0;32m  OK  [0m] Reached target Network is Online.
         Starting Daily apt download activities...
         Starting Permit User Sessions...
         Starting OpenBSD Secure Shell server...
[[0;32m  OK  [0m] Started Permit User Sessions.
[[0;32m  OK  [0m] Started Serial Getty on ttyS0.
[[0;32m  OK  [0m] Started Getty on tty4.
[[0;32m  OK  [0m] Started Getty on tty2.
[[0;32m  OK  [0m] Started Getty on tty6.
[[0;32m  OK  [0m] Started Getty on tty3.
[[0;32m  OK  [0m] Started Getty on tty5.
[[0;32m  OK  [0m] Started Getty on tty1.
[[0;32m  OK  [0m] Reached target Login Prompts.
[[0;32m  OK  [0m] Started OpenBSD Secure Shell server.
[[0;32m  OK  [0m] Reached target Multi-User System.
[[0;32m  OK  [0m] Reached target Graphical Interface.
         Starting Update UTMP about System Runlevel Changes...
[[0;32m  OK  [0m] Started Update UTMP about System Runlevel Changes.

Debian GNU/Linux 9 syzkaller ttyS0


failed to init instance: failed to create VM: can't ssh into the instance
failed to run ["ssh" "-p" "19337" "-F" "/dev/null" "-o" "UserKnownHostsFile=/dev/null" "-o" "BatchMode=yes" "-o" "IdentitiesOnly=yes" "-o" "StrictHostKeyChecking=no" "-o" "ConnectTimeout=10" "-i" "/home/abel/Documents/workspace/syzkaller/tools/stretch.id_rsa" "root@localhost" "pwd"]: exit status 255
Connection timed out during banner exchange
Connection to 127.0.0.1 port 19337 timed out
[    0.000000] Linux version 5.15.79 (abel@abel-Inspiron-3502) (gcc (Ubuntu 11.3.0-1ubuntu1~22.04) 11.3.0, GNU ld (GNU Binutils for Ubuntu) 2.38) #1 SMP Sun Nov 20 22:22:17 CST 2022
[    0.000000] Command line: root=/dev/sda console=ttyS0 
[    0.000000] x86/fpu: Supporting XSAVE feature 0x001: 'x87 floating point registers'
[    0.000000] x86/fpu: Supporting XSAVE feature 0x002: 'SSE registers'
[    0.000000] x86/fpu: Supporting XSAVE feature 0x008: 'MPX bounds registers'
[    0.000000] x86/fpu: Supporting XSAVE feature 0x010: 'MPX CSR'
[    0.000000] x86/fpu: xstate_offset[3]:  576, xstate_sizes[3]:   64
[    0.000000] x86/fpu: xstate_offset[4]:  640, xstate_sizes[4]:   64
[    0.000000] x86/fpu: Enabled xstate features 0x1b, context size is 704 bytes, using 'compacted' format.
[    0.000000] signal: max sigframe size: 2032
[    0.000000] BIOS-provided physical RAM map:
[    0.000000] BIOS-e820: [mem 0x0000000000000000-0x000000000009fbff] usable
[    0.000000] BIOS-e820: [mem 0x000000000009fc00-0x000000000009ffff] reserved
[    0.000000] BIOS-e820: [mem 0x00000000000f0000-0x00000000000fffff] reserved
[    0.000000] BIOS-e820: [mem 0x0000000000100000-0x000000007ffdffff] usable
[    0.000000] BIOS-e820: [mem 0x000000007ffe0000-0x000000007fffffff] reserved
[    0.000000] BIOS-e820: [mem 0x00000000feffc000-0x00000000feffffff] reserved
[    0.000000] BIOS-e820: [mem 0x00000000fffc0000-0x00000000ffffffff] reserved
[    0.000000] NX (Execute Disable) protection: active
[    0.000000] SMBIOS 2.8 present.
[    0.000000] DMI: QEMU Standard PC (i440FX + PIIX, 1996), BIOS 1.15.0-1 04/01/2014
[    0.000000] Hypervisor detected: KVM
[    0.000000] kvm-clock: Using msrs 4b564d01 and 4b564d00
[    0.000000] kvm-clock: cpu 0, msr 3ea92001, primary cpu clock
[    0.000005] kvm-clock: using sched offset of 692006828 cycles
[    0.000023] clocksource: kvm-clock: mask: 0xffffffffffffffff max_cycles: 0x1cd42e4dffb, max_idle_ns: 881590591483 ns
[    0.000049] tsc: Detected 1094.400 MHz processor
[    0.011143] last_pfn = 0x7ffe0 max_arch_pfn = 0x400000000
[    0.011259] x86/PAT: Configuration [0-7]: WB  WC  UC- UC  WB  WP  UC- WT  
[    0.019922] found SMP MP-table at [mem 0x000f5b90-0x000f5b9f]
[    0.020214] Using GB pages for direct mapping
[    0.021584] ACPI: Early table checksum verification disabled
[    0.021637] ACPI: RSDP 0x00000000000F59D0 000014 (v00 BOCHS )
[    0.021687] ACPI: RSDT 0x000000007FFE1967 000034 (v01 BOCHS  BXPC     00000001 BXPC 00000001)
[    0.021740] ACPI: FACP 0x000000007FFE1813 000074 (v01 BOCHS  BXPC     00000001 BXPC 00000001)
[    0.021795] ACPI: DSDT 0x000000007FFE0040 0017D3 (v01 BOCHS  BXPC     00000001 BXPC 00000001)
[    0.021839] ACPI: FACS 0x000000007FFE0000 000040
[    0.021874] ACPI: APIC 0x000000007FFE1887 000080 (v01 BOCHS  BXPC     00000001 BXPC 00000001)
[    0.021918] ACPI: HPET 0x000000007FFE1907 000038 (v01 BOCHS  BXPC     00000001 BXPC 00000001)
[    0.021961] ACPI: WAET 0x000000007FFE193F 000028 (v01 BOCHS  BXPC     00000001 BXPC 00000001)
[    0.022001] ACPI: Reserving FACP table memory at [mem 0x7ffe1813-0x7ffe1886]
[    0.022023] ACPI: Reserving DSDT table memory at [mem 0x7ffe0040-0x7ffe1812]
[    0.022041] ACPI: Reserving FACS table memory at [mem 0x7ffe0000-0x7ffe003f]
[    0.022058] ACPI: Reserving APIC table memory at [mem 0x7ffe1887-0x7ffe1906]
[    0.022075] ACPI: Reserving HPET table memory at [mem 0x7ffe1907-0x7ffe193e]
[    0.022091] ACPI: Reserving WAET table memory at [mem 0x7ffe193f-0x7ffe1966]
[    0.024226] No NUMA configuration found
[    0.024257] Faking a node at [mem 0x0000000000000000-0x000000007ffdffff]
[    0.024293] NODE_DATA(0) allocated [mem 0x7ffdc000-0x7ffdffff]
[    0.024395] Zone ranges:
[    0.024407]   DMA      [mem 0x0000000000001000-0x0000000000ffffff]
[    0.024428]   DMA32    [mem 0x0000000001000000-0x000000007ffdffff]
[    0.024448]   Normal   empty
[    0.024462] Movable zone start for each node
[    0.024471] Early memory node ranges
[    0.024480]   node   0: [mem 0x0000000000001000-0x000000000009efff]
[    0.024496]   node   0: [mem 0x0000000000100000-0x000000007ffdffff]
[    0.024515] Initmem setup node 0 [mem 0x0000000000001000-0x000000007ffdffff]
[    0.025479] On node 0, zone DMA: 1 pages in unavailable ranges
[    0.025816] On node 0, zone DMA: 97 pages in unavailable ranges
[    0.087906] On node 0, zone DMA32: 32 pages in unavailable ranges
[    0.348157] kasan: KernelAddressSanitizer initialized
[    0.349026] ACPI: PM-Timer IO Port: 0x608
[    0.349084] ACPI: LAPIC_NMI (acpi_id[0xff] dfl dfl lint[0x1])
[    0.349221] IOAPIC[0]: apic_id 0, version 17, address 0xfec00000, GSI 0-23
[    0.349252] ACPI: INT_SRC_OVR (bus 0 bus_irq 0 global_irq 2 dfl dfl)
[    0.349274] ACPI: INT_SRC_OVR (bus 0 bus_irq 5 global_irq 5 high level)
[    0.349291] ACPI: INT_SRC_OVR (bus 0 bus_irq 9 global_irq 9 high level)
[    0.349307] ACPI: INT_SRC_OVR (bus 0 bus_irq 10 global_irq 10 high level)
[    0.349324] ACPI: INT_SRC_OVR (bus 0 bus_irq 11 global_irq 11 high level)
[    0.349355] ACPI: Using ACPI (MADT) for SMP configuration information
[    0.349368] ACPI: HPET id: 0x8086a201 base: 0xfed00000
[    0.349398] TSC deadline timer available
[    0.349414] smpboot: Allowing 2 CPUs, 0 hotplug CPUs
[    0.349492] kvm-guest: KVM setup pv remote TLB flush
[    0.349510] kvm-guest: setup PV sched yield
[    0.349716] PM: hibernation: Registered nosave memory: [mem 0x00000000-0x00000fff]
[    0.349741] PM: hibernation: Registered nosave memory: [mem 0x0009f000-0x0009ffff]
[    0.349756] PM: hibernation: Registered nosave memory: [mem 0x000a0000-0x000effff]
[    0.349770] PM: hibernation: Registered nosave memory: [mem 0x000f0000-0x000fffff]
[    0.349787] [mem 0x80000000-0xfeffbfff] available for PCI devices
[    0.349801] Booting paravirtualized kernel on KVM
[    0.349819] clocksource: refined-jiffies: mask: 0xffffffff max_cycles: 0xffffffff, max_idle_ns: 1910969940391419 ns
[    0.375657] setup_percpu: NR_CPUS:64 nr_cpumask_bits:64 nr_cpu_ids:2 nr_node_ids:1
[    0.379407] percpu: Embedded 64 pages/cpu s224472 r8192 d29480 u1048576
[    0.379698] kvm-guest: setup async PF for cpu 0
[    0.379730] kvm-guest: stealtime: cpu 0, msr 6d227140
[    0.379758] Built 1 zonelists, mobility grouping on.  Total pages: 515808
[    0.379775] Policy zone: DMA32
[    0.379790] Kernel command line: root=/dev/sda console=ttyS0 
[    0.383067] Dentry cache hash table entries: 262144 (order: 9, 2097152 bytes, linear)
[    0.385249] Inode-cache hash table entries: 131072 (order: 8, 1048576 bytes, linear)
[    0.385451] mem auto-init: stack:off, heap alloc:off, heap free:off
[    0.547684] Memory: 1701340K/2096632K available (45069K kernel code, 7445K rwdata, 8232K rodata, 2080K init, 1604K bss, 395036K reserved, 0K cma-reserved)
[    0.548219] SLUB: HWalign=64, Order=0-3, MinObjects=0, CPUs=2, Nodes=1
[    0.548727] rcu: Hierarchical RCU implementation.
[    0.548742] rcu: 	RCU event tracing is enabled.
[    0.548752] rcu: 	RCU restricting CPUs from NR_CPUS=64 to nr_cpu_ids=2.
[    0.548766] rcu: RCU calculated value of scheduler-enlistment delay is 100 jiffies.
[    0.548778] rcu: Adjusting geometry for rcu_fanout_leaf=16, nr_cpu_ids=2
[    0.599798] NR_IRQS: 4352, nr_irqs: 440, preallocated irqs: 16
[    0.600455] random: crng init done
[    0.625216] Console: colour VGA+ 80x25
[    1.129230] printk: console [ttyS0] enabled
[    1.130564] ACPI: Core revision 20210730
[    1.132447] clocksource: hpet: mask: 0xffffffff max_cycles: 0xffffffff, max_idle_ns: 19112604467 ns
[    1.143622] APIC: Switch to symmetric I/O mode setup
[    1.145168] kvm-guest: setup PV IPIs
[    1.148385] ..TIMER: vector=0x30 apic1=0 pin1=2 apic2=-1 pin2=-1
[    1.159376] clocksource: tsc-early: mask: 0xffffffffffffffff max_cycles: 0xfc66f4fc7c, max_idle_ns: 440795224246 ns
[    1.162311] Calibrating delay loop (skipped) preset value.. 2188.80 BogoMIPS (lpj=1094400)
[    1.163304] pid_max: default: 32768 minimum: 301
[    1.164486] LSM: Security Framework initializing
[    1.165408] SELinux:  Initializing.
[    1.166639] Mount-cache hash table entries: 4096 (order: 3, 32768 bytes, linear)
