Extracting prog: 1h3m51.006852016s
Minimizing prog: 1h34m14.99952863s
Simplifying prog options: 20m37.478207087s
Extracting C: 9m37.374165491s
Simplifying C: 0s


738 programs, 4 VMs, timeouts [15s 1m40s 6m0s]
extracting reproducer from 738 programs
single: executing 8 programs separately with timeout 15s
testing program (duration=15s, {Threaded:true Repeat:true RepeatTimes:0 Procs:8 Slowdown:1 Sandbox:none SandboxArg:0 Leak:false NetInjection:false NetDevices:true NetReset:true Cgroups:true BinfmtMisc:true CloseFDs:true KCSAN:false DevlinkPCI:false NicVF:false USB:false VhciInjection:false Wifi:false IEEE802154:false Sysctl:true UseTmpDir:true HandleSegv:true Repro:true Trace:false LegacyOptions:{Collide:false Fault:false FaultCall:0 FaultNth:0}}): socket$inet_udplite-sendmmsg$inet
detailed listing:
executing program 0:
r0 = socket$inet_udplite(0x2, 0x2, 0x88)
sendmmsg$inet(r0, &(0x7f0000002d40)=[{{&(0x7f00000000c0)={0x2, 0x4e22, @loopback}, 0x10, 0x0}}, {{&(0x7f0000000ac0)={0x2, 0x4e22, @local}, 0x53, 0x0, 0x0, &(0x7f0000000040)=[@ip_retopts={{0x14, 0x0, 0x7, {[@timestamp_prespec={0x44, 0x0, 0x0, 0x3, 0x0, [{@dev}]}]}}}], 0x18}}], 0x2, 0x2)

program did not crash
testing program (duration=15s, {Threaded:true Repeat:true RepeatTimes:0 Procs:8 Slowdown:1 Sandbox:none SandboxArg:0 Leak:false NetInjection:false NetDevices:true NetReset:true Cgroups:true BinfmtMisc:true CloseFDs:true KCSAN:false DevlinkPCI:false NicVF:false USB:false VhciInjection:false Wifi:false IEEE802154:false Sysctl:true UseTmpDir:true HandleSegv:true Repro:true Trace:false LegacyOptions:{Collide:false Fault:false FaultCall:0 FaultNth:0}}): ioctl$FS_IOC_RESVSP-write$binfmt_script-lseek-write$binfmt_script
detailed listing:
executing program 0:
ioctl$FS_IOC_RESVSP(0xffffffffffffffff, 0x40305839, &(0x7f0000000000)={0x0, 0x0, 0x0, 0x1000000a36e})
write$binfmt_script(0xffffffffffffffff, &(0x7f0000000080)=ANY=[], 0xdc)
lseek(0xffffffffffffffff, 0x0, 0x4)
write$binfmt_script(0xffffffffffffffff, &(0x7f0000000180)=ANY=[@ANYBLOB="2321202e2f66696c653020002000204020000ad99d6d842687a47166cc31e21e70933171c81b89a85cb05eab75fbaf7107f2dfcdfc4a8ad8be204cc6bed0fa45ab2e147e82fffe9baf43d7508690646ff05bec649ace9cc7ef2384bbb532578ef418e6d8ebc78da326cfc9dfd510d7002cd0b25000589675b7a1a6f8d3bf6ccac798456138fdd8469a0cdeb55482efe9d7245fbcb8e0da41b1204d76"], 0x9c)

program did not crash
testing program (duration=15s, {Threaded:true Repeat:true RepeatTimes:0 Procs:8 Slowdown:1 Sandbox:none SandboxArg:0 Leak:false NetInjection:false NetDevices:true NetReset:true Cgroups:true BinfmtMisc:true CloseFDs:true KCSAN:false DevlinkPCI:false NicVF:false USB:false VhciInjection:false Wifi:false IEEE802154:false Sysctl:true UseTmpDir:true HandleSegv:true Repro:true Trace:false LegacyOptions:{Collide:false Fault:false FaultCall:0 FaultNth:0}}): openat-ioctl$FS_IOC_RESVSP-ioctl$F2FS_IOC_MOVE_RANGE-ioctl$EXT4_IOC_CHECKPOINT-lseek
detailed listing:
executing program 0:
r0 = openat(0xffffffffffffff9c, &(0x7f0000000040)='./file0\x00', 0x826e1, 0x0)
ioctl$FS_IOC_RESVSP(r0, 0x40305839, &(0x7f0000000080)={0x0, 0x2, 0x68, 0x1080000a36e}) (async)
ioctl$F2FS_IOC_MOVE_RANGE(r0, 0xc020f509, &(0x7f0000000000)={<r1=>r0, 0x8, 0x7fffffff, 0x32f})
ioctl$EXT4_IOC_CHECKPOINT(r1, 0x4004662b, &(0x7f00000000c0)=0x4)
lseek(r0, 0x0, 0x4)

program did not crash
testing program (duration=15s, {Threaded:true Repeat:true RepeatTimes:0 Procs:8 Slowdown:1 Sandbox:none SandboxArg:0 Leak:false NetInjection:false NetDevices:true NetReset:true Cgroups:true BinfmtMisc:true CloseFDs:true KCSAN:false DevlinkPCI:false NicVF:false USB:false VhciInjection:false Wifi:false IEEE802154:false Sysctl:true UseTmpDir:true HandleSegv:true Repro:true Trace:false LegacyOptions:{Collide:false Fault:false FaultCall:0 FaultNth:0}}): add_key$fscrypt_v1-keyctl$invalidate-openat-ioctl$FS_IOC_RESVSP-lseek
detailed listing:
executing program 0:
r0 = add_key$fscrypt_v1(&(0x7f0000000080), &(0x7f00000000c0)={'fscrypt:', @auto=[0x33, 0x36, 0x32, 0x61, 0x33, 0x36, 0x36, 0x37, 0x30, 0x32, 0x6f31759a3e0f8aa, 0x57, 0x66, 0x37, 0x33, 0x34]}, &(0x7f0000000100)={0x0, "5d075ba0d5f24fc41fc9e1a75df231c795e6cb3551b15b42bdbaaeaa5eba416697125d606d306e9e5d604e7bcbfb7cef628842aef636ed7d2420c7a3fc56e6e5", 0x2e}, 0x48, 0xfffffffffffffffc)
keyctl$invalidate(0x15, r0)
r1 = openat(0xffffffffffffff9c, &(0x7f0000000040)='./file0\x00', 0x826e1, 0x0)
ioctl$FS_IOC_RESVSP(r1, 0x40305839, &(0x7f0000000000)={0x0, 0x0, 0x0, 0x1000000a36e}) (async)
lseek(r1, 0x0, 0x3)

program did not crash
testing program (duration=15s, {Threaded:true Repeat:true RepeatTimes:0 Procs:8 Slowdown:1 Sandbox:none SandboxArg:0 Leak:false NetInjection:false NetDevices:true NetReset:true Cgroups:true BinfmtMisc:true CloseFDs:true KCSAN:false DevlinkPCI:false NicVF:false USB:false VhciInjection:false Wifi:false IEEE802154:false Sysctl:true UseTmpDir:true HandleSegv:true Repro:true Trace:false LegacyOptions:{Collide:false Fault:false FaultCall:0 FaultNth:0}}): openat-ioctl$FS_IOC_RESVSP-lseek-ioctl$EXT4_IOC_SWAP_BOOT-ioctl$FAT_IOCTL_GET_VOLUME_ID-lstat-getsockopt$sock_cred-write$binfmt_script
detailed listing:
executing program 0:
r0 = openat(0xffffffffffffff9c, &(0x7f0000000040)='./file0\x00', 0x826e1, 0x0)
ioctl$FS_IOC_RESVSP(r0, 0x40305839, &(0x7f0000000000)={0x0, 0x0, 0x0, 0x1000000a36e})
lseek(r0, 0x0, 0x3)
ioctl$EXT4_IOC_SWAP_BOOT(r0, 0x6611)
ioctl$FAT_IOCTL_GET_VOLUME_ID(r0, 0x80047213, &(0x7f0000000080))
lstat(0x0, 0x0)
getsockopt$sock_cred(0xffffffffffffffff, 0x1, 0x11, 0x0, 0x0)
write$binfmt_script(r0, 0x0, 0x1e)

program did not crash
testing program (duration=15s, {Threaded:true Repeat:true RepeatTimes:0 Procs:8 Slowdown:1 Sandbox:none SandboxArg:0 Leak:false NetInjection:false NetDevices:true NetReset:true Cgroups:true BinfmtMisc:true CloseFDs:true KCSAN:false DevlinkPCI:false NicVF:false USB:false VhciInjection:false Wifi:false IEEE802154:false Sysctl:true UseTmpDir:true HandleSegv:true Repro:true Trace:false LegacyOptions:{Collide:false Fault:false FaultCall:0 FaultNth:0}}): mknodat-openat-open$dir-preadv2-poll-syz_open_procfs-preadv-syz_open_procfs-preadv-syz_open_dev$evdev-ioctl$EVIOCGID-getsockopt$inet6_IPV6_XFRM_POLICY-mount$9p_fd-bind$inet6-openat$urandom-pwritev-sendmsg$TIPC_CMD_SET_LINK_WINDOW
detailed listing:
executing program 0:
mknodat(0xffffffffffffff9c, &(0x7f0000000280)='./file0\x00', 0x1000, 0x0)
r0 = openat(0xffffffffffffff9c, &(0x7f0000000040)='./file0\x00', 0x141802, 0x0)
r1 = open$dir(&(0x7f0000000000)='./file0\x00', 0x50800, 0x20)
preadv2(r1, &(0x7f0000000240)=[{&(0x7f0000000080)=""/55, 0x37}, {&(0x7f00000000c0)}, {&(0x7f0000000100)=""/97, 0x61}, {&(0x7f0000000180)=""/129, 0x81}], 0x4, 0x7, 0x1, 0x8)
poll(&(0x7f00000003c0)=[{r0}], 0x1, 0x1)
r2 = syz_open_procfs(0x0, &(0x7f0000000080)='net/ip_tables_matches\x00')
preadv(r2, &(0x7f00000006c0)=[{&(0x7f0000000040)=""/58, 0x3a}], 0x1, 0x5, 0x0)
r3 = syz_open_procfs(0x0, &(0x7f0000000080)='net/ip_tables_matches\x00')
preadv(r3, &(0x7f00000006c0)=[{&(0x7f0000000040)=""/58, 0x3a}], 0x1, 0x5, 0x0)
r4 = syz_open_dev$evdev(&(0x7f0000000000), 0x0, 0x0)
ioctl$EVIOCGID(r4, 0x80284504, 0x0)
getsockopt$inet6_IPV6_XFRM_POLICY(r0, 0x29, 0x23, &(0x7f0000001780)={{{@in=@dev, @in=@local, 0x0, 0x0, 0x0, 0x0, 0x0, 0x0, 0x0, 0x0, 0x0, <r5=>0x0}}, {{@in=@dev}, 0x0, @in=@local}}, &(0x7f0000001880)=0xe8)
mount$9p_fd(0x0, &(0x7f0000000380)='./file0\x00', &(0x7f0000000680), 0x800800, &(0x7f00000018c0)={'trans=fd,', {'rfdno', 0x3d, r3}, 0x2c, {'wfdno', 0x3d, r4}, 0x2c, {[{@access_any}, {@version_L}], [{@euid_eq={'euid', 0x3d, r5}}, {@defcontext={'defcontext', 0x3d, 'unconfined_u'}}, {@obj_user={'obj_user', 0x3d, 'I\''}}, {@fsmagic={'fsmagic', 0x3d, 0xffffffffffff963c}}, {@rootcontext={'rootcontext', 0x3d, 'system_u'}}]}})
bind$inet6(r2, &(0x7f00000000c0)={0xa, 0x4e20, 0x1ff, @loopback, 0x5}, 0x1c)
r6 = openat$urandom(0xffffffffffffff9c, &(0x7f00000002c0), 0x802, 0x0)
pwritev(r6, &(0x7f0000001700)=[{&(0x7f0000000300)="b0598c78a049a2bbc63ed8d6543373aeefe1123524b8f4083d99c9ec0e5c8c03403aeec578c45b7f5d9618fb3ba866d8a58e8ad25029592752230436e3e9702229887b5fd5a4832afeed4d88c2cdb9e09207", 0x52}, {&(0x7f0000000400)="7b1b52d26c839a371ecef021a691e3fbafde1478a4b6cadb6ebc67120536f37e7d55b2db20e635ba9328511fe1af5f2bfdba2dc4c2ac137a3eb6017b9fb060effb537871f38eadeb6f1a9f2d0e5d34536791dce99bd653cb728f3443505e0ec8508bf9e386cfd2299764a1433ee9f4403acb7cfcc27b2353e34dcd49489abaf5aafc804d34dae1d359f7f4838d91b00c1895998c7fba30889498e2f2426abb64b740959f971da13d35e1d3a28d3445dd6a06034db20f20b67bb8c4240a13ebec333e087ff41a4470f437", 0xca}, {&(0x7f0000000500)="a0c9803eb5324a7797bc731a5813ea13e6a357ebc2de450f405d2d23c8b607bc5aec22109ef82304f6b99a14c183435b6e0cfb09f862e116ee57095446f5b7b4c92d7cd4c0a89ef89ba996c9add1d1fcccb9076d9d1292d0885b74e28189cd3d09", 0x61}, {&(0x7f0000000700)="179fa155fdbf45de0e01cfa3b86311dcef0c5bb968fec4c54c35abfbfcb14c260324b3b45a3cd6e8b70b72e825fae303376f9ceb0ee01762055392313b572876de5c0c8dc5c11560365c95736ce1f64b4b99f39e13c9f36bcab0a5a8d1918e7415e651a017df172a4c2a46b276524c3896305166321657fa5a9421cadd4f5e9c9241c3ac553aa1794f0cf4fa84034844f6c74b94b035e45ac9e9317c2dd7bc786379680024f4da7ffe6fdfa47ab449d7ec9ff2762ef1af3f6482d193980a183469481ca570fa4828a6ab300002b1846bba30e8e935f0e2d86771dcd0d30f569ec4bfa0b9ec428a7c0336d7caeaeee670dcfe4268e5a90522cdee0cc0c1457d62ecfaa9abccc304dbba2717570f59cb9c6c69c3a68ce1a8b600388a4b028d089507eef9a9412acc7ea6de3d267fc62c6779d691374e925aa5d9d8b204cc21a9c118b01453b5e94ed4c91858c925bad57d29ba7cf2c27f543db1563e44d297deb178105ba0b28e07a96d45505609c18ce1ec87dae04e024e32ca7939a4e6c9badd147fcc27b9fd88e62f9ee47fd8a5a0e99576c7937f7fd2061a934adeefc43e13c1f28ac6b8041832281231cc372381b8f9b0ae42e1f74dd27382fc705587ccdf70781eada6b785482157c53c4efcc158ca09df3a47ad3029fc49396445df1c8a6e07e2f709ec6c9b9d8b7cf0bbbf4294a744b4bafe5c36c25a669877936a2c9ba32775da2459c45e36b802f26318303f41310ae908fae7cc91c2e37244326a69948f6eb96027f66a394493f957fe9700f7e804e7014a7f12735d920754fc9aed1017ce2de0e55b0877abd47ebdd38e47d4aa809dae2acbd05d9755626a68feec1dcb107ab2085d633f81f9f6a8e374cdbdd4c9c49e775454df19404c0756e78f06a03b351c25eb063d3c615e9ecacdf14cb16ada07d15f8d39c1d020d7011c7e45a2038d5494df0962b006b7bfe5108aadb4909d8fab70e3e2cebb025dc597979f4b51c522f92299fdba3472c3a1bf620fc1de51c3fdb1e0dc4221a28cac98539a8db63575e8267f36f144bd688e241252b99c932ced473584cf08aac87838a60e0f44d8afd8db3531390b132bdd41193b969da4cbd49829e1074b9afc7c4c9a885ed77ae451228d78c2c3e623c89e24997d79a4aa43005ddc16146708ad9d5bbf97a2f0298bc782494a277cf53a6d77eb527fb4d6e60829f6836b95c43b367a427d554c60b20686f774ef64bc36046a56e0719c5b5bbe5d9bc9ccfb83b0797bbcb77e0bef6af5fa321c40c01334bd606598d78ac777cac4def0402d7f488be5a1610420c356a529a5928af6daad7f4539c294c60ca8d2915fa0f5d84e9e97899b0955432c9755de283325c5c3e9a7841f792b9fc8702bed13365e1b3c7d7ed3e1dbe9984e4be4e17fc1c2fa482c952eca622135b448ee411280cf3382a7a2e504dc80549745206f48b59b3fcd4a303256bd5126cffdab4fb72eaa609af7bcb1915a43445b501cba80a6449a96bed516a367991e27147b1ed7b22608c53f530c2c7c74829017de9de95907d0264b4244a07352a04d604d21e9e2c2bbe722d6109e602ca40d9b443ee1f875cfaef47a77ab4c675e46487f9848dbe63397269f99fac49ad1c452c6f7a22fc324fa1bb07064c09f7f566e7d6958c52394bcae22cd7834c5b86f237f426fb36efe010d8f609022feb34b8f2602c1fbf5f55fd9999c11493d47ce690b111259979dbcc36c545d64cdf3bb80ec34f7697f2c1bab79ae245bae48c4b37669297495fde50a6fcb854cb5f069aed91da24fe19afb64abdbd0cdef75c9945151f118388f1992324f9a957a10ff0828023e04b8f90464e1cf7da882731ff296a809eca16e02595acc7370ab06420d31f9fda249d0462f126fa4599c0e064e94b10f1b708f97ea52a5c6c80fa170d74c636cf103cf485ff15153e54b027929967f5bf4f5ee99283b12a63c04f779a5c425462c93724bfb8e03d682c74baf69d5f85a0cc10afc354b391673684515c4afa20db796cbd19777700806b1c90b1df1c7b4804219cf29260d20f7e89c9e784c76c5db4932393788d2dde66f5f6551151d77b060b12b6344ef7d82e699a28dc7a7dbdf551b4d363e280bdc70bc5eb17a1e5037299361d90cde46fce576bf8f7755596aa2154571f0112d8a6c79460fd87fb02d46bc477aaae49e6594fb1e9b25b1f2e7f1862db01ccd59efd9a6a854e6513663c97ce2ace90049a8474ae44adfa9df6807ddeb802d3ba85d09f95226eeb0bac09c91fcdc5edcd2c58f5157f590a632df4ff23639cf5681471da7e7904795190830d1197991480ea50b1bff24794dad06548fe656dacc6cea806048966044cc8ac629302012326a6fa1ef602b88adaa8114874a4f4277b68bf6f95cf46199fb1487bd1714db17e45ba6ff29593fdaa9773b293ba63ac46e4c9cf537e3b72d6f3baaf727b4af331f4544b6a7e4e95ef95ee4f7d8cbfd3fb41854aaeb688469d69e034f36fea6a2e9ab5bc62bdb1bd2e374cce54283a784130cb555993fd1e709c868a323d5d180332b3db7086d12997ba622a596e117bc2ddbad63652aad380a8984ae499904793226e394279489ddbab58fe4275b5a0e5bf7f00cfe5bb4091e7565ede85b4cb2875e4d73a72c4490ff9c5a98f6a7b82ea9c13b58e5a84681bf6a6e688568896aecfc581daf10938599d1013536fa490ef090192a0e95cd82394f7456e940224e3d17f0c36d798f5de6155b0d594290b68c077ea73ef4dc98c91a10ac719cf40940c62d67d0a857ce8affe4d01c08652ffc305d1f28bfd89bce9e65d55176b8e0017343159bfb08fd5902adf6f2b6b785b6e691f41f7ddc446abb68e02d240514b31d5d6a6e9a0b92216d6ad5e6ad6fafa89a7466e41ca3cf52258e9c0f6890c77cfba853cde5b597c252fba1dbaba7af66a38ba2091e8b8949db584e09dad1953e147450f02dd189175fa4d2e488c11055a2e34146a1b2da15e349f1bd333aa10a416eb09c75b10d73c18aaa5fd86c793cf4d794827fabf5be4659a213a18b56943ebd59f40b5a3869b1f19b18a135e259c5a200729661c9e8634ee4e21ffb92b738dbfd75ed3faceb412d60d7167ccaab461042e95b2a4a1d83a657eab71e637c1b58d59dce9b0f77180d46e541f376505e6d15f8173e71d7bbd0fd4aae5074d4074c5d44a10d86a1232e4c2b2c4324ca82d38cabfc40d588202cde1604e821f457d6f120a82b87c57f42b3306f9cbba0a916b95ed03307a7a82a81e9c2c4540b4f9a9dbf24f64c478e4fc942492dff1318f1df37851324d26d4a22558adec6f4ab593387f37c84e72dd3301a061985ad93be5fb97497a8281aafdad18b2babbbb1690e1d6174964ee2c98b7465b84eadbf9607ef6e5dbad5db64ad803058a0a579ace0019419269be0ebef842b5db93241a12384a24365c1ed5f3b351d1b67093c59ca95fb731b7f7848753f3c2d578aa845d95829f75e21502f15bc23c90428f9bab86e2deb2ae6781b9dffa2e6c825b8743e7ee3505a7ae68092af6eabdf72a87b1d258c9dd743d8f006f893bd4005ed325af3112447d51679178d4d7a813cbb4540063b5927eae42d8520a7bb752972ff14e5fd40f4a1d62bb4502578dc81ce11e762b69fbe068b79478a4ff1c184696fc25d97bfc5ebad63a040fb2a2e72572e8ddb3f836d2680633dd90c0f95ad85a079b16337e73f500e0054201bcca30afd2dfac407b81592ef9587413ad4462f174e2bc030c7bcdd7ed8f3052c3449561364eda405200cd17c3f5827e0bf43301cb6fe8c1e6202f32ff4ca55c09ccda6919151552b5bc465c043c4f72e710aec7d9f6b48d589ffc96906a97ade3898f858e14f09376a1facfb8eed289c05f9008d3c381a22a970401b2f3e8bf87a06e2126949d81cb90c6b829934e45105a415a9edb38755853b91bdd225f4267478e0eaa74832be0f880277512d091825c84cfe2f9b308577aa913c183d3e0b389182489ce2800cb70cae1c11f6449cc93befe309ffa0277679d688c3f5dac3c5c9d1c6b3646b1e61e819f98fcc8420f5b045e3da891b150b8d525e7a41c22e04ec8377c021dcebfd6682043f70f0dbbb76b9c35cfe2eccae614014d9574c954623e0cdd772220c78560ba7c12120053f4d3b364ae900c8d88e57f3d1ca37eed46b9c63a3a97a110690d5244afbe3db6d308c064a06e8fd5375744092cfefa2e92273fb9a01e0de246bc854de6b62c88cf72fff4750adc40d4584597cbe46c9417fa5e08fd15141be8a5b30a05a9c452abca806960c8d3ddda76ba7b7b7504c5a41fedf3ee827a3d5fd8307fd0f524bb01cbdba43d13f91df60b7173375f60d401e82056d5c875a6cefc62e3bba230730f006c0c67f33db869d8d41cc80a2240f72b60d09959c776a4f69dd8057b31ac8b2fb2bb9c589b2f377623186dd47055cb0f685e915e342fff0bbd87f22fd375777eb975cbe61d08cd392375564e9cd5d8987a025129decd239da879e29480d1aaf93a32b6f31e7f725baace7bc4c4f77967cc9118a6c6def59f194cdded9cc9c5a0c161407e16150579fd5796a16b07e782dba000f0ea013e66509c7d30ac3e8193ac1265b32a79b01eaa148e3979712e20b94edeb55ced1dec2c4b2a39e050c729b5bde1befb443b1ba4ffaf51a3813d14e3a57ec37e8024367af6bafe5c15746bf9e4b87beb0a29e6789b077ee8ae4a9759f0a4d09aab08c5c46045c12fc0641acbe3e877f31cbac0bf56dc7b39e0d13036f0a9f9bece7f2202675b0d1a7c9241ba4c090eb21b2fc0c3c02757d2793a99da374ec83993af5eeb35e8ff56ccda9ae25211a9b5aed902cd315be2d36c8dabf887addca19dc3bf0a42d9900b2094d6d919fc5391366a9c29e7d79ec0ed7eb754608968d93d0111e49796bdc4100bc7956522d9f78fa42b76bd68f0cddb91fd2cd37f0f2dec8d35bde456a46d226373c89b82fdbbc0253fb3f61146850e7c9e711344967aafea6a8abc369e8d6e44e18557dedb42e5c28d2948eea927371a9d63f05592cf64519d6044bddd18868a0d799413fea8b5e7683f97e5a51cfe4ca425a9f2c66e21c6bf345f413407a8213a8bcefb71116f035e5d8044a25547cac213b908fc93ebc26ddab4f090cdd5bb6199a7b97dd79945399d7ddc6fd2ce9c7045a8de833c11f3603094c55c02e445163e175b47d63faf20d2229559d368b4fae1c82a875074ab3bf688d39c55d27ce9b8608adb851b7697cbc24cfbd0f25bf5a76273c3da463cf8643f63094b4c0d2172f0b9148800a3242a526c07138f1f642636c35709f68b61b368ed3c66454a5b72f8b98c17fb25b0ab0432e38a45caed8629c551caef6dddb9a68a92283007a6c138066305fcfb85390680fb8606d60172ae0ea5aa4874dbc9f7368b72ece7dbfeb46e6ba7d4de5ee4f6f618d4f01965ad8a94fe0fd72c3804bcd881e3ae91f8c69b5d1d401e4060c3c298baa535c8da896a84586e3f5b2f9987ca35032c61708ff5780440def7676d7a16a4220afa9f07186b380e0bdfb020586c3875473a96650e24b99d66086bfb4813ae0a5d7b9f16e2e7e5e2def5639117e3b52a477370eeca301da40b455a82d2f40d7d3702a3ea525a49aa044d790f26df677863440641a06135df0a06f0c89b87458285e5e768b1b8e2a8376f9e6a1351b2c3fe1a01b647e07905d2f958a30f4bb098f3e142d320c56b19dbaa2ff384a44e141f1c93f7828d5698258b87c581454b7f96e76c174a90ef90170ee01ccfc4450b91d", 0x1000}, {&(0x7f0000000580)="577f6355e63fb9922e7f46704ea04bf6dc38c58350a8c434bab534b4873d201308840ce3506e03e16036d90503d031c1b21d7bd2a88cb2d0a511628ea175e325835d74e20bc74788820f17c2dc9c560d5884768926c67bc1b472f3abc0874331b0703fde5640f5815f", 0x69}, {&(0x7f0000000600)="1fb503067c482eb54153cbb3c7c2b462b98076e02640954e63d52e3d5ca38fce5099729f7c6d3f96679101f8373c1e32898ac4ba3d021d2ef3deaf6db86a22604e399bf1033ad47d26a37958df79a29c79c23feb3f98f22576831b0ff6d252b78f90bc9d0cf30fda11effd18", 0x6c}], 0x6, 0x3, 0x200)
sendmsg$TIPC_CMD_SET_LINK_WINDOW(r2, &(0x7f0000001a80)={&(0x7f00000019c0)={0x10, 0x0, 0x0, 0x10000000}, 0xc, &(0x7f0000001a40)={&(0x7f0000001a00)={0x30, 0x0, 0x300, 0x70bd27, 0x25dfdbfb, {{}, {}, {0x14, 0x18, {0x6, @bearer=@udp='udp:syz0\x00'}}}, ["", "", "", "", "", "", ""]}, 0x30}, 0x1, 0x0, 0x0, 0x20008881}, 0x20000081)

program did not crash
testing program (duration=15s, {Threaded:true Repeat:true RepeatTimes:0 Procs:8 Slowdown:1 Sandbox:none SandboxArg:0 Leak:false NetInjection:false NetDevices:true NetReset:true Cgroups:true BinfmtMisc:true CloseFDs:true KCSAN:false DevlinkPCI:false NicVF:false USB:false VhciInjection:false Wifi:false IEEE802154:false Sysctl:true UseTmpDir:true HandleSegv:true Repro:true Trace:false LegacyOptions:{Collide:false Fault:false FaultCall:0 FaultNth:0}}): mknodat-syz_open_procfs-preadv-mknodat$null-openat-syz_open_dev$evdev-poll
detailed listing:
executing program 0:
mknodat(0xffffffffffffff9c, &(0x7f0000000280)='./file0\x00', 0x1000, 0x0)
r0 = syz_open_procfs(0x0, &(0x7f0000000080)='net/ip_tables_matches\x00')
preadv(r0, &(0x7f00000006c0)=[{&(0x7f0000000040)=""/58, 0x3a}], 0x1, 0x5, 0x0)
mknodat$null(r0, &(0x7f0000000080)='./file0\x00', 0x20, 0x103)
r1 = openat(0xffffffffffffff9c, &(0x7f0000000040)='./file0\x00', 0x141802, 0x0)
syz_open_dev$evdev(&(0x7f0000000000), 0x0, 0x0)
poll(&(0x7f00000003c0)=[{r1}], 0x1, 0x0)

failed to init instance: failed to create VM: can't ssh into the instance
failed to run ["ssh" "-p" "14948" "-F" "/dev/null" "-o" "UserKnownHostsFile=/dev/null" "-o" "BatchMode=yes" "-o" "IdentitiesOnly=yes" "-o" "StrictHostKeyChecking=no" "-o" "ConnectTimeout=10" "-i" "/home/abel/Documents/workspace/syzkaller/tools/stretch.id_rsa" "root@localhost" "pwd"]: exit status 255
Connection timed out during banner exchange
Connection to 127.0.0.1 port 14948 timed out
[    0.000000] Linux version 6.0.8 (abel@abel-Inspiron-3502) (gcc (Ubuntu 11.3.0-1ubuntu1~22.04) 11.3.0, GNU ld (GNU Binutils for Ubuntu) 2.38) #3 SMP PREEMPT_DYNAMIC Mon Dec 5 23:32:47 CST 2022
[    0.000000] Command line: root=/dev/sda console=ttyS0 
[    0.000000] x86/fpu: Supporting XSAVE feature 0x001: 'x87 floating point registers'
[    0.000000] x86/fpu: Supporting XSAVE feature 0x002: 'SSE registers'
[    0.000000] x86/fpu: Supporting XSAVE feature 0x008: 'MPX bounds registers'
[    0.000000] x86/fpu: Supporting XSAVE feature 0x010: 'MPX CSR'
[    0.000000] x86/fpu: xstate_offset[3]:  576, xstate_sizes[3]:   64
[    0.000000] x86/fpu: xstate_offset[4]:  640, xstate_sizes[4]:   64
[    0.000000] x86/fpu: Enabled xstate features 0x1b, context size is 704 bytes, using 'compacted' format.
[    0.000000] signal: max sigframe size: 2032
[    0.000000] BIOS-provided physical RAM map:
[    0.000000] BIOS-e820: [mem 0x0000000000000000-0x000000000009fbff] usable
[    0.000000] BIOS-e820: [mem 0x000000000009fc00-0x000000000009ffff] reserved
[    0.000000] BIOS-e820: [mem 0x00000000000f0000-0x00000000000fffff] reserved
[    0.000000] BIOS-e820: [mem 0x0000000000100000-0x000000007ffdffff] usable
[    0.000000] BIOS-e820: [mem 0x000000007ffe0000-0x000000007fffffff] reserved
[    0.000000] BIOS-e820: [mem 0x00000000feffc000-0x00000000feffffff] reserved
[    0.000000] BIOS-e820: [mem 0x00000000fffc0000-0x00000000ffffffff] reserved
[    0.000000] NX (Execute Disable) protection: active
[    0.000000] SMBIOS 2.8 present.
[    0.000000] DMI: QEMU Standard PC (i440FX + PIIX, 1996), BIOS 1.15.0-1 04/01/2014
[    0.000000] Hypervisor detected: KVM
[    0.000000] kvm-clock: Using msrs 4b564d01 and 4b564d00
[    0.000007] kvm-clock: using sched offset of 1452745227 cycles
[    0.000024] clocksource: kvm-clock: mask: 0xffffffffffffffff max_cycles: 0x1cd42e4dffb, max_idle_ns: 881590591483 ns
[    0.000051] tsc: Detected 1094.400 MHz processor
[    0.035061] last_pfn = 0x7ffe0 max_arch_pfn = 0x400000000
[    0.035154] x86/PAT: Configuration [0-7]: WB  WC  UC- UC  WB  WP  UC- WT  
[    0.043265] found SMP MP-table at [mem 0x000f5b90-0x000f5b9f]
[    0.043495] Using GB pages for direct mapping
[    0.045064] ACPI: Early table checksum verification disabled
[    0.045097] ACPI: RSDP 0x00000000000F59D0 000014 (v00 BOCHS )
[    0.045145] ACPI: RSDT 0x000000007FFE1967 000034 (v01 BOCHS  BXPC     00000001 BXPC 00000001)
[    0.045199] ACPI: FACP 0x000000007FFE1813 000074 (v01 BOCHS  BXPC     00000001 BXPC 00000001)
[    0.045257] ACPI: DSDT 0x000000007FFE0040 0017D3 (v01 BOCHS  BXPC     00000001 BXPC 00000001)
[    0.045305] ACPI: FACS 0x000000007FFE0000 000040
[    0.045339] ACPI: APIC 0x000000007FFE1887 000080 (v01 BOCHS  BXPC     00000001 BXPC 00000001)
[    0.045387] ACPI: HPET 0x000000007FFE1907 000038 (v01 BOCHS  BXPC     00000001 BXPC 00000001)
[    0.057429] ACPI: WAET 0x000000007FFE193F 000028 (v01 BOCHS  BXPC     00000001 BXPC 00000001)
[    0.057478] ACPI: Reserving FACP table memory at [mem 0x7ffe1813-0x7ffe1886]
[    0.057498] ACPI: Reserving DSDT table memory at [mem 0x7ffe0040-0x7ffe1812]
[    0.057515] ACPI: Reserving FACS table memory at [mem 0x7ffe0000-0x7ffe003f]
[    0.057532] ACPI: Reserving APIC table memory at [mem 0x7ffe1887-0x7ffe1906]
[    0.057549] ACPI: Reserving HPET table memory at [mem 0x7ffe1907-0x7ffe193e]
[    0.057566] ACPI: Reserving WAET table memory at [mem 0x7ffe193f-0x7ffe1966]
[    0.059926] No NUMA configuration found
[    0.059941] Faking a node at [mem 0x0000000000000000-0x000000007ffdffff]
[    0.059977] NODE_DATA(0) allocated [mem 0x7ffdc000-0x7ffdffff]
[    0.060095] Zone ranges:
[    0.060101]   DMA      [mem 0x0000000000001000-0x0000000000ffffff]
[    0.060123]   DMA32    [mem 0x0000000001000000-0x000000007ffdffff]
[    0.060144]   Normal   empty
[    0.060155] Movable zone start for each node
[    0.060161] Early memory node ranges
[    0.060166]   node   0: [mem 0x0000000000001000-0x000000000009efff]
[    0.060184]   node   0: [mem 0x0000000000100000-0x000000007ffdffff]
[    0.060205] Initmem setup node 0 [mem 0x0000000000001000-0x000000007ffdffff]
[    0.060844] On node 0, zone DMA: 1 pages in unavailable ranges
[    0.061117] On node 0, zone DMA: 97 pages in unavailable ranges
[    0.142212] On node 0, zone DMA32: 32 pages in unavailable ranges
[    0.429844] kasan: KernelAddressSanitizer initialized
[    0.430557] ACPI: PM-Timer IO Port: 0x608
[    0.430607] ACPI: LAPIC_NMI (acpi_id[0xff] dfl dfl lint[0x1])
[    0.430705] IOAPIC[0]: apic_id 0, version 17, address 0xfec00000, GSI 0-23
[    0.430742] ACPI: INT_SRC_OVR (bus 0 bus_irq 0 global_irq 2 dfl dfl)
[    0.430766] ACPI: INT_SRC_OVR (bus 0 bus_irq 5 global_irq 5 high level)
[    0.430788] ACPI: INT_SRC_OVR (bus 0 bus_irq 9 global_irq 9 high level)
[    0.430810] ACPI: INT_SRC_OVR (bus 0 bus_irq 10 global_irq 10 high level)
[    0.430832] ACPI: INT_SRC_OVR (bus 0 bus_irq 11 global_irq 11 high level)
[    0.430881] ACPI: Using ACPI (MADT) for SMP configuration information
[    0.430891] ACPI: HPET id: 0x8086a201 base: 0xfed00000
[    0.430922] TSC deadline timer available
[    0.430931] smpboot: Allowing 2 CPUs, 0 hotplug CPUs
[    0.430999] kvm-guest: KVM setup pv remote TLB flush
[    0.431012] kvm-guest: setup PV sched yield
[    0.431094] PM: hibernation: Registered nosave memory: [mem 0x00000000-0x00000fff]
[    0.431121] PM: hibernation: Registered nosave memory: [mem 0x0009f000-0x0009ffff]
[    0.431137] PM: hibernation: Registered nosave memory: [mem 0x000a0000-0x000effff]
[    0.431152] PM: hibernation: Registered nosave memory: [mem 0x000f0000-0x000fffff]
[    0.431172] [mem 0x80000000-0xfeffbfff] available for PCI devices
[    0.431187] Booting paravirtualized kernel on KVM
[    0.431200] clocksource: refined-jiffies: mask: 0xffffffff max_cycles: 0xffffffff, max_idle_ns: 1910969940391419 ns
[    0.472320] setup_percpu: NR_CPUS:64 nr_cpumask_bits:64 nr_cpu_ids:2 nr_node_ids:1
[    0.485063] percpu: Embedded 65 pages/cpu s225704 r8192 d32344 u1048576
[    0.485421] Fallback order for Node 0: 0 
[    0.485464] Built 1 zonelists, mobility grouping on.  Total pages: 515808
[    0.485483] Policy zone: DMA32
[    0.485493] Kernel command line: root=/dev/sda console=ttyS0 
[    0.486094] Dentry cache hash table entries: 262144 (order: 9, 2097152 bytes, linear)
[    0.486915] Inode-cache hash table entries: 131072 (order: 8, 1048576 bytes, linear)
[    0.487105] mem auto-init: stack:off, heap alloc:off, heap free:off
[    0.499881] stackdepot hash table entries: 1048576 (order: 11, 8388608 bytes, linear)
[    0.668573] Memory: 1694420K/2096632K available (49165K kernel code, 8082K rwdata, 9132K rodata, 2192K init, 2504K bss, 401956K reserved, 0K cma-reserved)
[    0.669219] SLUB: HWalign=64, Order=0-3, MinObjects=0, CPUs=2, Nodes=1
[    0.672250] Dynamic Preempt: voluntary
[    0.672569] rcu: Preemptible hierarchical RCU implementation.
[    0.672580] rcu: 	RCU event tracing is enabled.
[    0.672587] rcu: 	RCU restricting CPUs from NR_CPUS=64 to nr_cpu_ids=2.
[    0.672605] 	Trampoline variant of Tasks RCU enabled.
[    0.672612] rcu: RCU calculated value of scheduler-enlistment delay is 100 jiffies.
[    0.672625] rcu: Adjusting geometry for rcu_fanout_leaf=16, nr_cpu_ids=2
[    0.724488] NR_IRQS: 4352, nr_irqs: 440, preallocated irqs: 16
[    0.737852] rcu: srcu_init: Setting srcu_struct sizes based on contention.
[    0.737993] random: crng init done
[    0.748696] Console: colour VGA+ 80x25
[    1.244286] printk: console [ttyS0] enabled
[    1.254436] ACPI: Core revision 20220331
[    1.256566] clocksource: hpet: mask: 0xffffffff max_cycles: 0xffffffff, max_idle_ns: 19112604467 ns
[    1.259968] APIC: Switch to symmetric I/O mode setup
[    1.274109] kvm-guest: setup PV IPIs
[    1.277862] ..TIMER: vector=0x30 apic1=0 pin1=2 apic2=-1 pin2=-1
[    1.280154] clocksource: tsc-early: mask: 0xffffffffffffffff max_cycles: 0xfc66f4fc7c, max_idle_ns: 440795224246 ns
[    1.283928] Calibrating delay loop (skipped) preset value.. 2188.80 BogoMIPS (lpj=1094400)
[    1.285920] pid_max: default: 32768 minimum: 301
[    1.287161] LSM: Security Framework initializing
[    1.288038] SELinux:  Initializing.
[    1.290049] Mount-cache hash table entries: 4096 (order: 3, 32768 bytes, linear)
[    1.290940] Mountpoint-cache hash table entries: 4096 (order: 3, 32768 bytes, linear)
[    1.295308] x86/cpu: User Mode Instruction Prevention (UMIP) activated
[    1.296985] Last level iTLB entries: 4KB 0, 2MB 0, 4MB 0
[    1.297924] Last level dTLB entries: 4KB 0, 2MB 0, 4MB 0, 1GB 0
[    1.298952] Spectre V1 : Mitigation: usercopy/swapgs barriers and __user pointer sanitization
[    1.299936] Spectre V2 : Mitigation: Enhanced IBRS
[    1.300923] Spectre V2 : Spectre v2 / SpectreRSB mitigation: Filling RSB on context switch
[    1.301942] Spectre V2 : mitigation: Enabling conditional Indirect Branch Prediction Barrier
[    1.302930] Speculative Store Bypass: Mitigation: Speculative Store Bypass disabled via prctl
[    1.460624] Freeing SMP alternatives memory: 44K
[    1.461405] smpboot: CPU0: Intel(R) Pentium(R) Silver N5030 CPU @ 1.10GHz (family: 0x6, model: 0x7a, stepping: 0x8)
[    1.462796] cblist_init_generic: Setting adjustable number of callback queues.
[    1.462925] cblist_init_generic: Setting shift to 1 and lim to 1.
[    1.464134] Performance Events: Goldmont plus events, 32-deep LBR, full-width counters, Intel PMU driver.
[    1.465937] ... version:                2
[    1.466929] ... bit width:              48
[    1.467928] ... generic registers:      4
[    1.468926] ... value mask:             0000ffffffffffff
[    1.469927] ... max period:             00007fffffffffff
[    1.470926] ... fixed-purpose events:   3
[    1.471931] ... event mask:             000000070000000f
[    1.473276] unchecked MSR access error: WRMSR to 0xdc0 (tried to write 0x0000000000000000) at rIP: 0xffffffffb5440914 (intel_pmu_lbr_reset_64+0x1a4/0x270)
[    1.473930] Call Trace:
[    1.474762]  <TASK>
[    1.474930]  intel_pmu_lbr_reset+0xb5/0x1f0
[    1.475936]  ? init_debug_store_on_cpu+0x16/0xa0
[    1.476931]  intel_pmu_cpu_starting+0xbf/0x10d0
[    1.477937]  ? __kasan_kmalloc+0x81/0xa0
[    1.478930]  ? adl_update_topdown_event+0x100/0x100
[    1.479929]  x86_pmu_starting_cpu+0x1e/0x30
[    1.480933]  ? x86_pmu_dead_cpu+0x30/0x30
[    1.481927]  cpuhp_invoke_callback+0x54f/0x1020
[    1.482933]  ? __mutex_unlock_slowpath.constprop.0+0x2a0/0x2a0
[    1.483932]  ? perf_guest_get_msrs+0x17/0x20
[    1.484936]  cpuhp_issue_call+0x615/0x830
[    1.485935]  ? pmu_name_show+0x30/0x30
[    1.486929]  __cpuhp_setup_state_cpuslocked+0x314/0x7f0
[    1.487931]  ? x86_pmu_prepare_cpu+0x23/0xe0
[    1.488928]  ? x86_pmu_starting_cpu+0x30/0x30
[    1.489935]  ? x86_pmu_dead_cpu+0x30/0x30
[    1.490928]  ? x86_pmu_starting_cpu+0x30/0x30
[    1.491931]  __cpuhp_setup_state+0xa1/0x170
[    1.492932]  ? map_vsyscall+0xda/0xda
[    1.493928]  init_hw_perf_events+0x5b0/0x9bd
[    1.494930]  ? do_one_initcall+0x9e/0x3c0
[    1.495928]  ? map_vsyscall+0xda/0xda
[    1.496927]  do_one_initcall+0xa1/0x3c0
[    1.497937]  ? trace_event_raw_event_initcall_level+0x210/0x210
[    1.498933]  ? push_cpu_stop+0x7f0/0x7f0
[    1.499929]  ? _raw_spin_unlock_irqrestore+0x3d/0x80
[    1.500930]  ? _raw_spin_unlock+0x34/0x70
[    1.501926]  ? cblist_init_generic.constprop.0+0x315/0x440
[    1.502932]  kernel_init_freeable+0x324/0x593
[    1.503931]  ? finish_task_switch.isra.0+0x16e/0x6c0
[    1.504935]  ? rest_init+0x140/0x140
[    1.505931]  kernel_init+0x1a/0x1e0
[    1.506929]  ? rest_init+0x140/0x140
[    1.507930]  ret_from_fork+0x1f/0x30
[    1.508932]  </TASK>
[    1.510150] rcu: Hierarchical SRCU implementation.
[    1.510928] rcu: 	Max phase no-delay instances is 400.
[    1.515674] smp: Bringing up secondary CPUs ...
[    1.516637] x86: Booting SMP configuration:
[    1.516930] .... node  #0, CPUs:      #1
[    1.528093] smp: Brought up 1 node, 2 CPUs
[    1.529931] smpboot: Max logical packages: 1
[    1.530929] smpboot: Total of 2 processors activated (4377.60 BogoMIPS)
[    1.535206] devtmpfs: initialized
[    1.544664] clocksource: jiffies: mask: 0xffffffff max_cycles: 0xffffffff, max_idle_ns: 1911260446275000 ns
[    1.544958] futex hash table entries: 512 (order: 3, 32768 bytes, linear)
[    1.546718] PM: RTC time: 19:50:12, date: 2022-12-06
[    1.549189] NET: Registered PF_NETLINK/PF_ROUTE protocol family
[    1.551954] audit: initializing netlink subsys (disabled)
[    1.556375] thermal_sys: Registered thermal governor 'step_wise'
[    1.556394] thermal_sys: Registered thermal governor 'user_space'
[    1.556932] audit: type=2000 audit(1670356212.283:1): state=initialized audit_enabled=0 res=1
[    1.558034] cpuidle: using governor menu
[    1.560897] PCI: Using configuration type 1 for base access
[    1.623841] kprobes: kprobe jump-optimization is enabled. All kprobes are optimized if possible.
[    1.625710] HugeTLB: registered 2.00 MiB page size, pre-allocated 0 pages
[    1.625907] HugeTLB: 28 KiB vmemmap can be freed for a 2.00 MiB page
[    1.625907] ACPI: Added _OSI(Module Device)
[    1.625907] ACPI: Added _OSI(Processor Device)
[    1.626942] ACPI: Added _OSI(3.0 _SCP Extensions)
[    1.635981] ACPI: Added _OSI(Processor Aggregator Device)
[    1.636957] ACPI: Added _OSI(Linux-Dell-Video)
[    1.638957] ACPI: Added _OSI(Linux-Lenovo-NV-HDMI-Audio)
[    1.642957] ACPI: Added _OSI(Linux-HPI-Hybrid-Graphics)
[    1.690676] ACPI: 1 ACPI AML tables successfully acquired and loaded
[    4.993907] ACPI: Interpreter enabled
[    4.995003] ACPI: PM: (supports S0 S3 S4 S5)
[    4.996932] ACPI: Using IOAPIC for interrupt routing
[    5.002142] PCI: Using host bridge windows from ACPI; if necessary, use "pci=nocrs" and report a bug
[    5.011883] PCI: Using E820 reservations for host bridge windows
[    5.023078] ACPI: Enabled 2 GPEs in block 00 to 0F
[    5.229861] ACPI: PCI Root Bridge [PCI0] (domain 0000 [bus 00-ff])
[    5.232011] acpi PNP0A03:00: _OSC: OS supports [ASPM ClockPM Segments MSI HPX-Type3]
[    5.245950] acpi PNP0A03:00: _OSC: not requesting OS control; OS requires [ExtendedConfig ASPM ClockPM MSI]
[    5.249305] acpi PNP0A03:00: fail to add MMCONFIG information, can't access extended PCI configuration space under this bridge.
[    5.268493] PCI host bridge to bus 0000:00
[    5.271967] pci_bus 0000:00: root bus resource [io  0x0000-0x0cf7 window]
[    5.275982] pci_bus 0000:00: root bus resource [io  0x0d00-0xffff window]
[    5.282984] pci_bus 0000:00: root bus resource [mem 0x000a0000-0x000bffff window]
[    5.290967] pci_bus 0000:00: root bus resource [mem 0x80000000-0xfebfffff window]
[    5.295979] pci_bus 0000:00: root bus resource [mem 0x100000000-0x17fffffff window]
[    5.312987] pci_bus 0000:00: root bus resource [bus 00-ff]
[    5.315285] pci 0000:00:00.0: [8086:1237] type 00 class 0x060000
[    5.364997] pci 0000:00:01.0: [8086:7000] type 00 class 0x060100
[    5.381605] pci 0000:00:01.1: [8086:7010] type 00 class 0x010180
[    5.387864] pci 0000:00:01.1: reg 0x20: [io  0xc060-0xc06f]
[    5.391885] pci 0000:00:01.1: legacy IDE quirk: reg 0x10: [io  0x01f0-0x01f7]
[    5.404953] pci 0000:00:01.1: legacy IDE quirk: reg 0x14: [io  0x03f6]
[    5.406936] pci 0000:00:01.1: legacy IDE quirk: reg 0x18: [io  0x0170-0x0177]
[    5.409933] pci 0000:00:01.1: legacy IDE quirk: reg 0x1c: [io  0x0376]
[    5.412922] pci 0000:00:01.3: [8086:7113] type 00 class 0x068000
[    5.426700] pci 0000:00:01.3: quirk: [io  0x0600-0x063f] claimed by PIIX4 ACPI
[    5.428962] pci 0000:00:01.3: quirk: [io  0x0700-0x070f] claimed by PIIX4 SMB
[    5.433991] pci 0000:00:02.0: [1234:1111] type 00 class 0x030000
[    5.452966] pci 0000:00:02.0: reg 0x10: [mem 0xfd000000-0xfdffffff pref]
[    5.459952] pci 0000:00:02.0: reg 0x18: [mem 0xfebb0000-0xfebb0fff]
[    5.479946] pci 0000:00:02.0: reg 0x30: [mem 0xfeba0000-0xfebaffff pref]
[    5.483229] pci 0000:00:02.0: Video device with shadowed ROM at [mem 0x000c0000-0x000dffff]
[    5.543577] pci 0000:00:03.0: [1af4:1005] type 00 class 0x00ff00
[    5.549568] pci 0000:00:03.0: reg 0x10: [io  0xc040-0xc05f]
[    5.564932] pci 0000:00:03.0: reg 0x20: [mem 0xfe000000-0xfe003fff 64bit pref]
[    5.615750] pci 0000:00:04.0: [8086:100e] type 00 class 0x020000
[    5.625771] pci 0000:00:04.0: reg 0x10: [mem 0xfeb80000-0xfeb9ffff]
[    5.642756] pci 0000:00:04.0: reg 0x14: [io  0xc000-0xc03f]
[    5.653934] pci 0000:00:04.0: reg 0x30: [mem 0xfeb00000-0xfeb7ffff pref]
[    5.727976] ACPI: PCI: Interrupt link LNKA configured for IRQ 10
[    5.732864] ACPI: PCI: Interrupt link LNKB configured for IRQ 10
[    5.750159] ACPI: PCI: Interrupt link LNKC configured for IRQ 11
[    5.755887] ACPI: PCI: Interrupt link LNKD configured for IRQ 11
[    5.759171] ACPI: PCI: Interrupt link LNKS configured for IRQ 9
[    5.777095] iommu: Default domain type: Translated 
[    5.778929] iommu: DMA domain TLB invalidation policy: lazy mode 
[    5.793233] SCSI subsystem initialized
[    5.795520] ACPI: bus type USB registered
[    5.796265] usbcore: registered new interface driver usbfs
[    5.797127] usbcore: registered new interface driver hub
[    5.798062] usbcore: registered new device driver usb
[    5.799228] pps_core: LinuxPPS API ver. 1 registered
[    5.799925] pps_core: Software ver. 5.3.6 - Copyright 2005-2007 Rodolfo Giometti <giometti@linux.it>
[    5.801035] PTP clock support registered
[    5.803407] Advanced Linux Sound Architecture Driver Initialized.
[    5.806907] NetLabel: Initializing
[    5.807929] NetLabel:  domain hash size = 128
[    5.810928] NetLabel:  protocols = UNLABELED CIPSOv4 CALIPSO
[    5.825198] NetLabel:  unlabeled traffic allowed by default
[    5.828213] PCI: Using ACPI for IRQ routing
[    5.830455] pci 0000:00:02.0: vgaarb: setting as boot VGA device
[    5.830907] pci 0000:00:02.0: vgaarb: bridge control possible
[    5.830907] pci 0000:00:02.0: vgaarb: VGA device added: decodes=io+mem,owns=io+mem,locks=none
[    5.834936] vgaarb: loaded
[    5.835907] hpet0: at MMIO 0xfed00000, IRQs 2, 8, 0
[    5.848931] hpet0: 3 comparators, 64-bit 100.000000 MHz counter
[    5.858178] clocksource: Switched to clocksource kvm-clock
[    5.861083] VFS: Disk quotas dquot_6.6.0
[    5.862297] VFS: Dquot-cache hash table entries: 512 (order 0, 4096 bytes)
[    5.865026] pnp: PnP ACPI init
[    5.887005] pnp: PnP ACPI: found 6 devices
[    5.951023] clocksource: acpi_pm: mask: 0xffffff max_cycles: 0xffffff, max_idle_ns: 2085701024 ns
[    5.956107] NET: Registered PF_INET protocol family
[    5.958751] IP idents hash table entries: 32768 (order: 6, 262144 bytes, linear)
[    5.976551] tcp_listen_portaddr_hash hash table entries: 1024 (order: 2, 16384 bytes, linear)
[    5.979510] Table-perturb hash table entries: 65536 (order: 6, 262144 bytes, linear)
[    5.981990] TCP established hash table entries: 16384 (order: 5, 131072 bytes, linear)
[    5.988619] TCP bind hash table entries: 16384 (order: 6, 262144 bytes, linear)
[    6.004005] TCP: Hash tables configured (established 16384 bind 16384)
[    6.008136] UDP hash table entries: 1024 (order: 3, 32768 bytes, linear)
[    6.012174] UDP-Lite hash table entries: 1024 (order: 3, 32768 bytes, linear)
[    6.028508] NET: Registered PF_UNIX/PF_LOCAL protocol family
[    6.032585] RPC: Registered named UNIX socket transport module.
[    6.034680] RPC: Registered udp transport module.
[    6.036846] RPC: Registered tcp transport module.
[    6.039577] RPC: Registered tcp NFSv4.1 backchannel transport module.
[    6.045059] pci_bus 0000:00: resource 4 [io  0x0000-0x0cf7 window]
[    6.062865] pci_bus 0000:00: resource 5 [io  0x0d00-0xffff window]
[    6.066286] pci_bus 0000:00: resource 6 [mem 0x000a0000-0x000bffff window]
[    6.070185] pci_bus 0000:00: resource 7 [mem 0x80000000-0xfebfffff window]
[    6.074031] pci_bus 0000:00: resource 8 [mem 0x100000000-0x17fffffff window]
[    6.086895] pci 0000:00:01.0: PIIX3: Enabling Passive Release
[    6.090448] pci 0000:00:00.0: Limiting direct PCI/PCI transfers
[    6.094114] PCI: CLS 0 bytes, default 64
[    6.100303] RAPL PMU: API unit is 2^-32 Joules, 0 fixed counters, 10737418240 ms ovfl timer
[    6.116594] clocksource: tsc: mask: 0xffffffffffffffff max_cycles: 0xfc66f4fc7c, max_idle_ns: 440795224246 ns
[    6.122162] clocksource: Switched to clocksource tsc
[    6.305710] Initialise system trusted keyrings
[    6.315744] workingset: timestamp_bits=56 max_order=19 bucket_order=0
[    6.409350] NFS: Registering the id_resolver key type
[    6.411898] Key type id_resolver registered
[    6.413767] Key type id_legacy registered
[    6.416112] 9p: Installing v9fs 9p2000 file system support
[    6.453784] Key type asymmetric registered
[    6.464882] Asymmetric key parser 'x509' registered
[    6.470320] Block layer SCSI generic (bsg) driver version 0.4 loaded (major 251)
[    6.487886] io scheduler mq-deadline registered
[    6.491037] io scheduler kyber registered
[    6.496764] input: Power Button as /devices/LNXSYSTM:00/LNXPWRBN:00/input/input0
[    6.504228] ACPI: button: Power Button [PWRF]
[   11.577252] ACPI: \_SB_.LNKC: Enabled at IRQ 11
[   11.602308] Serial: 8250/16550 driver, 4 ports, IRQ sharing enabled
[   11.606820] 00:04: ttyS0 at I/O 0x3f8 (irq = 4, base_baud = 115200) is a 16550A
[   11.619615] Non-volatile memory driver v1.3
[   11.623850] Linux agpgart interface v0.103
[   11.629776] ACPI: bus type drm_connector registered
[   11.689257] loop: module loaded
[   11.711581] scsi host0: ata_piix
[   11.725093] scsi host1: ata_piix
[   11.733872] ata1: PATA max MWDMA2 cmd 0x1f0 ctl 0x3f6 bmdma 0xc060 irq 14
[   11.742543] ata2: PATA max MWDMA2 cmd 0x170 ctl 0x376 bmdma 0xc068 irq 15
[   11.769184] e100: Intel(R) PRO/100 Network Driver
[   11.772209] e100: Copyright(c) 1999-2006 Intel Corporation
[   11.784045] e1000: Intel(R) PRO/1000 Network Driver
[   11.787035] e1000: Copyright (c) 1999-2006 Intel Corporation.
[   11.927326] ata1: found unknown device (class 0)
[   11.929867] ata1.00: ATA-7: QEMU HARDDISK, 2.5+, max UDMA/100
[   11.931626] ata1.00: 4194304 sectors, multi 16: LBA48 
[   11.933734] ata2: found unknown device (class 0)
[   11.948760] scsi 0:0:0:0: Direct-Access     ATA      QEMU HARDDISK    2.5+ PQ: 0 ANSI: 5
[   11.955154] ata2.00: ATAPI: QEMU DVD-ROM, 2.5+, max UDMA/100
[   11.970319] scsi 0:0:0:0: Attached scsi generic sg0 type 0
[   12.000662] sd 0:0:0:0: [sda] 4194304 512-byte logical blocks: (2.15 GB/2.00 GiB)
[   12.006037] sd 0:0:0:0: [sda] Write Protect is off
[   12.009512] sd 0:0:0:0: [sda] Write cache: enabled, read cache: enabled, doesn't support DPO or FUA
[   12.027127] sd 0:0:0:0: [sda] Preferred minimum I/O size 512 bytes
[   12.049114] scsi 1:0:0:0: CD-ROM            QEMU     QEMU DVD-ROM     2.5+ PQ: 0 ANSI: 5
[   12.056178] sd 0:0:0:0: [sda] Attached SCSI disk
[   12.181017] sr 1:0:0:0: [sr0] scsi3-mmc drive: 4x/4x cd/rw xa/form2 tray
[   12.182929] cdrom: Uniform CD-ROM driver Revision: 3.20
[   12.229078] sr 1:0:0:0: Attached scsi generic sg1 type 5
[   17.565815] ACPI: \_SB_.LNKD: Enabled at IRQ 10
[   18.079709] e1000 0000:00:04.0 eth0: (PCI:33MHz:32-bit) 52:54:00:12:34:56
[   18.082019] e1000 0000:00:04.0 eth0: Intel(R) PRO/1000 Network Connection
[   18.100751] e1000e: Intel(R) PRO/1000 Network Driver
[   18.102504] e1000e: Copyright(c) 1999 - 2015 Intel Corporation.
[   18.104789] sky2: driver version 1.30
[   18.125249] ehci_hcd: USB 2.0 'Enhanced' Host Controller (EHCI) Driver
[   18.127507] ehci-pci: EHCI PCI platform driver
[   18.129217] ohci_hcd: USB 1.1 'Open' Host Controller (OHCI) Driver
[   18.131379] ohci-pci: OHCI PCI platform driver
[   18.146263] uhci_hcd: USB Universal Host Controller Interface driver
[   18.150490] usbcore: registered new interface driver usblp
[   18.153953] usbcore: registered new interface driver usb-storage
[   18.157665] i8042: PNP: PS/2 Controller [PNP0303:KBD,PNP0f13:MOU] at 0x60,0x64 irq 1,12
[   18.173742] serio: i8042 KBD port at 0x60,0x64 irq 1
[   18.176782] serio: i8042 AUX port at 0x60,0x64 irq 12
[   18.190674] input: AT Translated Set 2 keyboard as /devices/platform/i8042/serio0/input/input1
[   18.203894] rtc_cmos 00:05: RTC can wake from S4
[   18.209688] rtc_cmos 00:05: registered as rtc0
[   18.223087] rtc_cmos 00:05: alarms up to one day, y3k, 242 bytes nvram, hpet irqs
[   18.233524] device-mapper: ioctl: 4.47.0-ioctl (2022-07-28) initialised: dm-devel@redhat.com
[   18.251691] intel_pstate: CPU model not supported
[   18.257726] hid: raw HID events driver (C) Jiri Kosina
[   18.266972] usbcore: registered new interface driver usbhid
[   18.285949] usbhid: USB HID core driver
[   18.294644] Initializing XFRM netlink socket
[   18.309605] NET: Registered PF_INET6 protocol family
[   18.323497] Segment Routing with IPv6
[   18.333114] In-situ OAM (IOAM) with IPv6
[   18.352405] sit: IPv6, IPv4 and MPLS over IPv4 tunneling driver
[   18.361441] NET: Registered PF_PACKET protocol family
[   18.370232] 9pnet: Installing 9P2000 support
[   18.375887] Key type dns_resolver registered
[   18.385186] IPI shorthand broadcast: enabled
[   18.393814] sched_clock: Marking stable (17852539298, 541021918)->(22083990846, -3690429630)
[   18.414602] registered taskstats version 1
[   18.420623] Loading compiled-in X.509 certificates
[   18.426616] cryptomgr_test (51) used greatest stack depth: 30720 bytes left
[   18.431751] cryptomgr_test (52) used greatest stack depth: 30656 bytes left
[   18.453497] PM:   Magic number: 2:292:849
[   18.454034] cryptomgr_test (72) used greatest stack depth: 30320 bytes left
[   18.468428] printk: console [netcon0] enabled
[   18.471238] netconsole: network logging started
[   18.478874] cfg80211: Loading compiled-in X.509 certificates for regulatory database
[   18.494801] kworker/u4:2 (73) used greatest stack depth: 29072 bytes left
[   18.510517] cfg80211: Loaded X.509 cert 'sforshee: 00b28ddf47aef9cea7'
[   18.516020] platform regulatory.0: Direct firmware load for regulatory.db failed with error -2
[   18.516282] ALSA device list:
[   18.533761] cfg80211: failed to load regulatory.db
[   18.546008]   No soundcards found.
[   19.179559] input: ImExPS/2 Generic Explorer Mouse as /devices/platform/i8042/serio1/input/input3
[   19.187901] md: Waiting for all devices to be available before autodetect
[   19.189285] md: If you don't use raid, use raid=noautodetect
[   19.190378] md: Autodetecting RAID arrays.
[   19.191177] md: autorun ...
[   19.192203] md: ... autorun DONE.
[   19.209696] EXT4-fs (sda): INFO: recovery required on readonly filesystem
[   19.211645] EXT4-fs (sda): write access will be enabled during recovery
[   19.385559] EXT4-fs (sda): recovery complete
[   19.399727] EXT4-fs (sda): mounted filesystem with ordered data mode. Quota mode: none.
[   19.402053] VFS: Mounted root (ext4 filesystem) readonly on device 8:0.
[   19.412079] devtmpfs: mounted
[   19.415000] Freeing unused kernel image (initmem) memory: 2192K
[   19.416617] Write protecting the kernel read-only data: 61440k
[   19.433649] Freeing unused kernel image (text/rodata gap) memory: 2032K
[   19.436414] Freeing unused kernel image (rodata/data gap) memory: 1108K
[   19.438107] Run /sbin/init as init process
[   21.631462] SELinux:  Permission getrlimit in class process not defined in policy.
[   21.648289] SELinux:  Class process2 not defined in policy.
[   21.651279] SELinux:  Permission watch in class filesystem not defined in policy.
[   21.655354] SELinux:  Permission map in class file not defined in policy.
[   21.659156] SELinux:  Permission watch in class file not defined in policy.
[   21.663619] SELinux:  Permission watch_mount in class file not defined in policy.
[   21.670756] SELinux:  Permission watch_sb in class file not defined in policy.
[   21.677923] SELinux:  Permission watch_with_perm in class file not defined in policy.
[   21.681695] SELinux:  Permission watch_reads in class file not defined in policy.
[   21.685380] SELinux:  Permission map in class dir not defined in policy.
[   21.693927] SELinux:  Permission watch in class dir not defined in policy.
[   21.708773] SELinux:  Permission watch_mount in class dir not defined in policy.
[   21.712833] SELinux:  Permission watch_sb in class dir not defined in policy.
[   21.716784] SELinux:  Permission watch_with_perm in class dir not defined in policy.
[   21.720960] SELinux:  Permission watch_reads in class dir not defined in policy.
[   21.725030] SELinux:  Permission map in class lnk_file not defined in policy.
[   21.732686] SELinux:  Permission watch in class lnk_file not defined in policy.
[   21.747880] SELinux:  Permission watch_mount in class lnk_file not defined in policy.
[   21.752516] SELinux:  Permission watch_sb in class lnk_file not defined in policy.
[   21.756738] SELinux:  Permission watch_with_perm in class lnk_file not defined in policy.
[   21.761249] SELinux:  Permission watch_reads in class lnk_file not defined in policy.
[   21.765456] SELinux:  Permission map in class chr_file not defined in policy.
[   21.778110] SELinux:  Permission watch in class chr_file not defined in policy.
[   21.782202] SELinux:  Permission watch_mount in class chr_file not defined in policy.
[   21.786540] SELinux:  Permission watch_sb in class chr_file not defined in policy.
[   21.790761] SELinux:  Permission watch_with_perm in class chr_file not defined in policy.
[   21.796582] SELinux:  Permission watch_reads in class chr_file not defined in policy.
[   21.811765] SELinux:  Permission map in class blk_file not defined in policy.
[   21.816044] SELinux:  Permission watch in class blk_file not defined in policy.
[   21.820087] SELinux:  Permission watch_mount in class blk_file not defined in policy.
[   21.824456] SELinux:  Permission watch_sb in class blk_file not defined in policy.
[   21.835942] SELinux:  Permission watch_with_perm in class blk_file not defined in policy.
[   21.841382] SELinux:  Permission watch_reads in class blk_file not defined in policy.
[   21.847294] SELinux:  Permission map in class sock_file not defined in policy.
[   21.851299] SELinux:  Permission watch in class sock_file not defined in policy.
[   21.858526] SELinux:  Permission watch_mount in class sock_file not defined in policy.
[   21.876618] SELinux:  Permission watch_sb in class sock_file not defined in policy.
[   21.880992] SELinux:  Permission watch_with_perm in class sock_file not defined in policy.
[   21.885582] SELinux:  Permission watch_reads in class sock_file not defined in policy.
[   21.890272] SELinux:  Permission map in class fifo_file not defined in policy.
[   21.894323] SELinux:  Permission watch in class fifo_file not defined in policy.
[   21.901279] SELinux:  Permission watch_mount in class fifo_file not defined in policy.
[   21.909479] SELinux:  Permission watch_sb in class fifo_file not defined in policy.
[   21.913732] SELinux:  Permission watch_with_perm in class fifo_file not defined in policy.
[   21.930970] SELinux:  Permission watch_reads in class fifo_file not defined in policy.
[   21.936214] SELinux:  Permission map in class socket not defined in policy.
[   21.940274] SELinux:  Permission map in class tcp_socket not defined in policy.
[   21.944410] SELinux:  Permission map in class udp_socket not defined in policy.
[   21.948483] SELinux:  Permission map in class rawip_socket not defined in policy.
[   21.952654] SELinux:  Permission map in class netlink_socket not defined in policy.
[   21.957172] SELinux:  Permission map in class packet_socket not defined in policy.
[   21.967801] SELinux:  Permission map in class key_socket not defined in policy.
[   21.980592] SELinux:  Permission map in class unix_stream_socket not defined in policy.
[   21.985103] SELinux:  Permission map in class unix_dgram_socket not defined in policy.
[   21.989803] SELinux:  Permission map in class netlink_route_socket not defined in policy.
[   21.994453] SELinux:  Permission map in class netlink_tcpdiag_socket not defined in policy.
[   22.002997] SELinux:  Permission map in class netlink_nflog_socket not defined in policy.
[   22.008184] SELinux:  Permission map in class netlink_xfrm_socket not defined in policy.
[   22.020289] SELinux:  Permission map in class netlink_selinux_socket not defined in policy.
[   22.025072] SELinux:  Permission map in class netlink_iscsi_socket not defined in policy.
[   22.029496] SELinux:  Permission map in class netlink_audit_socket not defined in policy.
[   22.036250] SELinux:  Permission map in class netlink_fib_lookup_socket not defined in policy.
[   22.044450] SELinux:  Permission map in class netlink_connector_socket not defined in policy.
[   22.052764] SELinux:  Permission map in class netlink_netfilter_socket not defined in policy.
[   22.068640] SELinux:  Permission map in class netlink_dnrt_socket not defined in policy.
[   22.073182] SELinux:  Permission map in class netlink_kobject_uevent_socket not defined in policy.
[   22.078119] SELinux:  Permission map in class netlink_generic_socket not defined in policy.
[   22.082723] SELinux:  Permission map in class netlink_scsitransport_socket not defined in policy.
[   22.087599] SELinux:  Permission map in class netlink_rdma_socket not defined in policy.
[   22.095778] SELinux:  Permission map in class netlink_crypto_socket not defined in policy.
[   22.112013] SELinux:  Permission map in class appletalk_socket not defined in policy.
[   22.116426] SELinux:  Permission map in class dccp_socket not defined in policy.
[   22.120943] SELinux:  Permission perfmon in class capability2 not defined in policy.
[   22.125324] SELinux:  Permission bpf in class capability2 not defined in policy.
[   22.129453] SELinux:  Permission checkpoint_restore in class capability2 not defined in policy.
[   22.145058] SELinux:  Permission map in class tun_socket not defined in policy.
[   22.149428] SELinux:  Permission perfmon in class cap2_userns not defined in policy.
[   22.153856] SELinux:  Permission bpf in class cap2_userns not defined in policy.
[   22.158017] SELinux:  Permission checkpoint_restore in class cap2_userns not defined in policy.
[   22.166935] SELinux:  Class sctp_socket not defined in policy.
[   22.170229] SELinux:  Class icmp_socket not defined in policy.
[   22.183030] SELinux:  Class ax25_socket not defined in policy.
[   22.186342] SELinux:  Class ipx_socket not defined in policy.
[   22.189758] SELinux:  Class netrom_socket not defined in policy.
[   22.194031] SELinux:  Class atmpvc_socket not defined in policy.
[   22.197411] SELinux:  Class x25_socket not defined in policy.
[   22.204076] SELinux:  Class rose_socket not defined in policy.
[   22.207342] SELinux:  Class decnet_socket not defined in policy.
[   22.210756] SELinux:  Class atmsvc_socket not defined in policy.
[   22.214085] SELinux:  Class rds_socket not defined in policy.
[   22.217405] SELinux:  Class irda_socket not defined in policy.
[   22.220643] SELinux:  Class pppox_socket not defined in policy.
[   22.224427] SELinux:  Class llc_socket not defined in policy.
[   22.227706] SELinux:  Class can_socket not defined in policy.
[   22.230955] SELinux:  Class tipc_socket not defined in policy.
[   22.234301] SELinux:  Class bluetooth_socket not defined in policy.
[   22.237860] SELinux:  Class iucv_socket not defined in policy.
[   22.241170] SELinux:  Class rxrpc_socket not defined in policy.
[   22.244628] SELinux:  Class isdn_socket not defined in policy.
[   22.249013] SELinux:  Class phonet_socket not defined in policy.
[   22.252388] SELinux:  Class ieee802154_socket not defined in policy.
[   22.255878] SELinux:  Class caif_socket not defined in policy.
[   22.259065] SELinux:  Class alg_socket not defined in policy.
[   22.262327] SELinux:  Class nfc_socket not defined in policy.
[   22.265444] SELinux:  Class vsock_socket not defined in policy.
[   22.273070] SELinux:  Class kcm_socket not defined in policy.
[   22.276329] SELinux:  Class qipcrtr_socket not defined in policy.
[   22.282416] SELinux:  Class smc_socket not defined in policy.
[   22.291817] SELinux:  Class infiniband_pkey not defined in policy.
[   22.294044] SELinux:  Class infiniband_endport not defined in policy.
[   22.296366] SELinux:  Class bpf not defined in policy.
[   22.298175] SELinux:  Class xdp_socket not defined in policy.
[   22.309765] SELinux:  Class mctp_socket not defined in policy.
[   22.311859] SELinux:  Class perf_event not defined in policy.
[   22.313875] SELinux:  Class anon_inode not defined in policy.
[   22.315864] SELinux:  Class io_uring not defined in policy.
[   22.317794] SELinux: the above unknown classes and permissions will be allowed
[   22.408302] SELinux:  policy capability network_peer_controls=1
[   22.423826] SELinux:  policy capability open_perms=1
[   22.425213] SELinux:  policy capability extended_socket_class=0
[   22.426741] SELinux:  policy capability always_check_network=0
[   22.428177] SELinux:  policy capability cgroup_seclabel=0
[   22.429544] SELinux:  policy capability nnp_nosuid_transition=0
[   22.430976] SELinux:  policy capability genfs_seclabel_symlinks=0
[   22.441308] SELinux:  policy capability ioctl_skip_cloexec=0
[   22.625275] audit: type=1403 audit(1670356233.352:2): auid=4294967295 ses=4294967295 lsm=selinux res=1
[   22.680079] systemd[1]: Successfully loaded SELinux policy in 2.929634s.
[   22.795995] audit: type=1400 audit(1670356233.521:3): avc:  denied  { associate } for  pid=1 comm="systemd" name="pts" scontext=system_u:object_r:devpts_t:s0 tcontext=system_u:object_r:device_t:s0 tclass=filesystem permissive=1
[   22.863243] systemd[1]: Relabelled /dev and /run in 43.476ms.
[   22.943590] systemd[1]: systemd 232 running in system mode. (+PAM +AUDIT +SELINUX +IMA +APPARMOR +SMACK +SYSVINIT +UTMP +LIBCRYPTSETUP +GCRYPT +GNUTLS +ACL +XZ +LZ4 +SECCOMP +BLKID +ELFUTILS +KMOD +IDN)
[   22.949070] systemd[1]: Detected virtualization qemu.
[   22.950521] systemd[1]: Detected architecture x86-64.

Welcome to [1mDebian GNU/Linux 9 (stretch)[0m!

[   22.968547] systemd[1]: Set hostname to <syzkaller>.
[   23.275846] systemd-gpt-aut (82) used greatest stack depth: 26632 bytes left
[   23.283632] systemd-hiberna (88) used greatest stack depth: 26536 bytes left
[   23.322192] systemd-rc-loca (83) used greatest stack depth: 26424 bytes left
[   23.409726] selinux-autorel (84) used greatest stack depth: 26088 bytes left
[   23.746574] systemd[1]: Listening on udev Kernel Socket.
[[0;32m  OK  [0m] Listening on udev Kernel Socket.
[   23.770466] systemd[1]: Listening on Journal Socket (/dev/log).
[[0;32m  OK  [0m] Listening on Journal Socket (/dev/log).
[   23.790343] systemd[1]: Reached target Swap.
[[0;32m  OK  [0m] Reached target Swap.
[   23.810173] systemd[1]: Created slice System Slice.
[[0;32m  OK  [0m] Created slice System Slice.
[   23.856352] systemd[1]: Mounting /sys/kernel/debug...
         Mounting /sys/kernel/debug...
[   23.869211] systemd[1]: Mounting /sys/kernel/config...
         Mounting /sys/kernel/config...
[[0;32m  OK  [0m] Created slice system-getty.slice.
[[0;32m  OK  [0m] Started Forward Password Requests to Wall Directory Watch.
[[0;32m  OK  [0m] Created slice system-serial\x2dgetty.slice.
[[0;32m  OK  [0m] Listening on Journal Socket.
         Starting Remount Root and Kernel File Systems...
         Starting Load Kernel Modules...
[[0;32m  OK  [0m] Started Dispatch Password Requests to Console Directory Watch.
[[0;32m  OK  [0m] Reached target Paths.
[[0;32m  OK  [0m] Reached target Encrypted Volumes.
         Starting Create Static Device Nodes in /dev...
[[0;32m  OK  [0m] Set up automount Arbitrary Executabrmats File System Automount Point.
[   24.163977] EXT4-fs (sda): re-mounted. Quota mode: none.
         Mounting /proc/sys/fs/binfmt_misc...
[[0;32m  OK  [0m] Listening on /dev/initctl Compatibility Named Pipe.
[[0;32m  OK  [0m] Reached target Remote File Systems.
[[0;32m  OK  [0m] Listening on udev Control Socket.
[   24.326169] audit: type=1400 audit(1670356235.053:4): avc:  denied  { audit_read } for  pid=1 comm="systemd" capability=37  scontext=system_u:system_r:kernel_t:s0 tcontext=system_u:system_r:kernel_t:s0 tclass=capability2 permissive=1
[[0;32m  OK  [0m] Listening on Journal Audit Socket.
[[0;32m  OK  [0m] Listening on Syslog Socket.
[[0;32m  OK  [0m] Reached target Sockets.
         Mounting POSIX Message Queue File System...
         Starting Journal Service...
[[0;32m  OK  [0m] Reached target Slices.
[[0;32m  OK  [0m] Mounted POSIX Message Queue File System.
[[0;32m  OK  [0m] Mounted /sys/kernel/debug.
[[0;32m  OK  [0m] Mounted /sys/kernel/config.
[[0;32m  OK  [0m] Mounted /proc/sys/fs/binfmt_misc.
[[0;32m  OK  [0m] Started Remount Root and Kernel File Systems.
[[0;32m  OK  [0m] Started Load Kernel Modules.
[[0;32m  OK  [0m] Started Create Static Device Nodes in /dev.
         Starting udev Kernel Device Manager...
         Starting Apply Kernel Variables...
[[0;32m  OK  [0m] Reached target Local File Systems (Pre).
         Starting Load/Save Random Seed...
         Starting udev Coldplug all Devices...
[[0;32m  OK  [0m] Reached target Local File Systems.
[[0;32m  OK  [0m] Started Apply Kernel Variables.
[[0;32m  OK  [0m] Started Load/Save Random Seed.
         Starting Raise network interfaces...
[[0;32m  OK  [0m] Started udev Kernel Device Manager.
[[0;32m  OK  [0m] Started Journal Service.
         Starting Flush Journal to Persistent Storage...
[   25.550661] audit: type=1107 audit(1670356236.276:5): pid=1 uid=0 auid=4294967295 ses=4294967295 subj=system_u:system_r:kernel_t:s0 msg='avc:  denied  { stop } for auid=n/a uid=0 gid=0 path="/lib/systemd/system/systemd-journald.service" cmdline="/bin/journalctl --flush" scontext=system_u:system_r:kernel_t:s0 tcontext=system_u:object_r:unlabeled_t:s0 tclass=service
[   25.550661]  exe="/lib/systemd/systemd" sauid=0 hostname=? addr=? terminal=?'
[   25.589443] systemd-journald[108]: Received request to flush runtime journal from PID 1
[   25.607712] journalctl (125) used greatest stack depth: 26000 bytes left
[[0;32m  OK  [0m] Started Flush Journal to Persistent Storage.
         Starting Create Volatile Files and Directories...
[   26.196345] systemd-tmpfile (145) used greatest stack depth: 25552 bytes left
[[0;32m  OK  [0m] Started Create Volatile Files and Directories.
         Starting Network Time Synchronization...
         Starting Update UTMP about System Boot/Shutdown...
[[0;32m  OK  [0m] Started Update UTMP about System Boot/Shutdown.
[[0;32m  OK  [0m] Started udev Coldplug all Devices.
[[0;32m  OK  [0m] Found device /dev/ttyS0.
[   27.609518] e1000 0000:00:04.0 enp0s4: renamed from eth0
[   27.632170] ata_id (180) used greatest stack depth: 24720 bytes left
[[0;32m  OK  [0m] Started Network Time Synchronization.
[[0;32m  OK  [0m] Reached target System Time Synchronized.
[[0;32m  OK  [0m] Reached target System Initialization.
[[0;32m  OK  [0m] Started Daily Cleanup of Temporary Directories.
[[0;32m  OK  [0m] Started Daily apt download activities.
[[0;32m  OK  [0m] Started Daily apt upgrade and clean activities.
[[0;32m  OK  [0m] Reached target Timers.
[[0;32m  OK  [0m] Reached target Basic System.
         Starting System Logging Service...
         Starting getty on tty2-tty6 if dbus and logind are not available...
[[0;32m  OK  [0m] Started Regular background program processing daemon.
[[0;32m  OK  [0m] Listening on Load/Save RF Kill Switch Status /dev/rfkill Watch.
[   28.984539] audit: type=1107 audit(1670356239.710:6): pid=1 uid=0 auid=4294967295 ses=4294967295 subj=system_u:system_r:kernel_t:s0 msg='avc:  denied  { start } for auid=n/a uid=0 gid=0 path="/lib/systemd/system/getty@.service" cmdline="/bin/systemctl --no-block start getty@tty2.service getty@tty3.service getty@tty4.service getty@tty5.service getty@tty6.service" scontext=system_u:system_r:kernel_t:s0 tcontext=system_u:object_r:unlabeled_t:s0 tclass=service
[   28.984539]  exe="/lib/systemd/systemd" sauid=0 hostname=? addr=? terminal=?'
[   29.136982] audit: type=1107 audit(1670356239.712:7): pid=1 uid=0 auid=4294967295 ses=4294967295 subj=system_u:system_r:kernel_t:s0 msg='avc:  denied  { status } for auid=n/a uid=0 gid=0 path="/lib/systemd/system/getty@.service" cmdline="/bin/systemctl --no-block start getty@tty2.service getty@tty3.service getty@tty4.service getty@tty5.service getty@tty6.service" scontext=system_u:system_r:kernel_t:s0 tcontext=system_u:object_r:unlabeled_t:s0 tclass=service
[   29.136982]  exe="/lib/systemd/systemd" sauid=0 hostname=? addr=? terminal=?'
[[0;32m  OK  [0m] Started System Logging Service.
[[0;1;31mFAILED[0m] Failed to start Raise network interfaces.
See 'systemctl status networking.service' for details.
[[0;32m  OK  [0m] Reached target Network.
         Starting Permit User Sessions...
         Starting OpenBSD Secure Shell server...
[[0;32m  OK  [0m] Reached target Network is Online.
         Starting Daily apt download activities...
[[0;32m  OK  [0m] Started getty on tty2-tty6 if dbus and logind are not available.
[[0;32m  OK  [0m] Started Permit User Sessions.
[[0;32m  OK  [0m] Started Getty on tty4.
[[0;32m  OK  [0m] Started Getty on tty5.
[[0;32m  OK  [0m] Started Getty on tty2.
[[0;32m  OK  [0m] Started Getty on tty6.
[[0;32m  OK  [0m] Started Getty on tty3.
[[0;32m  OK  [0m] Started Getty on tty1.
[[0;32m  OK  [0m] Started Serial Getty on ttyS0.
[[0;32m  OK  [0m] Reached target Login Prompts.
[[0;32m  OK  [0m] Started OpenBSD Secure Shell server.
[[0;32m  OK  [0m] Reached target Multi-User System.
[[0;32m  OK  [0m] Reached target Graphical Interface.
         Starting Update UTMP about System Runlevel Changes...
[[0;32m  OK  [0m] Started Update UTMP about System Runlevel Changes.

Debian GNU/Linux 9 syzkaller ttyS0


failed to init instance: failed to create VM: can't ssh into the instance
failed to run ["ssh" "-p" "32914" "-F" "/dev/null" "-o" "UserKnownHostsFile=/dev/null" "-o" "BatchMode=yes" "-o" "IdentitiesOnly=yes" "-o" "StrictHostKeyChecking=no" "-o" "ConnectTimeout=10" "-i" "/home/abel/Documents/workspace/syzkaller/tools/stretch.id_rsa" "root@localhost" "pwd"]: exit status 255
Connection timed out during banner exchange
Connection to 127.0.0.1 port 32914 timed out
[    0.000000] Linux version 6.0.8 (abel@abel-Inspiron-3502) (gcc (Ubuntu 11.3.0-1ubuntu1~22.04) 11.3.0, GNU ld (GNU Binutils for Ubuntu) 2.38) #3 SMP PREEMPT_DYNAMIC Mon Dec 5 23:32:47 CST 2022
[    0.000000] Command line: root=/dev/sda console=ttyS0 
[    0.000000] x86/fpu: Supporting XSAVE feature 0x001: 'x87 floating point registers'
[    0.000000] x86/fpu: Supporting XSAVE feature 0x002: 'SSE registers'
[    0.000000] x86/fpu: Supporting XSAVE feature 0x008: 'MPX bounds registers'
[    0.000000] x86/fpu: Supporting XSAVE feature 0x010: 'MPX CSR'
[    0.000000] x86/fpu: xstate_offset[3]:  576, xstate_sizes[3]:   64
[    0.000000] x86/fpu: xstate_offset[4]:  640, xstate_sizes[4]:   64
[    0.000000] x86/fpu: Enabled xstate features 0x1b, context size is 704 bytes, using 'compacted' format.
[    0.000000] signal: max sigframe size: 2032
[    0.000000] BIOS-provided physical RAM map:
[    0.000000] BIOS-e820: [mem 0x0000000000000000-0x000000000009fbff] usable
[    0.000000] BIOS-e820: [mem 0x000000000009fc00-0x000000000009ffff] reserved
[    0.000000] BIOS-e820: [mem 0x00000000000f0000-0x00000000000fffff] reserved
[    0.000000] BIOS-e820: [mem 0x0000000000100000-0x000000007ffdffff] usable
[    0.000000] BIOS-e820: [mem 0x000000007ffe0000-0x000000007fffffff] reserved
[    0.000000] BIOS-e820: [mem 0x00000000feffc000-0x00000000feffffff] reserved
[    0.000000] BIOS-e820: [mem 0x00000000fffc0000-0x00000000ffffffff] reserved
[    0.000000] NX (Execute Disable) protection: active
[    0.000000] SMBIOS 2.8 present.
[    0.000000] DMI: QEMU Standard PC (i440FX + PIIX, 1996), BIOS 1.15.0-1 04/01/2014
[    0.000000] Hypervisor detected: KVM
[    0.000000] kvm-clock: Using msrs 4b564d01 and 4b564d00
[    0.000007] kvm-clock: using sched offset of 1271958629 cycles
[    0.000025] clocksource: kvm-clock: mask: 0xffffffffffffffff max_cycles: 0x1cd42e4dffb, max_idle_ns: 881590591483 ns
[    0.000053] tsc: Detected 1094.400 MHz processor
[    0.015783] last_pfn = 0x7ffe0 max_arch_pfn = 0x400000000
[    0.015880] x86/PAT: Configuration [0-7]: WB  WC  UC- UC  WB  WP  UC- WT  
[    0.024754] found SMP MP-table at [mem 0x000f5b90-0x000f5b9f]
[    0.025000] Using GB pages for direct mapping
[    0.026721] ACPI: Early table checksum verification disabled
[    0.026761] ACPI: RSDP 0x00000000000F59D0 000014 (v00 BOCHS )
[    0.026812] ACPI: RSDT 0x000000007FFE1967 000034 (v01 BOCHS  BXPC     00000001 BXPC 00000001)
[    0.026870] ACPI: FACP 0x000000007FFE1813 000074 (v01 BOCHS  BXPC     00000001 BXPC 00000001)
[    0.026931] ACPI: DSDT 0x000000007FFE0040 0017D3 (v01 BOCHS  BXPC     00000001 BXPC 00000001)
[    0.026980] ACPI: FACS 0x000000007FFE0000 000040
[    0.027016] ACPI: APIC 0x000000007FFE1887 000080 (v01 BOCHS  BXPC     00000001 BXPC 00000001)
[    0.027066] ACPI: HPET 0x000000007FFE1907 000038 (v01 BOCHS  BXPC     00000001 BXPC 00000001)
[    0.027116] ACPI: WAET 0x000000007FFE193F 000028 (v01 BOCHS  BXPC     00000001 BXPC 00000001)
[    0.027161] ACPI: Reserving FACP table memory at [mem 0x7ffe1813-0x7ffe1886]
[    0.027181] ACPI: Reserving DSDT table memory at [mem 0x7ffe0040-0x7ffe1812]
[    0.027200] ACPI: Reserving FACS table memory at [mem 0x7ffe0000-0x7ffe003f]
[    0.027218] ACPI: Reserving APIC table memory at [mem 0x7ffe1887-0x7ffe1906]
[    0.027236] ACPI: Reserving HPET table memory at [mem 0x7ffe1907-0x7ffe193e]
[    0.027254] ACPI: Reserving WAET table memory at [mem 0x7ffe193f-0x7ffe1966]
[    0.029750] No NUMA configuration found
[    0.029769] Faking a node at [mem 0x0000000000000000-0x000000007ffdffff]
[    0.029808] NODE_DATA(0) allocated [mem 0x7ffdc000-0x7ffdffff]
[    0.029935] Zone ranges:
[    0.029942]   DMA      [mem 0x0000000000001000-0x0000000000ffffff]
[    0.029967]   DMA32    [mem 0x0000000001000000-0x000000007ffdffff]
[    0.029988]   Normal   empty
[    0.030000] Movable zone start for each node
[    0.030007] Early memory node ranges
[    0.030013]   node   0: [mem 0x0000000000001000-0x000000000009efff]
[    0.030032]   node   0: [mem 0x0000000000100000-0x000000007ffdffff]
[    0.030054] Initmem setup node 0 [mem 0x0000000000001000-0x000000007ffdffff]
[    0.030779] On node 0, zone DMA: 1 pages in unavailable ranges
[    0.031071] On node 0, zone DMA: 97 pages in unavailable ranges
[    0.075842] On node 0, zone DMA32: 32 pages in unavailable ranges
[    0.302005] kasan: KernelAddressSanitizer initialized
[    0.302664] ACPI: PM-Timer IO Port: 0x608
[    0.302715] ACPI: LAPIC_NMI (acpi_id[0xff] dfl dfl lint[0x1])
[    0.302803] IOAPIC[0]: apic_id 0, version 17, address 0xfec00000, GSI 0-23
[    0.302840] ACPI: INT_SRC_OVR (bus 0 bus_irq 0 global_irq 2 dfl dfl)
[    0.302865] ACPI: INT_SRC_OVR (bus 0 bus_irq 5 global_irq 5 high level)
[    0.302887] ACPI: INT_SRC_OVR (bus 0 bus_irq 9 global_irq 9 high level)
[    0.302910] ACPI: INT_SRC_OVR (bus 0 bus_irq 10 global_irq 10 high level)
[    0.302933] ACPI: INT_SRC_OVR (bus 0 bus_irq 11 global_irq 11 high level)
[    0.302982] ACPI: Using ACPI (MADT) for SMP configuration information
[    0.302993] ACPI: HPET id: 0x8086a201 base: 0xfed00000
[    0.303020] TSC deadline timer available
[    0.303029] smpboot: Allowing 2 CPUs, 0 hotplug CPUs
[    0.303094] kvm-guest: KVM setup pv remote TLB flush
[    0.303107] kvm-guest: setup PV sched yield
[    0.303186] PM: hibernation: Registered nosave memory: [mem 0x00000000-0x00000fff]
[    0.303213] PM: hibernation: Registered nosave memory: [mem 0x0009f000-0x0009ffff]
[    0.303230] PM: hibernation: Registered nosave memory: [mem 0x000a0000-0x000effff]
[    0.303245] PM: hibernation: Registered nosave memory: [mem 0x000f0000-0x000fffff]
[    0.303266] [mem 0x80000000-0xfeffbfff] available for PCI devices
[    0.303282] Booting paravirtualized kernel on KVM
[    0.303295] clocksource: refined-jiffies: mask: 0xffffffff max_cycles: 0xffffffff, max_idle_ns: 1910969940391419 ns
[    0.350366] setup_percpu: NR_CPUS:64 nr_cpumask_bits:64 nr_cpu_ids:2 nr_node_ids:1
[    0.351487] percpu: Embedded 65 pages/cpu s225704 r8192 d32344 u1048576
[    0.351834] Fallback order for Node 0: 0 
[    0.351861] Built 1 zonelists, mobility grouping on.  Total pages: 515808
[    0.351879] Policy zone: DMA32
[    0.351890] Kernel command line: root=/dev/sda console=ttyS0 
[    0.352547] Dentry cache hash table entries: 262144 (order: 9, 2097152 bytes, linear)
[    0.353412] Inode-cache hash table entries: 131072 (order: 8, 1048576 bytes, linear)
[    0.353598] mem auto-init: stack:off, heap alloc:off, heap free:off
[    0.366055] stackdepot hash table entries: 1048576 (order: 11, 8388608 bytes, linear)
[    0.522838] Memory: 1694420K/2096632K available (49165K kernel code, 8082K rwdata, 9132K rodata, 2192K init, 2504K bss, 401956K reserved, 0K cma-reserved)
[    0.523485] SLUB: HWalign=64, Order=0-3, MinObjects=0, CPUs=2, Nodes=1
[    0.526481] Dynamic Preempt: voluntary
[    0.526817] rcu: Preemptible hierarchical RCU implementation.
[    0.526829] rcu: 	RCU event tracing is enabled.
[    0.526836] rcu: 	RCU restricting CPUs from NR_CPUS=64 to nr_cpu_ids=2.
[    0.526854] 	Trampoline variant of Tasks RCU enabled.
[    0.526862] rcu: RCU calculated value of scheduler-enlistment delay is 100 jiffies.
[    0.526876] rcu: Adjusting geometry for rcu_fanout_leaf=16, nr_cpu_ids=2
[    0.594967] NR_IRQS: 4352, nr_irqs: 440, preallocated irqs: 16
[    0.606970] rcu: srcu_init: Setting srcu_struct sizes based on contention.
[    0.607110] random: crng init done
[    0.617622] Console: colour VGA+ 80x25
[    1.005567] printk: console [ttyS0] enabled
[    1.006824] ACPI: Core revision 20220331
[    1.008548] clocksource: hpet: mask: 0xffffffff max_cycles: 0xffffffff, max_idle_ns: 19112604467 ns
[    1.011383] APIC: Switch to symmetric I/O mode setup
[    1.013630] kvm-guest: setup PV IPIs
[    1.017414] ..TIMER: vector=0x30 apic1=0 pin1=2 apic2=-1 pin2=-1
[    1.020165] clocksource: tsc-early: mask: 0xffffffffffffffff max_cycles: 0xfc66f4fc7c, max_idle_ns: 440795224246 ns
[    1.024863] Calibrating delay loop (skipped) preset value.. 2188.80 BogoMIPS (lpj=1094400)
[    1.025843] pid_max: default: 32768 minimum: 301
[    1.027093] LSM: Security Framework initializing
[    1.027977] SELinux:  Initializing.
[    1.029230] Mount-cache hash table entries: 4096 (order: 3, 32768 bytes, linear)
[    1.030852] Mountpoint-cache hash table entries: 4096 (order: 3, 32768 bytes, linear)
[    1.034634] x86/cpu: User Mode Instruction Prevention (UMIP) activated
[    1.035890] Last level iTLB entries: 4KB 0, 2MB 0, 4MB 0
[    1.036841] Last level dTLB entries: 4KB 0, 2MB 0, 4MB 0, 1GB 0
[    1.037873] Spectre V1 : Mitigation: usercopy/swapgs barriers and __user pointer sanitization
[    1.039828] Spectre V2 : Mitigation: Enhanced IBRS
[    1.041835] Spectre V2 : Spectre v2 / SpectreRSB mitigation: Filling RSB on context switch
[    1.042858] Spectre V2 : mitigation: Enabling conditional Indirect Branch Prediction Barrier
[    1.043847] Speculative Store Bypass: Mitigation: Speculative Store Bypass disabled via prctl
[    1.190394] Freeing SMP alternatives memory: 44K
[    1.191358] smpboot: CPU0: Intel(R) Pentium(R) Silver N5030 CPU @ 1.10GHz (family: 0x6, model: 0x7a, stepping: 0x8)
[    1.192714] cblist_init_generic: Setting adjustable number of callback queues.
[    1.192840] cblist_init_generic: Setting shift to 1 and lim to 1.
[    1.194053] Performance Events: Goldmont plus events, 32-deep LBR, full-width counters, Intel PMU driver.
[    1.195853] ... version:                2
[    1.196848] ... bit width:              48
[    1.197844] ... generic registers:      4
[    1.198844] ... value mask:             0000ffffffffffff
[    1.199848] ... max period:             00007fffffffffff
[    1.200868] ... fixed-purpose events:   3
[    1.201846] ... event mask:             000000070000000f
[    1.203206] unchecked MSR access error: WRMSR to 0xdc0 (tried to write 0x0000000000000000) at rIP: 0xffffffff9c640914 (intel_pmu_lbr_reset_64+0x1a4/0x270)
[    1.203846] Call Trace:
[    1.204845]  <TASK>
[    1.205754]  intel_pmu_lbr_reset+0xb5/0x1f0
[    1.205847]  ? init_debug_store_on_cpu+0x16/0xa0
[    1.206867]  intel_pmu_cpu_starting+0xbf/0x10d0
[    1.207853]  ? __kasan_kmalloc+0x81/0xa0
[    1.208850]  ? adl_update_topdown_event+0x100/0x100
[    1.209869]  x86_pmu_starting_cpu+0x1e/0x30
[    1.210849]  ? x86_pmu_dead_cpu+0x30/0x30
[    1.211843]  cpuhp_invoke_callback+0x54f/0x1020
[    1.212867]  ? __mutex_unlock_slowpath.constprop.0+0x2a0/0x2a0
[    1.213870]  ? perf_guest_get_msrs+0x17/0x20
[    1.214848]  cpuhp_issue_call+0x615/0x830
[    1.215868]  ? pmu_name_show+0x30/0x30
[    1.216850]  __cpuhp_setup_state_cpuslocked+0x314/0x7f0
[    1.217848]  ? x86_pmu_prepare_cpu+0x23/0xe0
[    1.218843]  ? x86_pmu_starting_cpu+0x30/0x30
[    1.219875]  ? x86_pmu_dead_cpu+0x30/0x30
[    1.220869]  ? x86_pmu_starting_cpu+0x30/0x30
[    1.221846]  __cpuhp_setup_state+0xa1/0x170
[    1.222869]  ? map_vsyscall+0xda/0xda
[    1.223850]  init_hw_perf_events+0x5b0/0x9bd
[    1.224867]  ? do_one_initcall+0x9e/0x3c0
[    1.225851]  ? map_vsyscall+0xda/0xda
[    1.226848]  do_one_initcall+0xa1/0x3c0
[    1.227849]  ? trace_event_raw_event_initcall_level+0x210/0x210
[    1.228867]  ? push_cpu_stop+0x7f0/0x7f0
[    1.229849]  ? _raw_spin_unlock_irqrestore+0x3d/0x80
[    1.230845]  ? _raw_spin_unlock+0x34/0x70
[    1.232871]  ? cblist_init_generic.constprop.0+0x315/0x440
[    1.233851]  kernel_init_freeable+0x324/0x593
[    1.234866]  ? finish_task_switch.isra.0+0x16e/0x6c0
[    1.235849]  ? rest_init+0x140/0x140
[    1.236851]  kernel_init+0x1a/0x1e0
[    1.237872]  ? rest_init+0x140/0x140
[    1.238863]  ret_from_fork+0x1f/0x30
[    1.239849]  </TASK>
[    1.241278] rcu: Hierarchical SRCU implementation.
[    1.241847] rcu: 	Max phase no-delay instances is 400.
[    1.246687] smp: Bringing up secondary CPUs ...
[    1.247608] x86: Booting SMP configuration:
[    1.247848] .... node  #0, CPUs:      #1
[    1.248982] smp: Brought up 1 node, 2 CPUs
[    1.250848] smpboot: Max logical packages: 1
[    1.251850] smpboot: Total of 2 processors activated (4377.60 BogoMIPS)
[    1.256153] devtmpfs: initialized
[    1.264638] clocksource: jiffies: mask: 0xffffffff max_cycles: 0xffffffff, max_idle_ns: 1911260446275000 ns
[    1.264884] futex hash table entries: 512 (order: 3, 32768 bytes, linear)
[    1.266656] PM: RTC time: 19:50:27, date: 2022-12-06
[    1.267882] NET: Registered PF_NETLINK/PF_ROUTE protocol family
[    1.270359] audit: initializing netlink subsys (disabled)
[    1.272950] audit: type=2000 audit(1670356227.687:1): state=initialized audit_enabled=0 res=1
[    1.274726] thermal_sys: Registered thermal governor 'step_wise'
[    1.274837] thermal_sys: Registered thermal governor 'user_space'
[    1.276959] cpuidle: using governor menu
[    1.280138] PCI: Using configuration type 1 for base access
[    1.343616] kprobes: kprobe jump-optimization is enabled. All kprobes are optimized if possible.
[    1.344733] HugeTLB: registered 2.00 MiB page size, pre-allocated 0 pages
[    1.344853] HugeTLB: 28 KiB vmemmap can be freed for a 2.00 MiB page
[    1.347207] ACPI: Added _OSI(Module Device)
[    1.347849] ACPI: Added _OSI(Processor Device)
[    1.348851] ACPI: Added _OSI(3.0 _SCP Extensions)
[    1.349849] ACPI: Added _OSI(Processor Aggregator Device)
[    1.350872] ACPI: Added _OSI(Linux-Dell-Video)
[    1.351848] ACPI: Added _OSI(Linux-Lenovo-NV-HDMI-Audio)
[    1.352847] ACPI: Added _OSI(Linux-HPI-Hybrid-Graphics)
[    1.397542] ACPI: 1 ACPI AML tables successfully acquired and loaded
[    1.408136] ACPI: Interpreter enabled
[    1.409098] ACPI: PM: (supports S0 S3 S4 S5)
[    1.409846] ACPI: Using IOAPIC for interrupt routing
[    1.411054] PCI: Using host bridge windows from ACPI; if necessary, use "pci=nocrs" and report a bug
[    1.411848] PCI: Using E820 reservations for host bridge windows
[    1.415593] ACPI: Enabled 2 GPEs in block 00 to 0F
[    1.502941] ACPI: PCI Root Bridge [PCI0] (domain 0000 [bus 00-ff])
[    1.503923] acpi PNP0A03:00: _OSC: OS supports [ASPM ClockPM Segments MSI HPX-Type3]
[    1.504859] acpi PNP0A03:00: _OSC: not requesting OS control; OS requires [ExtendedConfig ASPM ClockPM MSI]
[    1.506210] acpi PNP0A03:00: fail to add MMCONFIG information, can't access extended PCI configuration space under this bridge.
[    1.508477] PCI host bridge to bus 0000:00
[    1.508875] pci_bus 0000:00: root bus resource [io  0x0000-0x0cf7 window]
[    1.509876] pci_bus 0000:00: root bus resource [io  0x0d00-0xffff window]
[    1.510876] pci_bus 0000:00: root bus resource [mem 0x000a0000-0x000bffff window]
[    1.511878] pci_bus 0000:00: root bus resource [mem 0x80000000-0xfebfffff window]
[    1.512883] pci_bus 0000:00: root bus resource [mem 0x100000000-0x17fffffff window]
[    1.513880] pci_bus 0000:00: root bus resource [bus 00-ff]
[    1.515183] pci 0000:00:00.0: [8086:1237] type 00 class 0x060000
[    1.542266] pci 0000:00:01.0: [8086:7000] type 00 class 0x060100
[    1.546682] pci 0000:00:01.1: [8086:7010] type 00 class 0x010180
[    1.550848] pci 0000:00:01.1: reg 0x20: [io  0xc060-0xc06f]
[    1.553213] pci 0000:00:01.1: legacy IDE quirk: reg 0x10: [io  0x01f0-0x01f7]
[    1.553856] pci 0000:00:01.1: legacy IDE quirk: reg 0x14: [io  0x03f6]
[    1.554857] pci 0000:00:01.1: legacy IDE quirk: reg 0x18: [io  0x0170-0x0177]
[    1.555854] pci 0000:00:01.1: legacy IDE quirk: reg 0x1c: [io  0x0376]
[    1.557852] pci 0000:00:01.3: [8086:7113] type 00 class 0x068000
[    1.559758] pci 0000:00:01.3: quirk: [io  0x0600-0x063f] claimed by PIIX4 ACPI
[    1.559873] pci 0000:00:01.3: quirk: [io  0x0700-0x070f] claimed by PIIX4 SMB
[    1.561851] pci 0000:00:02.0: [1234:1111] type 00 class 0x030000
[    1.564695] pci 0000:00:02.0: reg 0x10: [mem 0xfd000000-0xfdffffff pref]
[    1.567857] pci 0000:00:02.0: reg 0x18: [mem 0xfebb0000-0xfebb0fff]
[    1.573537] pci 0000:00:02.0: reg 0x30: [mem 0xfeba0000-0xfebaffff pref]
[    1.574128] pci 0000:00:02.0: Video device with shadowed ROM at [mem 0x000c0000-0x000dffff]
[    1.601846] pci 0000:00:03.0: [1af4:1005] type 00 class 0x00ff00
[    1.604558] pci 0000:00:03.0: reg 0x10: [io  0xc040-0xc05f]
[    1.609675] pci 0000:00:03.0: reg 0x20: [mem 0xfe000000-0xfe003fff 64bit pref]
[    1.636794] pci 0000:00:04.0: [8086:100e] type 00 class 0x020000
[    1.639611] pci 0000:00:04.0: reg 0x10: [mem 0xfeb80000-0xfeb9ffff]
[    1.641467] pci 0000:00:04.0: reg 0x14: [io  0xc000-0xc03f]
[    1.649500] pci 0000:00:04.0: reg 0x30: [mem 0xfeb00000-0xfeb7ffff pref]
[    1.685988] ACPI: PCI: Interrupt link LNKA configured for IRQ 10
[    1.690402] ACPI: PCI: Interrupt link LNKB configured for IRQ 10
[    1.694919] ACPI: PCI: Interrupt link LNKC configured for IRQ 11
[    1.698775] ACPI: PCI: Interrupt link LNKD configured for IRQ 11
[    1.700045] ACPI: PCI: Interrupt link LNKS configured for IRQ 9
[    1.705889] iommu: Default domain type: Translated 
[    1.706844] iommu: DMA domain TLB invalidation policy: lazy mode 
[    1.708926] SCSI subsystem initialized
[    1.710607] ACPI: bus type USB registered
[    1.711158] usbcore: registered new interface driver usbfs
[    1.712053] usbcore: registered new interface driver hub
[    1.712991] usbcore: registered new device driver usb
[    1.714143] pps_core: LinuxPPS API ver. 1 registered
[    1.714845] pps_core: Software ver. 5.3.6 - Copyright 2005-2007 Rodolfo Giometti <giometti@linux.it>
[    1.715952] PTP clock support registered
[    1.717643] Advanced Linux Sound Architecture Driver Initialized.
[    1.719725] NetLabel: Initializing
[    1.719846] NetLabel:  domain hash size = 128
[    1.720845] NetLabel:  protocols = UNLABELED CIPSOv4 CALIPSO
[    1.722126] NetLabel:  unlabeled traffic allowed by default
[    1.723338] PCI: Using ACPI for IRQ routing
[    1.724507] pci 0000:00:02.0: vgaarb: setting as boot VGA device
[    1.724824] pci 0000:00:02.0: vgaarb: bridge control possible
[    1.724824] pci 0000:00:02.0: vgaarb: VGA device added: decodes=io+mem,owns=io+mem,locks=none
[    1.724844] vgaarb: loaded
[    1.726075] hpet0: at MMIO 0xfed00000, IRQs 2, 8, 0
[    1.726849] hpet0: 3 comparators, 64-bit 100.000000 MHz counter
[    4.640265] clocksource: Switched to clocksource kvm-clock
[    4.653641] VFS: Disk quotas dquot_6.6.0
[    4.656508] VFS: Dquot-cache hash table entries: 512 (order 0, 4096 bytes)
[    4.674059] pnp: PnP ACPI init
[    4.697725] pnp: PnP ACPI: found 6 devices
[    4.760140] clocksource: acpi_pm: mask: 0xffffff max_cycles: 0xffffff, max_idle_ns: 2085701024 ns
[    4.766295] NET: Registered PF_INET protocol family
[    4.770533] IP idents hash table entries: 32768 (order: 6, 262144 bytes, linear)
[    4.789164] tcp_listen_portaddr_hash hash table entries: 1024 (order: 2, 16384 bytes, linear)
[    4.795017] Table-perturb hash table entries: 65536 (order: 6, 262144 bytes, linear)
[    4.809098] TCP established hash table entries: 16384 (order: 5, 131072 bytes, linear)
[    4.812722] TCP bind hash table entries: 16384 (order: 6, 262144 bytes, linear)
[    4.817248] TCP: Hash tables configured (established 16384 bind 16384)
[    4.829347] UDP hash table entries: 1024 (order: 3, 32768 bytes, linear)
[    4.834230] UDP-Lite hash table entries: 1024 (order: 3, 32768 bytes, linear)
[    4.840014] NET: Registered PF_UNIX/PF_LOCAL protocol family
[    4.849729] RPC: Registered named UNIX socket transport module.
[    4.853081] RPC: Registered udp transport module.
[    4.863710] RPC: Registered tcp transport module.
[    4.866415] RPC: Registered tcp NFSv4.1 backchannel transport module.
[    4.871856] pci_bus 0000:00: resource 4 [io  0x0000-0x0cf7 window]
[    4.880908] pci_bus 0000:00: resource 5 [io  0x0d00-0xffff window]
[    4.884494] pci_bus 0000:00: resource 6 [mem 0x000a0000-0x000bffff window]
[    4.888707] pci_bus 0000:00: resource 7 [mem 0x80000000-0xfebfffff window]
[    4.903654] pci_bus 0000:00: resource 8 [mem 0x100000000-0x17fffffff window]
[    4.908781] pci 0000:00:01.0: PIIX3: Enabling Passive Release
[    4.912310] pci 0000:00:00.0: Limiting direct PCI/PCI transfers
[    4.919192] PCI: CLS 0 bytes, default 64
[    4.935025] RAPL PMU: API unit is 2^-32 Joules, 0 fixed counters, 10737418240 ms ovfl timer
[    4.937303] clocksource: tsc: mask: 0xffffffffffffffff max_cycles: 0xfc66f4fc7c, max_idle_ns: 440795224246 ns
[    4.939952] clocksource: Switched to clocksource tsc
[    5.153399] Initialise system trusted keyrings
[    5.160144] workingset: timestamp_bits=56 max_order=19 bucket_order=0
[    5.220532] NFS: Registering the id_resolver key type
[    5.225008] Key type id_resolver registered
[    5.227536] Key type id_legacy registered
[    5.230552] 9p: Installing v9fs 9p2000 file system support
[    5.253378] Key type asymmetric registered
[    5.256358] Asymmetric key parser 'x509' registered
[    5.259815] Block layer SCSI generic (bsg) driver version 0.4 loaded (major 251)
[    5.264911] io scheduler mq-deadline registered
[    5.268040] io scheduler kyber registered
[    5.273769] input: Power Button as /devices/LNXSYSTM:00/LNXPWRBN:00/input/input0
[    5.291314] ACPI: button: Power Button [PWRF]
[   10.242001] ACPI: \_SB_.LNKC: Enabled at IRQ 11
[   10.255654] Serial: 8250/16550 driver, 4 ports, IRQ sharing enabled
[   10.263443] 00:04: ttyS0 at I/O 0x3f8 (irq = 4, base_baud = 115200) is a 16550A
[   10.286620] Non-volatile memory driver v1.3
[   10.287850] Linux agpgart interface v0.103
[   10.290503] ACPI: bus type drm_connector registered
[   10.349240] loop: module loaded
[   10.365083] scsi host0: ata_piix
[   10.368168] scsi host1: ata_piix
[   10.371250] ata1: PATA max MWDMA2 cmd 0x1f0 ctl 0x3f6 bmdma 0xc060 irq 14
[   10.375041] ata2: PATA max MWDMA2 cmd 0x170 ctl 0x376 bmdma 0xc068 irq 15
[   10.400610] e100: Intel(R) PRO/100 Network Driver
[   10.403841] e100: Copyright(c) 1999-2006 Intel Corporation
[   10.407765] e1000: Intel(R) PRO/1000 Network Driver
[   10.413703] e1000: Copyright (c) 1999-2006 Intel Corporation.
[   10.549246] ata2: found unknown device (class 0)
[   10.551866] ata2.00: ATAPI: QEMU DVD-ROM, 2.5+, max UDMA/100
[   10.583558] ata1: found unknown device (class 0)
[   10.599808] ata1.00: ATA-7: QEMU HARDDISK, 2.5+, max UDMA/100
[   10.601875] ata1.00: 4194304 sectors, multi 16: LBA48 
[   10.624615] scsi 0:0:0:0: Direct-Access     ATA      QEMU HARDDISK    2.5+ PQ: 0 ANSI: 5
[   10.639577] scsi 0:0:0:0: Attached scsi generic sg0 type 0
[   10.656237] sd 0:0:0:0: [sda] 4194304 512-byte logical blocks: (2.15 GB/2.00 GiB)
[   10.662455] sd 0:0:0:0: [sda] Write Protect is off
[   10.664428] sd 0:0:0:0: [sda] Write cache: enabled, read cache: enabled, doesn't support DPO or FUA
[   10.679283] sd 0:0:0:0: [sda] Preferred minimum I/O size 512 bytes
[   10.711274] scsi 1:0:0:0: CD-ROM            QEMU     QEMU DVD-ROM     2.5+ PQ: 0 ANSI: 5
[   10.746631] sd 0:0:0:0: [sda] Attached SCSI disk
[   10.770420] sr 1:0:0:0: [sr0] scsi3-mmc drive: 4x/4x cd/rw xa/form2 tray
[   10.772409] cdrom: Uniform CD-ROM driver Revision: 3.20
[   10.815761] sr 1:0:0:0: Attached scsi generic sg1 type 5
[   17.009754] ACPI: \_SB_.LNKD: Enabled at IRQ 10
[   17.694244] e1000 0000:00:04.0 eth0: (PCI:33MHz:32-bit) 52:54:00:12:34:56
[   17.719690] e1000 0000:00:04.0 eth0: Intel(R) PRO/1000 Network Connection
[   17.724478] e1000e: Intel(R) PRO/1000 Network Driver
[   17.735879] e1000e: Copyright(c) 1999 - 2015 Intel Corporation.
[   17.747004] sky2: driver version 1.30
[   17.750676] ehci_hcd: USB 2.0 'Enhanced' Host Controller (EHCI) Driver
[   17.765026] ehci-pci: EHCI PCI platform driver
[   17.783197] ohci_hcd: USB 1.1 'Open' Host Controller (OHCI) Driver
[   17.787701] ohci-pci: OHCI PCI platform driver
[   17.790667] uhci_hcd: USB Universal Host Controller Interface driver
[   17.795553] usbcore: registered new interface driver usblp
[   17.815930] usbcore: registered new interface driver usb-storage
[   17.823685] i8042: PNP: PS/2 Controller [PNP0303:KBD,PNP0f13:MOU] at 0x60,0x64 irq 1,12
[   17.838494] serio: i8042 KBD port at 0x60,0x64 irq 1
[   17.845756] serio: i8042 AUX port at 0x60,0x64 irq 12
[   17.860756] rtc_cmos 00:05: RTC can wake from S4
[   17.864880] rtc_cmos 00:05: registered as rtc0
[   17.868255] rtc_cmos 00:05: alarms up to one day, y3k, 242 bytes nvram, hpet irqs
[   17.882934] device-mapper: ioctl: 4.47.0-ioctl (2022-07-28) initialised: dm-devel@redhat.com
[   17.891825] intel_pstate: CPU model not supported
[   17.897236] hid: raw HID events driver (C) Jiri Kosina
[   17.906444] usbcore: registered new interface driver usbhid
[   17.915693] usbhid: USB HID core driver
[   17.932950] Initializing XFRM netlink socket
[   17.949155] NET: Registered PF_INET6 protocol family
[   17.965302] Segment Routing with IPv6
[   17.972397] In-situ OAM (IOAM) with IPv6
[   17.983486] sit: IPv6, IPv4 and MPLS over IPv4 tunneling driver
[   17.997673] NET: Registered PF_PACKET protocol family
[   18.005629] 9pnet: Installing 9P2000 support
[   18.010153] Key type dns_resolver registered
[   18.028271] IPI shorthand broadcast: enabled
[   18.031567] sched_clock: Marking stable (17617412569, 413821878)->(21867309403, -3836074956)
[   18.058327] registered taskstats version 1
[   18.061077] Loading compiled-in X.509 certificates
[   18.067411] cryptomgr_test (51) used greatest stack depth: 30800 bytes left
[   18.080196] cryptomgr_test (53) used greatest stack depth: 30656 bytes left
[   18.103357] cryptomgr_test (72) used greatest stack depth: 30320 bytes left
[   18.103991] PM:   Magic number: 2:292:849
[   18.153193] printk: console [netcon0] enabled
[   18.155723] netconsole: network logging started
[   18.168375] cfg80211: Loading compiled-in X.509 certificates for regulatory database
[   18.172105] kworker/u4:0 (73) used greatest stack depth: 28936 bytes left
[   18.178034] cfg80211: Loaded X.509 cert 'sforshee: 00b28ddf47aef9cea7'
[   18.181954] ALSA device list:
[   18.184026]   No soundcards found.
[   18.186336] platform regulatory.0: Direct firmware load for regulatory.db failed with error -2
[   18.194110] cfg80211: failed to load regulatory.db
[   18.511290] input: ImExPS/2 Generic Explorer Mouse as /devices/platform/i8042/serio1/input/input2
[   18.520592] input: AT Translated Set 2 keyboard as /devices/platform/i8042/serio0/input/input3
[   18.534765] md: Waiting for all devices to be available before autodetect
[   18.536796] md: If you don't use raid, use raid=noautodetect
[   18.538235] md: Autodetecting RAID arrays.
[   18.539334] md: autorun ...
[   18.540066] md: ... autorun DONE.
[   18.592111] EXT4-fs (sda): INFO: recovery required on readonly filesystem
[   18.600599] EXT4-fs (sda): write access will be enabled during recovery
[   18.836816] EXT4-fs (sda): recovery complete
[   18.840638] EXT4-fs (sda): mounted filesystem with ordered data mode. Quota mode: none.
[   18.847175] VFS: Mounted root (ext4 filesystem) readonly on device 8:0.
[   18.853895] devtmpfs: mounted
[   18.863414] Freeing unused kernel image (initmem) memory: 2192K
[   18.865740] Write protecting the kernel read-only data: 61440k
[   18.878111] Freeing unused kernel image (text/rodata gap) memory: 2032K
[   18.884190] Freeing unused kernel image (rodata/data gap) memory: 1108K
[   18.886755] Run /sbin/init as init process
[   21.438819] SELinux:  Permission getrlimit in class process not defined in policy.
[   21.465558] SELinux:  Class process2 not defined in policy.
[   21.467554] SELinux:  Permission watch in class filesystem not defined in policy.
[   21.470039] SELinux:  Permission map in class file not defined in policy.
[   21.474447] SELinux:  Permission watch in class file not defined in policy.
[   21.476896] SELinux:  Permission watch_mount in class file not defined in policy.
[   21.479420] SELinux:  Permission watch_sb in class file not defined in policy.
[   21.481748] SELinux:  Permission watch_with_perm in class file not defined in policy.
[   21.484299] SELinux:  Permission watch_reads in class file not defined in policy.
[   21.486684] SELinux:  Permission map in class dir not defined in policy.
[   21.498754] SELinux:  Permission watch in class dir not defined in policy.
[   21.501006] SELinux:  Permission watch_mount in class dir not defined in policy.
[   21.510005] SELinux:  Permission watch_sb in class dir not defined in policy.
[   21.516385] SELinux:  Permission watch_with_perm in class dir not defined in policy.
[   21.518980] SELinux:  Permission watch_reads in class dir not defined in policy.
[   21.525210] SELinux:  Permission map in class lnk_file not defined in policy.
[   21.527616] SELinux:  Permission watch in class lnk_file not defined in policy.
[   21.532788] SELinux:  Permission watch_mount in class lnk_file not defined in policy.
[   21.537998] SELinux:  Permission watch_sb in class lnk_file not defined in policy.
[   21.548032] SELinux:  Permission watch_with_perm in class lnk_file not defined in policy.
[   21.550671] SELinux:  Permission watch_reads in class lnk_file not defined in policy.
[   21.553354] SELinux:  Permission map in class chr_file not defined in policy.
[   21.567746] SELinux:  Permission watch in class chr_file not defined in policy.
[   21.570232] SELinux:  Permission watch_mount in class chr_file not defined in policy.
[   21.572883] SELinux:  Permission watch_sb in class chr_file not defined in policy.
[   21.575493] SELinux:  Permission watch_with_perm in class chr_file not defined in policy.
[   21.578347] SELinux:  Permission watch_reads in class chr_file not defined in policy.
[   21.583641] SELinux:  Permission map in class blk_file not defined in policy.
[   21.585864] SELinux:  Permission watch in class blk_file not defined in policy.
[   21.590648] SELinux:  Permission watch_mount in class blk_file not defined in policy.
[   21.596408] SELinux:  Permission watch_sb in class blk_file not defined in policy.
[   21.599371] SELinux:  Permission watch_with_perm in class blk_file not defined in policy.
[   21.606674] SELinux:  Permission watch_reads in class blk_file not defined in policy.
[   21.609272] SELinux:  Permission map in class sock_file not defined in policy.
[   21.619782] SELinux:  Permission watch in class sock_file not defined in policy.
[   21.622262] SELinux:  Permission watch_mount in class sock_file not defined in policy.
[   21.625108] SELinux:  Permission watch_sb in class sock_file not defined in policy.
[   21.627753] SELinux:  Permission watch_with_perm in class sock_file not defined in policy.
[   21.633548] SELinux:  Permission watch_reads in class sock_file not defined in policy.
[   21.637221] SELinux:  Permission map in class fifo_file not defined in policy.
[   21.642905] SELinux:  Permission watch in class fifo_file not defined in policy.
[   21.646234] SELinux:  Permission watch_mount in class fifo_file not defined in policy.
[   21.655057] SELinux:  Permission watch_sb in class fifo_file not defined in policy.
[   21.657655] SELinux:  Permission watch_with_perm in class fifo_file not defined in policy.
[   21.660278] SELinux:  Permission watch_reads in class fifo_file not defined in policy.
[   21.676368] SELinux:  Permission map in class socket not defined in policy.
[   21.678853] SELinux:  Permission map in class tcp_socket not defined in policy.
[   21.680894] SELinux:  Permission map in class udp_socket not defined in policy.
[   21.683370] SELinux:  Permission map in class rawip_socket not defined in policy.
[   21.685895] SELinux:  Permission map in class netlink_socket not defined in policy.
[   21.688371] SELinux:  Permission map in class packet_socket not defined in policy.
[   21.691447] SELinux:  Permission map in class key_socket not defined in policy.
[   21.696248] SELinux:  Permission map in class unix_stream_socket not defined in policy.
[   21.702635] SELinux:  Permission map in class unix_dgram_socket not defined in policy.
[   21.709485] SELinux:  Permission map in class netlink_route_socket not defined in policy.
[   21.712276] SELinux:  Permission map in class netlink_tcpdiag_socket not defined in policy.
[   21.724648] SELinux:  Permission map in class netlink_nflog_socket not defined in policy.
[   21.727272] SELinux:  Permission map in class netlink_xfrm_socket not defined in policy.
[   21.730200] SELinux:  Permission map in class netlink_selinux_socket not defined in policy.
[   21.733200] SELinux:  Permission map in class netlink_iscsi_socket not defined in policy.
[   21.737815] SELinux:  Permission map in class netlink_audit_socket not defined in policy.
[   21.743921] SELinux:  Permission map in class netlink_fib_lookup_socket not defined in policy.
[   21.753581] SELinux:  Permission map in class netlink_connector_socket not defined in policy.
[   21.756463] SELinux:  Permission map in class netlink_netfilter_socket not defined in policy.
[   21.759170] SELinux:  Permission map in class netlink_dnrt_socket not defined in policy.
[   21.764720] SELinux:  Permission map in class netlink_kobject_uevent_socket not defined in policy.
[   21.780546] SELinux:  Permission map in class netlink_generic_socket not defined in policy.
[   21.783297] SELinux:  Permission map in class netlink_scsitransport_socket not defined in policy.
[   21.786138] SELinux:  Permission map in class netlink_rdma_socket not defined in policy.
[   21.788607] SELinux:  Permission map in class netlink_crypto_socket not defined in policy.
[   21.791457] SELinux:  Permission map in class appletalk_socket not defined in policy.
[   21.793952] SELinux:  Permission map in class dccp_socket not defined in policy.
[   21.804522] SELinux:  Permission perfmon in class capability2 not defined in policy.
[   21.806838] SELinux:  Permission bpf in class capability2 not defined in policy.
[   21.813118] SELinux:  Permission checkpoint_restore in class capability2 not defined in policy.
[   21.820327] SELinux:  Permission map in class tun_socket not defined in policy.
[   21.832134] SELinux:  Permission perfmon in class cap2_userns not defined in policy.
[   21.843474] SELinux:  Permission bpf in class cap2_userns not defined in policy.
