Extracting prog: 1h59m32.190270945s
Minimizing prog: 0s
Simplifying prog options: 0s
Extracting C: 0s
Simplifying C: 0s


570 programs, 4 VMs, timeouts [15s 6m0s]
extracting reproducer from 570 programs
single: executing 8 programs separately with timeout 15s
testing program (duration=15s, {Threaded:true Repeat:true RepeatTimes:0 Procs:8 Slowdown:1 Sandbox:none SandboxArg:0 Leak:false NetInjection:false NetDevices:true NetReset:true Cgroups:true BinfmtMisc:true CloseFDs:true KCSAN:false DevlinkPCI:false NicVF:false USB:false VhciInjection:false Wifi:false IEEE802154:false Sysctl:true UseTmpDir:true HandleSegv:true Repro:true Trace:false LegacyOptions:{Collide:false Fault:false FaultCall:0 FaultNth:0}}): syz_clone-syz_genetlink_get_family_id$nl802154-syz_clone-syz_clone
detailed listing:
executing program 0:
syz_clone(0x1024180, &(0x7f0000000180), 0x0, 0x0, 0x0, 0x0)
syz_genetlink_get_family_id$nl802154(0x0, 0xffffffffffffffff)
syz_clone(0x1024180, &(0x7f0000000180)="f6106fd392e794212801426a", 0xc, &(0x7f00000001c0), 0x0, &(0x7f0000000240)="bae429babc6393e92479bb938f55e280ac512bd603f753e647dcab4415ea5ead6967c7ba46c06659d096a5bc12c4b30e9edc592a4cf3b3990e5d03dc51a7d998501a07f6ec694361850cc4ac941abf7876f6c7531c2f0c01374b636ddaa2b989476344894e607d3ed5ece9b0580b98eb15ba2b088440944236b0599fb5d71ae38534cbbcf6a9e45080976452d495cba323903be8")
syz_clone(0x8020000, &(0x7f00000003c0)="eb8aee3c080802d26a750cd8595e61fcaa7492638f854cb9cdd8f040bf6047713671d1c668e1e2642aa0701b78443d70c9c33480fc513f1583c07271", 0x3c, &(0x7f0000000400), 0x0, &(0x7f0000000480)="47e107ac8c43ee53920d84990dbc728d820ce9ca1d9eba85ed97812baccb1d57682daba2239155e311b582e05ad2ae22af41a2393704acb5cc4165f2faecaa20d0b2a4a57453d81d50c3dacd1b6d880d63bd657964dea9ab3d165e01")

program did not crash
testing program (duration=15s, {Threaded:true Repeat:true RepeatTimes:0 Procs:8 Slowdown:1 Sandbox:none SandboxArg:0 Leak:false NetInjection:false NetDevices:true NetReset:true Cgroups:true BinfmtMisc:true CloseFDs:true KCSAN:false DevlinkPCI:false NicVF:false USB:false VhciInjection:false Wifi:false IEEE802154:false Sysctl:true UseTmpDir:true HandleSegv:true Repro:true Trace:false LegacyOptions:{Collide:false Fault:false FaultCall:0 FaultNth:0}}): ioctl$sock_SIOCGIFINDEX_802154-syz_clone-syz_clone
detailed listing:
executing program 0:
ioctl$sock_SIOCGIFINDEX_802154(0xffffffffffffffff, 0x8933, 0x0)
syz_clone(0x0, 0x0, 0x0, 0x0, &(0x7f0000000200), 0x0)
syz_clone(0x8020000, &(0x7f00000003c0)="eb8aee3c080802d26a750cd8595e61fcaa7492638f854cb9cdd8f040bf6047713671d1c668e1e2642aa0701b78443d70c9c33480fc513f1583c072", 0x3b, &(0x7f0000000400), &(0x7f0000000440), &(0x7f0000000480)="47e107ac8c43ee53920d84990dbc728d820ce9ca1d9eba85ed97812baccb1d57682daba2239155e311b582e05ad2ae22af41a2393704acb5cc4165f2faecaa20d0b2a4a57453d81d50c3dacd1b6d880d63bd657964dea9ab3d165e01")

program did not crash
testing program (duration=15s, {Threaded:true Repeat:true RepeatTimes:0 Procs:8 Slowdown:1 Sandbox:none SandboxArg:0 Leak:false NetInjection:false NetDevices:true NetReset:true Cgroups:true BinfmtMisc:true CloseFDs:true KCSAN:false DevlinkPCI:false NicVF:false USB:false VhciInjection:false Wifi:false IEEE802154:false Sysctl:true UseTmpDir:true HandleSegv:true Repro:true Trace:false LegacyOptions:{Collide:false Fault:false FaultCall:0 FaultNth:0}}): syz_clone-syz_genetlink_get_family_id$nl802154-syz_clone-syz_clone
detailed listing:
executing program 0:
syz_clone(0x1024180, &(0x7f0000000180), 0x0, 0x0, 0x0, 0x0)
syz_genetlink_get_family_id$nl802154(0x0, 0xffffffffffffffff)
syz_clone(0x1024180, &(0x7f0000000180)="f6106fd392e794212801426a", 0xc, &(0x7f00000001c0), 0x0, &(0x7f0000000240)="bae429babc6393e92479bb938f55e280ac512bd603f753e647dcab4415ea5ead6967c7ba46c06659d096a5bc12c4b30e9edc592a4cf3b3990e5d03dc51a7d998501a07f6ec694361850cc4ac941abf7876f6c7531c2f0c01374b636ddaa2b989476344894e607d3ed5ece9b0580b98eb15ba2b088440944236b0599fb5d71ae38534cbbcf6a9e45080976452d495cba323903be8")
syz_clone(0x8020000, &(0x7f00000003c0)="eb8aee3c080802d26a750cd8595e61fcaa7492638f854cb9cdd8f040bf6047713671d1c668e1e2642aa0701b78443d70c9c33480fc513f1583c07271", 0x3c, 0x0, &(0x7f0000000440), &(0x7f0000000480)="47e107ac8c43ee53920d84990dbc728d820ce9ca1d9eba85ed97812baccb1d57682daba2239155e311b582e05ad2ae22af41a2393704acb5cc4165f2faecaa20d0b2a4a57453d81d50c3dacd1b6d880d63bd657964dea9ab3d165e01")

failed to init instance: failed to create VM: can't ssh into the instance
failed to run ["ssh" "-p" "64490" "-F" "/dev/null" "-o" "UserKnownHostsFile=/dev/null" "-o" "BatchMode=yes" "-o" "IdentitiesOnly=yes" "-o" "StrictHostKeyChecking=no" "-o" "ConnectTimeout=10" "-i" "/home/abel/Documents/workspace/syzkaller/tools/stretch.id_rsa" "root@localhost" "pwd"]: exit status 255
Connection timed out during banner exchange
Connection to 127.0.0.1 port 64490 timed out
[    0.000000] Linux version 5.15.79 (abel@abel-Inspiron-3502) (gcc (Ubuntu 11.3.0-1ubuntu1~22.04) 11.3.0, GNU ld (GNU Binutils for Ubuntu) 2.38) #3 SMP Wed Dec 7 00:56:13 CST 2022
[    0.000000] Command line: root=/dev/sda console=ttyS0 
[    0.000000] x86/fpu: Supporting XSAVE feature 0x001: 'x87 floating point registers'
[    0.000000] x86/fpu: Supporting XSAVE feature 0x002: 'SSE registers'
[    0.000000] x86/fpu: Supporting XSAVE feature 0x008: 'MPX bounds registers'
[    0.000000] x86/fpu: Supporting XSAVE feature 0x010: 'MPX CSR'
[    0.000000] x86/fpu: xstate_offset[3]:  576, xstate_sizes[3]:   64
[    0.000000] x86/fpu: xstate_offset[4]:  640, xstate_sizes[4]:   64
[    0.000000] x86/fpu: Enabled xstate features 0x1b, context size is 704 bytes, using 'compacted' format.
[    0.000000] signal: max sigframe size: 2032
[    0.000000] BIOS-provided physical RAM map:
[    0.000000] BIOS-e820: [mem 0x0000000000000000-0x000000000009fbff] usable
[    0.000000] BIOS-e820: [mem 0x000000000009fc00-0x000000000009ffff] reserved
[    0.000000] BIOS-e820: [mem 0x00000000000f0000-0x00000000000fffff] reserved
[    0.000000] BIOS-e820: [mem 0x0000000000100000-0x000000007ffdffff] usable
[    0.000000] BIOS-e820: [mem 0x000000007ffe0000-0x000000007fffffff] reserved
[    0.000000] BIOS-e820: [mem 0x00000000feffc000-0x00000000feffffff] reserved
[    0.000000] BIOS-e820: [mem 0x00000000fffc0000-0x00000000ffffffff] reserved
[    0.000000] NX (Execute Disable) protection: active
[    0.000000] SMBIOS 2.8 present.
[    0.000000] DMI: QEMU Standard PC (i440FX + PIIX, 1996), BIOS 1.15.0-1 04/01/2014
[    0.000000] Hypervisor detected: KVM
[    0.000000] kvm-clock: Using msrs 4b564d01 and 4b564d00
[    0.000000] kvm-clock: cpu 0, msr 4b51e001, primary cpu clock
[    0.000006] kvm-clock: using sched offset of 2528070572 cycles
[    0.000032] clocksource: kvm-clock: mask: 0xffffffffffffffff max_cycles: 0x1cd42e4dffb, max_idle_ns: 881590591483 ns
[    0.000073] tsc: Detected 1094.400 MHz processor
[    0.031201] last_pfn = 0x7ffe0 max_arch_pfn = 0x400000000
[    0.031298] x86/PAT: Configuration [0-7]: WB  WC  UC- UC  WB  WP  UC- WT  
[    0.066709] found SMP MP-table at [mem 0x000f5b90-0x000f5b9f]
[    0.066987] Using GB pages for direct mapping
[    0.071956] ACPI: Early table checksum verification disabled
[    0.072009] ACPI: RSDP 0x00000000000F59D0 000014 (v00 BOCHS )
[    0.072066] ACPI: RSDT 0x000000007FFE1967 000034 (v01 BOCHS  BXPC     00000001 BXPC 00000001)
[    0.072130] ACPI: FACP 0x000000007FFE1813 000074 (v01 BOCHS  BXPC     00000001 BXPC 00000001)
[    0.072199] ACPI: DSDT 0x000000007FFE0040 0017D3 (v01 BOCHS  BXPC     00000001 BXPC 00000001)
[    0.072256] ACPI: FACS 0x000000007FFE0000 000040
[    0.072300] ACPI: APIC 0x000000007FFE1887 000080 (v01 BOCHS  BXPC     00000001 BXPC 00000001)
[    0.072358] ACPI: HPET 0x000000007FFE1907 000038 (v01 BOCHS  BXPC     00000001 BXPC 00000001)
[    0.072416] ACPI: WAET 0x000000007FFE193F 000028 (v01 BOCHS  BXPC     00000001 BXPC 00000001)
[    0.072470] ACPI: Reserving FACP table memory at [mem 0x7ffe1813-0x7ffe1886]
[    0.072496] ACPI: Reserving DSDT table memory at [mem 0x7ffe0040-0x7ffe1812]
[    0.072522] ACPI: Reserving FACS table memory at [mem 0x7ffe0000-0x7ffe003f]
[    0.072547] ACPI: Reserving APIC table memory at [mem 0x7ffe1887-0x7ffe1906]
[    0.072571] ACPI: Reserving HPET table memory at [mem 0x7ffe1907-0x7ffe193e]
[    0.072596] ACPI: Reserving WAET table memory at [mem 0x7ffe193f-0x7ffe1966]
[    0.085728] No NUMA configuration found
[    0.085760] Faking a node at [mem 0x0000000000000000-0x000000007ffdffff]
[    0.085805] NODE_DATA(0) allocated [mem 0x7ffdc000-0x7ffdffff]
[    0.085992] Zone ranges:
[    0.086008]   DMA      [mem 0x0000000000001000-0x0000000000ffffff]
[    0.086040]   DMA32    [mem 0x0000000001000000-0x000000007ffdffff]
[    0.086069]   Normal   empty
[    0.086089] Movable zone start for each node
[    0.086102] Early memory node ranges
[    0.086115]   node   0: [mem 0x0000000000001000-0x000000000009efff]
[    0.086140]   node   0: [mem 0x0000000000100000-0x000000007ffdffff]
[    0.086168] Initmem setup node 0 [mem 0x0000000000001000-0x000000007ffdffff]
[    0.087739] On node 0, zone DMA: 1 pages in unavailable ranges
[    0.088034] On node 0, zone DMA: 97 pages in unavailable ranges
[    0.292056] On node 0, zone DMA32: 32 pages in unavailable ranges
[    0.980659] kasan: KernelAddressSanitizer initialized
[    0.981457] ACPI: PM-Timer IO Port: 0x608
[    0.981522] ACPI: LAPIC_NMI (acpi_id[0xff] dfl dfl lint[0x1])
[    0.981649] IOAPIC[0]: apic_id 0, version 17, address 0xfec00000, GSI 0-23
[    0.981693] ACPI: INT_SRC_OVR (bus 0 bus_irq 0 global_irq 2 dfl dfl)
[    0.981996] ACPI: INT_SRC_OVR (bus 0 bus_irq 5 global_irq 5 high level)
[    0.982027] ACPI: INT_SRC_OVR (bus 0 bus_irq 9 global_irq 9 high level)
[    0.982057] ACPI: INT_SRC_OVR (bus 0 bus_irq 10 global_irq 10 high level)
[    0.982088] ACPI: INT_SRC_OVR (bus 0 bus_irq 11 global_irq 11 high level)
[    0.982145] ACPI: Using ACPI (MADT) for SMP configuration information
[    0.982165] ACPI: HPET id: 0x8086a201 base: 0xfed00000
[    0.982202] TSC deadline timer available
[    0.982218] smpboot: Allowing 2 CPUs, 0 hotplug CPUs
[    0.982325] kvm-guest: KVM setup pv remote TLB flush
[    0.982347] kvm-guest: setup PV sched yield
[    0.982429] PM: hibernation: Registered nosave memory: [mem 0x00000000-0x00000fff]
[    0.982465] PM: hibernation: Registered nosave memory: [mem 0x0009f000-0x0009ffff]
[    0.982490] PM: hibernation: Registered nosave memory: [mem 0x000a0000-0x000effff]
[    0.982513] PM: hibernation: Registered nosave memory: [mem 0x000f0000-0x000fffff]
[    0.982540] [mem 0x80000000-0xfeffbfff] available for PCI devices
[    0.982562] Booting paravirtualized kernel on KVM
[    0.982584] clocksource: refined-jiffies: mask: 0xffffffff max_cycles: 0xffffffff, max_idle_ns: 1910969940391419 ns
[    1.072600] setup_percpu: NR_CPUS:64 nr_cpumask_bits:64 nr_cpu_ids:2 nr_node_ids:1
[    1.077904] percpu: Embedded 64 pages/cpu s224472 r8192 d29480 u1048576
[    1.078329] kvm-guest: setup async PF for cpu 0
[    1.078360] kvm-guest: stealtime: cpu 0, msr 6d227140
[    1.078391] Built 1 zonelists, mobility grouping on.  Total pages: 515808
[    1.078417] Policy zone: DMA32
[    1.078436] Kernel command line: root=/dev/sda console=ttyS0 
[    1.080255] Dentry cache hash table entries: 262144 (order: 9, 2097152 bytes, linear)
[    1.081512] Inode-cache hash table entries: 131072 (order: 8, 1048576 bytes, linear)
[    1.081729] mem auto-init: stack:off, heap alloc:off, heap free:off
[    1.393743] Memory: 1699036K/2096632K available (47117K kernel code, 7796K rwdata, 8672K rodata, 2148K init, 1044K bss, 397340K reserved, 0K cma-reserved)
[    1.394325] SLUB: HWalign=64, Order=0-3, MinObjects=0, CPUs=2, Nodes=1
[    1.394801] rcu: Hierarchical RCU implementation.
[    1.394818] rcu: 	RCU event tracing is enabled.
[    1.394832] rcu: 	RCU restricting CPUs from NR_CPUS=64 to nr_cpu_ids=2.
[    1.394856] rcu: RCU calculated value of scheduler-enlistment delay is 100 jiffies.
[    1.394875] rcu: Adjusting geometry for rcu_fanout_leaf=16, nr_cpu_ids=2
[    1.524691] NR_IRQS: 4352, nr_irqs: 440, preallocated irqs: 16
[    1.532207] random: crng init done
[    1.570123] Console: colour VGA+ 80x25
[    1.988030] printk: console [ttyS0] enabled
[    1.989485] ACPI: Core revision 20210730
[    1.991374] clocksource: hpet: mask: 0xffffffff max_cycles: 0xffffffff, max_idle_ns: 19112604467 ns
[    2.003914] APIC: Switch to symmetric I/O mode setup
[    2.005637] kvm-guest: setup PV IPIs
[    2.009119] ..TIMER: vector=0x30 apic1=0 pin1=2 apic2=-1 pin2=-1
[    2.012227] clocksource: tsc-early: mask: 0xffffffffffffffff max_cycles: 0xfc66f4fc7c, max_idle_ns: 440795224246 ns
[    2.028733] Calibrating delay loop (skipped) preset value.. 2188.80 BogoMIPS (lpj=1094400)
[    2.029728] pid_max: default: 32768 minimum: 301
[    2.030941] LSM: Security Framework initializing
[    2.031836] SELinux:  Initializing.
[    2.033112] Mount-cache hash table entries: 4096 (order: 3, 32768 bytes, linear)
[    2.033742] Mountpoint-cache hash table entries: 4096 (order: 3, 32768 bytes, linear)
[    2.037032] x86/cpu: User Mode Instruction Prevention (UMIP) activated
[    2.037922] Last level iTLB entries: 4KB 0, 2MB 0, 4MB 0
[    2.038727] Last level dTLB entries: 4KB 0, 2MB 0, 4MB 0, 1GB 0
[    2.039754] Spectre V1 : Mitigation: usercopy/swapgs barriers and __user pointer sanitization
[    2.040738] Spectre V2 : Mitigation: Enhanced IBRS
[    2.041726] Spectre V2 : Spectre v2 / SpectreRSB mitigation: Filling RSB on context switch
[    2.042766] Spectre V2 : mitigation: Enabling conditional Indirect Branch Prediction Barrier
[    2.043734] Speculative Store Bypass: Mitigation: Speculative Store Bypass disabled via prctl and seccomp
[    2.255048] Freeing SMP alternatives memory: 44K
[    2.256147] smpboot: CPU0: Intel(R) Pentium(R) Silver N5030 CPU @ 1.10GHz (family: 0x6, model: 0x7a, stepping: 0x8)
[    2.257495] Performance Events: Goldmont plus events, 32-deep LBR, full-width counters, Intel PMU driver.
[    2.258740] ... version:                2
[    2.259732] ... bit width:              48
[    2.260734] ... generic registers:      4
[    2.261731] ... value mask:             0000ffffffffffff
[    2.262759] ... max period:             00007fffffffffff
[    2.263735] ... fixed-purpose events:   3
[    2.264739] ... event mask:             000000070000000f
[    2.266363] rcu: Hierarchical SRCU implementation.
[    2.270571] smp: Bringing up secondary CPUs ...
[    2.271373] x86: Booting SMP configuration:
[    2.271733] .... node  #0, CPUs:      #1
[    0.493547] kvm-clock: cpu 1, msr 4b51e041, secondary cpu clock
[    2.277822] kvm-guest: setup async PF for cpu 1
[    2.278713] kvm-guest: stealtime: cpu 1, msr 6d327140
[    2.280851] smp: Brought up 1 node, 2 CPUs
[    2.281734] smpboot: Max logical packages: 1
[    2.282729] smpboot: Total of 2 processors activated (4377.60 BogoMIPS)
[    2.285955] devtmpfs: initialized
[    2.296417] clocksource: jiffies: mask: 0xffffffff max_cycles: 0xffffffff, max_idle_ns: 1911260446275000 ns
[    2.296757] futex hash table entries: 512 (order: 3, 32768 bytes, linear)
[    2.300022] PM: RTC time: 23:01:47, date: 2022-12-07
[    2.301855] NET: Registered PF_NETLINK/PF_ROUTE protocol family
[    2.305061] audit: initializing netlink subsys (disabled)
[    2.308255] thermal_sys: Registered thermal governor 'step_wise'
[    2.308274] thermal_sys: Registered thermal governor 'user_space'
[    2.307713] audit: type=2000 audit(1670454107.261:1): state=initialized audit_enabled=0 res=1
[    2.326755] cpuidle: using governor menu
[    2.328272] ACPI: bus type PCI registered
[    2.329503] PCI: Using configuration type 1 for base access
[    2.393591] Kprobes globally optimized
[    2.397355] HugeTLB registered 2.00 MiB page size, pre-allocated 0 pages
[    2.399303] cryptomgr_test (27) used greatest stack depth: 30760 bytes left
[    2.403713] ACPI: Added _OSI(Module Device)
[    2.407761] ACPI: Added _OSI(Processor Device)
[    2.411768] ACPI: Added _OSI(3.0 _SCP Extensions)
[    2.419740] ACPI: Added _OSI(Processor Aggregator Device)
[    2.424760] ACPI: Added _OSI(Linux-Dell-Video)
[    2.431770] ACPI: Added _OSI(Linux-Lenovo-NV-HDMI-Audio)
[    2.439767] ACPI: Added _OSI(Linux-HPI-Hybrid-Graphics)
[    2.565434] ACPI: 1 ACPI AML tables successfully acquired and loaded
[    2.600135] ACPI: Interpreter enabled
[    2.606988] ACPI: PM: (supports S0 S3 S4 S5)
[    2.610748] ACPI: Using IOAPIC for interrupt routing
[    2.620987] PCI: Using host bridge windows from ACPI; if necessary, use "pci=nocrs" and report a bug
[    2.640064] ACPI: Enabled 2 GPEs in block 00 to 0F
[    2.946101] ACPI: PCI Root Bridge [PCI0] (domain 0000 [bus 00-ff])
[    2.967805] acpi PNP0A03:00: _OSC: OS supports [ASPM ClockPM Segments MSI HPX-Type3]
[    2.970999] acpi PNP0A03:00: fail to add MMCONFIG information, can't access extended PCI configuration space under this bridge.
[    2.989528] PCI host bridge to bus 0000:00
[    2.990757] pci_bus 0000:00: root bus resource [io  0x0000-0x0cf7 window]
[    3.003767] pci_bus 0000:00: root bus resource [io  0x0d00-0xffff window]
[    3.005763] pci_bus 0000:00: root bus resource [mem 0x000a0000-0x000bffff window]
[    3.030772] pci_bus 0000:00: root bus resource [mem 0x80000000-0xfebfffff window]
[    3.042767] pci_bus 0000:00: root bus resource [mem 0x100000000-0x17fffffff window]
[    3.045762] pci_bus 0000:00: root bus resource [bus 00-ff]
[    3.066133] pci 0000:00:00.0: [8086:1237] type 00 class 0x060000
[    3.167463] pci 0000:00:01.0: [8086:7000] type 00 class 0x060100
[    3.186913] pci 0000:00:01.1: [8086:7010] type 00 class 0x010180
[    3.220737] pci 0000:00:01.1: reg 0x20: [io  0xc060-0xc06f]
[    3.239131] pci 0000:00:01.1: legacy IDE quirk: reg 0x10: [io  0x01f0-0x01f7]
[    3.252745] pci 0000:00:01.1: legacy IDE quirk: reg 0x14: [io  0x03f6]
[    3.255739] pci 0000:00:01.1: legacy IDE quirk: reg 0x18: [io  0x0170-0x0177]
[    3.273747] pci 0000:00:01.1: legacy IDE quirk: reg 0x1c: [io  0x0376]
[    3.288828] pci 0000:00:01.3: [8086:7113] type 00 class 0x068000
[    3.302256] pci 0000:00:01.3: quirk: [io  0x0600-0x063f] claimed by PIIX4 ACPI
[    3.316771] pci 0000:00:01.3: quirk: [io  0x0700-0x070f] claimed by PIIX4 SMB
[    3.325822] pci 0000:00:01.3: quirk_piix4_acpi+0x0/0x200 took 23437 usecs
[    3.353802] pci 0000:00:02.0: [1234:1111] type 00 class 0x030000
[    3.379770] pci 0000:00:02.0: reg 0x10: [mem 0xfd000000-0xfdffffff pref]
[    3.405772] pci 0000:00:02.0: reg 0x18: [mem 0xfebb0000-0xfebb0fff]
[    3.444763] pci 0000:00:02.0: reg 0x30: [mem 0xfeba0000-0xfebaffff pref]
[    3.460003] pci 0000:00:02.0: Video device with shadowed ROM at [mem 0x000c0000-0x000dffff]
[    3.474742] pci 0000:00:02.0: pci_fixup_video+0x0/0x280 took 14648 usecs
[    3.578150] pci 0000:00:03.0: [1af4:1005] type 00 class 0x00ff00
[    3.590740] pci 0000:00:03.0: reg 0x10: [io  0xc040-0xc05f]
[    3.615742] pci 0000:00:03.0: reg 0x20: [mem 0xfe000000-0xfe003fff 64bit pref]
[    3.715542] pci 0000:00:04.0: [8086:100e] type 00 class 0x020000
[    3.729740] pci 0000:00:04.0: reg 0x10: [mem 0xfeb80000-0xfeb9ffff]
[    3.746741] pci 0000:00:04.0: reg 0x14: [io  0xc000-0xc03f]
[    3.780737] pci 0000:00:04.0: reg 0x30: [mem 0xfeb00000-0xfeb7ffff pref]
[    3.822898] ACPI: PCI: Interrupt link LNKA configured for IRQ 10
[    3.826259] ACPI: PCI: Interrupt link LNKB configured for IRQ 10
[    3.829865] ACPI: PCI: Interrupt link LNKC configured for IRQ 11
[    3.833910] ACPI: PCI: Interrupt link LNKD configured for IRQ 11
[    3.835734] ACPI: PCI: Interrupt link LNKS configured for IRQ 9
[    3.840617] iommu: Default domain type: Translated 
[    3.840735] iommu: DMA domain TLB invalidation policy: lazy mode 
[    3.842857] pci 0000:00:02.0: vgaarb: setting as boot VGA device
[    3.843713] pci 0000:00:02.0: vgaarb: VGA device added: decodes=io+mem,owns=io+mem,locks=none
[    3.843743] pci 0000:00:02.0: vgaarb: bridge control possible
[    3.844733] vgaarb: loaded
[    3.847187] SCSI subsystem initialized
[    3.848302] ACPI: bus type USB registered
[    3.848713] usbcore: registered new interface driver usbfs
[    3.848713] usbcore: registered new interface driver hub
[    3.848713] usbcore: registered new device driver usb
[    3.848713] pps_core: LinuxPPS API ver. 1 registered
[    3.853738] pps_core: Software ver. 5.3.6 - Copyright 2005-2007 Rodolfo Giometti <giometti@linux.it>
[    3.865835] PTP clock support registered
[    3.877160] Advanced Linux Sound Architecture Driver Initialized.
[    3.879385] NetLabel: Initializing
[    3.879778] NetLabel:  domain hash size = 128
[    3.880750] NetLabel:  protocols = UNLABELED CIPSOv4 CALIPSO
[    3.882010] NetLabel:  unlabeled traffic allowed by default
[    3.883899] PCI: Using ACPI for IRQ routing
[    3.885258] hpet0: at MMIO 0xfed00000, IRQs 2, 8, 0
[    3.885876] hpet0: 3 comparators, 64-bit 100.000000 MHz counter
[    3.890138] clocksource: Switched to clocksource kvm-clock
[    4.625047] VFS: Disk quotas dquot_6.6.0
[    4.650785] VFS: Dquot-cache hash table entries: 512 (order 0, 4096 bytes)
[    4.654376] pnp: PnP ACPI init
[    4.691839] pnp: PnP ACPI: found 6 devices
[    4.808038] clocksource: acpi_pm: mask: 0xffffff max_cycles: 0xffffff, max_idle_ns: 2085701024 ns
[    4.815063] NET: Registered PF_INET protocol family
[    4.823231] IP idents hash table entries: 32768 (order: 6, 262144 bytes, linear)
[    4.856268] tcp_listen_portaddr_hash hash table entries: 1024 (order: 2, 16384 bytes, linear)
[    4.886351] Table-perturb hash table entries: 65536 (order: 6, 262144 bytes, linear)
[    4.894331] TCP established hash table entries: 16384 (order: 5, 131072 bytes, linear)
[    4.905076] TCP bind hash table entries: 16384 (order: 6, 262144 bytes, linear)
[    4.926293] TCP: Hash tables configured (established 16384 bind 16384)
[    4.942442] UDP hash table entries: 1024 (order: 3, 32768 bytes, linear)
[    4.960226] UDP-Lite hash table entries: 1024 (order: 3, 32768 bytes, linear)
[    4.970963] NET: Registered PF_UNIX/PF_LOCAL protocol family
[    4.997838] RPC: Registered named UNIX socket transport module.
[    5.008354] RPC: Registered udp transport module.
[    5.018938] RPC: Registered tcp transport module.
[    5.025131] RPC: Registered tcp NFSv4.1 backchannel transport module.
[    5.034099] pci_bus 0000:00: resource 4 [io  0x0000-0x0cf7 window]
[    5.060578] pci_bus 0000:00: resource 5 [io  0x0d00-0xffff window]
[    5.065709] pci_bus 0000:00: resource 6 [mem 0x000a0000-0x000bffff window]
[    5.079168] pci_bus 0000:00: resource 7 [mem 0x80000000-0xfebfffff window]
[    5.091686] pci_bus 0000:00: resource 8 [mem 0x100000000-0x17fffffff window]
[    5.107535] pci 0000:00:01.0: PIIX3: Enabling Passive Release
[    5.113883] pci 0000:00:00.0: Limiting direct PCI/PCI transfers
[    5.130683] pci 0000:00:00.0: quirk_natoma+0x0/0x70 took 16386 usecs
[    5.141182] pci 0000:00:01.0: Activating ISA DMA hang workarounds
[    5.156773] pci 0000:00:01.0: quirk_isa_dma_hangs+0x0/0x60 took 15224 usecs
[    5.174420] PCI: CLS 0 bytes, default 64
[   17.022438] RAPL PMU: API unit is 2^-32 Joules, 0 fixed counters, 10737418240 ms ovfl timer
[   17.025824] clocksource: tsc: mask: 0xffffffffffffffff max_cycles: 0xfc66f4fc7c, max_idle_ns: 440795224246 ns
[   17.369737] clocksource: Switched to clocksource tsc
[   17.402880] Initialise system trusted keyrings
[   17.417543] workingset: timestamp_bits=56 max_order=19 bucket_order=0
[   17.585176] NFS: Registering the id_resolver key type
[   17.606284] Key type id_resolver registered
[   17.615813] Key type id_legacy registered
[   17.618613] 9p: Installing v9fs 9p2000 file system support
[   17.721645] cryptomgr_test (61) used greatest stack depth: 30704 bytes left
[   17.722936] Key type asymmetric registered
[   17.728022] Asymmetric key parser 'x509' registered
[   17.733956] Block layer SCSI generic (bsg) driver version 0.4 loaded (major 251)
[   17.740513] io scheduler mq-deadline registered
[   17.751961] io scheduler kyber registered
[   17.770947] input: Power Button as /devices/LNXSYSTM:00/LNXPWRBN:00/input/input0
[   17.790351] ACPI: button: Power Button [PWRF]
[   25.591004] ACPI: \_SB_.LNKC: Enabled at IRQ 11
[   25.637334] Serial: 8250/16550 driver, 4 ports, IRQ sharing enabled
[   25.646883] 00:04: ttyS0 at I/O 0x3f8 (irq = 4, base_baud = 115200) is a 16550A
[   25.675134] Non-volatile memory driver v1.3
[   25.685492] Linux agpgart interface v0.103
[   25.769938] loop: module loaded
[   25.807638] scsi host0: ata_piix
[   25.823234] scsi host1: ata_piix
[   25.837254] ata1: PATA max MWDMA2 cmd 0x1f0 ctl 0x3f6 bmdma 0xc060 irq 14
[   25.853787] ata2: PATA max MWDMA2 cmd 0x170 ctl 0x376 bmdma 0xc068 irq 15
[   25.889266] e100: Intel(R) PRO/100 Network Driver
[   25.890929] e100: Copyright(c) 1999-2006 Intel Corporation
[   25.892907] e1000: Intel(R) PRO/1000 Network Driver
[   25.894495] e1000: Copyright (c) 1999-2006 Intel Corporation.
[   26.093399] ata2.00: ATAPI: QEMU DVD-ROM, 2.5+, max UDMA/100
[   26.096704] ata1.00: ATA-7: QEMU HARDDISK, 2.5+, max UDMA/100
[   26.098657] ata1.00: 4194304 sectors, multi 16: LBA48 
[   26.114919] scsi 0:0:0:0: Direct-Access     ATA      QEMU HARDDISK    2.5+ PQ: 0 ANSI: 5
[   26.139661] scsi 0:0:0:0: Attached scsi generic sg0 type 0
[   26.154043] sd 0:0:0:0: [sda] 4194304 512-byte logical blocks: (2.15 GB/2.00 GiB)
[   26.176986] sd 0:0:0:0: [sda] Write Protect is off
[   26.181214] scsi 1:0:0:0: CD-ROM            QEMU     QEMU DVD-ROM     2.5+ PQ: 0 ANSI: 5
[   26.183210] sd 0:0:0:0: [sda] Write cache: enabled, read cache: enabled, doesn't support DPO or FUA
[   26.230498] sd 0:0:0:0: [sda] Attached SCSI disk
[   26.414225] sr 1:0:0:0: [sr0] scsi3-mmc drive: 4x/4x cd/rw xa/form2 tray
[   26.418333] cdrom: Uniform CD-ROM driver Revision: 3.20
[   26.630175] sr 1:0:0:0: Attached scsi generic sg1 type 5
[   34.723350] ACPI: \_SB_.LNKD: Enabled at IRQ 10
[   36.101983] e1000 0000:00:04.0 eth0: (PCI:33MHz:32-bit) 52:54:00:12:34:56
[   36.129365] e1000 0000:00:04.0 eth0: Intel(R) PRO/1000 Network Connection
[   36.143452] e1000e: Intel(R) PRO/1000 Network Driver
[   36.146111] e1000e: Copyright(c) 1999 - 2015 Intel Corporation.
[   36.153862] sky2: driver version 1.30
[   36.172779] ehci_hcd: USB 2.0 'Enhanced' Host Controller (EHCI) Driver
[   36.185431] ehci-pci: EHCI PCI platform driver
[   36.201313] ohci_hcd: USB 1.1 'Open' Host Controller (OHCI) Driver
[   36.203386] ohci-pci: OHCI PCI platform driver
[   36.213009] uhci_hcd: USB Universal Host Controller Interface driver
[   36.237805] usbcore: registered new interface driver usblp
[   36.242034] usbcore: registered new interface driver usb-storage
[   36.249851] i8042: PNP: PS/2 Controller [PNP0303:KBD,PNP0f13:MOU] at 0x60,0x64 irq 1,12
[   36.268413] serio: i8042 KBD port at 0x60,0x64 irq 1
[   36.284288] serio: i8042 AUX port at 0x60,0x64 irq 12
[   36.309136] rtc_cmos 00:05: RTC can wake from S4
[   36.326097] rtc_cmos 00:05: registered as rtc0
[   36.338573] rtc_cmos 00:05: alarms up to one day, y3k, 242 bytes nvram, hpet irqs
[   36.373005] device-mapper: ioctl: 4.45.0-ioctl (2021-03-22) initialised: dm-devel@redhat.com
[   36.378438] intel_pstate: CPU model not supported
[   36.397603] hid: raw HID events driver (C) Jiri Kosina
[   36.409425] usbcore: registered new interface driver usbhid
[   36.430351] usbhid: USB HID core driver
[   36.441460] input: AT Translated Set 2 keyboard as /devices/platform/i8042/serio0/input/input1
[   36.448687] Initializing XFRM netlink socket
[   36.484562] NET: Registered PF_INET6 protocol family
[   36.504647] Segment Routing with IPv6
[   36.511313] In-situ OAM (IOAM) with IPv6
[   36.517555] sit: IPv6, IPv4 and MPLS over IPv4 tunneling driver
[   36.552429] NET: Registered PF_PACKET protocol family
[   36.560043] 9pnet: Installing 9P2000 support
[   36.567561] Key type dns_resolver registered
[   36.590541] IPI shorthand broadcast: enabled
[   36.597976] sched_clock: Marking stable (36105252820, 492547106)->(37679430001, -1081630075)
[   36.615251] registered taskstats version 1
[   36.617922] Loading compiled-in X.509 certificates
[   36.642476] PM:   Magic number: 2:964:48
[   36.656295] printk: console [netcon0] enabled
[   36.662655] netconsole: network logging started
[   36.677370] cfg80211: Loading compiled-in X.509 certificates for regulatory database
[   36.696764] kworker/u4:2 (72) used greatest stack depth: 28768 bytes left
[   36.717550] cfg80211: Loaded X.509 cert 'sforshee: 00b28ddf47aef9cea7'
[   36.729290] platform regulatory.0: Direct firmware load for regulatory.db failed with error -2
[   36.729859] ALSA device list:
[   36.749357] cfg80211: failed to load regulatory.db
[   36.761953]   No soundcards found.
[   37.093671] input: ImExPS/2 Generic Explorer Mouse as /devices/platform/i8042/serio1/input/input3
[   37.113114] md: Waiting for all devices to be available before autodetect
[   37.115332] md: If you don't use raid, use raid=noautodetect
[   37.117167] md: Autodetecting RAID arrays.
[   37.118403] md: autorun ...
[   37.119261] md: ... autorun DONE.
[   37.169245] EXT4-fs (sda): INFO: recovery required on readonly filesystem
[   37.172370] EXT4-fs (sda): write access will be enabled during recovery
[   37.408177] EXT4-fs (sda): recovery complete
[   37.440880] EXT4-fs (sda): mounted filesystem with ordered data mode. Opts: (null). Quota mode: none.
[   37.453689] VFS: Mounted root (ext4 filesystem) readonly on device 8:0.
[   37.469459] devtmpfs: mounted
[   37.496548] Freeing unused kernel image (initmem) memory: 2148K
[   37.500611] Write protecting the kernel read-only data: 59392k
[   37.524664] Freeing unused kernel image (text/rodata gap) memory: 2032K
[   37.541595] Freeing unused kernel image (rodata/data gap) memory: 1568K
[   37.561289] Run /sbin/init as init process
[   41.126397] SELinux:  Permission getrlimit in class process not defined in policy.
[   41.156804] SELinux:  Class process2 not defined in policy.
[   41.163167] SELinux:  Permission watch in class filesystem not defined in policy.
[   41.179063] SELinux:  Permission map in class file not defined in policy.
[   41.190485] SELinux:  Permission watch in class file not defined in policy.
[   41.204925] SELinux:  Permission watch_mount in class file not defined in policy.
[   41.207410] SELinux:  Permission watch_sb in class file not defined in policy.
[   41.209811] SELinux:  Permission watch_with_perm in class file not defined in policy.
[   41.232952] SELinux:  Permission watch_reads in class file not defined in policy.
[   41.252476] SELinux:  Permission map in class dir not defined in policy.
[   41.256780] SELinux:  Permission watch in class dir not defined in policy.
[   41.262284] SELinux:  Permission watch_mount in class dir not defined in policy.
[   41.264214] SELinux:  Permission watch_sb in class dir not defined in policy.
[   41.266180] SELinux:  Permission watch_with_perm in class dir not defined in policy.
[   41.289326] SELinux:  Permission watch_reads in class dir not defined in policy.
[   41.294198] SELinux:  Permission map in class lnk_file not defined in policy.
[   41.296432] SELinux:  Permission watch in class lnk_file not defined in policy.
[   41.298336] SELinux:  Permission watch_mount in class lnk_file not defined in policy.
[   41.326210] SELinux:  Permission watch_sb in class lnk_file not defined in policy.
[   41.328682] SELinux:  Permission watch_with_perm in class lnk_file not defined in policy.
[   41.331310] SELinux:  Permission watch_reads in class lnk_file not defined in policy.
[   41.356121] SELinux:  Permission map in class chr_file not defined in policy.
[   41.358442] SELinux:  Permission watch in class chr_file not defined in policy.
[   41.360326] SELinux:  Permission watch_mount in class chr_file not defined in policy.
[   41.387054] SELinux:  Permission watch_sb in class chr_file not defined in policy.
[   41.389651] SELinux:  Permission watch_with_perm in class chr_file not defined in policy.
[   41.416446] SELinux:  Permission watch_reads in class chr_file not defined in policy.
[   41.419078] SELinux:  Permission map in class blk_file not defined in policy.
[   41.421458] SELinux:  Permission watch in class blk_file not defined in policy.
[   41.423861] SELinux:  Permission watch_mount in class blk_file not defined in policy.
[   41.452123] SELinux:  Permission watch_sb in class blk_file not defined in policy.
[   41.474622] SELinux:  Permission watch_with_perm in class blk_file not defined in policy.
[   41.476671] SELinux:  Permission watch_reads in class blk_file not defined in policy.
[   41.497125] SELinux:  Permission map in class sock_file not defined in policy.
[   41.504896] SELinux:  Permission watch in class sock_file not defined in policy.
[   41.530616] SELinux:  Permission watch_mount in class sock_file not defined in policy.
[   41.543565] SELinux:  Permission watch_sb in class sock_file not defined in policy.
[   41.564032] SELinux:  Permission watch_with_perm in class sock_file not defined in policy.
[   41.593010] SELinux:  Permission watch_reads in class sock_file not defined in policy.
[   41.642594] SELinux:  Permission map in class fifo_file not defined in policy.
[   41.661735] SELinux:  Permission watch in class fifo_file not defined in policy.
[   41.675106] SELinux:  Permission watch_mount in class fifo_file not defined in policy.
[   41.689504] SELinux:  Permission watch_sb in class fifo_file not defined in policy.
[   41.703930] SELinux:  Permission watch_with_perm in class fifo_file not defined in policy.
[   41.726517] SELinux:  Permission watch_reads in class fifo_file not defined in policy.
[   41.746563] SELinux:  Permission map in class socket not defined in policy.
[   41.765633] SELinux:  Permission map in class tcp_socket not defined in policy.
[   41.781038] SELinux:  Permission map in class udp_socket not defined in policy.
[   41.801570] SELinux:  Permission map in class rawip_socket not defined in policy.
[   41.816868] SELinux:  Permission map in class netlink_socket not defined in policy.
[   41.835027] SELinux:  Permission map in class packet_socket not defined in policy.
[   41.853164] SELinux:  Permission map in class key_socket not defined in policy.
[   41.866586] SELinux:  Permission map in class unix_stream_socket not defined in policy.
[   41.889280] SELinux:  Permission map in class unix_dgram_socket not defined in policy.
[   41.911521] SELinux:  Permission map in class netlink_route_socket not defined in policy.
[   41.934766] SELinux:  Permission map in class netlink_tcpdiag_socket not defined in policy.
[   41.951590] SELinux:  Permission map in class netlink_nflog_socket not defined in policy.
[   41.966754] SELinux:  Permission map in class netlink_xfrm_socket not defined in policy.
[   41.982309] SELinux:  Permission map in class netlink_selinux_socket not defined in policy.
[   41.999367] SELinux:  Permission map in class netlink_iscsi_socket not defined in policy.
[   42.013147] SELinux:  Permission map in class netlink_audit_socket not defined in policy.
[   42.032761] SELinux:  Permission map in class netlink_fib_lookup_socket not defined in policy.
[   42.046517] SELinux:  Permission map in class netlink_connector_socket not defined in policy.
[   42.067030] SELinux:  Permission map in class netlink_netfilter_socket not defined in policy.
[   42.083639] SELinux:  Permission map in class netlink_dnrt_socket not defined in policy.
[   42.097515] SELinux:  Permission map in class netlink_kobject_uevent_socket not defined in policy.
[   42.114008] SELinux:  Permission map in class netlink_generic_socket not defined in policy.
[   42.130357] SELinux:  Permission map in class netlink_scsitransport_socket not defined in policy.
[   42.146219] SELinux:  Permission map in class netlink_rdma_socket not defined in policy.
[   42.160280] SELinux:  Permission map in class netlink_crypto_socket not defined in policy.
[   42.174024] SELinux:  Permission map in class appletalk_socket not defined in policy.
[   42.192823] SELinux:  Permission map in class dccp_socket not defined in policy.
[   42.206497] SELinux:  Permission perfmon in class capability2 not defined in policy.
[   42.221265] SELinux:  Permission bpf in class capability2 not defined in policy.
[   42.238504] SELinux:  Permission checkpoint_restore in class capability2 not defined in policy.
[   42.255565] SELinux:  Permission map in class tun_socket not defined in policy.
[   42.267236] SELinux:  Permission perfmon in class cap2_userns not defined in policy.
[   42.283174] SELinux:  Permission bpf in class cap2_userns not defined in policy.
[   42.295888] SELinux:  Permission checkpoint_restore in class cap2_userns not defined in policy.
[   42.310422] SELinux:  Class sctp_socket not defined in policy.
[   42.321411] SELinux:  Class icmp_socket not defined in policy.
[   42.332187] SELinux:  Class ax25_socket not defined in policy.
[   42.342689] SELinux:  Class ipx_socket not defined in policy.
[   42.353302] SELinux:  Class netrom_socket not defined in policy.
[   42.364280] SELinux:  Class atmpvc_socket not defined in policy.
[   42.372830] SELinux:  Class x25_socket not defined in policy.
[   42.387299] SELinux:  Class rose_socket not defined in policy.
[   42.397804] SELinux:  Class decnet_socket not defined in policy.
[   42.410046] SELinux:  Class atmsvc_socket not defined in policy.
[   42.418138] SELinux:  Class rds_socket not defined in policy.
[   42.431754] SELinux:  Class irda_socket not defined in policy.
[   42.451691] SELinux:  Class pppox_socket not defined in policy.
[   42.467619] SELinux:  Class llc_socket not defined in policy.
[   42.480092] SELinux:  Class can_socket not defined in policy.
[   42.491428] SELinux:  Class tipc_socket not defined in policy.
[   42.498764] SELinux:  Class bluetooth_socket not defined in policy.
[   42.509592] SELinux:  Class iucv_socket not defined in policy.
[   42.519470] SELinux:  Class rxrpc_socket not defined in policy.
[   42.536803] SELinux:  Class isdn_socket not defined in policy.
[   42.548397] SELinux:  Class phonet_socket not defined in policy.
[   42.559419] SELinux:  Class ieee802154_socket not defined in policy.
[   42.570746] SELinux:  Class caif_socket not defined in policy.
[   42.579480] SELinux:  Class alg_socket not defined in policy.
[   42.590861] SELinux:  Class nfc_socket not defined in policy.
[   42.599055] SELinux:  Class vsock_socket not defined in policy.
[   42.608263] SELinux:  Class kcm_socket not defined in policy.
[   42.616215] SELinux:  Class qipcrtr_socket not defined in policy.
[   42.628283] SELinux:  Class smc_socket not defined in policy.
[   42.635755] SELinux:  Class infiniband_pkey not defined in policy.
[   42.642006] SELinux:  Class infiniband_endport not defined in policy.
[   42.654569] SELinux:  Class bpf not defined in policy.
[   42.662174] SELinux:  Class xdp_socket not defined in policy.
[   42.671246] SELinux:  Class mctp_socket not defined in policy.
[   42.678496] SELinux:  Class perf_event not defined in policy.
[   42.686212] SELinux:  Class lockdown not defined in policy.
[   42.693567] SELinux:  Class anon_inode not defined in policy.
[   42.699012] SELinux: the above unknown classes and permissions will be allowed
[   42.842622] SELinux:  policy capability network_peer_controls=1
[   42.865629] SELinux:  policy capability open_perms=1
[   42.875378] SELinux:  policy capability extended_socket_class=0
[   42.884151] SELinux:  policy capability always_check_network=0
[   42.893988] SELinux:  policy capability cgroup_seclabel=0
[   42.903249] SELinux:  policy capability nnp_nosuid_transition=0
[   42.916216] SELinux:  policy capability genfs_seclabel_symlinks=0
[   42.927461] SELinux:  policy capability ioctl_skip_cloexec=0
[   43.129340] audit: type=1403 audit(1670454148.081:2): auid=4294967295 ses=4294967295 lsm=selinux res=1
[   43.180050] systemd[1]: Successfully loaded SELinux policy in 5.077935s.
[   43.346553] audit: type=1400 audit(1670454148.286:3): avc:  denied  { associate } for  pid=1 comm="systemd" name="pts" scontext=system_u:object_r:devpts_t:s0 tcontext=system_u:object_r:device_t:s0 tclass=filesystem permissive=1
[   43.516005] systemd[1]: Relabelled /dev and /run in 121.140ms.
[   43.684659] systemd[1]: systemd 232 running in system mode. (+PAM +AUDIT +SELINUX +IMA +APPARMOR +SMACK +SYSVINIT +UTMP +LIBCRYPTSETUP +GCRYPT +GNUTLS +ACL +XZ +LZ4 +SECCOMP +BLKID +ELFUTILS +KMOD +IDN)
[   43.722419] systemd[1]: Detected virtualization qemu.
[   43.734690] systemd[1]: Detected architecture x86-64.

Welcome to [1mDebian GNU/Linux 9 (stretch)[0m!

[   43.773449] systemd[1]: Set hostname to <syzkaller>.
[   44.312622] systemd-getty-g (80) used greatest stack depth: 26728 bytes left
[   44.427124] systemd-cryptse (84) used greatest stack depth: 26304 bytes left
[   44.471096] grep (90) used greatest stack depth: 26192 bytes left
[   44.485234] selinux-autorel (83) used greatest stack depth: 25864 bytes left
[   45.198399] systemd[1]: Created slice System Slice.
[[0;32m  OK  [0m] Created slice System Slice.
[   45.261133] systemd[1]: Listening on Journal Socket (/dev/log).
[[0;32m  OK  [0m] Listening on Journal Socket (/dev/log).
[   45.280353] systemd[1]: Reached target Remote File Systems.
[[0;32m  OK  [0m] Reached target Remote File Systems.
[   45.314402] systemd[1]: Listening on Syslog Socket.
[[0;32m  OK  [0m] Listening on Syslog Socket.
[   45.334969] systemd[1]: Started Forward Password Requests to Wall Directory Watch.
[[0;32m  OK  [0m] Started Forward Password Requests to Wall Directory Watch.
[   45.376877] audit: type=1400 audit(1670454150.330:4): avc:  denied  { audit_read } for  pid=1 comm="systemd" capability=37  scontext=system_u:system_r:kernel_t:s0 tcontext=system_u:system_r:kernel_t:s0 tclass=capability2 permissive=1
[   45.380993] systemd[1]: Listening on Journal Audit Socket.
[[0;32m  OK  [0m] Listening on Journal Audit Socket.
[[0;32m  OK  [0m] Listening on udev Control Socket.
         Mounting /sys/kernel/debug...
[[0;32m  OK  [0m] Started Dispatch Password Requests to Console Directory Watch.
[[0;32m  OK  [0m] Reached target Paths.
[[0;32m  OK  [0m] Listening on udev Kernel Socket.
         Mounting POSIX Message Queue File System...
[[0;32m  OK  [0m] Reached target Encrypted Volumes.
[[0;32m  OK  [0m] Listening on /dev/initctl Compatibility Named Pipe.
         Mounting /sys/kernel/config...
[[0;32m  OK  [0m] Reached target Slices.
[[0;32m  OK  [0m] Set up automount Arbitrary Executabâ€¦rmats File System Automount Point.
[[0;32m  OK  [0m] Reached target Swap.
[[0;32m  OK  [0m] Created slice system-serial\x2dgetty.slice.
[[0;32m  OK  [0m] Created slice system-getty.slice.
[[0;32m  OK  [0m] Listening on Journal Socket.
         Starting Load Kernel Modules...
[[0;32m  OK  [0m] Reached target Sockets.
         Starting Remount Root and Kernel File Systems...
         Starting Create Static Device Nodes in /dev...
         Starting Journal Service...
         Mounting /proc/sys/fs/binfmt_misc...
[[0;32m  OK  [0m] Mounted POSIX Message Queue File System.
[[0;32m  OK  [0m] Mounted /sys/kernel/debug.[   46.285028] EXT4-fs (sda): re-mounted. Opts: (null). Quota mode: none.

[[0;32m  OK  [0m] Mounted /sys/kernel/config.
[[0;32m  OK  [0m] Mounted /proc/sys/fs/binfmt_misc.
[[0;32m  OK  [0m] Started Load Kernel Modules.
[[0;32m  OK  [0m] Started Remount Root and Kernel File Systems.
         Starting Load/Save Random Seed...
         Starting udev Coldplug all Devices...
         Starting Apply Kernel Variables...
[[0;32m  OK  [0m] Started Create Static Device Nodes in /dev.
         Starting udev Kernel Device Manager...
[[0;32m  OK  [0m] Reached target Local File Systems (Pre).
[[0;32m  OK  [0m] Reached target Local File Systems.
[[0;32m  OK  [0m] Started Load/Save Random Seed.
[[0;32m  OK  [0m] Started Apply Kernel Variables.
         Starting Raise network interfaces...
[[0;32m  OK  [0m] Started Journal Service.
         Starting Flush Journal to Persistent Storage...
[   48.193952] audit: type=1107 audit(1670454153.134:5): pid=1 uid=0 auid=4294967295 ses=4294967295 subj=system_u:system_r:kernel_t:s0 msg='avc:  denied  { stop } for auid=n/a uid=0 gid=0 path="/lib/systemd/system/systemd-journald.service" cmdline="/bin/journalctl --flush" scontext=system_u:system_r:kernel_t:s0 tcontext=system_u:object_r:unlabeled_t:s0 tclass=service
[   48.193952]  exe="/lib/systemd/systemd" sauid=0 hostname=? addr=? terminal=?'
[   48.253632] systemd-journald[101]: Received request to flush runtime journal from PID 1
[   48.339833] journalctl (121) used greatest stack depth: 25728 bytes left
[[0;32m  OK  [0m] Started Flush Journal to Persistent Storage.
         Starting Create Volatile Files and Directories...
[[0;32m  OK  [0m] Started udev Kernel Device Manager.
[[0;32m  OK  [0m] Started Create Volatile Files and Directories.
         Starting Network Time Synchronization...
         Starting Update UTMP about System Boot/Shutdown...
[[0;32m  OK  [0m] Started Update UTMP about System Boot/Shutdown.
[[0;32m  OK  [0m] Started udev Coldplug all Devices.
[[0;32m  OK  [0m] Started Network Time Synchronization.
[[0;32m  OK  [0m] Reached target System Initialization.
[[0;32m  OK  [0m] Started Daily Cleanup of Temporary Directories.
[[0;32m  OK  [0m] Reached target Basic System.
[[0;32m  OK  [0m] Started Regular background program processing daemon.
         Starting getty on tty2-tty6 if dbus and logind are not available...
         Starting System Logging Service...
[[0;32m  OK  [0m] Reached target System Time Synchronized.
[[0;32m  OK  [0m] Started Daily apt download activities.
[[0;32m  OK  [0m] Started Daily apt upgrade and clean activities.
[   52.353616] e1000 0000:00:04.0 enp0s4: renamed from eth0
[[0;32m  OK  [0m] Reached target Timers.
[[0;32m  OK  [0m] Started System Logging Service.
[[0;32m  OK  [0m] Found device /dev/ttyS0.
[   53.772262] audit: type=1107 audit(1670454158.715:6): pid=1 uid=0 auid=4294967295 ses=4294967295 subj=system_u:system_r:kernel_t:s0 msg='avc:  denied  { start } for auid=n/a uid=0 gid=0 path="/lib/systemd/system/getty@.service" cmdline="/bin/systemctl --no-block start getty@tty2.service getty@tty3.service getty@tty4.service getty@tty5.service getty@tty6.service" scontext=system_u:system_r:kernel_t:s0 tcontext=system_u:object_r:unlabeled_t:s0 tclass=service
[   53.772262]  exe="/lib/systemd/systemd" sauid=0 hostname=? addr=? terminal=?'
[   54.102561] audit: type=1107 audit(1670454158.717:7): pid=1 uid=0 auid=4294967295 ses=4294967295 subj=system_u:system_r:kernel_t:s0 msg='avc:  denied  { status } for auid=n/a uid=0 gid=0 path="/lib/systemd/system/getty@.service" cmdline="/bin/systemctl --no-block start getty@tty2.service getty@tty3.service getty@tty4.service getty@tty5.service getty@tty6.service" scontext=system_u:system_r:kernel_t:s0 tcontext=system_u:object_r:unlabeled_t:s0 tclass=service
[   54.102561]  exe="/lib/systemd/systemd" sauid=0 hostname=? addr=? terminal=?'
[[0;32m  OK  [0m] Listening on Load/Save RF Kill Switch Status /dev/rfkill Watch.
[[0;32m  OK  [0m] Started getty on tty2-tty6 if dbus and logind are not available.
[   54.835443] dhclient (181) used greatest stack depth: 24808 bytes left
[[0;1;31mFAILED[0m] Failed to start Raise network interfaces.
See 'systemctl status networking.service' for details.
[[0;32m  OK  [0m] Reached target Network.
         Starting OpenBSD Secure Shell server...
[[0;32m  OK  [0m] Reached target Network is Online.
         Starting Daily apt download activities...
         Starting Permit User Sessions...
[[0;32m  OK  [0m] Started Permit User Sessions.
[[0;32m  OK  [0m] Started Getty on tty3.
[[0;32m  OK  [0m] Started Getty on tty2.
[[0;32m  OK  [0m] Started Getty on tty1.
[[0;32m  OK  [0m] Started Getty on tty5.
[[0;32m  OK  [0m] Started Getty on tty6.
[[0;32m  OK  [0m] Started Serial Getty on ttyS0.
[[0;32m  OK  [0m] Started Getty on tty4.
[[0;32m  OK  [0m] Reached target Login Prompts.
[[0;32m  OK  [0m] Started OpenBSD Secure Shell server.
[[0;32m  OK  [0m] Reached target Multi-User System.
[[0;32m  OK  [0m] Reached target Graphical Interface.
         Starting Update UTMP about System Runlevel Changes...
[[0;32m  OK  [0m] Started Update UTMP about System Runlevel Changes.

Debian GNU/Linux 9 syzkaller ttyS0


failed to init instance: failed to create VM: can't ssh into the instance
failed to run ["ssh" "-p" "32757" "-F" "/dev/null" "-o" "UserKnownHostsFile=/dev/null" "-o" "BatchMode=yes" "-o" "IdentitiesOnly=yes" "-o" "StrictHostKeyChecking=no" "-o" "ConnectTimeout=10" "-i" "/home/abel/Documents/workspace/syzkaller/tools/stretch.id_rsa" "root@localhost" "pwd"]: exit status 255
Connection timed out during banner exchange
Connection to 127.0.0.1 port 32757 timed out
[    0.000000] Linux version 5.15.79 (abel@abel-Inspiron-3502) (gcc (Ubuntu 11.3.0-1ubuntu1~22.04) 11.3.0, GNU ld (GNU Binutils for Ubuntu) 2.38) #3 SMP Wed Dec 7 00:56:13 CST 2022
[    0.000000] Command line: root=/dev/sda console=ttyS0 
[    0.000000] x86/fpu: Supporting XSAVE feature 0x001: 'x87 floating point registers'
[    0.000000] x86/fpu: Supporting XSAVE feature 0x002: 'SSE registers'
[    0.000000] x86/fpu: Supporting XSAVE feature 0x008: 'MPX bounds registers'
[    0.000000] x86/fpu: Supporting XSAVE feature 0x010: 'MPX CSR'
[    0.000000] x86/fpu: xstate_offset[3]:  576, xstate_sizes[3]:   64
[    0.000000] x86/fpu: xstate_offset[4]:  640, xstate_sizes[4]:   64
[    0.000000] x86/fpu: Enabled xstate features 0x1b, context size is 704 bytes, using 'compacted' format.
[    0.000000] signal: max sigframe size: 2032
[    0.000000] BIOS-provided physical RAM map:
[    0.000000] BIOS-e820: [mem 0x0000000000000000-0x000000000009fbff] usable
[    0.000000] BIOS-e820: [mem 0x000000000009fc00-0x000000000009ffff] reserved
[    0.000000] BIOS-e820: [mem 0x00000000000f0000-0x00000000000fffff] reserved
[    0.000000] BIOS-e820: [mem 0x0000000000100000-0x000000007ffdffff] usable
[    0.000000] BIOS-e820: [mem 0x000000007ffe0000-0x000000007fffffff] reserved
[    0.000000] BIOS-e820: [mem 0x00000000feffc000-0x00000000feffffff] reserved
[    0.000000] BIOS-e820: [mem 0x00000000fffc0000-0x00000000ffffffff] reserved
[    0.000000] NX (Execute Disable) protection: active
[    0.000000] SMBIOS 2.8 present.
[    0.000000] DMI: QEMU Standard PC (i440FX + PIIX, 1996), BIOS 1.15.0-1 04/01/2014
[    0.000000] Hypervisor detected: KVM
[    0.000000] kvm-clock: Using msrs 4b564d01 and 4b564d00
[    0.000000] kvm-clock: cpu 0, msr d51e001, primary cpu clock
[    0.000007] kvm-clock: using sched offset of 2558748539 cycles
[    0.000033] clocksource: kvm-clock: mask: 0xffffffffffffffff max_cycles: 0x1cd42e4dffb, max_idle_ns: 881590591483 ns
[    0.000075] tsc: Detected 1094.400 MHz processor
[    0.052373] last_pfn = 0x7ffe0 max_arch_pfn = 0x400000000
[    0.052476] x86/PAT: Configuration [0-7]: WB  WC  UC- UC  WB  WP  UC- WT  
[    0.095229] found SMP MP-table at [mem 0x000f5b90-0x000f5b9f]
[    0.095461] Using GB pages for direct mapping
[    0.097110] ACPI: Early table checksum verification disabled
[    0.097157] ACPI: RSDP 0x00000000000F59D0 000014 (v00 BOCHS )
[    0.097219] ACPI: RSDT 0x000000007FFE1967 000034 (v01 BOCHS  BXPC     00000001 BXPC 00000001)
[    0.097288] ACPI: FACP 0x000000007FFE1813 000074 (v01 BOCHS  BXPC     00000001 BXPC 00000001)
[    0.117437] ACPI: DSDT 0x000000007FFE0040 0017D3 (v01 BOCHS  BXPC     00000001 BXPC 00000001)
[    0.117502] ACPI: FACS 0x000000007FFE0000 000040
[    0.117549] ACPI: APIC 0x000000007FFE1887 000080 (v01 BOCHS  BXPC     00000001 BXPC 00000001)
[    0.117612] ACPI: HPET 0x000000007FFE1907 000038 (v01 BOCHS  BXPC     00000001 BXPC 00000001)
[    0.117674] ACPI: WAET 0x000000007FFE193F 000028 (v01 BOCHS  BXPC     00000001 BXPC 00000001)
[    0.117732] ACPI: Reserving FACP table memory at [mem 0x7ffe1813-0x7ffe1886]
[    0.117760] ACPI: Reserving DSDT table memory at [mem 0x7ffe0040-0x7ffe1812]
[    0.117788] ACPI: Reserving FACS table memory at [mem 0x7ffe0000-0x7ffe003f]
[    0.117814] ACPI: Reserving APIC table memory at [mem 0x7ffe1887-0x7ffe1906]
[    0.117840] ACPI: Reserving HPET table memory at [mem 0x7ffe1907-0x7ffe193e]
[    0.117866] ACPI: Reserving WAET table memory at [mem 0x7ffe193f-0x7ffe1966]
[    0.120512] No NUMA configuration found
[    0.120545] Faking a node at [mem 0x0000000000000000-0x000000007ffdffff]
[    0.120594] NODE_DATA(0) allocated [mem 0x7ffdc000-0x7ffdffff]
[    0.120755] Zone ranges:
[    0.120771]   DMA      [mem 0x0000000000001000-0x0000000000ffffff]
[    0.120805]   DMA32    [mem 0x0000000001000000-0x000000007ffdffff]
[    0.120836]   Normal   empty
[    0.120857] Movable zone start for each node
[    0.120872] Early memory node ranges
[    0.120886]   node   0: [mem 0x0000000000001000-0x000000000009efff]
[    0.120912]   node   0: [mem 0x0000000000100000-0x000000007ffdffff]
[    0.120942] Initmem setup node 0 [mem 0x0000000000001000-0x000000007ffdffff]
[    0.122162] On node 0, zone DMA: 1 pages in unavailable ranges
[    0.122481] On node 0, zone DMA: 97 pages in unavailable ranges
[    0.257959] On node 0, zone DMA32: 32 pages in unavailable ranges
[    0.695519] kasan: KernelAddressSanitizer initialized
[    0.696209] ACPI: PM-Timer IO Port: 0x608
[    0.696271] ACPI: LAPIC_NMI (acpi_id[0xff] dfl dfl lint[0x1])
[    0.696381] IOAPIC[0]: apic_id 0, version 17, address 0xfec00000, GSI 0-23
[    0.696426] ACPI: INT_SRC_OVR (bus 0 bus_irq 0 global_irq 2 dfl dfl)
[    0.696458] ACPI: INT_SRC_OVR (bus 0 bus_irq 5 global_irq 5 high level)
[    0.696487] ACPI: INT_SRC_OVR (bus 0 bus_irq 9 global_irq 9 high level)
[    0.696517] ACPI: INT_SRC_OVR (bus 0 bus_irq 10 global_irq 10 high level)
[    0.696547] ACPI: INT_SRC_OVR (bus 0 bus_irq 11 global_irq 11 high level)
[    0.696598] ACPI: Using ACPI (MADT) for SMP configuration information
[    0.696618] ACPI: HPET id: 0x8086a201 base: 0xfed00000
[    0.696653] TSC deadline timer available
[    0.696670] smpboot: Allowing 2 CPUs, 0 hotplug CPUs
[    0.701317] kvm-guest: KVM setup pv remote TLB flush
[    0.701343] kvm-guest: setup PV sched yield
[    0.701426] PM: hibernation: Registered nosave memory: [mem 0x00000000-0x00000fff]
[    0.701461] PM: hibernation: Registered nosave memory: [mem 0x0009f000-0x0009ffff]
[    0.701485] PM: hibernation: Registered nosave memory: [mem 0x000a0000-0x000effff]
[    0.702579] PM: hibernation: Registered nosave memory: [mem 0x000f0000-0x000fffff]
[    0.702610] [mem 0x80000000-0xfeffbfff] available for PCI devices
[    0.702634] Booting paravirtualized kernel on KVM
[    0.703339] clocksource: refined-jiffies: mask: 0xffffffff max_cycles: 0xffffffff, max_idle_ns: 1910969940391419 ns
[    0.794983] setup_percpu: NR_CPUS:64 nr_cpumask_bits:64 nr_cpu_ids:2 nr_node_ids:1
[    0.796208] percpu: Embedded 64 pages/cpu s224472 r8192 d29480 u1048576
[    0.796550] kvm-guest: setup async PF for cpu 0
[    0.796581] kvm-guest: stealtime: cpu 0, msr 6d227140
[    0.796612] Built 1 zonelists, mobility grouping on.  Total pages: 515808
[    0.796637] Policy zone: DMA32
[    0.796654] Kernel command line: root=/dev/sda console=ttyS0 
[    0.798062] Dentry cache hash table entries: 262144 (order: 9, 2097152 bytes, linear)
[    0.799058] Inode-cache hash table entries: 131072 (order: 8, 1048576 bytes, linear)
[    0.799257] mem auto-init: stack:off, heap alloc:off, heap free:off
[    1.175143] Memory: 1699036K/2096632K available (47117K kernel code, 7796K rwdata, 8672K rodata, 2148K init, 1044K bss, 397340K reserved, 0K cma-reserved)
[    1.175776] SLUB: HWalign=64, Order=0-3, MinObjects=0, CPUs=2, Nodes=1
[    1.176299] rcu: Hierarchical RCU implementation.
[    1.176319] rcu: 	RCU event tracing is enabled.
[    1.176334] rcu: 	RCU restricting CPUs from NR_CPUS=64 to nr_cpu_ids=2.
[    1.176359] rcu: RCU calculated value of scheduler-enlistment delay is 100 jiffies.
[    1.176380] rcu: Adjusting geometry for rcu_fanout_leaf=16, nr_cpu_ids=2
[    1.230360] NR_IRQS: 4352, nr_irqs: 440, preallocated irqs: 16
[    1.243270] random: crng init done
[    1.262000] Console: colour VGA+ 80x25
[    1.804042] printk: console [ttyS0] enabled
[    1.805424] ACPI: Core revision 20210730
[    1.807341] clocksource: hpet: mask: 0xffffffff max_cycles: 0xffffffff, max_idle_ns: 19112604467 ns
[    1.834546] APIC: Switch to symmetric I/O mode setup
[    1.837397] kvm-guest: setup PV IPIs
[    1.847005] ..TIMER: vector=0x30 apic1=0 pin1=2 apic2=-1 pin2=-1
[    1.855026] clocksource: tsc-early: mask: 0xffffffffffffffff max_cycles: 0xfc66f4fc7c, max_idle_ns: 440795224246 ns
[    1.875006] Calibrating delay loop (skipped) preset value.. 2188.80 BogoMIPS (lpj=1094400)
[    1.876004] pid_max: default: 32768 minimum: 301
[    1.878214] LSM: Security Framework initializing
[    1.879112] SELinux:  Initializing.
[    1.880407] Mount-cache hash table entries: 4096 (order: 3, 32768 bytes, linear)
[    1.881016] Mountpoint-cache hash table entries: 4096 (order: 3, 32768 bytes, linear)
[    1.885107] x86/cpu: User Mode Instruction Prevention (UMIP) activated
[    1.886204] Last level iTLB entries: 4KB 0, 2MB 0, 4MB 0
[    1.887003] Last level dTLB entries: 4KB 0, 2MB 0, 4MB 0, 1GB 0
[    1.888033] Spectre V1 : Mitigation: usercopy/swapgs barriers and __user pointer sanitization
[    1.889011] Spectre V2 : Mitigation: Enhanced IBRS
[    1.890239] Spectre V2 : Spectre v2 / SpectreRSB mitigation: Filling RSB on context switch
[    1.891040] Spectre V2 : mitigation: Enabling conditional Indirect Branch Prediction Barrier
[    1.892007] Speculative Store Bypass: Mitigation: Speculative Store Bypass disabled via prctl and seccomp
[    2.041729] Freeing SMP alternatives memory: 44K
[    2.043004] smpboot: CPU0: Intel(R) Pentium(R) Silver N5030 CPU @ 1.10GHz (family: 0x6, model: 0x7a, stepping: 0x8)
[    2.045739] Performance Events: Goldmont plus events, 32-deep LBR, full-width counters, Intel PMU driver.
[    2.047014] ... version:                2
[    2.048008] ... bit width:              48
[    2.049009] ... generic registers:      4
[    2.050008] ... value mask:             0000ffffffffffff
[    2.051007] ... max period:             00007fffffffffff
[    2.052010] ... fixed-purpose events:   3
[    2.053012] ... event mask:             000000070000000f
[    2.054576] rcu: Hierarchical SRCU implementation.
[    2.059169] smp: Bringing up secondary CPUs ...
[    2.060641] x86: Booting SMP configuration:
[    2.061010] .... node  #0, CPUs:      #1
[    0.627760] kvm-clock: cpu 1, msr d51e041, secondary cpu clock
[    2.064066] kvm-guest: setup async PF for cpu 1
[    2.064988] kvm-guest: stealtime: cpu 1, msr 6d327140
[    2.072988] smp: Brought up 1 node, 2 CPUs
[    2.074055] smpboot: Max logical packages: 1
[    2.075009] smpboot: Total of 2 processors activated (4377.60 BogoMIPS)
[    2.079007] devtmpfs: initialized
[    2.088769] clocksource: jiffies: mask: 0xffffffff max_cycles: 0xffffffff, max_idle_ns: 1911260446275000 ns
[    2.089027] futex hash table entries: 512 (order: 3, 32768 bytes, linear)
[    2.091003] PM: RTC time: 23:01:47, date: 2022-12-07
[    2.093292] NET: Registered PF_NETLINK/PF_ROUTE protocol family
[    2.096115] audit: initializing netlink subsys (disabled)
[    2.099854] audit: type=2000 audit(1670454106.897:1): state=initialized audit_enabled=0 res=1
[    2.101681] thermal_sys: Registered thermal governor 'step_wise'
[    2.101699] thermal_sys: Registered thermal governor 'user_space'
[    2.104049] cpuidle: using governor menu
[    2.108075] ACPI: bus type PCI registered
[    2.111320] PCI: Using configuration type 1 for base access
[    2.193158] Kprobes globally optimized
[    2.199302] HugeTLB registered 2.00 MiB page size, pre-allocated 0 pages
[    2.201205] cryptomgr_test (27) used greatest stack depth: 30704 bytes left
[    2.219262] ACPI: Added _OSI(Module Device)
[    2.220019] ACPI: Added _OSI(Processor Device)
[    2.221013] ACPI: Added _OSI(3.0 _SCP Extensions)
[    2.222012] ACPI: Added _OSI(Processor Aggregator Device)
[    2.224042] ACPI: Added _OSI(Linux-Dell-Video)
[    2.225036] ACPI: Added _OSI(Linux-Lenovo-NV-HDMI-Audio)
[    2.227032] ACPI: Added _OSI(Linux-HPI-Hybrid-Graphics)
[    2.277359] ACPI: 1 ACPI AML tables successfully acquired and loaded
[    2.292447] ACPI: Interpreter enabled
[    2.293254] ACPI: PM: (supports S0 S3 S4 S5)
[    2.294035] ACPI: Using IOAPIC for interrupt routing
[    2.295226] PCI: Using host bridge windows from ACPI; if necessary, use "pci=nocrs" and report a bug
[    2.298446] ACPI: Enabled 2 GPEs in block 00 to 0F
[    2.395510] ACPI: PCI Root Bridge [PCI0] (domain 0000 [bus 00-ff])
[    2.396108] acpi PNP0A03:00: _OSC: OS supports [ASPM ClockPM Segments MSI HPX-Type3]
[    2.397294] acpi PNP0A03:00: fail to add MMCONFIG information, can't access extended PCI configuration space under this bridge.
[    2.398818] PCI host bridge to bus 0000:00
[    2.399037] pci_bus 0000:00: root bus resource [io  0x0000-0x0cf7 window]
[    2.400059] pci_bus 0000:00: root bus resource [io  0x0d00-0xffff window]
[    2.401035] pci_bus 0000:00: root bus resource [mem 0x000a0000-0x000bffff window]
[    2.402040] pci_bus 0000:00: root bus resource [mem 0x80000000-0xfebfffff window]
[    2.404040] pci_bus 0000:00: root bus resource [mem 0x100000000-0x17fffffff window]
[    2.405043] pci_bus 0000:00: root bus resource [bus 00-ff]
[    2.409361] pci 0000:00:00.0: [8086:1237] type 00 class 0x060000
[    2.434474] pci 0000:00:01.0: [8086:7000] type 00 class 0x060100
[    2.439151] pci 0000:00:01.1: [8086:7010] type 00 class 0x010180
[    2.446524] pci 0000:00:01.1: reg 0x20: [io  0xc060-0xc06f]
[    2.448381] pci 0000:00:01.1: legacy IDE quirk: reg 0x10: [io  0x01f0-0x01f7]
[    2.449014] pci 0000:00:01.1: legacy IDE quirk: reg 0x14: [io  0x03f6]
[    2.450021] pci 0000:00:01.1: legacy IDE quirk: reg 0x18: [io  0x0170-0x0177]
[    2.451019] pci 0000:00:01.1: legacy IDE quirk: reg 0x1c: [io  0x0376]
[    2.456988] pci 0000:00:01.3: [8086:7113] type 00 class 0x068000
[    2.458859] pci 0000:00:01.3: quirk: [io  0x0600-0x063f] claimed by PIIX4 ACPI
[    2.459046] pci 0000:00:01.3: quirk: [io  0x0700-0x070f] claimed by PIIX4 SMB
[    2.466152] pci 0000:00:02.0: [1234:1111] type 00 class 0x030000
[    2.469040] pci 0000:00:02.0: reg 0x10: [mem 0xfd000000-0xfdffffff pref]
[    2.474040] pci 0000:00:02.0: reg 0x18: [mem 0xfebb0000-0xfebb0fff]
[    2.481736] pci 0000:00:02.0: reg 0x30: [mem 0xfeba0000-0xfebaffff pref]
[    2.482280] pci 0000:00:02.0: Video device with shadowed ROM at [mem 0x000c0000-0x000dffff]
[    2.509463] pci 0000:00:03.0: [1af4:1005] type 00 class 0x00ff00
[    2.512017] pci 0000:00:03.0: reg 0x10: [io  0xc040-0xc05f]
[    2.520988] pci 0000:00:03.0: reg 0x20: [mem 0xfe000000-0xfe003fff 64bit pref]
[    2.552535] pci 0000:00:04.0: [8086:100e] type 00 class 0x020000
[    2.555017] pci 0000:00:04.0: reg 0x10: [mem 0xfeb80000-0xfeb9ffff]
[    2.557015] pci 0000:00:04.0: reg 0x14: [io  0xc000-0xc03f]
[    2.566832] pci 0000:00:04.0: reg 0x30: [mem 0xfeb00000-0xfeb7ffff pref]
[    2.595265] ACPI: PCI: Interrupt link LNKA configured for IRQ 10
[    2.600366] ACPI: PCI: Interrupt link LNKB configured for IRQ 10
[    2.604237] ACPI: PCI: Interrupt link LNKC configured for IRQ 11
[    2.607222] ACPI: PCI: Interrupt link LNKD configured for IRQ 11
[    2.609029] ACPI: PCI: Interrupt link LNKS configured for IRQ 9
[    2.614894] iommu: Default domain type: Translated 
[    2.615010] iommu: DMA domain TLB invalidation policy: lazy mode 
[    2.616507] pci 0000:00:02.0: vgaarb: setting as boot VGA device
[    2.616988] pci 0000:00:02.0: vgaarb: VGA device added: decodes=io+mem,owns=io+mem,locks=none
[    2.617023] pci 0000:00:02.0: vgaarb: bridge control possible
[    2.618066] vgaarb: loaded
[    2.620357] SCSI subsystem initialized
[    2.623081] ACPI: bus type USB registered
[    2.624305] usbcore: registered new interface driver usbfs
[    2.625194] usbcore: registered new interface driver hub
[    2.626154] usbcore: registered new device driver usb
[    2.627289] pps_core: LinuxPPS API ver. 1 registered
[    2.628009] pps_core: Software ver. 5.3.6 - Copyright 2005-2007 Rodolfo Giometti <giometti@linux.it>
[    2.629100] PTP clock support registered
[    2.632449] Advanced Linux Sound Architecture Driver Initialized.
[    2.634853] NetLabel: Initializing
[    2.635008] NetLabel:  domain hash size = 128
[    2.636006] NetLabel:  protocols = UNLABELED CIPSOv4 CALIPSO
[    2.637278] NetLabel:  unlabeled traffic allowed by default
[    2.639108] PCI: Using ACPI for IRQ routing
[    2.640540] hpet0: at MMIO 0xfed00000, IRQs 2, 8, 0
[    2.641008] hpet0: 3 comparators, 64-bit 100.000000 MHz counter
[    2.647088] clocksource: Switched to clocksource kvm-clock
[    3.313035] VFS: Disk quotas dquot_6.6.0
[    3.325329] VFS: Dquot-cache hash table entries: 512 (order 0, 4096 bytes)
[    3.343033] pnp: PnP ACPI init
[    3.379176] pnp: PnP ACPI: found 6 devices
[    3.491428] clocksource: acpi_pm: mask: 0xffffff max_cycles: 0xffffff, max_idle_ns: 2085701024 ns
[    3.496308] NET: Registered PF_INET protocol family
[    3.503255] IP idents hash table entries: 32768 (order: 6, 262144 bytes, linear)
[    3.524673] tcp_listen_portaddr_hash hash table entries: 1024 (order: 2, 16384 bytes, linear)
[    3.541560] Table-perturb hash table entries: 65536 (order: 6, 262144 bytes, linear)
[    3.561366] TCP established hash table entries: 16384 (order: 5, 131072 bytes, linear)
[    3.576438] TCP bind hash table entries: 16384 (order: 6, 262144 bytes, linear)
[    3.590512] TCP: Hash tables configured (established 16384 bind 16384)
[    3.599799] UDP hash table entries: 1024 (order: 3, 32768 bytes, linear)
[    3.615204] UDP-Lite hash table entries: 1024 (order: 3, 32768 bytes, linear)
[    3.618185] NET: Registered PF_UNIX/PF_LOCAL protocol family
[    3.643487] RPC: Registered named UNIX socket transport module.
[    3.651508] RPC: Registered udp transport module.
[    3.653160] RPC: Registered tcp transport module.
[    3.654743] RPC: Registered tcp NFSv4.1 backchannel transport module.
[    3.672807] pci_bus 0000:00: resource 4 [io  0x0000-0x0cf7 window]
[    3.681416] pci_bus 0000:00: resource 5 [io  0x0d00-0xffff window]
[    3.697314] pci_bus 0000:00: resource 6 [mem 0x000a0000-0x000bffff window]
[    3.701342] pci_bus 0000:00: resource 7 [mem 0x80000000-0xfebfffff window]
[    3.715753] pci_bus 0000:00: resource 8 [mem 0x100000000-0x17fffffff window]
[    3.724363] pci 0000:00:01.0: PIIX3: Enabling Passive Release
[    3.727113] pci 0000:00:00.0: Limiting direct PCI/PCI transfers
[    3.752025] pci 0000:00:00.0: quirk_natoma+0x0/0x70 took 24328 usecs
[    3.755624] pci 0000:00:01.0: Activating ISA DMA hang workarounds
[    3.764647] PCI: CLS 0 bytes, default 64
[   15.651828] RAPL PMU: API unit is 2^-32 Joules, 0 fixed counters, 10737418240 ms ovfl timer
[   15.654853] clocksource: tsc: mask: 0xffffffffffffffff max_cycles: 0xfc66f4fc7c, max_idle_ns: 440795224246 ns
[   15.986112] clocksource: Switched to clocksource tsc
[   16.035136] Initialise system trusted keyrings
[   16.050501] workingset: timestamp_bits=56 max_order=19 bucket_order=0
[   16.205518] NFS: Registering the id_resolver key type
[   16.207110] Key type id_resolver registered
[   16.208206] Key type id_legacy registered
[   16.209971] 9p: Installing v9fs 9p2000 file system support
[   16.293697] Key type asymmetric registered
[   16.294880] Asymmetric key parser 'x509' registered
[   16.296563] Block layer SCSI generic (bsg) driver version 0.4 loaded (major 251)
[   16.299009] io scheduler mq-deadline registered
[   16.301601] io scheduler kyber registered
[   16.314950] input: Power Button as /devices/LNXSYSTM:00/LNXPWRBN:00/input/input0
[   16.329386] ACPI: button: Power Button [PWRF]
[   23.909084] ACPI: \_SB_.LNKC: Enabled at IRQ 11
[   23.930359] Serial: 8250/16550 driver, 4 ports, IRQ sharing enabled
[   23.939494] 00:04: ttyS0 at I/O 0x3f8 (irq = 4, base_baud = 115200) is a 16550A
[   23.970477] Non-volatile memory driver v1.3
[   23.973548] Linux agpgart interface v0.103
[   24.046536] loop: module loaded
[   24.083308] scsi host0: ata_piix
[   24.092498] scsi host1: ata_piix
[   24.100537] ata1: PATA max MWDMA2 cmd 0x1f0 ctl 0x3f6 bmdma 0xc060 irq 14
[   24.105703] ata2: PATA max MWDMA2 cmd 0x170 ctl 0x376 bmdma 0xc068 irq 15
[   24.142787] e100: Intel(R) PRO/100 Network Driver
[   24.144413] e100: Copyright(c) 1999-2006 Intel Corporation
[   24.146443] e1000: Intel(R) PRO/1000 Network Driver
[   24.148057] e1000: Copyright (c) 1999-2006 Intel Corporation.
[   24.286324] ata1.00: ATA-7: QEMU HARDDISK, 2.5+, max UDMA/100
[   24.287868] ata1.00: 4194304 sectors, multi 16: LBA48 
[   24.291400] ata2.00: ATAPI: QEMU DVD-ROM, 2.5+, max UDMA/100
[   24.294880] scsi 0:0:0:0: Direct-Access     ATA      QEMU HARDDISK    2.5+ PQ: 0 ANSI: 5
[   24.306175] scsi 0:0:0:0: Attached scsi generic sg0 type 0
[   24.309383] sd 0:0:0:0: [sda] 4194304 512-byte logical blocks: (2.15 GB/2.00 GiB)
[   24.327043] scsi 1:0:0:0: CD-ROM            QEMU     QEMU DVD-ROM     2.5+ PQ: 0 ANSI: 5
[   24.332548] sd 0:0:0:0: [sda] Write Protect is off
[   24.332710] sd 0:0:0:0: [sda] Write cache: enabled, read cache: enabled, doesn't support DPO or FUA
[   24.388265] sd 0:0:0:0: [sda] Attached SCSI disk
[   24.410161] sr 1:0:0:0: [sr0] scsi3-mmc drive: 4x/4x cd/rw xa/form2 tray
[   24.415468] cdrom: Uniform CD-ROM driver Revision: 3.20
[   24.610715] sr 1:0:0:0: Attached scsi generic sg1 type 5
[   32.767703] ACPI: \_SB_.LNKD: Enabled at IRQ 10
[   34.199080] e1000 0000:00:04.0 eth0: (PCI:33MHz:32-bit) 52:54:00:12:34:56
[   34.217399] e1000 0000:00:04.0 eth0: Intel(R) PRO/1000 Network Connection
[   34.232319] e1000e: Intel(R) PRO/1000 Network Driver
[   34.242480] e1000e: Copyright(c) 1999 - 2015 Intel Corporation.
[   34.251567] sky2: driver version 1.30
[   34.261508] ehci_hcd: USB 2.0 'Enhanced' Host Controller (EHCI) Driver
[   34.272424] ehci-pci: EHCI PCI platform driver
[   34.279450] ohci_hcd: USB 1.1 'Open' Host Controller (OHCI) Driver
[   34.291229] ohci-pci: OHCI PCI platform driver
[   34.298344] uhci_hcd: USB Universal Host Controller Interface driver
[   34.311221] usbcore: registered new interface driver usblp
[   34.326015] usbcore: registered new interface driver usb-storage
[   34.350388] i8042: PNP: PS/2 Controller [PNP0303:KBD,PNP0f13:MOU] at 0x60,0x64 irq 1,12
[   34.358402] serio: i8042 KBD port at 0x60,0x64 irq 1
[   34.375374] serio: i8042 AUX port at 0x60,0x64 irq 12
[   34.390166] rtc_cmos 00:05: RTC can wake from S4
[   34.410819] rtc_cmos 00:05: registered as rtc0
[   34.416115] rtc_cmos 00:05: alarms up to one day, y3k, 242 bytes nvram, hpet irqs
[   34.435513] device-mapper: ioctl: 4.45.0-ioctl (2021-03-22) initialised: dm-devel@redhat.com
[   34.437915] input: AT Translated Set 2 keyboard as /devices/platform/i8042/serio0/input/input1
[   34.458101] intel_pstate: CPU model not supported
[   34.458513] hid: raw HID events driver (C) Jiri Kosina
[   34.460528] usbcore: registered new interface driver usbhid
[   34.460544] usbhid: USB HID core driver
[   34.464476] Initializing XFRM netlink socket
[   34.473946] NET: Registered PF_INET6 protocol family
[   34.547488] Segment Routing with IPv6
[   34.561213] In-situ OAM (IOAM) with IPv6
[   34.564188] sit: IPv6, IPv4 and MPLS over IPv4 tunneling driver
[   34.595305] NET: Registered PF_PACKET protocol family
[   34.598856] 9pnet: Installing 9P2000 support
[   34.602970] Key type dns_resolver registered
[   34.615042] IPI shorthand broadcast: enabled
[   34.625671] sched_clock: Marking stable (33998695951, 626760253)->(37203671288, -2578215084)
[   34.637974] registered taskstats version 1
[   34.640350] Loading compiled-in X.509 certificates
[   34.666319] PM:   Magic number: 2:964:48
[   34.685861] printk: console [netcon0] enabled
[   34.687280] netconsole: network logging started
[   34.707176] cfg80211: Loading compiled-in X.509 certificates for regulatory database
[   34.717235] kworker/u4:2 (73) used greatest stack depth: 28768 bytes left
[   34.731867] cfg80211: Loaded X.509 cert 'sforshee: 00b28ddf47aef9cea7'
[   34.754377] platform regulatory.0: Direct firmware load for regulatory.db failed with error -2
[   34.765233] ALSA device list:
[   34.766724]   No soundcards found.
[   34.776167] cfg80211: failed to load regulatory.db
[   35.119320] input: ImExPS/2 Generic Explorer Mouse as /devices/platform/i8042/serio1/input/input3
[   35.123478] md: Waiting for all devices to be available before autodetect
[   35.126507] md: If you don't use raid, use raid=noautodetect
[   35.144971] md: Autodetecting RAID arrays.
[   35.162202] md: autorun ...
[   35.167841] md: ... autorun DONE.
[   35.229556] EXT4-fs (sda): INFO: recovery required on readonly filesystem
[   35.231876] EXT4-fs (sda): write access will be enabled during recovery
[   35.445913] EXT4-fs (sda): recovery complete
[   35.449100] EXT4-fs (sda): mounted filesystem with ordered data mode. Opts: (null). Quota mode: none.
[   35.454616] VFS: Mounted root (ext4 filesystem) readonly on device 8:0.
[   35.487604] devtmpfs: mounted
[   35.490608] Freeing unused kernel image (initmem) memory: 2148K
[   35.496377] Write protecting the kernel read-only data: 59392k
[   35.543794] Freeing unused kernel image (text/rodata gap) memory: 2032K
[   35.566058] Freeing unused kernel image (rodata/data gap) memory: 1568K
[   35.569672] Run /sbin/init as init process
[   38.814384] SELinux:  Permission getrlimit in class process not defined in policy.
[   38.816928] SELinux:  Class process2 not defined in policy.
[   38.843798] SELinux:  Permission watch in class filesystem not defined in policy.
[   38.854444] SELinux:  Permission map in class file not defined in policy.
[   38.869435] SELinux:  Permission watch in class file not defined in policy.
[   38.875146] SELinux:  Permission watch_mount in class file not defined in policy.
[   38.877557] SELinux:  Permission watch_sb in class file not defined in policy.
[   38.902496] SELinux:  Permission watch_with_perm in class file not defined in policy.
[   38.905441] SELinux:  Permission watch_reads in class file not defined in policy.
[   38.919071] SELinux:  Permission map in class dir not defined in policy.
[   38.929419] SELinux:  Permission watch in class dir not defined in policy.
[   38.951039] SELinux:  Permission watch_mount in class dir not defined in policy.
[   38.954984] SELinux:  Permission watch_sb in class dir not defined in policy.
[   38.958881] SELinux:  Permission watch_with_perm in class dir not defined in policy.
[   38.977614] SELinux:  Permission watch_reads in class dir not defined in policy.
[   38.988650] SELinux:  Permission map in class lnk_file not defined in policy.
[   39.007166] SELinux:  Permission watch in class lnk_file not defined in policy.
[   39.017546] SELinux:  Permission watch_mount in class lnk_file not defined in policy.
[   39.025039] SELinux:  Permission watch_sb in class lnk_file not defined in policy.
[   39.038593] SELinux:  Permission watch_with_perm in class lnk_file not defined in policy.
[   39.059002] SELinux:  Permission watch_reads in class lnk_file not defined in policy.
[   39.069465] SELinux:  Permission map in class chr_file not defined in policy.
[   39.071941] SELinux:  Permission watch in class chr_file not defined in policy.
[   39.074430] SELinux:  Permission watch_mount in class chr_file not defined in policy.
[   39.077072] SELinux:  Permission watch_sb in class chr_file not defined in policy.
[   39.095635] SELinux:  Permission watch_with_perm in class chr_file not defined in policy.
[   39.098332] SELinux:  Permission watch_reads in class chr_file not defined in policy.
[   39.100879] SELinux:  Permission map in class blk_file not defined in policy.
[   39.115688] SELinux:  Permission watch in class blk_file not defined in policy.
[   39.119659] SELinux:  Permission watch_mount in class blk_file not defined in policy.
[   39.123835] SELinux:  Permission watch_sb in class blk_file not defined in policy.
[   39.131501] SELinux:  Permission watch_with_perm in class blk_file not defined in policy.
[   39.139898] SELinux:  Permission watch_reads in class blk_file not defined in policy.
[   39.147088] SELinux:  Permission map in class sock_file not defined in policy.
[   39.150913] SELinux:  Permission watch in class sock_file not defined in policy.
[   39.158875] SELinux:  Permission watch_mount in class sock_file not defined in policy.
[   39.172505] SELinux:  Permission watch_sb in class sock_file not defined in policy.
[   39.176680] SELinux:  Permission watch_with_perm in class sock_file not defined in policy.
[   39.181175] SELinux:  Permission watch_reads in class sock_file not defined in policy.
[   39.194679] SELinux:  Permission map in class fifo_file not defined in policy.
[   39.198579] SELinux:  Permission watch in class fifo_file not defined in policy.
[   39.202525] SELinux:  Permission watch_mount in class fifo_file not defined in policy.
[   39.206779] SELinux:  Permission watch_sb in class fifo_file not defined in policy.
[   39.211883] SELinux:  Permission watch_with_perm in class fifo_file not defined in policy.
[   39.221540] SELinux:  Permission watch_reads in class fifo_file not defined in policy.
[   39.226799] SELinux:  Permission map in class socket not defined in policy.
[   39.234141] SELinux:  Permission map in class tcp_socket not defined in policy.
[   39.243661] SELinux:  Permission map in class udp_socket not defined in policy.
[   39.252261] SELinux:  Permission map in class rawip_socket not defined in policy.
[   39.262459] SELinux:  Permission map in class netlink_socket not defined in policy.
[   39.266757] SELinux:  Permission map in class packet_socket not defined in policy.
[   39.275347] SELinux:  Permission map in class key_socket not defined in policy.
[   39.281565] SELinux:  Permission map in class unix_stream_socket not defined in policy.
[   39.291496] SELinux:  Permission map in class unix_dgram_socket not defined in policy.
[   39.303625] SELinux:  Permission map in class netlink_route_socket not defined in policy.
[   39.308370] SELinux:  Permission map in class netlink_tcpdiag_socket not defined in policy.
[   39.316195] SELinux:  Permission map in class netlink_nflog_socket not defined in policy.
[   39.326341] SELinux:  Permission map in class netlink_xfrm_socket not defined in policy.
[   39.338127] SELinux:  Permission map in class netlink_selinux_socket not defined in policy.
[   39.343267] SELinux:  Permission map in class netlink_iscsi_socket not defined in policy.
[   39.356965] SELinux:  Permission map in class netlink_audit_socket not defined in policy.
[   39.366816] SELinux:  Permission map in class netlink_fib_lookup_socket not defined in policy.
[   39.375570] SELinux:  Permission map in class netlink_connector_socket not defined in policy.
[   39.387861] SELinux:  Permission map in class netlink_netfilter_socket not defined in policy.
[   39.400798] SELinux:  Permission map in class netlink_dnrt_socket not defined in policy.
[   39.413944] SELinux:  Permission map in class netlink_kobject_uevent_socket not defined in policy.
[   39.427687] SELinux:  Permission map in class netlink_generic_socket not defined in policy.
[   39.432321] SELinux:  Permission map in class netlink_scsitransport_socket not defined in policy.
[   39.445197] SELinux:  Permission map in class netlink_rdma_socket not defined in policy.
[   39.459371] SELinux:  Permission map in class netlink_crypto_socket not defined in policy.
[   39.464018] SELinux:  Permission map in class appletalk_socket not defined in policy.
[   39.472477] SELinux:  Permission map in class dccp_socket not defined in policy.
[   39.476506] SELinux:  Permission perfmon in class capability2 not defined in policy.
[   39.500544] SELinux:  Permission bpf in class capability2 not defined in policy.
[   39.512022] SELinux:  Permission checkpoint_restore in class capability2 not defined in policy.
[   39.523496] SELinux:  Permission map in class tun_socket not defined in policy.
[   39.533511] SELinux:  Permission perfmon in class cap2_userns not defined in policy.
[   39.545528] SELinux:  Permission bpf in class cap2_userns not defined in policy.
[   39.558748] SELinux:  Permission checkpoint_restore in class cap2_userns not defined in policy.
[   39.577633] SELinux:  Class sctp_socket not defined in policy.
[   39.580875] SELinux:  Class icmp_socket not defined in policy.
[   39.590878] SELinux:  Class ax25_socket not defined in policy.
[   39.608094] SELinux:  Class ipx_socket not defined in policy.
[   39.610930] SELinux:  Class netrom_socket not defined in policy.
[   39.621451] SELinux:  Class atmpvc_socket not defined in policy.
[   39.627409] SELinux:  Class x25_socket not defined in policy.
[   39.643430] SELinux:  Class rose_socket not defined in policy.
[   39.645414] SELinux:  Class decnet_socket not defined in policy.
[   39.651661] SELinux:  Class atmsvc_socket not defined in policy.
[   39.665825] SELinux:  Class rds_socket not defined in policy.
[   39.669448] SELinux:  Class irda_socket not defined in policy.
[   39.675612] SELinux:  Class pppox_socket not defined in policy.
[   39.687928] SELinux:  Class llc_socket not defined in policy.
[   39.702191] SELinux:  Class can_socket not defined in policy.
[   39.710335] SELinux:  Class tipc_socket not defined in policy.
[   39.718619] SELinux:  Class bluetooth_socket not defined in policy.
[   39.740214] SELinux:  Class iucv_socket not defined in policy.
[   39.749453] SELinux:  Class rxrpc_socket not defined in policy.
[   39.751516] SELinux:  Class isdn_socket not defined in policy.
[   39.753425] SELinux:  Class phonet_socket not defined in policy.
[   39.760569] SELinux:  Class ieee802154_socket not defined in policy.
[   39.779730] SELinux:  Class caif_socket not defined in policy.
[   39.784107] SELinux:  Class alg_socket not defined in policy.
[   39.785578] SELinux:  Class nfc_socket not defined in policy.
[   39.797482] SELinux:  Class vsock_socket not defined in policy.
[   39.805469] SELinux:  Class kcm_socket not defined in policy.
[   39.806976] SELinux:  Class qipcrtr_socket not defined in policy.
[   39.808601] SELinux:  Class smc_socket not defined in policy.
[   39.816945] SELinux:  Class infiniband_pkey not defined in policy.
[   39.836357] SELinux:  Class infiniband_endport not defined in policy.
[   39.845518] SELinux:  Class bpf not defined in policy.
[   39.847840] SELinux:  Class xdp_socket not defined in policy.
[   39.857442] SELinux:  Class mctp_socket not defined in policy.
[   39.858973] SELinux:  Class perf_event not defined in policy.
[   39.877458] SELinux:  Class lockdown not defined in policy.
[   39.885449] SELinux:  Class anon_inode not defined in policy.
[   39.886931] SELinux: the above unknown classes and permissions will be allowed
[   40.010445] SELinux:  policy capability network_peer_controls=1
[   40.053378] SELinux:  policy capability open_perms=1
[   40.061757] SELinux:  policy capability extended_socket_class=0
[   40.071985] SELinux:  policy capability always_check_network=0
[   40.089126] SELinux:  policy capability cgroup_seclabel=0
[   40.108488] SELinux:  policy capability nnp_nosuid_transition=0
[   40.137985] SELinux:  policy capability genfs_seclabel_symlinks=0
[   40.174656] SELinux:  policy capability ioctl_skip_cloexec=0
[   40.319933] audit: type=1403 audit(1670454145.116:2): auid=4294967295 ses=4294967295 lsm=selinux res=1
[   40.367632] systemd[1]: Successfully loaded SELinux policy in 4.292326s.
[   40.521365] audit: type=1400 audit(1670454145.301:3): avc:  denied  { associate } for  pid=1 comm="systemd" name="pts" scontext=system_u:object_r:devpts_t:s0 tcontext=system_u:object_r:device_t:s0 tclass=filesystem permissive=1
[   40.649880] systemd[1]: Relabelled /dev and /run in 105.938ms.
[   40.749303] systemd[1]: systemd 232 running in system mode. (+PAM +AUDIT +SELINUX +IMA +APPARMOR +SMACK +SYSVINIT +UTMP +LIBCRYPTSETUP +GCRYPT +GNUTLS +ACL +XZ +LZ4 +SECCOMP +BLKID +ELFUTILS +KMOD +IDN)
[   40.756056] systemd[1]: Detected virtualization qemu.
[   40.770158] systemd[1]: Detected architecture x86-64.

Welcome to [1mDebian GNU/Linux 9 (stretch)[0m!

[   40.801081] systemd[1]: Set hostname to <syzkaller>.
[   41.233469] systemd-hiberna (88) used greatest stack depth: 26728 bytes left
[   41.362952] systemd-gpt-aut (82) used greatest stack depth: 25880 bytes left
[   42.494883] systemd[1]: Reached target Remote File Systems.
[[0;32m  OK  [0m] Reached target Remote File Systems.
[   42.543593] systemd[1]: Listening on Journal Audit Socket.
[[0;32m  OK  [0m] Listening on Journal Audit Socket.
[   42.555267] audit: type=1400 audit(1670454147.339:4): avc:  denied  { audit_read } for  pid=1 comm="systemd" capability=37  scontext=system_u:system_r:kernel_t:s0 tcontext=system_u:system_r:kernel_t:s0 tclass=capability2 permissive=1
[   42.616637] systemd[1]: Listening on Journal Socket.
[[0;32m  OK  [0m] Listening on Journal Socket.
[   42.688686] systemd[1]: Set up automount Arbitrary Executable File Formats File System Automount Point.
[[0;32m  OK  [0m] Set up automount Arbitrary Executabâ€¦rmats File System Automount Point.
[   42.771592] systemd[1]: Listening on Journal Socket (/dev/log).
[[0;32m  OK  [0m] Listening on Journal Socket (/dev/log).
[   42.841654] systemd[1]: Listening on udev Control Socket.
[[0;32m  OK  [0m] Listening on udev Control Socket.
[[0;32m  OK  [0m] Started Forward Password Requests to Wall Directory Watch.
[[0;32m  OK  [0m] Listening on /dev/initctl Compatibility Named Pipe.
[[0;32m  OK  [0m] Created slice System Slice.
         Starting Remount Root and Kernel File Systems...
         Mounting /sys/kernel/debug...
[[0;32m  OK  [0m] Reached target Slices.
[[0;32m  OK  [0m] Created slice system-getty.slice.
[[0;32m  OK  [0m] Reached target Swap.
         Mounting /sys/kernel/config...
[[0;32m  OK  [0m] Started Dispatch Password Requests to Console Directory Watch.
[[0;32m  OK  [0m] Reached target Encrypted Volumes.
         Starting Create Static Device Nodes in /dev...
[   43.285975] EXT4-fs (sda): re-mounted. Opts: (null). Quota mode: none.
[[0;32m  OK  [0m] Listening on udev Kernel Socket.
[[0;32m  OK  [0m] Listening on Syslog Socket.
[[0;32m  OK  [0m] Reached target Sockets.
[[0;32m  OK  [0m] Reached target Paths.
         Mounting POSIX Message Queue File System...
         Starting Journal Service...
         Mounting /proc/sys/fs/binfmt_misc...
[[0;32m  OK  [0m] Created slice system-serial\x2dgetty.slice.
         Starting Load Kernel Modules...
[[0;32m  OK  [0m] Mounted POSIX Message Queue File System.
[[0;32m  OK  [0m] Mounted /sys/kernel/debug.
[[0;32m  OK  [0m] Mounted /sys/kernel/config.
[[0;32m  OK  [0m] Mounted /proc/sys/fs/binfmt_misc.
[[0;32m  OK  [0m] Started Remount Root and Kernel File Systems.
         Starting Load/Save Random Seed...
         Starting udev Coldplug all Devices...
[[0;32m  OK  [0m] Started Create Static Device Nodes in /dev.
[[0;32m  OK  [0m] Started Load Kernel Modules.
[[0;32m  OK  [0m] Started Load/Save Random Seed.
         Starting Apply Kernel Variables...
         Starting udev Kernel Device Manager...
[[0;32m  OK  [0m] Reached target Local File Systems (Pre).
[[0;32m  OK  [0m] Reached target Local File Systems.
[[0;32m  OK  [0m] Started Apply Kernel Variables.
         Starting Raise network interfaces...
[[0;32m  OK  [0m] Started Journal Service.
         Starting Flush Journal to Persistent Storage...
[   45.381576] audit: type=1107 audit(1670454150.158:5): pid=1 uid=0 auid=4294967295 ses=4294967295 subj=system_u:system_r:kernel_t:s0 msg='avc:  denied  { stop } for auid=n/a uid=0 gid=0 path="/lib/systemd/system/systemd-journald.service" cmdline="/bin/journalctl --flush" scontext=system_u:system_r:kernel_t:s0 tcontext=system_u:object_r:unlabeled_t:s0 tclass=service
[   45.381576]  exe="/lib/systemd/systemd" sauid=0 hostname=? addr=? terminal=?'
[   45.441303] systemd-journald[103]: Received request to flush runtime journal from PID 1
[   45.473755] journalctl (119) used greatest stack depth: 25728 bytes left
[[0;32m  OK  [0m] Started Flush Journal to Persistent Storage.
         Starting Create Volatile Files and Directories...
[[0;32m  OK  [0m] Started udev Kernel Device Manager.
[[0;32m  OK  [0m] Started Create Volatile Files and Directories.
         Starting Network Time Synchronization...
         Starting Update UTMP about System Boot/Shutdown...
[[0;32m  OK  [0m] Started Update UTMP about System Boot/Shutdown.
[[0;32m  OK  [0m] Started udev Coldplug all Devices.
[   48.486746] ata_id (170) used greatest stack depth: 24448 bytes left
[[0;32m  OK  [0m] Started Network Time Synchronization.
[   49.031695] e1000 0000:00:04.0 enp0s4: renamed from eth0
[[0;32m  OK  [0m] Found device /dev/ttyS0.
[[0;32m  OK  [0m] Reached target System Time Synchronized.
[[0;32m  OK  [0m] Reached target System Initialization.
[[0;32m  OK  [0m] Started Daily Cleanup of Temporary Directories.
[[0;32m  OK  [0m] Reached target Basic System.
[[0;32m  OK  [0m] Started Regular background program processing daemon.
         Starting System Logging Service...
[[0;32m  OK  [0m] Started Daily apt download activities.
[[0;32m  OK  [0m] Started Daily apt upgrade and clean activities.
[[0;32m  OK  [0m] Reached target Timers.
         Starting getty on tty2-tty6 if dbus and logind are not available...
[[0;32m  OK  [0m] Started System Logging Service.
[   51.159197] audit: type=1107 audit(1670454155.950:6): pid=1 uid=0 auid=4294967295 ses=4294967295 subj=system_u:system_r:kernel_t:s0 msg='avc:  denied  { start } for auid=n/a uid=0 gid=0 path="/lib/systemd/system/getty@.service" cmdline="/bin/systemctl --no-block start getty@tty2.service getty@tty3.service getty@tty4.service getty@tty5.service getty@tty6.service" scontext=system_u:system_r:kernel_t:s0 tcontext=system_u:object_r:unlabeled_t:s0 tclass=service
[   51.159197]  exe="/lib/systemd/systemd" sauid=0 hostname=? addr=? terminal=?'
[   51.578019] audit: type=1107 audit(1670454156.073:7): pid=1 uid=0 auid=4294967295 ses=4294967295 subj=system_u:system_r:kernel_t:s0 msg='avc:  denied  { status } for auid=n/a uid=0 gid=0 path="/lib/systemd/system/getty@.service" cmdline="/bin/systemctl --no-block start getty@tty2.service getty@tty3.service getty@tty4.service getty@tty5.service getty@tty6.service" scontext=system_u:system_r:kernel_t:s0 tcontext=system_u:object_r:unlabeled_t:s0 tclass=service
[   51.578019]  exe="/lib/systemd/systemd" sauid=0 hostname=? addr=? terminal=?'
[[0;32m  OK  [0m] Listening on Load/Save RF Kill Switch Status /dev/rfkill Watch.
[[0;32m  OK  [0m] Started getty on tty2-tty6 if dbus and logind are not available.
[[0;1;31mFAILED[0m] Failed to start Raise network interfaces.
See 'systemctl status networking.service' for details.
[[0;32m  OK  [0m] Reached target Network.
         Starting OpenBSD Secure Shell server...
[[0;32m  OK  [0m] Reached target Network is Online.
         Starting Daily apt download activities...
         Starting Permit User Sessions...
[[0;32m  OK  [0m] Started Permit User Sessions.
[[0;32m  OK  [0m] Started Serial Getty on ttyS0.
[[0;32m  OK  [0m] Started Getty on tty6.
[[0;32m  OK  [0m] Started Getty on tty1.
[[0;32m  OK  [0m] Started Getty on tty3.
[[0;32m  OK  [0m] Started Getty on tty4.
[[0;32m  OK  [0m] Started Getty on tty5.
[[0;32m  OK  [0m] Started Getty on tty2.
[[0;32m  OK  [0m] Reached target Login Prompts.
[[0;32m  OK  [0m] Started OpenBSD Secure Shell server.
[[0;32m  OK  [0m] Reached target Multi-User System.
[[0;32m  OK  [0m] Reached target Graphical Interface.
         Starting Update UTMP about System Runlevel Changes...
[[0;32m  OK  [0m] Started Update UTMP about System Runlevel Changes.

Debian GNU/Linux 9 syzkaller ttyS0


failed to init instance: failed to create VM: can't ssh into the instance
failed to run ["ssh" "-p" "48922" "-F" "/dev/null" "-o" "UserKnownHostsFile=/dev/null" "-o" "BatchMode=yes" "-o" "IdentitiesOnly=yes" "-o" "StrictHostKeyChecking=no" "-o" "ConnectTimeout=10" "-i" "/home/abel/Documents/workspace/syzkaller/tools/stretch.id_rsa" "root@localhost" "pwd"]: exit status 255
Connection timed out during banner exchange
Connection to 127.0.0.1 port 48922 timed out
[    0.000000] Linux version 5.15.79 (abel@abel-Inspiron-3502) (gcc (Ubuntu 11.3.0-1ubuntu1~22.04) 11.3.0, GNU ld (GNU Binutils for Ubuntu) 2.38) #3 SMP Wed Dec 7 00:56:13 CST 2022
[    0.000000] Command line: root=/dev/sda console=ttyS0 
[    0.000000] x86/fpu: Supporting XSAVE feature 0x001: 'x87 floating point registers'
[    0.000000] x86/fpu: Supporting XSAVE feature 0x002: 'SSE registers'
[    0.000000] x86/fpu: Supporting XSAVE feature 0x008: 'MPX bounds registers'
[    0.000000] x86/fpu: Supporting XSAVE feature 0x010: 'MPX CSR'
[    0.000000] x86/fpu: xstate_offset[3]:  576, xstate_sizes[3]:   64
[    0.000000] x86/fpu: xstate_offset[4]:  640, xstate_sizes[4]:   64
[    0.000000] x86/fpu: Enabled xstate features 0x1b, context size is 704 bytes, using 'compacted' format.
[    0.000000] signal: max sigframe size: 2032
[    0.000000] BIOS-provided physical RAM map:
[    0.000000] BIOS-e820: [mem 0x0000000000000000-0x000000000009fbff] usable
[    0.000000] BIOS-e820: [mem 0x000000000009fc00-0x000000000009ffff] reserved
[    0.000000] BIOS-e820: [mem 0x00000000000f0000-0x00000000000fffff] reserved
[    0.000000] BIOS-e820: [mem 0x0000000000100000-0x000000007ffdffff] usable
[    0.000000] BIOS-e820: [mem 0x000000007ffe0000-0x000000007fffffff] reserved
[    0.000000] BIOS-e820: [mem 0x00000000feffc000-0x00000000feffffff] reserved
[    0.000000] BIOS-e820: [mem 0x00000000fffc0000-0x00000000ffffffff] reserved
[    0.000000] NX (Execute Disable) protection: active
[    0.000000] SMBIOS 2.8 present.
[    0.000000] DMI: QEMU Standard PC (i440FX + PIIX, 1996), BIOS 1.15.0-1 04/01/2014
[    0.000000] Hypervisor detected: KVM
[    0.000000] kvm-clock: Using msrs 4b564d01 and 4b564d00
[    0.000000] kvm-clock: cpu 0, msr 1c31e001, primary cpu clock
[    0.000006] kvm-clock: using sched offset of 2182438953 cycles
[    0.000031] clocksource: kvm-clock: mask: 0xffffffffffffffff max_cycles: 0x1cd42e4dffb, max_idle_ns: 881590591483 ns
[    0.000072] tsc: Detected 1094.400 MHz processor
[    0.044774] last_pfn = 0x7ffe0 max_arch_pfn = 0x400000000
[    0.044877] x86/PAT: Configuration [0-7]: WB  WC  UC- UC  WB  WP  UC- WT  
[    0.064655] found SMP MP-table at [mem 0x000f5b90-0x000f5b9f]
[    0.076063] Using GB pages for direct mapping
[    0.077707] ACPI: Early table checksum verification disabled
[    0.077753] ACPI: RSDP 0x00000000000F59D0 000014 (v00 BOCHS )
[    0.077810] ACPI: RSDT 0x000000007FFE1967 000034 (v01 BOCHS  BXPC     00000001 BXPC 00000001)
[    0.077875] ACPI: FACP 0x000000007FFE1813 000074 (v01 BOCHS  BXPC     00000001 BXPC 00000001)
[    0.077944] ACPI: DSDT 0x000000007FFE0040 0017D3 (v01 BOCHS  BXPC     00000001 BXPC 00000001)
[    0.078003] ACPI: FACS 0x000000007FFE0000 000040
[    0.078047] ACPI: APIC 0x000000007FFE1887 000080 (v01 BOCHS  BXPC     00000001 BXPC 00000001)
[    0.078106] ACPI: HPET 0x000000007FFE1907 000038 (v01 BOCHS  BXPC     00000001 BXPC 00000001)
[    0.078165] ACPI: WAET 0x000000007FFE193F 000028 (v01 BOCHS  BXPC     00000001 BXPC 00000001)
[    0.078219] ACPI: Reserving FACP table memory at [mem 0x7ffe1813-0x7ffe1886]
[    0.078247] ACPI: Reserving DSDT table memory at [mem 0x7ffe0040-0x7ffe1812]
[    0.078273] ACPI: Reserving FACS table memory at [mem 0x7ffe0000-0x7ffe003f]
[    0.078298] ACPI: Reserving APIC table memory at [mem 0x7ffe1887-0x7ffe1906]
[    0.078323] ACPI: Reserving HPET table memory at [mem 0x7ffe1907-0x7ffe193e]
[    0.078348] ACPI: Reserving WAET table memory at [mem 0x7ffe193f-0x7ffe1966]
[    0.080760] No NUMA configuration found
[    0.080791] Faking a node at [mem 0x0000000000000000-0x000000007ffdffff]
[    0.080835] NODE_DATA(0) allocated [mem 0x7ffdc000-0x7ffdffff]
[    0.080964] Zone ranges:
[    0.080978]   DMA      [mem 0x0000000000001000-0x0000000000ffffff]
[    0.081009]   DMA32    [mem 0x0000000001000000-0x000000007ffdffff]
[    0.081039]   Normal   empty
[    0.081059] Movable zone start for each node
[    0.081073] Early memory node ranges
[    0.081086]   node   0: [mem 0x0000000000001000-0x000000000009efff]
[    0.081110]   node   0: [mem 0x0000000000100000-0x000000007ffdffff]
[    0.081138] Initmem setup node 0 [mem 0x0000000000001000-0x000000007ffdffff]
[    0.081865] On node 0, zone DMA: 1 pages in unavailable ranges
[    0.098252] On node 0, zone DMA: 97 pages in unavailable ranges
[    0.232378] On node 0, zone DMA32: 32 pages in unavailable ranges
[    0.658270] kasan: KernelAddressSanitizer initialized
[    0.658921] ACPI: PM-Timer IO Port: 0x608
[    0.658977] ACPI: LAPIC_NMI (acpi_id[0xff] dfl dfl lint[0x1])
[    0.659076] IOAPIC[0]: apic_id 0, version 17, address 0xfec00000, GSI 0-23
[    0.659120] ACPI: INT_SRC_OVR (bus 0 bus_irq 0 global_irq 2 dfl dfl)
[    0.659153] ACPI: INT_SRC_OVR (bus 0 bus_irq 5 global_irq 5 high level)
[    0.659184] ACPI: INT_SRC_OVR (bus 0 bus_irq 9 global_irq 9 high level)
[    0.659214] ACPI: INT_SRC_OVR (bus 0 bus_irq 10 global_irq 10 high level)
[    0.659244] ACPI: INT_SRC_OVR (bus 0 bus_irq 11 global_irq 11 high level)
[    0.659295] ACPI: Using ACPI (MADT) for SMP configuration information
[    0.659315] ACPI: HPET id: 0x8086a201 base: 0xfed00000
[    0.659350] TSC deadline timer available
[    0.659367] smpboot: Allowing 2 CPUs, 0 hotplug CPUs
[    0.659509] kvm-guest: KVM setup pv remote TLB flush
[    0.659531] kvm-guest: setup PV sched yield
[    0.659613] PM: hibernation: Registered nosave memory: [mem 0x00000000-0x00000fff]
[    0.659647] PM: hibernation: Registered nosave memory: [mem 0x0009f000-0x0009ffff]
[    0.659671] PM: hibernation: Registered nosave memory: [mem 0x000a0000-0x000effff]
[    0.659694] PM: hibernation: Registered nosave memory: [mem 0x000f0000-0x000fffff]
[    0.659720] [mem 0x80000000-0xfeffbfff] available for PCI devices
[    0.659743] Booting paravirtualized kernel on KVM
[    0.659763] clocksource: refined-jiffies: mask: 0xffffffff max_cycles: 0xffffffff, max_idle_ns: 1910969940391419 ns
[    0.743216] setup_percpu: NR_CPUS:64 nr_cpumask_bits:64 nr_cpu_ids:2 nr_node_ids:1
[    0.744289] percpu: Embedded 64 pages/cpu s224472 r8192 d29480 u1048576
[    0.744626] kvm-guest: setup async PF for cpu 0
[    0.744656] kvm-guest: stealtime: cpu 0, msr 6d227140
[    0.744686] Built 1 zonelists, mobility grouping on.  Total pages: 515808
[    0.744711] Policy zone: DMA32
[    0.744728] Kernel command line: root=/dev/sda console=ttyS0 
[    0.757406] Dentry cache hash table entries: 262144 (order: 9, 2097152 bytes, linear)
[    0.758324] Inode-cache hash table entries: 131072 (order: 8, 1048576 bytes, linear)
[    0.758514] mem auto-init: stack:off, heap alloc:off, heap free:off
[    1.028256] Memory: 1699036K/2096632K available (47117K kernel code, 7796K rwdata, 8672K rodata, 2148K init, 1044K bss, 397340K reserved, 0K cma-reserved)
[    1.028840] SLUB: HWalign=64, Order=0-3, MinObjects=0, CPUs=2, Nodes=1
[    1.029382] rcu: Hierarchical RCU implementation.
[    1.029403] rcu: 	RCU event tracing is enabled.
[    1.029417] rcu: 	RCU restricting CPUs from NR_CPUS=64 to nr_cpu_ids=2.
[    1.029441] rcu: RCU calculated value of scheduler-enlistment delay is 100 jiffies.
[    1.029461] rcu: Adjusting geometry for rcu_fanout_leaf=16, nr_cpu_ids=2
