<!DOCTYPE html>
<html><head>
<meta http-equiv="content-type" content="text/html; charset=UTF-8">
	<title> syzkaller</title>
	<style type="text/css" media="screen">#topbar {
	padding: 5px 10px;
	background: #E0EBF5;
}

#topbar a {
	color: #375EAB;
	text-decoration: none;
}

h1, h2, h3, h4 {
	margin: 0;
	padding: 0;
	color: #375EAB;
	font-weight: bold;
}

.navigation_tab {
	border: 1px solid black;
	padding: 4px;
	margin: 4px;
}

.navigation_tab_selected {
	font-weight: bold;
	border: 2px solid black;
	padding: 4px;
	margin: 4px;
}

.position_table .navigation {
	padding-top: 15px;
	padding-bottom: 6px;
}

table {
	border: 1px solid #ccc;
	margin: 20px 5px;
	border-collapse: collapse;
	white-space: nowrap;
	text-overflow: ellipsis;
	overflow: hidden;
}

table caption {
	font-weight: bold;
}

table td, table th {
	vertical-align: top;
	padding: 2px 8px;
	text-overflow: ellipsis;
	overflow: hidden;
}

.namespace {
	font-weight: bold;
	font-size: large;
	color: #375EAB;
}

.position_table {
	border: 0px;
	margin: 0px;
	width: 100%;
	border-collapse: collapse;
}

.position_table td, .position_table tr {
	vertical-align: center;
	padding: 0px;
}

.position_table .namespace_td {
	width: 100%;
	padding-top: 10px;
	padding-left: 20px;
}

.position_table .search {
	text-align: right;
}

.list_table td, .list_table th {
	border-left: 1px solid #ccc;
}

.list_table th {
	background: #F4F4F4;
}

.list_table tr:nth-child(2n) {
	background: #F4F4F4;
}

.list_table tr:hover {
	background: #ffff99;
}

.list_table .namespace {
	width: 100pt;
	max-width: 100pt;
}

.list_table .title {
	width: 350pt;
	max-width: 350pt;
}

.list_table .commit_list {
	width: 500pt;
	max-width: 500pt;
}

.list_table .tag {
	font-family: monospace;
	font-size: 8pt;
	max-width: 60pt;
}

.list_table .opts {
	width: 40pt;
	max-width: 40pt;
}

.list_table .status {
	width: 250pt;
	max-width: 250pt;
}

.list_table .patched {
	width: 60pt;
	max-width: 60pt;
	text-align: center;
}

.list_table .kernel {
	width: 80pt;
	max-width: 80pt;
}

.list_table .maintainers {
	width: 150pt;
	max-width: 150pt;
}

.list_table .result {
	width: 60pt;
	max-width: 60pt;
}

.list_table .stat {
	width: 55pt;
	font-family: monospace;
	text-align: right;
}

.list_table .bisect_status {
	width: 75pt;
	max-width: 75pt;
	font-family: monospace;
	text-align: right;
}

.list_table .date {
	width: 60pt;
	max-width: 60pt;
	font-family: monospace;
	text-align: right;
}

.list_table .stat_name {
	width: 150pt;
	max-width: 150pt;
	font-family: monospace;
}

.list_table .stat_value {
	width: 120pt;
	max-width: 120pt;
	font-family: monospace;
}

.list_table .stale_repro {
	text-decoration: line-through;
}

.bad {
	color: #f00;
	font-weight: bold;
}

.inactive {
	color: #888;
}

.plain {
	text-decoration: none;
}

textarea {
	width:100%;
	font-family: monospace;
}

.mono {
	font-family: monospace;
}

.info_link {
	color: #25a7db;
	text-decoration: none;
}

.page {
	position: relative;
	width: 100%;
}

aside {
	position: absolute;
	top: 0;
	left: 0;
	bottom: 0;
	width: 290px;
	margin-top: 5px;
}

.panel {
	border: 1px solid #aaa;
	border-radius: 5px;
	margin-bottom: 5px;
	margin-top: 5px;
}

.panel h1 {
	font-size: 16px;
	margin: 0;
	padding: 2px 8px;
}

.panel select {
	padding: 5px;
	border: 0;
	width: 100%;
}

.panel label {
	margin-left: 7px;
}

.main-content {
	position: absolute;
	top: 0;
	left: 300px;
	right: 5px;
	min-height: 200px;
	overflow: hidden;
}

.graph_help {
	position: absolute;
	top: 115px;
	left: 10px;
	z-index: 1;
	text-decoration: none;
	font-weight: bold;
	font-size: xx-large;
	color: blue;
}

#graph_div {
	height: 85vh;
}

#crash_div {
	align: left;
	width: 90%;
	height: 400px;
	margin: 0 0;
	overflow: scroll;
	border: 1px solid #777;
	padding: 0px;
	background: transparent;
}

#crash_div pre {
	margin: 1px;
}

.input-values {
	margin-left: 7px;
	margin-bottom: 7px;
}

.input-group {
	margin-top: 7px;
	margin-bottom: 7px;
	display: block;
}

.input-group button {
	width: 20pt;
}
</style><script>


function sortTable(item, colName, conv, desc = false) {
	table = item.parentNode.parentNode.parentNode.parentNode;
	rows = table.rows;
	col = findColumnByName(rows[0].getElementsByTagName("th"), colName);
	values = [];
	for (i = 1; i < rows.length; i++)
		values.push([conv(rows[i].getElementsByTagName("td")[col].textContent), rows[i]]);
	if (desc)
		desc = !isSorted(values.slice().reverse())
	else
		desc = isSorted(values);
	values.sort(function(a, b) {
		if (a[0] == b[0]) return 0;
		if (desc && a[0] > b[0] || !desc && a[0] < b[0]) return -1;
		return 1;
	});
	for (i = 0; i < values.length; i++)
		table.tBodies[0].appendChild(values[i][1]);
	return false;
}

function findColumnByName(headers, colName) {
	for (i = 0; i < headers.length; i++) {
		if (headers[i].textContent == colName)
			return i;
	}
	return 0;
}

function isSorted(values) {
	for (i = 0; i < values.length - 1; i++) {
		if (values[i][0] > values[i + 1][0])
			return false;
	}
	return true;
}

function textSort(v) { return v == "" ? "zzz" : v.toLowerCase(); }
function numSort(v) { return -parseInt(v); }
function floatSort(v) { return -parseFloat(v); }
function reproSort(v) { return v == "C" ? 0 : v == "syz" ? 1 : 2; }
function patchedSort(v) { return v == "" ? -1 : parseInt(v); }
function lineSort(v) { return -v.split(/\r\n|\r|\n/g).length }

function timeSort(v) {
	if (v == "now")
		return 0;
	m = v.indexOf('m');
	h = v.indexOf('h');
	d = v.indexOf('d');
	if (m > 0 && h < 0)
		return parseInt(v);
	if (h > 0 && m > 0)
		return parseInt(v) * 60 + parseInt(v.substring(h + 1));
	if (d > 0 && h > 0)
		return parseInt(v) * 60 * 24 + parseInt(v.substring(d + 1)) * 60;
	if (d > 0)
		return parseInt(v) * 60 * 24;
	return 1000000000;
}



function findAncestorByClass (el, cls) {
	while ((el = el.parentElement) && !el.classList.contains(cls));
	return el;
}

function deleteInputGroup(node) {
	group = findAncestorByClass(node, "input-group")
	values = findAncestorByClass(group, "input-values")
	if (!values) {
		return false
	}
	count = values.querySelectorAll('.input-group').length
	if (count == 1) {
		
		input = group.querySelector('input')
		input.value = ""
	} else {
		group.remove()
	}
	return false
}

function addInputGroup(node) {
	values = findAncestorByClass(node, "input-values")
	groups = values.querySelectorAll(".input-group")
	if (groups.length == 0) {
		
		return false
	}
	lastGroup = groups[groups.length - 1]
	newGroup = lastGroup.cloneNode(true)
	newGroup.querySelector('input').value = ""
	values.insertBefore(newGroup, lastGroup.nextSibling)
	return false
}
</script>
</head>
<body>
<b> syzkaller</b>
<br>

<table class="list_table">
	<caption>Stats:</caption>
	
	<tbody><tr>
		<td class="stat_name">revision</td>
		<td class="stat_value">
			
				<a href="https://github.com/google/syzkaller/commits/97de9cfcb0b25b95878e2eaaf3652a2faa8dd8f4">97de9cfc</a>
			
		</td>
	</tr>
	
	<tr>
		<td class="stat_name">config</td>
		<td class="stat_value">
			
				<a href="http://localhost:50000/config">config</a>
			
		</td>
	</tr>
	
	<tr>
		<td class="stat_name">uptime</td>
		<td class="stat_value">
			
				23h32m39s
			
		</td>
	</tr>
	
	<tr>
		<td class="stat_name">fuzzing</td>
		<td class="stat_value">
			
				93h36m0s
			
		</td>
	</tr>
	
	<tr>
		<td class="stat_name">corpus</td>
		<td class="stat_value">
			
				<a href="http://localhost:50000/corpus">11260</a>
			
		</td>
	</tr>
	
	<tr>
		<td class="stat_name">triage queue</td>
		<td class="stat_value">
			
				0
			
		</td>
	</tr>
	
	<tr>
		<td class="stat_name">signal</td>
		<td class="stat_value">
			
				135023
			
		</td>
	</tr>
	
	<tr>
		<td class="stat_name">coverage</td>
		<td class="stat_value">
			
				<a href="http://localhost:50000/cover">86298</a>
			
		</td>
	</tr>
	
	<tr>
		<td class="stat_name">syscalls</td>
		<td class="stat_value">
			
				<a href="http://localhost:50000/syscalls">2126</a>
			
		</td>
	</tr>
	
	<tr>
		<td class="stat_name">buffer too small</td>
		<td class="stat_value">
			
				33 (1/hour)
			
		</td>
	</tr>
	
	<tr>
		<td class="stat_name">crash types</td>
		<td class="stat_value">
			
				8 (0/hour)
			
		</td>
	</tr>
	
	<tr>
		<td class="stat_name">crashes</td>
		<td class="stat_value">
			
				30 (1/hour)
			
		</td>
	</tr>
	
	<tr>
		<td class="stat_name">exec candidate</td>
		<td class="stat_value">
			
				326 (13/hour)
			
		</td>
	</tr>
	
	<tr>
		<td class="stat_name">exec collide</td>
		<td class="stat_value">
			
				1475990 (17/sec)
			
		</td>
	</tr>
	
	<tr>
		<td class="stat_name">exec fuzz</td>
		<td class="stat_value">
			
				84642 (59/min)
			
		</td>
	</tr>
	
	<tr>
		<td class="stat_name">exec gen</td>
		<td class="stat_value">
			
				1585 (67/hour)
			
		</td>
	</tr>
	
	<tr>
		<td class="stat_name">exec hints</td>
		<td class="stat_value">
			
				2297215 (27/sec)
			
		</td>
	</tr>
	
	<tr>
		<td class="stat_name">exec minimize</td>
		<td class="stat_value">
			
				1118864 (13/sec)
			
		</td>
	</tr>
	
	<tr>
		<td class="stat_name">exec seeds</td>
		<td class="stat_value">
			
				7087 (301/hour)
			
		</td>
	</tr>
	
	<tr>
		<td class="stat_name">exec smash</td>
		<td class="stat_value">
			
				651914 (461/min)
			
		</td>
	</tr>
	
	<tr>
		<td class="stat_name">exec total</td>
		<td class="stat_value">
			
				5842914 (68/sec)
			
		</td>
	</tr>
	
	<tr>
		<td class="stat_name">exec triage</td>
		<td class="stat_value">
			
				205327 (145/min)
			
		</td>
	</tr>
	
	<tr>
		<td class="stat_name">executor restarts</td>
		<td class="stat_value">
			
				2266 (96/hour)
			
		</td>
	</tr>
	
	<tr>
		<td class="stat_name">max signal</td>
		<td class="stat_value">
			
				180307 (127/min)
			
		</td>
	</tr>
	
	<tr>
		<td class="stat_name">new inputs</td>
		<td class="stat_value">
			
				40212 (28/min)
			
		</td>
	</tr>
	
	<tr>
		<td class="stat_name">rotated inputs</td>
		<td class="stat_value">
			
				23074 (16/min)
			
		</td>
	</tr>
	
	<tr>
		<td class="stat_name">suppressed</td>
		<td class="stat_value">
			
				2 (0/hour)
			
		</td>
	</tr>
	
	<tr>
		<td class="stat_name">vm restarts</td>
		<td class="stat_value">
			
				121 (5/hour)
			
		</td>
	</tr>
	
</tbody></table>

<table class="list_table">
	<caption>Crashes:</caption>
	<tbody><tr>
		<th><a onclick="return sortTable(this, 'Description', textSort)" href="#">Description</a></th>
		<th><a onclick="return sortTable(this, 'Count', numSort)" href="#">Count</a></th>
		<th><a onclick="return sortTable(this, 'Last Time', textSort, true)" href="#">Last Time</a></th>
		<th><a onclick="return sortTable(this, 'Report', textSort)" href="#">Report</a></th>
	</tr>
	
	<tr>
		<td class="title"><a href="http://localhost:50000/crash?id=1a6abe077825183e67b67c3313ea6f99a992fe86">INFO: rcu detected stall in corrupted</a></td>
		<td class="stat ">2</td>
		<td class="time ">2022/12/06 09:21</td>
		<td>
			
			
		</td>
	</tr>
	
	<tr>
		<td class="title"><a href="http://localhost:50000/crash?id=e9f5b11984c54cecb386b92bb20c76d5d003719f">no output from test machine</a></td>
		<td class="stat ">10</td>
		<td class="time ">2022/12/07 00:41</td>
		<td>
			
				<a href="http://localhost:50000/report?id=e9f5b11984c54cecb386b92bb20c76d5d003719f">has C repro</a>
			
			
		</td>
	</tr>
	
	<tr>
		<td class="title"><a href="http://localhost:50000/crash?id=b83ebc0f722370f9f7e120e759d663eb44f55efc">suppressed report</a></td>
		<td class="stat ">2</td>
		<td class="time ">2022/12/06 19:43</td>
		<td>
			
			
		</td>
	</tr>
	
	<tr>
		<td class="title"><a href="http://localhost:50000/crash?id=b303d77c786df086e4a566947a04b65c5a4ddd37">SYZFATAL: executor failed NUM times: failed to create temp dir: mkdir ./syzkaller-testdirNUM: no space left on device</a></td>
		<td class="stat ">0</td>
		<td class="time ">2022/12/06 16:57</td>
		<td>
			
				<a href="http://localhost:50000/report?id=b303d77c786df086e4a566947a04b65c5a4ddd37">has repro</a>
			
			
		</td>
	</tr>
	
	<tr>
		<td class="title"><a href="http://localhost:50000/crash?id=2e4ed6f096c142ccc03a4e6b3dca04cf7bb6bd95">SYZFATAL: executor NUM failed NUM times: executor NUM: EOF</a></td>
		<td class="stat ">1</td>
		<td class="time ">2022/12/06 07:17</td>
		<td>
			
			
		</td>
	</tr>
	
	<tr>
		<td class="title"><a href="http://localhost:50000/crash?id=a65e514acc339a7ab486a11c84a20264890ec448">SYZFATAL: executor NUM failed NUM times: executor NUM: exit status NUM</a></td>
		<td class="stat ">2</td>
		<td class="time ">2022/12/06 21:27</td>
		<td>
			
				<a href="http://localhost:50000/report?id=a65e514acc339a7ab486a11c84a20264890ec448">reproducing</a>
			
			
		</td>
	</tr>
	
	<tr>
		<td class="title"><a href="http://localhost:50000/crash?id=c34d1bbeac0e46a9296ceb76d20d231534bcdc5f">SYZFATAL: executor NUM failed NUM times: failed to create temp dir: mkdir ./syzkaller-testdirNUM: no space left on devic</a></td>
		<td class="stat ">1</td>
		<td class="time ">2022/12/06 10:24</td>
		<td>
			
			
		</td>
	</tr>
	
	<tr>
		<td class="title"><a href="http://localhost:50000/crash?id=41c72614f092094e16231448847eb8b655edfa8a">SYZFATAL: executor NUM failed NUM times: failed to start executor binary: fork/exec /syz-executor: invalid argument</a></td>
		<td class="stat ">1</td>
		<td class="time ">2022/12/06 21:54</td>
		<td>
			
			
		</td>
	</tr>
	
	<tr>
		<td class="title"><a href="http://localhost:50000/crash?id=bee37bed4ab926386218a9833ffb608b60453e67">SYZFATAL: executor NUM failed NUM times: failed to start executor binary: fork/exec /syz-executor: permission denied</a></td>
		<td class="stat ">11</td>
		<td class="time ">2022/12/06 22:54</td>
		<td>
			
				<a href="http://localhost:50000/report?id=bee37bed4ab926386218a9833ffb608b60453e67">non-reproducible</a>
			
			
		</td>
	</tr>
	
</tbody></table>

<b>Log:</b>
<br>
<textarea id="log_textarea" readonly="readonly" rows="20" wrap="off">2022/12/06
 22:47:07 VMs 2, executed 5360846, cover 85853, signal 133613/177474, 
crashes 23, repro 2
2022/12/06 22:47:17 VMs 2, executed 5361230, cover 85853, signal 
133613/177542, crashes 23, repro 2
2022/12/06 22:47:27 VMs 2, executed 5361870, cover 85853, signal 
133613/177552, crashes 23, repro 2
2022/12/06 22:47:37 VMs 2, executed 5362394, cover 85853, signal 
133613/177616, crashes 23, repro 2
2022/12/06 22:47:47 VMs 2, executed 5363212, cover 85853, signal 
133613/177619, crashes 23, repro 2
2022/12/06 22:47:57 VMs 2, executed 5363590, cover 85853, signal 
133613/177623, crashes 23, repro 2
2022/12/06 22:48:07 VMs 2, executed 5363820, cover 85853, signal 
133613/177625, crashes 23, repro 2
2022/12/06 22:48:17 VMs 2, executed 5364674, cover 85853, signal 
133613/177632, crashes 23, repro 2
2022/12/06 22:48:27 VMs 2, executed 5364939, cover 85853, signal 
133613/177632, crashes 23, repro 2
2022/12/06 22:48:37 VMs 2, executed 5365375, cover 85853, signal 
133613/177633, crashes 23, repro 2
2022/12/06 22:48:47 VMs 2, executed 5366260, cover 85853, signal 
133613/177639, crashes 23, repro 2
2022/12/06 22:48:57 VMs 2, executed 5366870, cover 85853, signal 
133613/177642, crashes 23, repro 2
2022/12/06 22:49:07 VMs 2, executed 5367430, cover 85853, signal 
133613/177645, crashes 23, repro 2
2022/12/06 22:49:17 VMs 2, executed 5367695, cover 85853, signal 
133613/177646, crashes 23, repro 2
2022/12/06 22:49:27 VMs 2, executed 5368460, cover 85853, signal 
133613/177646, crashes 23, repro 2
2022/12/06 22:49:37 VMs 2, executed 5368941, cover 85853, signal 
133614/177649, crashes 23, repro 2
2022/12/06 22:49:47 VMs 2, executed 5369611, cover 85853, signal 
133614/177652, crashes 23, repro 2
2022/12/06 22:49:57 VMs 2, executed 5369906, cover 85853, signal 
133614/177652, crashes 23, repro 2
2022/12/06 22:50:07 VMs 2, executed 5370263, cover 85853, signal 
133614/177653, crashes 23, repro 2
2022/12/06 22:50:17 VMs 2, executed 5370971, cover 85853, signal 
133614/177653, crashes 23, repro 2
2022/12/06 22:50:27 VMs 2, executed 5371704, cover 85853, signal 
133614/177653, crashes 23, repro 2
2022/12/06 22:50:37 VMs 2, executed 5372378, cover 85853, signal 
133614/177653, crashes 23, repro 2
2022/12/06 22:50:47 VMs 2, executed 5372609, cover 85853, signal 
133614/177653, crashes 23, repro 2
2022/12/06 22:50:57 VMs 2, executed 5373117, cover 85853, signal 
133614/177653, crashes 23, repro 2
2022/12/06 22:51:07 VMs 2, executed 5374030, cover 85853, signal 
133616/177657, crashes 23, repro 2
2022/12/06 22:51:17 VMs 2, executed 5374738, cover 85853, signal 
133616/177657, crashes 23, repro 2
2022/12/06 22:51:27 VMs 2, executed 5375014, cover 85853, signal 
133616/177658, crashes 23, repro 2
2022/12/06 22:51:32 reproducing crash 'SYZFATAL: executor NUM failed NUM
 times: executor NUM: exit status NUM': failed to init instance: failed 
to create VM: can't ssh into the instance
failed to run ["ssh" "-p" "55054" "-F" "/dev/null" "-o" 
"UserKnownHostsFile=/dev/null" "-o" "BatchMode=yes" "-o" 
"IdentitiesOnly=yes" "-o" "StrictHostKeyChecking=no" "-o" 
"ConnectTimeout=10" "-i" 
"/home/abel/Documents/workspace/syzkaller/tools/stretch.id_rsa" 
"root@localhost" "pwd"]: exit status 255
Connection timed out during banner exchange
Connection to 127.0.0.1 port 55054 timed out
[    0.000000] Linux version 6.0.8 (abel@abel-Inspiron-3502) (gcc 
(Ubuntu 11.3.0-1ubuntu1~22.04) 11.3.0, GNU ld (GNU Binutils for Ubuntu) 
2.38) #3 SMP PREEMPT_DYNAMIC Mon Dec 5 23:32:47 CST 2022
[    0.000000] Command line: root=/dev/sda console=ttyS0 
[    0.000000] x86/fpu: Supporting XSAVE feature 0x001: 'x87 floating 
point registers'
[    0.000000] x86/fpu: Supporting XSAVE feature 0x002: 'SSE registers'
[    0.000000] x86/fpu: Supporting XSAVE feature 0x008: 'MPX bounds 
registers'
[    0.000000] x86/fpu: Supporting XSAVE feature 0x010: 'MPX CSR'
[    0.000000] x86/fpu: xstate_offset[3]:  576, xstate_sizes[3]:   64
[    0.000000] x86/fpu: xstate_offset[4]:  640, xstate_sizes[4]:   64
[    0.000000] x86/fpu: Enabled xstate features 0x1b, context size is 
704 bytes, using 'compacted' format.
[    0.000000] signal: max sigframe size: 2032
[    0.000000] BIOS-provided physical RAM map:
[    0.000000] BIOS-e820: [mem 0x0000000000000000-0x000000000009fbff] 
usable
[    0.000000] BIOS-e820: [mem 0x000000000009fc00-0x000000000009ffff] 
reserved
[    0.000000] BIOS-e820: [mem 0x00000000000f0000-0x00000000000fffff] 
reserved
[    0.000000] BIOS-e820: [mem 0x0000000000100000-0x000000007ffdffff] 
usable
[    0.000000] BIOS-e820: [mem 0x000000007ffe0000-0x000000007fffffff] 
reserved
[    0.000000] BIOS-e820: [mem 0x00000000feffc000-0x00000000feffffff] 
reserved
[    0.000000] BIOS-e820: [mem 0x00000000fffc0000-0x00000000ffffffff] 
reserved
[    0.000000] NX (Execute Disable) protection: active
[    0.000000] SMBIOS 2.8 present.
[    0.000000] DMI: QEMU Standard PC (i440FX + PIIX, 1996), BIOS 
1.15.0-1 04/01/2014
[    0.000000] Hypervisor detected: KVM
[    0.000000] kvm-clock: Using msrs 4b564d01 and 4b564d00
[    0.000008] kvm-clock: using sched offset of 1908806940 cycles
[    0.000025] clocksource: kvm-clock: mask: 0xffffffffffffffff 
max_cycles: 0x1cd42e4dffb, max_idle_ns: 881590591483 ns
[    0.000053] tsc: Detected 1094.400 MHz processor
[    0.035963] last_pfn = 0x7ffe0 max_arch_pfn = 0x400000000
[    0.036061] x86/PAT: Configuration [0-7]: WB  WC  UC- UC  WB  WP  UC-
 WT  
[    0.066571] found SMP MP-table at [mem 0x000f5b90-0x000f5b9f]
[    0.066814] Using GB pages for direct mapping
[    0.077179] ACPI: Early table checksum verification disabled
[    0.077217] ACPI: RSDP 0x00000000000F59D0 000014 (v00 BOCHS )
[    0.077267] ACPI: RSDT 0x000000007FFE1967 000034 (v01 BOCHS  BXPC    
 00000001 BXPC 00000001)
[    0.077323] ACPI: FACP 0x000000007FFE1813 000074 (v01 BOCHS  BXPC    
 00000001 BXPC 00000001)
[    0.077382] ACPI: DSDT 0x000000007FFE0040 0017D3 (v01 BOCHS  BXPC    
 00000001 BXPC 00000001)
[    0.077430] ACPI: FACS 0x000000007FFE0000 000040
[    0.077465] ACPI: APIC 0x000000007FFE1887 000080 (v01 BOCHS  BXPC    
 00000001 BXPC 00000001)
[    0.077513] ACPI: HPET 0x000000007FFE1907 000038 (v01 BOCHS  BXPC    
 00000001 BXPC 00000001)
[    0.077561] ACPI: WAET 0x000000007FFE193F 000028 (v01 BOCHS  BXPC    
 00000001 BXPC 00000001)
[    0.077605] ACPI: Reserving FACP table memory at [mem 
0x7ffe1813-0x7ffe1886]
[    0.077625] ACPI: Reserving DSDT table memory at [mem 
0x7ffe0040-0x7ffe1812]
[    0.077643] ACPI: Reserving FACS table memory at [mem 
0x7ffe0000-0x7ffe003f]
[    0.077660] ACPI: Reserving APIC table memory at [mem 
0x7ffe1887-0x7ffe1906]
[    0.077677] ACPI: Reserving HPET table memory at [mem 
0x7ffe1907-0x7ffe193e]
[    0.077695] ACPI: Reserving WAET table memory at [mem 
0x7ffe193f-0x7ffe1966]
[    0.080216] No NUMA configuration found
[    0.080234] Faking a node at [mem 
0x0000000000000000-0x000000007ffdffff]
[    0.080271] NODE_DATA(0) allocated [mem 0x7ffdc000-0x7ffdffff]
[    0.080391] Zone ranges:
[    0.080398]   DMA      [mem 0x0000000000001000-0x0000000000ffffff]
[    0.080422]   DMA32    [mem 0x0000000001000000-0x000000007ffdffff]
[    0.080442]   Normal   empty
[    0.080453] Movable zone start for each node
[    0.080460] Early memory node ranges
[    0.080465]   node   0: [mem 0x0000000000001000-0x000000000009efff]
[    0.080483]   node   0: [mem 0x0000000000100000-0x000000007ffdffff]
[    0.080504] Initmem setup node 0 [mem 
0x0000000000001000-0x000000007ffdffff]
[    0.081148] On node 0, zone DMA: 1 pages in unavailable ranges
[    0.081433] On node 0, zone DMA: 97 pages in unavailable ranges
[    0.217267] On node 0, zone DMA32: 32 pages in unavailable ranges
[    0.531413] kasan: KernelAddressSanitizer initialized
[    0.532112] ACPI: PM-Timer IO Port: 0x608
[    0.532166] ACPI: LAPIC_NMI (acpi_id[0xff] dfl dfl lint[0x1])
[    0.532256] IOAPIC[0]: apic_id 0, version 17, address 0xfec00000, GSI
 0-23
[    0.532293] ACPI: INT_SRC_OVR (bus 0 bus_irq 0 global_irq 2 dfl dfl)
[    0.532318] ACPI: INT_SRC_OVR (bus 0 bus_irq 5 global_irq 5 high 
level)
[    0.532340] ACPI: INT_SRC_OVR (bus 0 bus_irq 9 global_irq 9 high 
level)
[    0.532362] ACPI: INT_SRC_OVR (bus 0 bus_irq 10 global_irq 10 high 
level)
[    0.532384] ACPI: INT_SRC_OVR (bus 0 bus_irq 11 global_irq 11 high 
level)
[    0.532433] ACPI: Using ACPI (MADT) for SMP configuration information
[    0.532444] ACPI: HPET id: 0x8086a201 base: 0xfed00000
[    0.532474] TSC deadline timer available
[    0.532483] smpboot: Allowing 2 CPUs, 0 hotplug CPUs
[    0.532549] kvm-guest: KVM setup pv remote TLB flush
[    0.532562] kvm-guest: setup PV sched yield
[    0.532645] PM: hibernation: Registered nosave memory: [mem 
0x00000000-0x00000fff]
[    0.532672] PM: hibernation: Registered nosave memory: [mem 
0x0009f000-0x0009ffff]
[    0.532688] PM: hibernation: Registered nosave memory: [mem 
0x000a0000-0x000effff]
[    0.532703] PM: hibernation: Registered nosave memory: [mem 
0x000f0000-0x000fffff]
[    0.532723] [mem 0x80000000-0xfeffbfff] available for PCI devices
[    0.532739] Booting paravirtualized kernel on KVM
[    0.532751] clocksource: refined-jiffies: mask: 0xffffffff 
max_cycles: 0xffffffff, max_idle_ns: 1910969940391419 ns
[    0.595350] setup_percpu: NR_CPUS:64 nr_cpumask_bits:64 nr_cpu_ids:2 
nr_node_ids:1
[    0.596508] percpu: Embedded 65 pages/cpu s225704 r8192 d32344 
u1048576
[    0.611890] Fallback order for Node 0: 0 
[    0.611929] Built 1 zonelists, mobility grouping on.  Total pages: 
515808
[    0.611948] Policy zone: DMA32
[    0.611959] Kernel command line: root=/dev/sda console=ttyS0 
[    0.612652] Dentry cache hash table entries: 262144 (order: 9, 
2097152 bytes, linear)
[    0.613562] Inode-cache hash table entries: 131072 (order: 8, 1048576
 bytes, linear)
[    0.613755] mem auto-init: stack:off, heap alloc:off, heap free:off
[    0.618157] stackdepot hash table entries: 1048576 (order: 11, 
8388608 bytes, linear)
[    0.793417] Memory: 1694420K/2096632K available (49165K kernel code, 
8082K rwdata, 9132K rodata, 2192K init, 2504K bss, 401956K reserved, 0K 
cma-reserved)
[    0.794070] SLUB: HWalign=64, Order=0-3, MinObjects=0, CPUs=2, 
Nodes=1
[    0.796999] Dynamic Preempt: voluntary
[    0.797297] rcu: Preemptible hierarchical RCU implementation.
[    0.797306] rcu: 	RCU event tracing is enabled.
[    0.797313] rcu: 	RCU restricting CPUs from NR_CPUS=64 to 
nr_cpu_ids=2.
[    0.797331] 	Trampoline variant of Tasks RCU enabled.
[    0.797339] rcu: RCU calculated value of scheduler-enlistment delay 
is 100 jiffies.
[    0.797351] rcu: Adjusting geometry for rcu_fanout_leaf=16, 
nr_cpu_ids=2
[    0.873670] NR_IRQS: 4352, nr_irqs: 440, preallocated irqs: 16
[    0.877164] rcu: srcu_init: Setting srcu_struct sizes based on 
contention.
[    0.877303] random: crng init done
[    0.900248] Console: colour VGA+ 80x25
[    1.544176] printk: console [ttyS0] enabled
[    1.557166] ACPI: Core revision 20220331
[    1.559686] clocksource: hpet: mask: 0xffffffff max_cycles: 
0xffffffff, max_idle_ns: 19112604467 ns
[    1.564101] APIC: Switch to symmetric I/O mode setup
[    1.575316] kvm-guest: setup PV IPIs
[    1.578875] ..TIMER: vector=0x30 apic1=0 pin1=2 apic2=-1 pin2=-1
[    1.588411] clocksource: tsc-early: mask: 0xffffffffffffffff 
max_cycles: 0xfc66f4fc7c, max_idle_ns: 440795224246 ns
[    1.592270] Calibrating delay loop (skipped) preset value.. 2188.80 
BogoMIPS (lpj=1094400)
[    1.593268] pid_max: default: 32768 minimum: 301
[    1.595515] LSM: Security Framework initializing
[    1.596459] SELinux:  Initializing.
[    1.598810] Mount-cache hash table entries: 4096 (order: 3, 32768 
bytes, linear)
[    1.599282] Mountpoint-cache hash table entries: 4096 (order: 3, 
32768 bytes, linear)
[    1.602586] x86/cpu: User Mode Instruction Prevention (UMIP) 
activated
[    1.604465] Last level iTLB entries: 4KB 0, 2MB 0, 4MB 0
[    1.605266] Last level dTLB entries: 4KB 0, 2MB 0, 4MB 0, 1GB 0
[    1.606293] Spectre V1 : Mitigation: usercopy/swapgs barriers and 
__user pointer sanitization
[    1.608278] Spectre V2 : Mitigation: Enhanced IBRS
[    1.610260] Spectre V2 : Spectre v2 / SpectreRSB mitigation: Filling 
RSB on context switch
[    1.611284] Spectre V2 : mitigation: Enabling conditional Indirect 
Branch Prediction Barrier
[    1.612272] Speculative Store Bypass: Mitigation: Speculative Store 
Bypass disabled via prctl
[    1.780041] Freeing SMP alternatives memory: 44K
[    1.781694] smpboot: CPU0: Intel(R) Pentium(R) Silver N5030 CPU @ 
1.10GHz (family: 0x6, model: 0x7a, stepping: 0x8)
[    1.783134] cblist_init_generic: Setting adjustable number of 
callback queues.
[    1.783279] cblist_init_generic: Setting shift to 1 and lim to 1.
[    1.784499] Performance Events: Goldmont plus events, 32-deep LBR, 
full-width counters, Intel PMU driver.
[    1.786282] ... version:                2
[    1.787272] ... bit width:              48
[    1.788270] ... generic registers:      4
[    1.789269] ... value mask:             0000ffffffffffff
[    1.790288] ... max period:             00007fffffffffff
[    1.791292] ... fixed-purpose events:   3
[    1.792291] ... event mask:             000000070000000f
[    1.793975] unchecked MSR access error: WRMSR to 0xdc0 (tried to 
write 0x0000000000000000) at rIP: 0xffffffff96440914 
(intel_pmu_lbr_reset_64+0x1a4/0x270)
[    1.794273] Call Trace:
[    1.795272]  &lt;TASK&gt;
[    1.796271]  intel_pmu_lbr_reset+0xb5/0x1f0
[    1.797288]  ? init_debug_store_on_cpu+0x16/0xa0
[    1.798274]  intel_pmu_cpu_starting+0xbf/0x10d0
[    1.799294]  ? __kasan_kmalloc+0x81/0xa0
[    1.800397]  ? adl_update_topdown_event+0x100/0x100
[    1.801275]  x86_pmu_starting_cpu+0x1e/0x30
[    1.802276]  ? x86_pmu_dead_cpu+0x30/0x30
[    1.803272]  cpuhp_invoke_callback+0x54f/0x1020
[    1.804276]  ? __mutex_unlock_slowpath.constprop.0+0x2a0/0x2a0
[    1.805276]  ? perf_guest_get_msrs+0x17/0x20
[    1.806273]  cpuhp_issue_call+0x615/0x830
[    1.807276]  ? pmu_name_show+0x30/0x30
[    1.808292]  __cpuhp_setup_state_cpuslocked+0x314/0x7f0
[    1.809274]  ? x86_pmu_prepare_cpu+0x23/0xe0
[    1.810271]  ? x86_pmu_starting_cpu+0x30/0x30
[    1.811293]  ? x86_pmu_dead_cpu+0x30/0x30
[    1.812271]  ? x86_pmu_starting_cpu+0x30/0x30
[    1.813274]  __cpuhp_setup_state+0xa1/0x170
[    1.814392]  ? map_vsyscall+0xda/0xda
[    1.815275]  init_hw_perf_events+0x5b0/0x9bd
[    1.816310]  ? do_one_initcall+0x9e/0x3c0
[    1.817273]  ? map_vsyscall+0xda/0xda
[    1.818274]  do_one_initcall+0xa1/0x3c0
[    1.819275]  ? trace_event_raw_event_initcall_level+0x210/0x210
[    1.820290]  ? push_cpu_stop+0x7f0/0x7f0
[    1.821275]  ? _raw_spin_unlock_irqrestore+0x3d/0x80
[    1.822290]  ? _raw_spin_unlock+0x34/0x70
[    1.823293]  ? cblist_init_generic.constprop.0+0x315/0x440
[    1.824275]  kernel_init_freeable+0x324/0x593
[    1.825292]  ? finish_task_switch.isra.0+0x16e/0x6c0
[    1.826272]  ? rest_init+0x140/0x140
[    1.827272]  kernel_init+0x1a/0x1e0
[    1.828294]  ? rest_init+0x140/0x140
[    1.829269]  ret_from_fork+0x1f/0x30
[    1.830274]  &lt;/TASK&gt;
[    1.831734] rcu: Hierarchical SRCU implementation.
[    1.832272] rcu: 	Max phase no-delay instances is 400.
[    1.836906] smp: Bringing up secondary CPUs ...
[    1.837984] x86: Booting SMP configuration:
[    1.838273] .... node  #0, CPUs:      #1
[    1.839385] smp: Brought up 1 node, 2 CPUs
[    1.841271] smpboot: Max logical packages: 1
[    1.842268] smpboot: Total of 2 processors activated (4377.60 
BogoMIPS)
[    1.846274] devtmpfs: initialized
[    1.856061] clocksource: jiffies: mask: 0xffffffff max_cycles: 
0xffffffff, max_idle_ns: 1911260446275000 ns
[    1.856295] futex hash table entries: 512 (order: 3, 32768 bytes, 
linear)
[    1.858037] PM: RTC time: 04:41:30, date: 2022-12-07
[    1.859282] NET: Registered PF_NETLINK/PF_ROUTE protocol family
[    1.861776] audit: initializing netlink subsys (disabled)
[    1.863300] audit: type=2000 audit(1670388089.411:1): 
state=initialized audit_enabled=0 res=1
[    1.864564] thermal_sys: Registered thermal governor 'step_wise'
[    1.865267] thermal_sys: Registered thermal governor 'user_space'
[    1.866563] cpuidle: using governor menu
[    1.869545] PCI: Using configuration type 1 for base access
[    1.932676] kprobes: kprobe jump-optimization is enabled. All kprobes
 are optimized if possible.
[    1.934211] HugeTLB: registered 2.00 MiB page size, pre-allocated 0 
pages
[    1.934280] HugeTLB: 28 KiB vmemmap can be freed for a 2.00 MiB page
[    1.936645] ACPI: Added _OSI(Module Device)
[    1.937275] ACPI: Added _OSI(Processor Device)
[    1.938270] ACPI: Added _OSI(3.0 _SCP Extensions)
[    1.939279] ACPI: Added _OSI(Processor Aggregator Device)
[    1.940303] ACPI: Added _OSI(Linux-Dell-Video)
[    1.941303] ACPI: Added _OSI(Linux-Lenovo-NV-HDMI-Audio)
[    1.942329] ACPI: Added _OSI(Linux-HPI-Hybrid-Graphics)
[    1.987077] ACPI: 1 ACPI AML tables successfully acquired and loaded
[    1.998874] ACPI: Interpreter enabled
[    1.999530] ACPI: PM: (supports S0 S3 S4 S5)
[    2.000273] ACPI: Using IOAPIC for interrupt routing
[    2.001470] PCI: Using host bridge windows from ACPI; if necessary, 
use "pci=nocrs" and report a bug
[    2.002270] PCI: Using E820 reservations for host bridge windows
[    2.005917] ACPI: Enabled 2 GPEs in block 00 to 0F
[    2.111971] ACPI: PCI Root Bridge [PCI0] (domain 0000 [bus 00-ff])
[    2.112360] acpi PNP0A03:00: _OSC: OS supports [ASPM ClockPM Segments
 MSI HPX-Type3]
[    2.113291] acpi PNP0A03:00: _OSC: not requesting OS control; OS 
requires [ExtendedConfig ASPM ClockPM MSI]
[    2.114634] acpi PNP0A03:00: fail to add MMCONFIG information, can't 
access extended PCI configuration space under this bridge.
[    2.116830] PCI host bridge to bus 0000:00
[    2.117304] pci_bus 0000:00: root bus resource [io  0x0000-0x0cf7 
window]
[    2.118300] pci_bus 0000:00: root bus resource [io  0x0d00-0xffff 
window]
[    2.119307] pci_bus 0000:00: root bus resource [mem 
0x000a0000-0x000bffff window]
[    2.120304] pci_bus 0000:00: root bus resource [mem 
0x80000000-0xfebfffff window]
[    2.121305] pci_bus 0000:00: root bus resource [mem 
0x100000000-0x17fffffff window]
[    2.122308] pci_bus 0000:00: root bus resource [bus 00-ff]
[    2.123618] pci 0000:00:00.0: [8086:1237] type 00 class 0x060000
[    2.150830] pci 0000:00:01.0: [8086:7000] type 00 class 0x060100
[    2.154725] pci 0000:00:01.1: [8086:7010] type 00 class 0x010180
[    2.159275] pci 0000:00:01.1: reg 0x20: [io  0xc060-0xc06f]
[    2.162314] pci 0000:00:01.1: legacy IDE quirk: reg 0x10: [io  
0x01f0-0x01f7]
[    2.163282] pci 0000:00:01.1: legacy IDE quirk: reg 0x14: [io  
0x03f6]
[    2.164274] pci 0000:00:01.1: legacy IDE quirk: reg 0x18: [io  
0x0170-0x0177]
[    2.165273] pci 0000:00:01.1: legacy IDE quirk: reg 0x1c: [io  
0x0376]
[    2.168308] pci 0000:00:01.3: [8086:7113] type 00 class 0x068000
[    2.172170] pci 0000:00:01.3: quirk: [io  0x0600-0x063f] claimed by 
PIIX4 ACPI
[    2.172566] pci 0000:00:01.3: quirk: [io  0x0700-0x070f] claimed by 
PIIX4 SMB
[    2.174304] pci 0000:00:02.0: [1234:1111] type 00 class 0x030000
[    2.177299] pci 0000:00:02.0: reg 0x10: [mem 0xfd000000-0xfdffffff 
pref]
[    2.181243] pci 0000:00:02.0: reg 0x18: [mem 0xfebb0000-0xfebb0fff]
[    2.189298] pci 0000:00:02.0: reg 0x30: [mem 0xfeba0000-0xfebaffff 
pref]
[    2.190674] pci 0000:00:02.0: Video device with shadowed ROM at [mem 
0x000c0000-0x000dffff]
[    2.216687] pci 0000:00:03.0: [1af4:1005] type 00 class 0x00ff00
[    2.219006] pci 0000:00:03.0: reg 0x10: [io  0xc040-0xc05f]
[    2.224274] pci 0000:00:03.0: reg 0x20: [mem 0xfe000000-0xfe003fff 
64bit pref]
[    2.255137] pci 0000:00:04.0: [8086:100e] type 00 class 0x020000
[    2.257132] pci 0000:00:04.0: reg 0x10: [mem 0xfeb80000-0xfeb9ffff]
[    2.259278] pci 0000:00:04.0: reg 0x14: [io  0xc000-0xc03f]
[    2.269275] pci 0000:00:04.0: reg 0x30: [mem 0xfeb00000-0xfeb7ffff 
pref]
[    2.310535] ACPI: PCI: Interrupt link LNKA configured for IRQ 10
[    2.314855] ACPI: PCI: Interrupt link LNKB configured for IRQ 10
[    2.319744] ACPI: PCI: Interrupt link LNKC configured for IRQ 11
[    2.323176] ACPI: PCI: Interrupt link LNKD configured for IRQ 11
[    2.324635] ACPI: PCI: Interrupt link LNKS configured for IRQ 9
[    2.330360] iommu: Default domain type: Translated 
[    2.331275] iommu: DMA domain TLB invalidation policy: lazy mode 
[    2.334307] SCSI subsystem initialized
[    2.336117] ACPI: bus type USB registered
[    2.336621] usbcore: registered new interface driver usbfs
[    2.337478] usbcore: registered new interface driver hub
[    2.338413] usbcore: registered new device driver usb
[    2.339563] pps_core: LinuxPPS API ver. 1 registered
[    2.340276] pps_core: Software ver. 5.3.6 - Copyright 2005-2007 
Rodolfo Giometti &lt;giometti@linux.it&gt;
[    2.341384] PTP clock support registered
[    2.343128] Advanced Linux Sound Architecture Driver Initialized.
[    2.346234] NetLabel: Initializing
[    2.346274] NetLabel:  domain hash size = 128
[    2.347273] NetLabel:  protocols = UNLABELED CIPSOv4 CALIPSO
[    2.348532] NetLabel:  unlabeled traffic allowed by default
[    2.349781] PCI: Using ACPI for IRQ routing
[    2.350962] pci 0000:00:02.0: vgaarb: setting as boot VGA device
[    2.351249] pci 0000:00:02.0: vgaarb: bridge control possible
[    2.351249] pci 0000:00:02.0: vgaarb: VGA device added: 
decodes=io+mem,owns=io+mem,locks=none
[    2.351275] vgaarb: loaded
[    2.352496] hpet0: at MMIO 0xfed00000, IRQs 2, 8, 0
[    2.353272] hpet0: 3 comparators, 64-bit 100.000000 MHz counter
[    5.465502] clocksource: Switched to clocksource kvm-clock
[    5.487516] VFS: Disk quotas dquot_6.6.0
[    5.491230] VFS: Dquot-cache hash table entries: 512 (order 0, 4096 
bytes)
[    5.546347] pnp: PnP ACPI init
[    5.556809] pnp: PnP ACPI: found 6 devices
[    5.626052] clocksource: acpi_pm: mask: 0xffffff max_cycles: 
0xffffff, max_idle_ns: 2085701024 ns
[    5.631355] NET: Registered PF_INET protocol family
[    5.646940] IP idents hash table entries: 32768 (order: 6, 262144 
bytes, linear)
[    5.654463] tcp_listen_portaddr_hash hash table entries: 1024 (order:
 2, 16384 bytes, linear)
[    5.660217] Table-perturb hash table entries: 65536 (order: 6, 262144
 bytes, linear)
[    5.675344] TCP established hash table entries: 16384 (order: 5, 
131072 bytes, linear)
[    5.680987] TCP bind hash table entries: 16384 (order: 6, 262144 
bytes, linear)
[    5.686834] TCP: Hash tables configured (established 16384 bind 
16384)
[    5.704520] UDP hash table entries: 1024 (order: 3, 32768 bytes, 
linear)
[    5.709050] UDP-Lite hash table entries: 1024 (order: 3, 32768 bytes,
 linear)
[    5.714104] NET: Registered PF_UNIX/PF_LOCAL protocol family
[    5.718897] RPC: Registered named UNIX socket transport module.
[    5.729904] RPC: Registered udp transport module.
[    5.731786] RPC: Registered tcp transport module.
[    5.734192] RPC: Registered tcp NFSv4.1 backchannel transport module.
[    5.743407] pci_bus 0000:00: resource 4 [io  0x0000-0x0cf7 window]
[    5.765914] pci_bus 0000:00: resource 5 [io  0x0d00-0xffff window]
[    5.770186] pci_bus 0000:00: resource 6 [mem 0x000a0000-0x000bffff 
window]
[    5.782788] pci_bus 0000:00: resource 7 [mem 0x80000000-0xfebfffff 
window]
[    5.787345] pci_bus 0000:00: resource 8 [mem 0x100000000-0x17fffffff 
window]
[    5.793532] pci 0000:00:01.0: PIIX3: Enabling Passive Release
[    5.806218] pci 0000:00:00.0: quirk_passive_release+0x0/0xf0 took 
12428 usecs
[    5.811846] pci 0000:00:00.0: Limiting direct PCI/PCI transfers
[    5.816674] PCI: CLS 0 bytes, default 64
[    5.825442] RAPL PMU: API unit is 2^-32 Joules, 0 fixed counters, 
10737418240 ms ovfl timer
[    5.831547] clocksource: tsc: mask: 0xffffffffffffffff max_cycles: 
0xfc66f4fc7c, max_idle_ns: 440795224246 ns
[    5.844164] clocksource: Switched to clocksource tsc
[    6.163876] Initialise system trusted keyrings
[    6.177657] workingset: timestamp_bits=56 max_order=19 bucket_order=0
[    6.296406] NFS: Registering the id_resolver key type
[    6.298295] Key type id_resolver registered
[    6.299715] Key type id_legacy registered
[    6.301978] 9p: Installing v9fs 9p2000 file system support
[    6.350893] Key type asymmetric registered
[    6.352449] Asymmetric key parser 'x509' registered
[    6.370501] Block layer SCSI generic (bsg) driver version 0.4 loaded 
(major 251)
[    6.373174] io scheduler mq-deadline registered
[    6.374755] io scheduler kyber registered
[    6.388435] input: Power Button as 
/devices/LNXSYSTM:00/LNXPWRBN:00/input/input0
[    6.401701] ACPI: button: Power Button [PWRF]
[   12.146044] ACPI: \_SB_.LNKC: Enabled at IRQ 11
[   12.164007] Serial: 8250/16550 driver, 4 ports, IRQ sharing enabled
[   12.170127] 00:04: ttyS0 at I/O 0x3f8 (irq = 4, base_baud = 115200) 
is a 16550A
[   12.189366] Non-volatile memory driver v1.3
[   12.194686] Linux agpgart interface v0.103
[   12.200758] ACPI: bus type drm_connector registered
[   12.254928] loop: module loaded
[   12.280784] scsi host0: ata_piix
[   12.296843] scsi host1: ata_piix
[   12.298761] ata1: PATA max MWDMA2 cmd 0x1f0 ctl 0x3f6 bmdma 0xc060 
irq 14
[   12.301725] ata2: PATA max MWDMA2 cmd 0x170 ctl 0x376 bmdma 0xc068 
irq 15
[   12.323411] e100: Intel(R) PRO/100 Network Driver
[   12.330019] e100: Copyright(c) 1999-2006 Intel Corporation
[   12.332108] e1000: Intel(R) PRO/1000 Network Driver
[   12.346531] e1000: Copyright (c) 1999-2006 Intel Corporation.
[   12.476708] ata1: found unknown device (class 0)
[   12.478899] ata1.00: ATA-7: QEMU HARDDISK, 2.5+, max UDMA/100
[   12.486160] ata1.00: 4194304 sectors, multi 16: LBA48 
[   12.488697] ata2: found unknown device (class 0)
[   12.491216] ata2.00: ATAPI: QEMU DVD-ROM, 2.5+, max UDMA/100
[   12.510719] scsi 0:0:0:0: Direct-Access     ATA      QEMU HARDDISK   
 2.5+ PQ: 0 ANSI: 5
[   12.515598] scsi 0:0:0:0: Attached scsi generic sg0 type 0
[   12.549563] sd 0:0:0:0: [sda] 4194304 512-byte logical blocks: (2.15 
GB/2.00 GiB)
[   12.552311] sd 0:0:0:0: [sda] Write Protect is off
[   12.581668] sd 0:0:0:0: [sda] Write cache: enabled, read cache: 
enabled, doesn't support DPO or FUA
[   12.584874] sd 0:0:0:0: [sda] Preferred minimum I/O size 512 bytes
[   12.617960] scsi 1:0:0:0: CD-ROM            QEMU     QEMU DVD-ROM    
 2.5+ PQ: 0 ANSI: 5
[   12.665766] sd 0:0:0:0: [sda] Attached SCSI disk
[   12.809411] sr 1:0:0:0: [sr0] scsi3-mmc drive: 4x/4x cd/rw xa/form2 
tray
[   12.811937] cdrom: Uniform CD-ROM driver Revision: 3.20
[   12.894533] sr 1:0:0:0: Attached scsi generic sg1 type 5
[   18.838385] ACPI: \_SB_.LNKD: Enabled at IRQ 10
[   19.776975] e1000 0000:00:04.0 eth0: (PCI:33MHz:32-bit) 
52:54:00:12:34:56
[   19.784998] e1000 0000:00:04.0 eth0: Intel(R) PRO/1000 Network 
Connection
[   19.791998] e1000e: Intel(R) PRO/1000 Network Driver
[   19.799513] e1000e: Copyright(c) 1999 - 2015 Intel Corporation.
[   19.807681] sky2: driver version 1.30
[   19.814209] ehci_hcd: USB 2.0 'Enhanced' Host Controller (EHCI) 
Driver
[   19.822308] ehci-pci: EHCI PCI platform driver
[   19.828418] ohci_hcd: USB 1.1 'Open' Host Controller (OHCI) Driver
[   19.834400] ohci-pci: OHCI PCI platform driver
[   19.838556] uhci_hcd: USB Universal Host Controller Interface driver
[   19.842497] usbcore: registered new interface driver usblp
[   19.853181] usbcore: registered new interface driver usb-storage
[   19.861181] i8042: PNP: PS/2 Controller [PNP0303:KBD,PNP0f13:MOU] at 
0x60,0x64 irq 1,12
[   19.884904] serio: i8042 KBD port at 0x60,0x64 irq 1
[   19.897770] serio: i8042 AUX port at 0x60,0x64 irq 12
[   19.904878] rtc_cmos 00:05: RTC can wake from S4
[   19.909719] rtc_cmos 00:05: registered as rtc0
[   19.911312] input: AT Translated Set 2 keyboard as 
/devices/platform/i8042/serio0/input/input1
[   19.913198] rtc_cmos 00:05: alarms up to one day, y3k, 242 bytes 
nvram, hpet irqs
[   19.915388] device-mapper: ioctl: 4.47.0-ioctl (2022-07-28) 
initialised: dm-devel@redhat.com
[   19.915425] intel_pstate: CPU model not supported
[   19.915590] hid: raw HID events driver (C) Jiri Kosina
[   19.931602] usbcore: registered new interface driver usbhid
[   19.956829] usbhid: USB HID core driver
[   19.981634] Initializing XFRM netlink socket
[   19.995139] NET: Registered PF_INET6 protocol family
[   20.009982] Segment Routing with IPv6
[   20.011663] In-situ OAM (IOAM) with IPv6
[   20.029012] sit: IPv6, IPv4 and MPLS over IPv4 tunneling driver
[   20.035971] NET: Registered PF_PACKET protocol family
[   20.039970] 9pnet: Installing 9P2000 support
[   20.046779] Key type dns_resolver registered
[   20.060043] IPI shorthand broadcast: enabled
[   20.062234] sched_clock: Marking stable (19350856089, 
711052705)-&gt;(25836282926, -5774374132)
[   20.074655] registered taskstats version 1
[   20.076848] Loading compiled-in X.509 certificates
[   20.086993] cryptomgr_test (52) used greatest stack depth: 30800 
bytes left
[   20.103592] cryptomgr_test (64) used greatest stack depth: 30320 
bytes left
[   20.134037] PM:   Magic number: 2:118:666
[   20.140751] platform QEMU0002:00: hash matches
[   20.145310] acpi QEMU0002:00: hash matches
[   20.157044] printk: console [netcon0] enabled
[   20.160611] netconsole: network logging started
[   20.170524] cfg80211: Loading compiled-in X.509 certificates for 
regulatory database
[   20.187917] kworker/u4:0 (74) used greatest stack depth: 28672 bytes 
left
[   20.201214] cfg80211: Loaded X.509 cert 'sforshee: 
00b28ddf47aef9cea7'
[   20.210765] platform regulatory.0: Direct firmware load for 
regulatory.db failed with error -2
[   20.229240] ALSA device list:
[   20.232978]   No soundcards found.
[   20.241287] cfg80211: failed to load regulatory.db
[   20.665027] input: ImExPS/2 Generic Explorer Mouse as 
/devices/platform/i8042/serio1/input/input3
[   20.690276] md: Waiting for all devices to be available before 
autodetect
[   20.692659] md: If you don't use raid, use raid=noautodetect
[   20.696353] md: Autodetecting RAID arrays.
[   20.704516] md: autorun ...
[   20.706159] md: ... autorun DONE.
[   20.741179] EXT4-fs (sda): INFO: recovery required on readonly 
filesystem
[   20.743054] EXT4-fs (sda): write access will be enabled during 
recovery
[   20.904518] EXT4-fs (sda): recovery complete
[   20.915724] EXT4-fs (sda): mounted filesystem with ordered data mode.
 Quota mode: none.
[   20.917479] VFS: Mounted root (ext4 filesystem) readonly on device 
8:0.
[   20.919998] devtmpfs: mounted
[   20.923931] Freeing unused kernel image (initmem) memory: 2192K
[   20.927541] Write protecting the kernel read-only data: 61440k
[   20.943711] Freeing unused kernel image (text/rodata gap) memory: 
2032K
[   20.948180] Freeing unused kernel image (rodata/data gap) memory: 
1108K
[   20.963235] Run /sbin/init as init process
[   23.742550] SELinux:  Permission getrlimit in class process not 
defined in policy.
[   23.744722] SELinux:  Class process2 not defined in policy.
[   23.746305] SELinux:  Permission watch in class filesystem not 
defined in policy.
[   23.748241] SELinux:  Permission map in class file not defined in 
policy.
[   23.770045] SELinux:  Permission watch in class file not defined in 
policy.
[   23.771913] SELinux:  Permission watch_mount in class file not 
defined in policy.
[   23.773890] SELinux:  Permission watch_sb in class file not defined 
in policy.
[   23.788018] SELinux:  Permission watch_with_perm in class file not 
defined in policy.
[   23.798240] SELinux:  Permission watch_reads in class file not 
defined in policy.
[   23.807150] SELinux:  Permission map in class dir not defined in 
policy.
[   23.809089] SELinux:  Permission watch in class dir not defined in 
policy.
[   23.810925] SELinux:  Permission watch_mount in class dir not defined
 in policy.
[   23.812827] SELinux:  Permission watch_sb in class dir not defined in
 policy.
[   23.821071] SELinux:  Permission watch_with_perm in class dir not 
defined in policy.
[   23.823126] SELinux:  Permission watch_reads in class dir not defined
 in policy.
[   23.825082] SELinux:  Permission map in class lnk_file not defined in
 policy.
[   23.842238] SELinux:  Permission watch in class lnk_file not defined 
in policy.
[   23.844171] SELinux:  Permission watch_mount in class lnk_file not 
defined in policy.
[   23.846171] SELinux:  Permission watch_sb in class lnk_file not 
defined in policy.
[   23.848186] SELinux:  Permission watch_with_perm in class lnk_file 
not defined in policy.
[   23.873681] SELinux:  Permission watch_reads in class lnk_file not 
defined in policy.
[   23.875709] SELinux:  Permission map in class chr_file not defined in
 policy.
[   23.877654] SELinux:  Permission watch in class chr_file not defined 
in policy.
[   23.879566] SELinux:  Permission watch_mount in class chr_file not 
defined in policy.
[   23.889665] SELinux:  Permission watch_sb in class chr_file not 
defined in policy.
[   23.893702] SELinux:  Permission watch_with_perm in class chr_file 
not defined in policy.
[   23.895644] SELinux:  Permission watch_reads in class chr_file not 
defined in policy.
[   23.897559] SELinux:  Permission map in class blk_file not defined in
 policy.
[   23.912040] SELinux:  Permission watch in class blk_file not defined 
in policy.
[   23.923754] SELinux:  Permission watch_mount in class blk_file not 
defined in policy.
[   23.936280] SELinux:  Permission watch_sb in class blk_file not 
defined in policy.
[   23.939460] SELinux:  Permission watch_with_perm in class blk_file 
not defined in policy.
[   23.950403] SELinux:  Permission watch_reads in class blk_file not 
defined in policy.
[   23.952540] SELinux:  Permission map in class sock_file not defined 
in policy.
[   23.970578] SELinux:  Permission watch in class sock_file not defined
 in policy.
[   23.973808] SELinux:  Permission watch_mount in class sock_file not 
defined in policy.
[   23.977601] SELinux:  Permission watch_sb in class sock_file not 
defined in policy.
[   23.980549] SELinux:  Permission watch_with_perm in class sock_file 
not defined in policy.
[   23.989917] SELinux:  Permission watch_reads in class sock_file not 
defined in policy.
[   23.992032] SELinux:  Permission map in class fifo_file not defined 
in policy.
[   24.002247] SELinux:  Permission watch in class fifo_file not defined
 in policy.
[   24.009509] SELinux:  Permission watch_mount in class fifo_file not 
defined in policy.
[   24.022691] SELinux:  Permission watch_sb in class fifo_file not 
defined in policy.
[   24.028450] SELinux:  Permission watch_with_perm in class fifo_file 
not defined in policy.
[   24.036391] SELinux:  Permission watch_reads in class fifo_file not 
defined in policy.
[   24.043607] SELinux:  Permission map in class socket not defined in 
policy.
[   24.055384] SELinux:  Permission map in class tcp_socket not defined 
in policy.
[   24.069709] SELinux:  Permission map in class udp_socket not defined 
in policy.
[   24.083066] SELinux:  Permission map in class rawip_socket not 
defined in policy.
[   24.086681] SELinux:  Permission map in class netlink_socket not 
defined in policy.
[   24.090333] SELinux:  Permission map in class packet_socket not 
defined in policy.
[   24.094030] SELinux:  Permission map in class key_socket not defined 
in policy.
[   24.103809] SELinux:  Permission map in class unix_stream_socket not 
defined in policy.
[   24.117236] SELinux:  Permission map in class unix_dgram_socket not 
defined in policy.
[   24.121137] SELinux:  Permission map in class netlink_route_socket 
not defined in policy.
[   24.132804] SELinux:  Permission map in class netlink_tcpdiag_socket 
not defined in policy.
[   24.149947] SELinux:  Permission map in class netlink_nflog_socket 
not defined in policy.
[   24.154167] SELinux:  Permission map in class netlink_xfrm_socket not
 defined in policy.
[   24.158145] SELinux:  Permission map in class netlink_selinux_socket 
not defined in policy.
[   24.162135] SELinux:  Permission map in class netlink_iscsi_socket 
not defined in policy.
[   24.180037] SELinux:  Permission map in class netlink_audit_socket 
not defined in policy.
[   24.184679] SELinux:  Permission map in class 
netlink_fib_lookup_socket not defined in policy.
[   24.197424] SELinux:  Permission map in class 
netlink_connector_socket not defined in policy.
[   24.207928] SELinux:  Permission map in class 
netlink_netfilter_socket not defined in policy.
[   24.217621] SELinux:  Permission map in class netlink_dnrt_socket not
 defined in policy.
[   24.224628] SELinux:  Permission map in class 
netlink_kobject_uevent_socket not defined in policy.
[   24.229018] SELinux:  Permission map in class netlink_generic_socket 
not defined in policy.
[   24.236292] SELinux:  Permission map in class 
netlink_scsitransport_socket not defined in policy.
[   24.245386] SELinux:  Permission map in class netlink_rdma_socket not
 defined in policy.
[   24.250615] SELinux:  Permission map in class netlink_crypto_socket 
not defined in policy.
[   24.261437] SELinux:  Permission map in class appletalk_socket not 
defined in policy.
[   24.273396] SELinux:  Permission map in class dccp_socket not defined
 in policy.
[   24.275527] SELinux:  Permission perfmon in class capability2 not 
defined in policy.
[   24.278545] SELinux:  Permission bpf in class capability2 not defined
 in policy.
[   24.289303] SELinux:  Permission checkpoint_restore in class 
capability2 not defined in policy.
[   24.291626] SELinux:  Permission map in class tun_socket not defined 
in policy.
[   24.293624] SELinux:  Permission perfmon in class cap2_userns not 
defined in policy.
[   24.295723] SELinux:  Permission bpf in class cap2_userns not defined
 in policy.
[   24.305797] SELinux:  Permission checkpoint_restore in class 
cap2_userns not defined in policy.
[   24.308028] SELinux:  Class sctp_socket not defined in policy.
[   24.325671] SELinux:  Class icmp_socket not defined in policy.
[   24.327207] SELinux:  Class ax25_socket not defined in policy.
[   24.328745] SELinux:  Class ipx_socket not defined in policy.
[   24.330302] SELinux:  Class netrom_socket not defined in policy.
[   24.331824] SELinux:  Class atmpvc_socket not defined in policy.
[   24.349533] SELinux:  Class x25_socket not defined in policy.
[   24.355099] SELinux:  Class rose_socket not defined in policy.
[   24.357993] SELinux:  Class decnet_socket not defined in policy.
[   24.359665] SELinux:  Class atmsvc_socket not defined in policy.
[   24.361240] SELinux:  Class rds_socket not defined in policy.
[   24.372140] SELinux:  Class irda_socket not defined in policy.
[   24.381445] SELinux:  Class pppox_socket not defined in policy.
[   24.384476] SELinux:  Class llc_socket not defined in policy.
[   24.385699] SELinux:  Class can_socket not defined in policy.
[   24.405468] SELinux:  Class tipc_socket not defined in policy.
[   24.407133] SELinux:  Class bluetooth_socket not defined in policy.
[   24.408806] SELinux:  Class iucv_socket not defined in policy.
[   24.410422] SELinux:  Class rxrpc_socket not defined in policy.
[   24.412086] SELinux:  Class isdn_socket not defined in policy.
[   24.429440] SELinux:  Class phonet_socket not defined in policy.
[   24.431030] SELinux:  Class ieee802154_socket not defined in policy.
[   24.438742] SELinux:  Class caif_socket not defined in policy.
[   24.440337] SELinux:  Class alg_socket not defined in policy.
[   24.441851] SELinux:  Class nfc_socket not defined in policy.
[   24.457486] SELinux:  Class vsock_socket not defined in policy.
[   24.460551] SELinux:  Class kcm_socket not defined in policy.
[   24.463378] SELinux:  Class qipcrtr_socket not defined in policy.
[   24.471770] SELinux:  Class smc_socket not defined in policy.
[   24.474666] SELinux:  Class infiniband_pkey not defined in policy.
[   24.486377] SELinux:  Class infiniband_endport not defined in policy.
[   24.495822] SELinux:  Class bpf not defined in policy.
[   24.498413] SELinux:  Class xdp_socket not defined in policy.
[   24.501177] SELinux:  Class mctp_socket not defined in policy.
[   24.512104] SELinux:  Class perf_event not defined in policy.
[   24.515151] SELinux:  Class anon_inode not defined in policy.
[   24.518430] SELinux:  Class io_uring not defined in policy.
[   24.527836] SELinux: the above unknown classes and permissions will 
be allowed
[   24.621093] SELinux:  policy capability network_peer_controls=1
[   24.645511] SELinux:  policy capability open_perms=1
[   24.648994] SELinux:  policy capability extended_socket_class=0
[   24.652000] SELinux:  policy capability always_check_network=0
[   24.655070] SELinux:  policy capability cgroup_seclabel=0
[   24.657951] SELinux:  policy capability nnp_nosuid_transition=0
[   24.663496] SELinux:  policy capability genfs_seclabel_symlinks=0
[   24.670585] SELinux:  policy capability ioctl_skip_cloexec=0
[   24.832408] audit: type=1403 audit(1670388112.379:2): auid=4294967295
 ses=4294967295 lsm=selinux res=1
[   24.854067] systemd[1]: Successfully loaded SELinux policy in 
3.621391s.
[   24.965353] audit: type=1400 audit(1670388112.502:3): avc:  denied  {
 associate } for  pid=1 comm="systemd" name="pts" 
scontext=system_u:object_r:devpts_t:s0 
tcontext=system_u:object_r:device_t:s0 tclass=filesystem permissive=1
[   25.078154] systemd[1]: Relabelled /dev and /run in 89.703ms.
[   25.166929] systemd[1]: systemd 232 running in system mode. (+PAM 
+AUDIT +SELINUX +IMA +APPARMOR +SMACK +SYSVINIT +UTMP +LIBCRYPTSETUP 
+GCRYPT +GNUTLS +ACL +XZ +LZ4 +SECCOMP +BLKID +ELFUTILS +KMOD +IDN)
[   25.172499] systemd[1]: Detected virtualization qemu.
[   25.175446] systemd[1]: Detected architecture x86-64.

Welcome to [1mDebian GNU/Linux 9 (stretch)[0m!

[   25.193645] systemd[1]: Set hostname to &lt;syzkaller&gt;.
[   25.520238] systemd-getty-g (82) used greatest stack depth: 27000 
bytes left
[   25.540163] systemd-sysv-ge (81) used greatest stack depth: 26752 
bytes left
[   25.633158] systemd-gpt-aut (83) used greatest stack depth: 26568 
bytes left
[   25.664671] systemd-rc-loca (84) used greatest stack depth: 26424 
bytes left
[   25.726779] selinux-autorel (85) used greatest stack depth: 26088 
bytes left
[   26.306604] systemd[1]: Set up automount Arbitrary Executable File 
Formats File System Automount Point.
[[0;32m  OK  [0m] Set up automount Arbitrary Executabrmats File 
System Automount Point.
[   26.333185] systemd[1]: Reached target Swap.
[[0;32m  OK  [0m] Reached target Swap.
[   26.358896] systemd[1]: Started Dispatch Password Requests to Console
 Directory Watch.
[[0;32m  OK  [0m] Started Dispatch Password Requests to Console 
Directory Watch.
[   26.383102] systemd[1]: Listening on /dev/initctl Compatibility Named
 Pipe.
[[0;32m  OK  [0m] Listening on /dev/initctl Compatibility Named Pipe.
[   26.415309] systemd[1]: Created slice System Slice.
[[0;32m  OK  [0m] Created slice System Slice.
[   26.433737] systemd[1]: dev-hugepages.mount: Couldn't determine 
result for ConditionVirtualization=!private-users, assuming failed: No 
such file or directory
         Mounting /proc/sys/fs/binfmt_misc...
[[0;32m  OK  [0m] Created slice system-getty.slice.
[[0;32m  OK  [0m] Listening on udev Kernel Socket.
[[0;32m  OK  [0m] Listening on Journal Socket (/dev/log).
         Mounting /sys/kernel/debug...
[[0;32m  OK  [0m] Listening on Journal Socket.
         Starting Remount Root and Kernel File Systems...
         Mounting POSIX Message Queue File System...
[[0;32m  OK  [0m] Created slice system-serial\x2dgetty.slice.
         Mounting /sys/kernel/config...
[[0;32m  OK  [0m] Listening on udev Control Socket.
[[0;32m  OK  [0m] Started Forward Password Requests to Wall Directory 
Watch.
[[0;32m  OK  [0m] Reached target Paths.
[[0;32m  OK  [0m] Reached target Encrypted Volumes.
         Starting Create Static Device Nodes in /dev...
[[0;32m  OK  [0m] Reached target Slices.
[   26.885723] EXT4-fs (sda): re-mounted. Quota mode: none.
         Starting Load Kernel Modules...
[[0;32m  OK  [0m] Reached target Remote File Systems.
[   26.969237] audit: type=1400 audit(1670388114.516:4): avc:  denied  {
 audit_read } for  pid=1 comm="systemd" capability=37  
scontext=system_u:system_r:kernel_t:s0 
tcontext=system_u:system_r:kernel_t:s0 tclass=capability2 permissive=1
[[0;32m  OK  [0m] Listening on Journal Audit Socket.
[[0;32m  OK  [0m] Listening on Syslog Socket.
         Starting Journal Service...
[[0;32m  OK  [0m] Reached target Sockets.
[[0;32m  OK  [0m] Mounted POSIX Message Queue File System.
[[0;32m  OK  [0m] Mounted /sys/kernel/debug.
[[0;32m  OK  [0m] Mounted /sys/kernel/config.
[[0;32m  OK  [0m] Mounted /proc/sys/fs/binfmt_misc.
[[0;32m  OK  [0m] Started Remount Root and Kernel File Systems.
[[0;32m  OK  [0m] Started Create Static Device Nodes in /dev.
[[0;32m  OK  [0m] Started Load Kernel Modules.
         Starting Apply Kernel Variables...
         Starting udev Kernel Device Manager...
         Starting Load/Save Random Seed...
[[0;32m  OK  [0m] Reached target Local File Systems (Pre).
         Starting udev Coldplug all Devices...
[[0;32m  OK  [0m] Reached target Local File Systems.
[[0;32m  OK  [0m] Started Apply Kernel Variables.
[[0;32m  OK  [0m] Started Load/Save Random Seed.
         Starting Raise network interfaces...
[[0;32m  OK  [0m] Started Journal Service.
         Starting Flush Journal to Persistent Storage...
[   28.359903] audit: type=1107 audit(1670388115.907:5): pid=1 uid=0 
auid=4294967295 ses=4294967295 subj=system_u:system_r:kernel_t:s0 
msg='avc:  denied  { stop } for auid=n/a uid=0 gid=0 
path="/lib/systemd/system/systemd-journald.service" 
cmdline="/bin/journalctl --flush" scontext=system_u:system_r:kernel_t:s0
 tcontext=system_u:object_r:unlabeled_t:s0 tclass=service
[   28.359903]  exe="/lib/systemd/systemd" sauid=0 hostname=? addr=? 
terminal=?'
[   28.404147] systemd-journald[108]: Received request to flush runtime 
journal from PID 1
[[0;32m  OK  [0m] Started udev Kernel Device Manager.
[[0;32m  OK  [0m] Started Flush Journal to Persistent Storage.
         Starting Create Volatile Files and Directories...
[[0;32m  OK  [0m] Started Create Volatile Files and Directories.
[   29.514514] ip (144) used greatest stack depth: 26000 bytes left
         Starting Update UTMP about System Boot/Shutdown...
         Starting Network Time Synchronization...
[[0;32m  OK  [0m] Started Update UTMP about System Boot/Shutdown.
[[0;32m  OK  [0m] Started Network Time Synchronization.
[[0;32m  OK  [0m] Reached target System Time Synchronized.
[[0;32m  OK  [0m] Started udev Coldplug all Devices.
[[0;32m  OK  [0m] Reached target System Initialization.
[[0;32m  OK  [0m] Reached target Basic System.
[   31.096627] e1000 0000:00:04.0 enp0s4: renamed from eth0
[[0;32m  OK  [0m] Started Regular background program processing 
daemon.
[[0;32m  OK  [0m] Started Daily apt download activities.
[[0;32m  OK  [0m] Started Daily apt upgrade and clean activities.
         Starting System Logging Service...
         Starting getty on tty2-tty6 if dbus and logind are not 
available...
[[0;32m  OK  [0m] Started Daily Cleanup of Temporary Directories.
[[0;32m  OK  [0m] Reached target Timers.
[[0;32m  OK  [0m] Started System Logging Service.
[[0;32m  OK  [0m] Found device /dev/ttyS0.
[   32.623524] audit: type=1107 audit(1670388120.171:6): pid=1 uid=0 
auid=4294967295 ses=4294967295 subj=system_u:system_r:kernel_t:s0 
msg='avc:  denied  { start } for auid=n/a uid=0 gid=0 
path="/lib/systemd/system/getty@.service" cmdline="/bin/systemctl 
--no-block start getty@tty2.service getty@tty3.service 
getty@tty4.service getty@tty5.service getty@tty6.service" 
scontext=system_u:system_r:kernel_t:s0 
tcontext=system_u:object_r:unlabeled_t:s0 tclass=service
[   32.623524]  exe="/lib/systemd/systemd" sauid=0 hostname=? addr=? 
terminal=?'
[   32.805494] audit: type=1107 audit(1670388120.193:7): pid=1 uid=0 
auid=4294967295 ses=4294967295 subj=system_u:system_r:kernel_t:s0 
msg='avc:  denied  { status } for auid=n/a uid=0 gid=0 
path="/lib/systemd/system/getty@.service" cmdline="/bin/systemctl 
--no-block start getty@tty2.service getty@tty3.service 
getty@tty4.service getty@tty5.service getty@tty6.service" 
scontext=system_u:system_r:kernel_t:s0 
tcontext=system_u:object_r:unlabeled_t:s0 tclass=service
[   32.805494]  exe="/lib/systemd/systemd" sauid=0 hostname=? addr=? 
terminal=?'
[[0;32m  OK  [0m] Listening on Load/Save RF Kill Switch Status 
/dev/rfkill Watch.
[[0;32m  OK  [0m] Started getty on tty2-tty6 if dbus and logind are 
not available.
[[0;1;31mFAILED[0m] Failed to start Raise network interfaces.
See 'systemctl status networking.service' for details.
[[0;32m  OK  [0m] Reached target Network.
[[0;32m  OK  [0m] Reached target Network is Online.
         Starting Daily apt download activities...
         Starting Permit User Sessions...
         Starting OpenBSD Secure Shell server...
[[0;32m  OK  [0m] Started Permit User Sessions.
[[0;32m  OK  [0m] Started Serial Getty on ttyS0.
[[0;32m  OK  [0m] Started Getty on tty6.
[[0;32m  OK  [0m] Started Getty on tty5.
[[0;32m  OK  [0m] Started Getty on tty4.
[[0;32m  OK  [0m] Started Getty on tty1.
[[0;32m  OK  [0m] Started Getty on tty2.
[[0;32m  OK  [0m] Started Getty on tty3.
[[0;32m  OK  [0m] Reached target Login Prompts.
[[0;32m  OK  [0m] Started OpenBSD Secure Shell server.
[[0;32m  OK  [0m] Reached target Multi-User System.
[[0;32m  OK  [0m] Reached target Graphical Interface.
         Starting Update UTMP about System Runlevel Changes...
[[0;32m  OK  [0m] Started Update UTMP about System Runlevel Changes.

Debian GNU/Linux 9 syzkaller ttyS0


2022/12/06 22:51:37 VMs 2, executed 5375929, cover 85853, signal 
133616/177658, crashes 23, repro 2
2022/12/06 22:51:47 VMs 2, executed 5376153, cover 85853, signal 
133616/177658, crashes 23, repro 2
2022/12/06 22:51:57 VMs 2, executed 5376153, cover 85853, signal 
133616/177658, crashes 23, repro 2
2022/12/06 22:52:07 VMs 2, executed 5376387, cover 85853, signal 
133616/177658, crashes 23, repro 2
2022/12/06 22:52:17 VMs 2, executed 5376595, cover 85853, signal 
133616/177658, crashes 23, repro 2
2022/12/06 22:52:27 VMs 2, executed 5376831, cover 85853, signal 
133616/177658, crashes 23, repro 2
2022/12/06 22:52:37 VMs 2, executed 5377718, cover 85853, signal 
133616/177659, crashes 23, repro 2
2022/12/06 22:52:47 VMs 2, executed 5378274, cover 85854, signal 
133618/177662, crashes 23, repro 2
2022/12/06 22:52:55 reproducing crash 'SYZFATAL: executor NUM failed NUM
 times: executor NUM: exit status NUM': failed to init instance: failed 
to create VM: can't ssh into the instance
failed to run ["ssh" "-p" "12326" "-F" "/dev/null" "-o" 
"UserKnownHostsFile=/dev/null" "-o" "BatchMode=yes" "-o" 
"IdentitiesOnly=yes" "-o" "StrictHostKeyChecking=no" "-o" 
"ConnectTimeout=10" "-i" 
"/home/abel/Documents/workspace/syzkaller/tools/stretch.id_rsa" 
"root@localhost" "pwd"]: exit status 255
Connection timed out during banner exchange
Connection to 127.0.0.1 port 12326 timed out
[    0.000000] Linux version 6.0.8 (abel@abel-Inspiron-3502) (gcc 
(Ubuntu 11.3.0-1ubuntu1~22.04) 11.3.0, GNU ld (GNU Binutils for Ubuntu) 
2.38) #3 SMP PREEMPT_DYNAMIC Mon Dec 5 23:32:47 CST 2022
[    0.000000] Command line: root=/dev/sda console=ttyS0 
[    0.000000] x86/fpu: Supporting XSAVE feature 0x001: 'x87 floating 
point registers'
[    0.000000] x86/fpu: Supporting XSAVE feature 0x002: 'SSE registers'
[    0.000000] x86/fpu: Supporting XSAVE feature 0x008: 'MPX bounds 
registers'
[    0.000000] x86/fpu: Supporting XSAVE feature 0x010: 'MPX CSR'
[    0.000000] x86/fpu: xstate_offset[3]:  576, xstate_sizes[3]:   64
[    0.000000] x86/fpu: xstate_offset[4]:  640, xstate_sizes[4]:   64
[    0.000000] x86/fpu: Enabled xstate features 0x1b, context size is 
704 bytes, using 'compacted' format.
[    0.000000] signal: max sigframe size: 2032
[    0.000000] BIOS-provided physical RAM map:
[    0.000000] BIOS-e820: [mem 0x0000000000000000-0x000000000009fbff] 
usable
[    0.000000] BIOS-e820: [mem 0x000000000009fc00-0x000000000009ffff] 
reserved
[    0.000000] BIOS-e820: [mem 0x00000000000f0000-0x00000000000fffff] 
reserved
[    0.000000] BIOS-e820: [mem 0x0000000000100000-0x000000007ffdffff] 
usable
[    0.000000] BIOS-e820: [mem 0x000000007ffe0000-0x000000007fffffff] 
reserved
[    0.000000] BIOS-e820: [mem 0x00000000feffc000-0x00000000feffffff] 
reserved
[    0.000000] BIOS-e820: [mem 0x00000000fffc0000-0x00000000ffffffff] 
reserved
[    0.000000] NX (Execute Disable) protection: active
[    0.000000] SMBIOS 2.8 present.
[    0.000000] DMI: QEMU Standard PC (i440FX + PIIX, 1996), BIOS 
1.15.0-1 04/01/2014
[    0.000000] Hypervisor detected: KVM
[    0.000000] kvm-clock: Using msrs 4b564d01 and 4b564d00
[    0.000007] kvm-clock: using sched offset of 1345891931 cycles
[    0.000025] clocksource: kvm-clock: mask: 0xffffffffffffffff 
max_cycles: 0x1cd42e4dffb, max_idle_ns: 881590591483 ns
[    0.000052] tsc: Detected 1094.400 MHz processor
[    0.016723] last_pfn = 0x7ffe0 max_arch_pfn = 0x400000000
[    0.016817] x86/PAT: Configuration [0-7]: WB  WC  UC- UC  WB  WP  UC-
 WT  
[    0.025083] found SMP MP-table at [mem 0x000f5b90-0x000f5b9f]
[    0.025321] Using GB pages for direct mapping
[    0.027050] ACPI: Early table checksum verification disabled
[    0.027089] ACPI: RSDP 0x00000000000F59D0 000014 (v00 BOCHS )
[    0.027140] ACPI: RSDT 0x000000007FFE1967 000034 (v01 BOCHS  BXPC    
 00000001 BXPC 00000001)
[    0.027198] ACPI: FACP 0x000000007FFE1813 000074 (v01 BOCHS  BXPC    
 00000001 BXPC 00000001)
[    0.027259] ACPI: DSDT 0x000000007FFE0040 0017D3 (v01 BOCHS  BXPC    
 00000001 BXPC 00000001)
[    0.027309] ACPI: FACS 0x000000007FFE0000 000040
[    0.027345] ACPI: APIC 0x000000007FFE1887 000080 (v01 BOCHS  BXPC    
 00000001 BXPC 00000001)
[    0.027395] ACPI: HPET 0x000000007FFE1907 000038 (v01 BOCHS  BXPC    
 00000001 BXPC 00000001)
[    0.027446] ACPI: WAET 0x000000007FFE193F 000028 (v01 BOCHS  BXPC    
 00000001 BXPC 00000001)
[    0.027492] ACPI: Reserving FACP table memory at [mem 
0x7ffe1813-0x7ffe1886]
[    0.027512] ACPI: Reserving DSDT table memory at [mem 
0x7ffe0040-0x7ffe1812]
[    0.027531] ACPI: Reserving FACS table memory at [mem 
0x7ffe0000-0x7ffe003f]
[    0.027549] ACPI: Reserving APIC table memory at [mem 
0x7ffe1887-0x7ffe1906]
[    0.027567] ACPI: Reserving HPET table memory at [mem 
0x7ffe1907-0x7ffe193e]
[    0.027585] ACPI: Reserving WAET table memory at [mem 
0x7ffe193f-0x7ffe1966]
[    0.030624] No NUMA configuration found
[    0.030643] Faking a node at [mem 
0x0000000000000000-0x000000007ffdffff]
[    0.030753] NODE_DATA(0) allocated [mem 0x7ffdc000-0x7ffdffff]
[    0.030879] Zone ranges:
[    0.030886]   DMA      [mem 0x0000000000001000-0x0000000000ffffff]
[    0.030910]   DMA32    [mem 0x0000000001000000-0x000000007ffdffff]
[    0.030931]   Normal   empty
[    0.030942] Movable zone start for each node
[    0.030949] Early memory node ranges
[    0.030954]   node   0: [mem 0x0000000000001000-0x000000000009efff]
[    0.030972]   node   0: [mem 0x0000000000100000-0x000000007ffdffff]
[    0.030993] Initmem setup node 0 [mem 
0x0000000000001000-0x000000007ffdffff]
[    0.031889] On node 0, zone DMA: 1 pages in unavailable ranges
[    0.032217] On node 0, zone DMA: 97 pages in unavailable ranges
[    0.082279] On node 0, zone DMA32: 32 pages in unavailable ranges
[    0.299695] kasan: KernelAddressSanitizer initialized
[    0.300361] ACPI: PM-Timer IO Port: 0x608
[    0.300411] ACPI: LAPIC_NMI (acpi_id[0xff] dfl dfl lint[0x1])
[    0.300511] IOAPIC[0]: apic_id 0, version 17, address 0xfec00000, GSI
 0-23
[    0.300548] ACPI: INT_SRC_OVR (bus 0 bus_irq 0 global_irq 2 dfl dfl)
[    0.300573] ACPI: INT_SRC_OVR (bus 0 bus_irq 5 global_irq 5 high 
level)
[    0.300594] ACPI: INT_SRC_OVR (bus 0 bus_irq 9 global_irq 9 high 
level)
[    0.300616] ACPI: INT_SRC_OVR (bus 0 bus_irq 10 global_irq 10 high 
level)
[    0.300638] ACPI: INT_SRC_OVR (bus 0 bus_irq 11 global_irq 11 high 
level)
[    0.300685] ACPI: Using ACPI (MADT) for SMP configuration information
[    0.300696] ACPI: HPET id: 0x8086a201 base: 0xfed00000
[    0.300724] TSC deadline timer available
[    0.300732] smpboot: Allowing 2 CPUs, 0 hotplug CPUs
[    0.300796] kvm-guest: KVM setup pv remote TLB flush
[    0.300809] kvm-guest: setup PV sched yield
[    0.300886] PM: hibernation: Registered nosave memory: [mem 
0x00000000-0x00000fff]
[    0.300912] PM: hibernation: Registered nosave memory: [mem 
0x0009f000-0x0009ffff]
[    0.300927] PM: hibernation: Registered nosave memory: [mem 
0x000a0000-0x000effff]
[    0.300942] PM: hibernation: Registered nosave memory: [mem 
0x000f0000-0x000fffff]
[    0.300962] [mem 0x80000000-0xfeffbfff] available for PCI devices
[    0.300977] Booting paravirtualized kernel on KVM
[    0.300990] clocksource: refined-jiffies: mask: 0xffffffff 
max_cycles: 0xffffffff, max_idle_ns: 1910969940391419 ns
[    0.355830] setup_percpu: NR_CPUS:64 nr_cpumask_bits:64 nr_cpu_ids:2 
nr_node_ids:1
[    0.366487] percpu: Embedded 65 pages/cpu s225704 r8192 d32344 
u1048576
[    0.366870] Fallback order for Node 0: 0 
[    0.366898] Built 1 zonelists, mobility grouping on.  Total pages: 
515808
[    0.366933] Policy zone: DMA32
[    0.366945] Kernel command line: root=/dev/sda console=ttyS0 
[    0.367661] Dentry cache hash table entries: 262144 (order: 9, 
2097152 bytes, linear)
[    0.368658] Inode-cache hash table entries: 131072 (order: 8, 1048576
 bytes, linear)
[    0.368848] mem auto-init: stack:off, heap alloc:off, heap free:off
[    0.373340] stackdepot hash table entries: 1048576 (order: 11, 
8388608 bytes, linear)
[    0.534915] Memory: 1694420K/2096632K available (49165K kernel code, 
8082K rwdata, 9132K rodata, 2192K init, 2504K bss, 401956K reserved, 0K 
cma-reserved)
[    0.535569] SLUB: HWalign=64, Order=0-3, MinObjects=0, CPUs=2, 
Nodes=1
[    0.549850] Dynamic Preempt: voluntary
[    0.550158] rcu: Preemptible hierarchical RCU implementation.
[    0.550168] rcu: 	RCU event tracing is enabled.
[    0.550175] rcu: 	RCU restricting CPUs from NR_CPUS=64 to 
nr_cpu_ids=2.
[    0.550193] 	Trampoline variant of Tasks RCU enabled.
[    0.550201] rcu: RCU calculated value of scheduler-enlistment delay 
is 100 jiffies.
[    0.550214] rcu: Adjusting geometry for rcu_fanout_leaf=16, 
nr_cpu_ids=2
[    0.618509] NR_IRQS: 4352, nr_irqs: 440, preallocated irqs: 16
[    0.622480] rcu: srcu_init: Setting srcu_struct sizes based on 
contention.
[    0.622616] random: crng init done
[    0.640530] Console: colour VGA+ 80x25
[    1.274930] printk: console [ttyS0] enabled
[    1.282811] ACPI: Core revision 20220331
[    1.287019] clocksource: hpet: mask: 0xffffffff max_cycles: 
0xffffffff, max_idle_ns: 19112604467 ns
[    1.294602] APIC: Switch to symmetric I/O mode setup
[    1.300295] kvm-guest: setup PV IPIs
[    1.316646] ..TIMER: vector=0x30 apic1=0 pin1=2 apic2=-1 pin2=-1
[    1.319042] clocksource: tsc-early: mask: 0xffffffffffffffff 
max_cycles: 0xfc66f4fc7c, max_idle_ns: 440795224246 ns
[    1.323287] Calibrating delay loop (skipped) preset value.. 2188.80 
BogoMIPS (lpj=1094400)
[    1.324286] pid_max: default: 32768 minimum: 301
[    1.326455] LSM: Security Framework initializing
[    1.327412] SELinux:  Initializing.
[    1.328679] Mount-cache hash table entries: 4096 (order: 3, 32768 
bytes, linear)
[    1.329315] Mountpoint-cache hash table entries: 4096 (order: 3, 
32768 bytes, linear)
[    1.333156] x86/cpu: User Mode Instruction Prevention (UMIP) 
activated
[    1.333515] Last level iTLB entries: 4KB 0, 2MB 0, 4MB 0
[    1.334284] Last level dTLB entries: 4KB 0, 2MB 0, 4MB 0, 1GB 0
[    1.335311] Spectre V1 : Mitigation: usercopy/swapgs barriers and 
__user pointer sanitization
[    1.337290] Spectre V2 : Mitigation: Enhanced IBRS
[    1.338282] Spectre V2 : Spectre v2 / SpectreRSB mitigation: Filling 
RSB on context switch
[    1.339334] Spectre V2 : mitigation: Enabling conditional Indirect 
Branch Prediction Barrier
[    1.340290] Speculative Store Bypass: Mitigation: Speculative Store 
Bypass disabled via prctl
[    1.504910] Freeing SMP alternatives memory: 44K
[    1.506673] smpboot: CPU0: Intel(R) Pentium(R) Silver N5030 CPU @ 
1.10GHz (family: 0x6, model: 0x7a, stepping: 0x8)
[    1.508259] cblist_init_generic: Setting adjustable number of 
callback queues.
[    1.508282] cblist_init_generic: Setting shift to 1 and lim to 1.
[    1.509522] Performance Events: Goldmont plus events, 32-deep LBR, 
full-width counters, Intel PMU driver.
[    1.511295] ... version:                2
[    1.512286] ... bit width:              48
[    1.513284] ... generic registers:      4
[    1.514291] ... value mask:             0000ffffffffffff
[    1.516267] ... max period:             00007fffffffffff
[    1.516307] ... fixed-purpose events:   3
[    1.517299] ... event mask:             000000070000000f
[    1.518634] unchecked MSR access error: WRMSR to 0xdc0 (tried to 
write 0x0000000000000000) at rIP: 0xffffffff9d440914 
(intel_pmu_lbr_reset_64+0x1a4/0x270)
[    1.519288] Call Trace:
[    1.520294]  &lt;TASK&gt;
[    1.521186]  intel_pmu_lbr_reset+0xb5/0x1f0
[    1.521290]  ? init_debug_store_on_cpu+0x16/0xa0
[    1.522291]  intel_pmu_cpu_starting+0xbf/0x10d0
[    1.523340]  ? __kasan_kmalloc+0x81/0xa0
[    1.524286]  ? adl_update_topdown_event+0x100/0x100
[    1.525309]  x86_pmu_starting_cpu+0x1e/0x30
[    1.526292]  ? x86_pmu_dead_cpu+0x30/0x30
[    1.527287]  cpuhp_invoke_callback+0x54f/0x1020
[    1.528313]  ? __mutex_unlock_slowpath.constprop.0+0x2a0/0x2a0
[    1.529312]  ? perf_guest_get_msrs+0x17/0x20
[    1.530310]  cpuhp_issue_call+0x615/0x830
[    1.531296]  ? pmu_name_show+0x30/0x30
[    1.532294]  __cpuhp_setup_state_cpuslocked+0x314/0x7f0
[    1.533288]  ? x86_pmu_prepare_cpu+0x23/0xe0
[    1.534291]  ? x86_pmu_starting_cpu+0x30/0x30
[    1.535290]  ? x86_pmu_dead_cpu+0x30/0x30
[    1.536288]  ? x86_pmu_starting_cpu+0x30/0x30
[    1.537309]  __cpuhp_setup_state+0xa1/0x170
[    1.538313]  ? map_vsyscall+0xda/0xda
[    1.539286]  init_hw_perf_events+0x5b0/0x9bd
[    1.540295]  ? do_one_initcall+0x9e/0x3c0
[    1.541291]  ? map_vsyscall+0xda/0xda
[    1.542293]  do_one_initcall+0xa1/0x3c0
[    1.543313]  ? trace_event_raw_event_initcall_level+0x210/0x210
[    1.544310]  ? push_cpu_stop+0x7f0/0x7f0
[    1.545312]  ? _raw_spin_unlock_irqrestore+0x3d/0x80
[    1.546289]  ? _raw_spin_unlock+0x34/0x70
[    1.547294]  ? cblist_init_generic.constprop.0+0x315/0x440
[    1.548301]  kernel_init_freeable+0x324/0x593
[    1.549291]  ? finish_task_switch.isra.0+0x16e/0x6c0
[    1.550440]  ? rest_init+0x140/0x140
[    1.551292]  kernel_init+0x1a/0x1e0
[    1.553292]  ? rest_init+0x140/0x140
[    1.554307]  ret_from_fork+0x1f/0x30
[    1.555298]  &lt;/TASK&gt;
[    1.556780] rcu: Hierarchical SRCU implementation.
[    1.557288] rcu: 	Max phase no-delay instances is 400.
[    1.563206] smp: Bringing up secondary CPUs ...
[    1.563990] x86: Booting SMP configuration:
[    1.564309] .... node  #0, CPUs:      #1
[    1.568401] smp: Brought up 1 node, 2 CPUs
[    1.570288] smpboot: Max logical packages: 1
[    1.571286] smpboot: Total of 2 processors activated (4377.60 
BogoMIPS)
[    1.579284] devtmpfs: initialized
[    1.589216] clocksource: jiffies: mask: 0xffffffff max_cycles: 
0xffffffff, max_idle_ns: 1911260446275000 ns
[    1.589328] futex hash table entries: 512 (order: 3, 32768 bytes, 
linear)
[    1.591025] PM: RTC time: 04:42:52, date: 2022-12-07
[    1.592561] NET: Registered PF_NETLINK/PF_ROUTE protocol family
[    1.596069] audit: initializing netlink subsys (disabled)
[    1.600447] audit: type=2000 audit(1670388171.460:1): 
state=initialized audit_enabled=0 res=1
[    1.604589] thermal_sys: Registered thermal governor 'step_wise'
[    1.604607] thermal_sys: Registered thermal governor 'user_space'
[    1.605609] cpuidle: using governor menu
[    1.609408] PCI: Using configuration type 1 for base access
[    1.687570] kprobes: kprobe jump-optimization is enabled. All kprobes
 are optimized if possible.
[    1.695101] HugeTLB: registered 2.00 MiB page size, pre-allocated 0 
pages
[    1.695101] HugeTLB: 28 KiB vmemmap can be freed for a 2.00 MiB page
[    1.695267] ACPI: Added _OSI(Module Device)
[    1.702324] ACPI: Added _OSI(Processor Device)
[    1.702324] ACPI: Added _OSI(3.0 _SCP Extensions)
[    1.703267] ACPI: Added _OSI(Processor Aggregator Device)
[    1.703267] ACPI: Added _OSI(Linux-Dell-Video)
[    1.703267] ACPI: Added _OSI(Linux-Lenovo-NV-HDMI-Audio)
[    1.710343] ACPI: Added _OSI(Linux-HPI-Hybrid-Graphics)
[    1.751267] ACPI: 1 ACPI AML tables successfully acquired and loaded
[    5.168533] ACPI: Interpreter enabled
[    5.169552] ACPI: PM: (supports S0 S3 S4 S5)
[    5.170291] ACPI: Using IOAPIC for interrupt routing
[    5.171533] PCI: Using host bridge windows from ACPI; if necessary, 
use "pci=nocrs" and report a bug
[    5.172291] PCI: Using E820 reservations for host bridge windows
[    5.176002] ACPI: Enabled 2 GPEs in block 00 to 0F
[    5.263254] ACPI: PCI Root Bridge [PCI0] (domain 0000 [bus 00-ff])
[    5.264373] acpi PNP0A03:00: _OSC: OS supports [ASPM ClockPM Segments
 MSI HPX-Type3]
[    5.265306] acpi PNP0A03:00: _OSC: not requesting OS control; OS 
requires [ExtendedConfig ASPM ClockPM MSI]
[    5.266661] acpi PNP0A03:00: fail to add MMCONFIG information, can't 
access extended PCI configuration space under this bridge.
[    5.269779] PCI host bridge to bus 0000:00
[    5.270321] pci_bus 0000:00: root bus resource [io  0x0000-0x0cf7 
window]
[    5.271323] pci_bus 0000:00: root bus resource [io  0x0d00-0xffff 
window]
[    5.272325] pci_bus 0000:00: root bus resource [mem 
0x000a0000-0x000bffff window]
[    5.273316] pci_bus 0000:00: root bus resource [mem 
0x80000000-0xfebfffff window]
[    5.274318] pci_bus 0000:00: root bus resource [mem 
0x100000000-0x17fffffff window]
[    5.275319] pci_bus 0000:00: root bus resource [bus 00-ff]
[    5.276625] pci 0000:00:00.0: [8086:1237] type 00 class 0x060000
[    5.303986] pci 0000:00:01.0: [8086:7000] type 00 class 0x060100
[    5.307741] pci 0000:00:01.1: [8086:7010] type 00 class 0x010180
[    5.311942] pci 0000:00:01.1: reg 0x20: [io  0xc060-0xc06f]
[    5.313824] pci 0000:00:01.1: legacy IDE quirk: reg 0x10: [io  
0x01f0-0x01f7]
[    5.314301] pci 0000:00:01.1: legacy IDE quirk: reg 0x14: [io  
0x03f6]
[    5.315300] pci 0000:00:01.1: legacy IDE quirk: reg 0x18: [io  
0x0170-0x0177]
[    5.316298] pci 0000:00:01.1: legacy IDE quirk: reg 0x1c: [io  
0x0376]
[    5.318267] pci 0000:00:01.3: [8086:7113] type 00 class 0x068000
[    5.320251] pci 0000:00:01.3: quirk: [io  0x0600-0x063f] claimed by 
PIIX4 ACPI
[    5.321326] pci 0000:00:01.3: quirk: [io  0x0700-0x070f] claimed by 
PIIX4 SMB
[    5.323355] pci 0000:00:02.0: [1234:1111] type 00 class 0x030000
[    5.326329] pci 0000:00:02.0: reg 0x10: [mem 0xfd000000-0xfdffffff 
pref]
[    5.331331] pci 0000:00:02.0: reg 0x18: [mem 0xfebb0000-0xfebb0fff]
[    5.338323] pci 0000:00:02.0: reg 0x30: [mem 0xfeba0000-0xfebaffff 
pref]
[    5.339578] pci 0000:00:02.0: Video device with shadowed ROM at [mem 
0x000c0000-0x000dffff]
[    5.367390] pci 0000:00:03.0: [1af4:1005] type 00 class 0x00ff00
[    5.370998] pci 0000:00:03.0: reg 0x10: [io  0xc040-0xc05f]
[    5.376297] pci 0000:00:03.0: reg 0x20: [mem 0xfe000000-0xfe003fff 
64bit pref]
[    5.406596] pci 0000:00:04.0: [8086:100e] type 00 class 0x020000
[    5.409297] pci 0000:00:04.0: reg 0x10: [mem 0xfeb80000-0xfeb9ffff]
[    5.412295] pci 0000:00:04.0: reg 0x14: [io  0xc000-0xc03f]
[    5.420966] pci 0000:00:04.0: reg 0x30: [mem 0xfeb00000-0xfeb7ffff 
pref]
[    5.459376] ACPI: PCI: Interrupt link LNKA configured for IRQ 10
[    5.463267] ACPI: PCI: Interrupt link LNKB configured for IRQ 10
[    5.467560] ACPI: PCI: Interrupt link LNKC configured for IRQ 11
[    5.472267] ACPI: PCI: Interrupt link LNKD configured for IRQ 11
[    5.474675] ACPI: PCI: Interrupt link LNKS configured for IRQ 9
[    5.483170] iommu: Default domain type: Translated 
[    5.483291] iommu: DMA domain TLB invalidation policy: lazy mode 
[    5.485366] SCSI subsystem initialized
[    5.489710] ACPI: bus type USB registered
[    5.490608] usbcore: registered new interface driver usbfs
[    5.491492] usbcore: registered new interface driver hub
[    5.492440] usbcore: registered new device driver usb
[    5.493601] pps_core: LinuxPPS API ver. 1 registered
[    5.494291] pps_core: Software ver. 5.3.6 - Copyright 2005-2007 
Rodolfo Giometti &lt;giometti@linux.it&gt;
[    5.495384] PTP clock support registered
[    5.497760] Advanced Linux Sound Architecture Driver Initialized.
[    5.501191] NetLabel: Initializing
[    5.501290] NetLabel:  domain hash size = 128
[    5.502285] NetLabel:  protocols = UNLABELED CIPSOv4 CALIPSO
[    5.503553] NetLabel:  unlabeled traffic allowed by default
[    5.505355] PCI: Using ACPI for IRQ routing
[    5.507107] pci 0000:00:02.0: vgaarb: setting as boot VGA device
[    5.507267] pci 0000:00:02.0: vgaarb: bridge control possible
[    5.507267] pci 0000:00:02.0: vgaarb: VGA device added: 
decodes=io+mem,owns=io+mem,locks=none
[    5.507288] vgaarb: loaded
[    5.508546] hpet0: at MMIO 0xfed00000, IRQs 2, 8, 0
[    5.509292] hpet0: 3 comparators, 64-bit 100.000000 MHz counter
[    5.515392] clocksource: Switched to clocksource kvm-clock
[    5.519863] VFS: Disk quotas dquot_6.6.0
[    5.531919] VFS: Dquot-cache hash table entries: 512 (order 0, 4096 
bytes)
[    5.538488] pnp: PnP ACPI init
[    5.563988] pnp: PnP ACPI: found 6 devices
[    5.634739] clocksource: acpi_pm: mask: 0xffffff max_cycles: 
0xffffff, max_idle_ns: 2085701024 ns
[    5.640047] NET: Registered PF_INET protocol family
[    5.653851] IP idents hash table entries: 32768 (order: 6, 262144 
bytes, linear)
[    5.661090] tcp_listen_portaddr_hash hash table entries: 1024 (order:
 2, 16384 bytes, linear)
[    5.667646] Table-perturb hash table entries: 65536 (order: 6, 262144
 bytes, linear)
[    5.679988] TCP established hash table entries: 16384 (order: 5, 
131072 bytes, linear)
[    5.685379] TCP bind hash table entries: 16384 (order: 6, 262144 
bytes, linear)
[    5.699887] TCP: Hash tables configured (established 16384 bind 
16384)
[    5.703727] UDP hash table entries: 1024 (order: 3, 32768 bytes, 
linear)
[    5.708020] UDP-Lite hash table entries: 1024 (order: 3, 32768 bytes,
 linear)
[    5.727324] NET: Registered PF_UNIX/PF_LOCAL protocol family
[    5.732992] RPC: Registered named UNIX socket transport module.
[    5.736450] RPC: Registered udp transport module.
[    5.739085] RPC: Registered tcp transport module.
[    5.750292] RPC: Registered tcp NFSv4.1 backchannel transport module.
[    5.760212] pci_bus 0000:00: resource 4 [io  0x0000-0x0cf7 window]
[    5.764707] pci_bus 0000:00: resource 5 [io  0x0d00-0xffff window]
[    5.774919] pci_bus 0000:00: resource 6 [mem 0x000a0000-0x000bffff 
window]
[    5.779802] pci_bus 0000:00: resource 7 [mem 0x80000000-0xfebfffff 
window]
[    5.783574] pci_bus 0000:00: resource 8 [mem 0x100000000-0x17fffffff 
window]
[    5.791362] pci 0000:00:01.0: PIIX3: Enabling Passive Release
[    5.802699] pci 0000:00:00.0: quirk_passive_release+0x0/0xf0 took 
11096 usecs
[    5.807497] pci 0000:00:00.0: Limiting direct PCI/PCI transfers
[    5.814153] PCI: CLS 0 bytes, default 64
[    5.830205] RAPL PMU: API unit is 2^-32 Joules, 0 fixed counters, 
10737418240 ms ovfl timer
[    5.835300] clocksource: tsc: mask: 0xffffffffffffffff max_cycles: 
0xfc66f4fc7c, max_idle_ns: 440795224246 ns
[    5.854139] clocksource: Switched to clocksource tsc
[    6.047112] Initialise system trusted keyrings
[    6.052701] workingset: timestamp_bits=56 max_order=19 bucket_order=0
[    6.155772] NFS: Registering the id_resolver key type
[    6.158426] Key type id_resolver registered
[    6.160782] Key type id_legacy registered
[    6.163670] 9p: Installing v9fs 9p2000 file system support
[    6.212569] Key type asymmetric registered
[    6.215154] Asymmetric key parser 'x509' registered
[    6.218317] Block layer SCSI generic (bsg) driver version 0.4 loaded 
(major 251)
[    6.222122] io scheduler mq-deadline registered
[    6.223675] io scheduler kyber registered
[    6.236840] input: Power Button as 
/devices/LNXSYSTM:00/LNXPWRBN:00/input/input0
[    6.258506] ACPI: button: Power Button [PWRF]
[   11.819774] ACPI: \_SB_.LNKC: Enabled at IRQ 11
[   11.833103] Serial: 8250/16550 driver, 4 ports, IRQ sharing enabled
[   11.841608] 00:04: ttyS0 at I/O 0x3f8 (irq = 4, base_baud = 115200) 
is a 16550A
[   11.861807] Non-volatile memory driver v1.3
[   11.865516] Linux agpgart interface v0.103
[   11.870365] ACPI: bus type drm_connector registered
[   11.954871] loop: module loaded
[   11.986706] scsi host0: ata_piix
[   11.989536] scsi host1: ata_piix
[   12.010831] ata1: PATA max MWDMA2 cmd 0x1f0 ctl 0x3f6 bmdma 0xc060 
irq 14
[   12.013130] ata2: PATA max MWDMA2 cmd 0x170 ctl 0x376 bmdma 0xc068 
irq 15
[   12.025638] e100: Intel(R) PRO/100 Network Driver
[   12.036594] e100: Copyright(c) 1999-2006 Intel Corporation
[   12.047876] e1000: Intel(R) PRO/1000 Network Driver
[   12.049484] e1000: Copyright (c) 1999-2006 Intel Corporation.
[   12.182699] ata2: found unknown device (class 0)
[   12.185030] ata2.00: ATAPI: QEMU DVD-ROM, 2.5+, max UDMA/100
[   12.187904] ata1: found unknown device (class 0)
[   12.195079] ata1.00: ATA-7: QEMU HARDDISK, 2.5+, max UDMA/100
[   12.204669] ata1.00: 4194304 sectors, multi 16: LBA48 
[   12.217561] scsi 0:0:0:0: Direct-Access     ATA      QEMU HARDDISK   
 2.5+ PQ: 0 ANSI: 5
[   12.232435] scsi 0:0:0:0: Attached scsi generic sg0 type 0
[   12.248779] sd 0:0:0:0: [sda] 4194304 512-byte logical blocks: (2.15 
GB/2.00 GiB)
[   12.259058] sd 0:0:0:0: [sda] Write Protect is off
[   12.260824] sd 0:0:0:0: [sda] Write cache: enabled, read cache: 
enabled, doesn't support DPO or FUA
[   12.278924] scsi 1:0:0:0: CD-ROM            QEMU     QEMU DVD-ROM    
 2.5+ PQ: 0 ANSI: 5
[   12.302485] sd 0:0:0:0: [sda] Preferred minimum I/O size 512 bytes
[   12.350491] sd 0:0:0:0: [sda] Attached SCSI disk
[   12.372483] sr 1:0:0:0: [sr0] scsi3-mmc drive: 4x/4x cd/rw xa/form2 
tray
[   12.374342] cdrom: Uniform CD-ROM driver Revision: 3.20
[   12.435769] sr 1:0:0:0: Attached scsi generic sg1 type 5
[   18.059736] ACPI: \_SB_.LNKD: Enabled at IRQ 10
[   18.655217] e1000 0000:00:04.0 eth0: (PCI:33MHz:32-bit) 
52:54:00:12:34:56
[   18.661202] e1000 0000:00:04.0 eth0: Intel(R) PRO/1000 Network 
Connection
[   18.665834] e1000e: Intel(R) PRO/1000 Network Driver
[   18.669388] e1000e: Copyright(c) 1999 - 2015 Intel Corporation.
[   18.673432] sky2: driver version 1.30
[   18.684980] ehci_hcd: USB 2.0 'Enhanced' Host Controller (EHCI) 
Driver
[   18.693088] ehci-pci: EHCI PCI platform driver
[   18.701389] ohci_hcd: USB 1.1 'Open' Host Controller (OHCI) Driver
[   18.706983] ohci-pci: OHCI PCI platform driver
[   18.710057] uhci_hcd: USB Universal Host Controller Interface driver
[   18.722875] usbcore: registered new interface driver usblp
[   18.727205] usbcore: registered new interface driver usb-storage
[   18.734930] i8042: PNP: PS/2 Controller [PNP0303:KBD,PNP0f13:MOU] at 
0x60,0x64 irq 1,12
[   18.745550] serio: i8042 KBD port at 0x60,0x64 irq 1
[   18.750028] serio: i8042 AUX port at 0x60,0x64 irq 12
[   18.758625] rtc_cmos 00:05: RTC can wake from S4
[   18.762849] input: AT Translated Set 2 keyboard as 
/devices/platform/i8042/serio0/input/input1
[   18.767762] rtc_cmos 00:05: registered as rtc0
[   18.769593] rtc_cmos 00:05: alarms up to one day, y3k, 242 bytes 
nvram, hpet irqs
[   18.777070] device-mapper: ioctl: 4.47.0-ioctl (2022-07-28) 
initialised: dm-devel@redhat.com
[   18.784159] intel_pstate: CPU model not supported
[   18.788700] hid: raw HID events driver (C) Jiri Kosina
[   18.798386] usbcore: registered new interface driver usbhid
[   18.804220] usbhid: USB HID core driver
[   18.823258] Initializing XFRM netlink socket
[   18.832224] NET: Registered PF_INET6 protocol family
[   18.844168] Segment Routing with IPv6
[   18.845756] In-situ OAM (IOAM) with IPv6
[   18.850165] sit: IPv6, IPv4 and MPLS over IPv4 tunneling driver
[   18.859206] NET: Registered PF_PACKET protocol family
[   18.864115] 9pnet: Installing 9P2000 support
[   18.868312] Key type dns_resolver registered
[   18.874088] IPI shorthand broadcast: enabled
[   18.878354] sched_clock: Marking stable (18182526891, 
695755917)-&gt;(24198885220, -5320602412)
[   18.886229] registered taskstats version 1
[   18.888991] Loading compiled-in X.509 certificates
[   18.895355] cryptomgr_test (51) used greatest stack depth: 30800 
bytes left
[   18.902259] cryptomgr_test (52) used greatest stack depth: 30720 
bytes left
[   18.909876] cryptomgr_test (62) used greatest stack depth: 30656 
bytes left
[   18.913360] cryptomgr_test (72) used greatest stack depth: 30320 
bytes left
[   18.927658] PM:   Magic number: 2:668:716
[   18.929953] printk: console [netcon0] enabled
[   18.931602] netconsole: network logging started
[   18.937702] cfg80211: Loading compiled-in X.509 certificates for 
regulatory database
[   18.946441] kworker/u4:2 (73) used greatest stack depth: 29072 bytes 
left
[   18.959793] cfg80211: Loaded X.509 cert 'sforshee: 
00b28ddf47aef9cea7'
[   18.964870] platform regulatory.0: Direct firmware load for 
regulatory.db failed with error -2
[   18.965391] ALSA device list:
[   18.970564] cfg80211: failed to load regulatory.db
[   18.971622]   No soundcards found.
[   19.400808] input: ImExPS/2 Generic Explorer Mouse as 
/devices/platform/i8042/serio1/input/input3
[   19.403383] md: Waiting for all devices to be available before 
autodetect
[   19.404651] md: If you don't use raid, use raid=noautodetect
[   19.405843] md: Autodetecting RAID arrays.
[   19.410971] md: autorun ...
[   19.411694] md: ... autorun DONE.
[   19.441206] EXT4-fs (sda): INFO: recovery required on readonly 
filesystem
[   19.442989] EXT4-fs (sda): write access will be enabled during 
recovery
[   19.593860] EXT4-fs (sda): recovery complete
[   19.602485] EXT4-fs (sda): mounted filesystem with ordered data mode.
 Quota mode: none.
[   19.608197] VFS: Mounted root (ext4 filesystem) readonly on device 
8:0.
[   19.624204] devtmpfs: mounted
[   19.628824] Freeing unused kernel image (initmem) memory: 2192K
[   19.632490] Write protecting the kernel read-only data: 61440k
[   19.640614] Freeing unused kernel image (text/rodata gap) memory: 
2032K
[   19.647730] Freeing unused kernel image (rodata/data gap) memory: 
1108K
[   19.651430] Run /sbin/init as init process
[   21.610171] SELinux:  Permission getrlimit in class process not 
defined in policy.
[   21.626527] SELinux:  Class process2 not defined in policy.
[   21.628046] SELinux:  Permission watch in class filesystem not 
defined in policy.
[   21.629967] SELinux:  Permission map in class file not defined in 
policy.
[   21.631785] SELinux:  Permission watch in class file not defined in 
policy.
[   21.646136] SELinux:  Permission watch_mount in class file not 
defined in policy.
[   21.647621] SELinux:  Permission watch_sb in class file not defined 
in policy.
[   21.648990] SELinux:  Permission watch_with_perm in class file not 
defined in policy.
[   21.650732] SELinux:  Permission watch_reads in class file not 
defined in policy.
[   21.652729] SELinux:  Permission map in class dir not defined in 
policy.
[   21.654521] SELinux:  Permission watch in class dir not defined in 
policy.
[   21.656332] SELinux:  Permission watch_mount in class dir not defined
 in policy.
[   21.671314] SELinux:  Permission watch_sb in class dir not defined in
 policy.
[   21.673222] SELinux:  Permission watch_with_perm in class dir not 
defined in policy.
[   21.675264] SELinux:  Permission watch_reads in class dir not defined
 in policy.
[   21.677120] SELinux:  Permission map in class lnk_file not defined in
 policy.
[   21.679209] SELinux:  Permission watch in class lnk_file not defined 
in policy.
[   21.681040] SELinux:  Permission watch_mount in class lnk_file not 
defined in policy.
[   21.682974] SELinux:  Permission watch_sb in class lnk_file not 
defined in policy.
[   21.691816] SELinux:  Permission watch_with_perm in class lnk_file 
not defined in policy.
[   21.693935] SELinux:  Permission watch_reads in class lnk_file not 
defined in policy.
[   21.695963] SELinux:  Permission map in class chr_file not defined in
 policy.
[   21.697802] SELinux:  Permission watch in class chr_file not defined 
in policy.
[   21.704601] SELinux:  Permission watch_mount in class chr_file not 
defined in policy.
[   21.714034] SELinux:  Permission watch_sb in class chr_file not 
defined in policy.
[   21.719064] SELinux:  Permission watch_with_perm in class chr_file 
not defined in policy.
[   21.733559] SELinux:  Permission watch_reads in class chr_file not 
defined in policy.
[   21.739802] SELinux:  Permission map in class blk_file not defined in
 policy.
[   21.743948] SELinux:  Permission watch in class blk_file not defined 
in policy.
[   21.747499] SELinux:  Permission watch_mount in class blk_file not 
defined in policy.
[   21.754532] SELinux:  Permission watch_sb in class blk_file not 
defined in policy.
[   21.761429] SELinux:  Permission watch_with_perm in class blk_file 
not defined in policy.
[   21.765325] SELinux:  Permission watch_reads in class blk_file not 
defined in policy.
[   21.772446] SELinux:  Permission map in class sock_file not defined 
in policy.
[   21.776950] SELinux:  Permission watch in class sock_file not defined
 in policy.
[   21.791005] SELinux:  Permission watch_mount in class sock_file not 
defined in policy.
[   21.794874] SELinux:  Permission watch_sb in class sock_file not 
defined in policy.
[   21.798780] SELinux:  Permission watch_with_perm in class sock_file 
not defined in policy.
[   21.810951] SELinux:  Permission watch_reads in class sock_file not 
defined in policy.
[   21.816130] SELinux:  Permission map in class fifo_file not defined 
in policy.
[   21.819858] SELinux:  Permission watch in class fifo_file not defined
 in policy.
[   21.834411] SELinux:  Permission watch_mount in class fifo_file not 
defined in policy.
[   21.838553] SELinux:  Permission watch_sb in class fifo_file not 
defined in policy.
[   21.842289] SELinux:  Permission watch_with_perm in class fifo_file 
not defined in policy.
[   21.846178] SELinux:  Permission watch_reads in class fifo_file not 
defined in policy.
[   21.853712] SELinux:  Permission map in class socket not defined in 
policy.
[   21.860613] SELinux:  Permission map in class tcp_socket not defined 
in policy.
[   21.871133] SELinux:  Permission map in class udp_socket not defined 
in policy.
[   21.873230] SELinux:  Permission map in class rawip_socket not 
defined in policy.
[   21.875245] SELinux:  Permission map in class netlink_socket not 
defined in policy.
[   21.880606] SELinux:  Permission map in class packet_socket not 
defined in policy.
[   21.889357] SELinux:  Permission map in class key_socket not defined 
in policy.
[   21.891434] SELinux:  Permission map in class unix_stream_socket not 
defined in policy.
[   21.895366] SELinux:  Permission map in class unix_dgram_socket not 
defined in policy.
[   21.901040] SELinux:  Permission map in class netlink_route_socket 
not defined in policy.
[   21.909221] SELinux:  Permission map in class netlink_tcpdiag_socket 
not defined in policy.
[   21.915515] SELinux:  Permission map in class netlink_nflog_socket 
not defined in policy.
[   21.917938] SELinux:  Permission map in class netlink_xfrm_socket not
 defined in policy.
[   21.920119] SELinux:  Permission map in class netlink_selinux_socket 
not defined in policy.
[   21.930183] SELinux:  Permission map in class netlink_iscsi_socket 
not defined in policy.
[   21.943542] SELinux:  Permission map in class netlink_audit_socket 
not defined in policy.
[   21.947689] SELinux:  Permission map in class 
netlink_fib_lookup_socket not defined in policy.
[   21.961785] SELinux:  Permission map in class 
netlink_connector_socket not defined in policy.
[   21.966253] SELinux:  Permission map in class 
netlink_netfilter_socket not defined in policy.
[   21.971153] SELinux:  Permission map in class netlink_dnrt_socket not
 defined in policy.
[   21.975038] SELinux:  Permission map in class 
netlink_kobject_uevent_socket not defined in policy.
[   21.980614] SELinux:  Permission map in class netlink_generic_socket 
not defined in policy.
[   21.993453] SELinux:  Permission map in class 
netlink_scsitransport_socket not defined in policy.
[   21.996870] SELinux:  Permission map in class netlink_rdma_socket not
 defined in policy.
[   22.000488] SELinux:  Permission map in class netlink_crypto_socket 
not defined in policy.
[   22.006584] SELinux:  Permission map in class appletalk_socket not 
defined in policy.
[   22.010342] SELinux:  Permission map in class dccp_socket not defined
 in policy.
[   22.016359] SELinux:  Permission perfmon in class capability2 not 
defined in policy.
[   22.026688] SELinux:  Permission bpf in class capability2 not defined
 in policy.
[   22.031536] SELinux:  Permission checkpoint_restore in class 
capability2 not defined in policy.
[   22.035775] SELinux:  Permission map in class tun_socket not defined 
in policy.
[   22.046772] SELinux:  Permission perfmon in class cap2_userns not 
defined in policy.
[   22.054971] SELinux:  Permission bpf in class cap2_userns not defined
 in policy.
[   22.058999] SELinux:  Permission checkpoint_restore in class 
cap2_userns not defined in policy.
[   22.066469] SELinux:  Class sctp_socket not defined in policy.
[   22.070838] SELinux:  Class icmp_socket not defined in policy.
[   22.077614] SELinux:  Class ax25_socket not defined in policy.
[   22.080551] SELinux:  Class ipx_socket not defined in policy.
[   22.089365] SELinux:  Class netrom_socket not defined in policy.
