<!DOCTYPE html>
<html><head>
<meta http-equiv="content-type" content="text/html; charset=UTF-8">
	<title> syzkaller</title>
	<style type="text/css" media="screen">#topbar {
	padding: 5px 10px;
	background: #E0EBF5;
}

#topbar a {
	color: #375EAB;
	text-decoration: none;
}

h1, h2, h3, h4 {
	margin: 0;
	padding: 0;
	color: #375EAB;
	font-weight: bold;
}

.navigation_tab {
	border: 1px solid black;
	padding: 4px;
	margin: 4px;
}

.navigation_tab_selected {
	font-weight: bold;
	border: 2px solid black;
	padding: 4px;
	margin: 4px;
}

.position_table .navigation {
	padding-top: 15px;
	padding-bottom: 6px;
}

table {
	border: 1px solid #ccc;
	margin: 20px 5px;
	border-collapse: collapse;
	white-space: nowrap;
	text-overflow: ellipsis;
	overflow: hidden;
}

table caption {
	font-weight: bold;
}

table td, table th {
	vertical-align: top;
	padding: 2px 8px;
	text-overflow: ellipsis;
	overflow: hidden;
}

.namespace {
	font-weight: bold;
	font-size: large;
	color: #375EAB;
}

.position_table {
	border: 0px;
	margin: 0px;
	width: 100%;
	border-collapse: collapse;
}

.position_table td, .position_table tr {
	vertical-align: center;
	padding: 0px;
}

.position_table .namespace_td {
	width: 100%;
	padding-top: 10px;
	padding-left: 20px;
}

.position_table .search {
	text-align: right;
}

.list_table td, .list_table th {
	border-left: 1px solid #ccc;
}

.list_table th {
	background: #F4F4F4;
}

.list_table tr:nth-child(2n) {
	background: #F4F4F4;
}

.list_table tr:hover {
	background: #ffff99;
}

.list_table .namespace {
	width: 100pt;
	max-width: 100pt;
}

.list_table .title {
	width: 350pt;
	max-width: 350pt;
}

.list_table .commit_list {
	width: 500pt;
	max-width: 500pt;
}

.list_table .tag {
	font-family: monospace;
	font-size: 8pt;
	max-width: 60pt;
}

.list_table .opts {
	width: 40pt;
	max-width: 40pt;
}

.list_table .status {
	width: 250pt;
	max-width: 250pt;
}

.list_table .patched {
	width: 60pt;
	max-width: 60pt;
	text-align: center;
}

.list_table .kernel {
	width: 80pt;
	max-width: 80pt;
}

.list_table .maintainers {
	width: 150pt;
	max-width: 150pt;
}

.list_table .result {
	width: 60pt;
	max-width: 60pt;
}

.list_table .stat {
	width: 55pt;
	font-family: monospace;
	text-align: right;
}

.list_table .bisect_status {
	width: 75pt;
	max-width: 75pt;
	font-family: monospace;
	text-align: right;
}

.list_table .date {
	width: 60pt;
	max-width: 60pt;
	font-family: monospace;
	text-align: right;
}

.list_table .stat_name {
	width: 150pt;
	max-width: 150pt;
	font-family: monospace;
}

.list_table .stat_value {
	width: 120pt;
	max-width: 120pt;
	font-family: monospace;
}

.list_table .stale_repro {
	text-decoration: line-through;
}

.bad {
	color: #f00;
	font-weight: bold;
}

.inactive {
	color: #888;
}

.plain {
	text-decoration: none;
}

textarea {
	width:100%;
	font-family: monospace;
}

.mono {
	font-family: monospace;
}

.info_link {
	color: #25a7db;
	text-decoration: none;
}

.page {
	position: relative;
	width: 100%;
}

aside {
	position: absolute;
	top: 0;
	left: 0;
	bottom: 0;
	width: 290px;
	margin-top: 5px;
}

.panel {
	border: 1px solid #aaa;
	border-radius: 5px;
	margin-bottom: 5px;
	margin-top: 5px;
}

.panel h1 {
	font-size: 16px;
	margin: 0;
	padding: 2px 8px;
}

.panel select {
	padding: 5px;
	border: 0;
	width: 100%;
}

.panel label {
	margin-left: 7px;
}

.main-content {
	position: absolute;
	top: 0;
	left: 300px;
	right: 5px;
	min-height: 200px;
	overflow: hidden;
}

.graph_help {
	position: absolute;
	top: 115px;
	left: 10px;
	z-index: 1;
	text-decoration: none;
	font-weight: bold;
	font-size: xx-large;
	color: blue;
}

#graph_div {
	height: 85vh;
}

#crash_div {
	align: left;
	width: 90%;
	height: 400px;
	margin: 0 0;
	overflow: scroll;
	border: 1px solid #777;
	padding: 0px;
	background: transparent;
}

#crash_div pre {
	margin: 1px;
}

.input-values {
	margin-left: 7px;
	margin-bottom: 7px;
}

.input-group {
	margin-top: 7px;
	margin-bottom: 7px;
	display: block;
}

.input-group button {
	width: 20pt;
}
</style><script>


function sortTable(item, colName, conv, desc = false) {
	table = item.parentNode.parentNode.parentNode.parentNode;
	rows = table.rows;
	col = findColumnByName(rows[0].getElementsByTagName("th"), colName);
	values = [];
	for (i = 1; i < rows.length; i++)
		values.push([conv(rows[i].getElementsByTagName("td")[col].textContent), rows[i]]);
	if (desc)
		desc = !isSorted(values.slice().reverse())
	else
		desc = isSorted(values);
	values.sort(function(a, b) {
		if (a[0] == b[0]) return 0;
		if (desc && a[0] > b[0] || !desc && a[0] < b[0]) return -1;
		return 1;
	});
	for (i = 0; i < values.length; i++)
		table.tBodies[0].appendChild(values[i][1]);
	return false;
}

function findColumnByName(headers, colName) {
	for (i = 0; i < headers.length; i++) {
		if (headers[i].textContent == colName)
			return i;
	}
	return 0;
}

function isSorted(values) {
	for (i = 0; i < values.length - 1; i++) {
		if (values[i][0] > values[i + 1][0])
			return false;
	}
	return true;
}

function textSort(v) { return v == "" ? "zzz" : v.toLowerCase(); }
function numSort(v) { return -parseInt(v); }
function floatSort(v) { return -parseFloat(v); }
function reproSort(v) { return v == "C" ? 0 : v == "syz" ? 1 : 2; }
function patchedSort(v) { return v == "" ? -1 : parseInt(v); }
function lineSort(v) { return -v.split(/\r\n|\r|\n/g).length }

function timeSort(v) {
	if (v == "now")
		return 0;
	m = v.indexOf('m');
	h = v.indexOf('h');
	d = v.indexOf('d');
	if (m > 0 && h < 0)
		return parseInt(v);
	if (h > 0 && m > 0)
		return parseInt(v) * 60 + parseInt(v.substring(h + 1));
	if (d > 0 && h > 0)
		return parseInt(v) * 60 * 24 + parseInt(v.substring(d + 1)) * 60;
	if (d > 0)
		return parseInt(v) * 60 * 24;
	return 1000000000;
}



function findAncestorByClass (el, cls) {
	while ((el = el.parentElement) && !el.classList.contains(cls));
	return el;
}

function deleteInputGroup(node) {
	group = findAncestorByClass(node, "input-group")
	values = findAncestorByClass(group, "input-values")
	if (!values) {
		return false
	}
	count = values.querySelectorAll('.input-group').length
	if (count == 1) {
		
		input = group.querySelector('input')
		input.value = ""
	} else {
		group.remove()
	}
	return false
}

function addInputGroup(node) {
	values = findAncestorByClass(node, "input-values")
	groups = values.querySelectorAll(".input-group")
	if (groups.length == 0) {
		
		return false
	}
	lastGroup = groups[groups.length - 1]
	newGroup = lastGroup.cloneNode(true)
	newGroup.querySelector('input').value = ""
	values.insertBefore(newGroup, lastGroup.nextSibling)
	return false
}
</script>
</head>
<body>
<b> syzkaller</b>
<br>

<table class="list_table">
	<caption>Stats:</caption>
	
	<tbody><tr>
		<td class="stat_name">revision</td>
		<td class="stat_value">
			
				<a href="https://github.com/google/syzkaller/commits/97de9cfcb0b25b95878e2eaaf3652a2faa8dd8f4">97de9cfc</a>
			
		</td>
	</tr>
	
	<tr>
		<td class="stat_name">config</td>
		<td class="stat_value">
			
				<a href="http://localhost:50000/config">config</a>
			
		</td>
	</tr>
	
	<tr>
		<td class="stat_name">uptime</td>
		<td class="stat_value">
			
				23h38m0s
			
		</td>
	</tr>
	
	<tr>
		<td class="stat_name">fuzzing</td>
		<td class="stat_value">
			
				110h5m0s
			
		</td>
	</tr>
	
	<tr>
		<td class="stat_name">corpus</td>
		<td class="stat_value">
			
				<a href="http://localhost:50000/corpus">11712</a>
			
		</td>
	</tr>
	
	<tr>
		<td class="stat_name">triage queue</td>
		<td class="stat_value">
			
				0
			
		</td>
	</tr>
	
	<tr>
		<td class="stat_name">signal</td>
		<td class="stat_value">
			
				136860
			
		</td>
	</tr>
	
	<tr>
		<td class="stat_name">coverage</td>
		<td class="stat_value">
			
				<a href="http://localhost:50000/cover">87336</a>
			
		</td>
	</tr>
	
	<tr>
		<td class="stat_name">syscalls</td>
		<td class="stat_value">
			
				<a href="http://localhost:50000/syscalls">2126</a>
			
		</td>
	</tr>
	
	<tr>
		<td class="stat_name">buffer too small</td>
		<td class="stat_value">
			
				3 (0/hour)
			
		</td>
	</tr>
	
	<tr>
		<td class="stat_name">crash types</td>
		<td class="stat_value">
			
				8 (0/hour)
			
		</td>
	</tr>
	
	<tr>
		<td class="stat_name">crashes</td>
		<td class="stat_value">
			
				78 (3/hour)
			
		</td>
	</tr>
	
	<tr>
		<td class="stat_name">exec candidate</td>
		<td class="stat_value">
			
				326 (13/hour)
			
		</td>
	</tr>
	
	<tr>
		<td class="stat_name">exec collide</td>
		<td class="stat_value">
			
				1564225 (18/sec)
			
		</td>
	</tr>
	
	<tr>
		<td class="stat_name">exec fuzz</td>
		<td class="stat_value">
			
				200621 (141/min)
			
		</td>
	</tr>
	
	<tr>
		<td class="stat_name">exec gen</td>
		<td class="stat_value">
			
				2910 (123/hour)
			
		</td>
	</tr>
	
	<tr>
		<td class="stat_name">exec hints</td>
		<td class="stat_value">
			
				1808686 (21/sec)
			
		</td>
	</tr>
	
	<tr>
		<td class="stat_name">exec minimize</td>
		<td class="stat_value">
			
				951415 (11/sec)
			
		</td>
	</tr>
	
	<tr>
		<td class="stat_name">exec seeds</td>
		<td class="stat_value">
			
				6410 (271/hour)
			
		</td>
	</tr>
	
	<tr>
		<td class="stat_name">exec smash</td>
		<td class="stat_value">
			
				578878 (408/min)
			
		</td>
	</tr>
	
	<tr>
		<td class="stat_name">exec total</td>
		<td class="stat_value">
			
				5282315 (62/sec)
			
		</td>
	</tr>
	
	<tr>
		<td class="stat_name">exec triage</td>
		<td class="stat_value">
			
				168853 (119/min)
			
		</td>
	</tr>
	
	<tr>
		<td class="stat_name">executor restarts</td>
		<td class="stat_value">
			
				3736 (158/hour)
			
		</td>
	</tr>
	
	<tr>
		<td class="stat_name">max signal</td>
		<td class="stat_value">
			
				186206 (131/min)
			
		</td>
	</tr>
	
	<tr>
		<td class="stat_name">new inputs</td>
		<td class="stat_value">
			
				31691 (22/min)
			
		</td>
	</tr>
	
	<tr>
		<td class="stat_name">rotated inputs</td>
		<td class="stat_value">
			
				14769 (10/min)
			
		</td>
	</tr>
	
	<tr>
		<td class="stat_name">suppressed</td>
		<td class="stat_value">
			
				1 (0/hour)
			
		</td>
	</tr>
	
	<tr>
		<td class="stat_name">vm restarts</td>
		<td class="stat_value">
			
				166 (7/hour)
			
		</td>
	</tr>
	
</tbody></table>

<table class="list_table">
	<caption>Crashes:</caption>
	<tbody><tr>
		<th><a onclick="return sortTable(this, 'Description', textSort)" href="#">Description</a></th>
		<th><a onclick="return sortTable(this, 'Count', numSort)" href="#">Count</a></th>
		<th><a onclick="return sortTable(this, 'Last Time', textSort, true)" href="#">Last Time</a></th>
		<th><a onclick="return sortTable(this, 'Report', textSort)" href="#">Report</a></th>
	</tr>
	
	<tr>
		<td class="title"><a href="http://localhost:50000/crash?id=cb3dc8bcae12ca089b0ba7dcba0da0fd2661a1e9">KASAN: global-out-of-bounds Read in intel_pmu_lbr_read_64</a></td>
		<td class="stat ">16</td>
		<td class="time ">2022/12/08 00:06</td>
		<td>
			
				<a href="http://localhost:50000/report?id=cb3dc8bcae12ca089b0ba7dcba0da0fd2661a1e9">has C repro</a>
			
			
		</td>
	</tr>
	
	<tr>
		<td class="title"><a href="http://localhost:50000/crash?id=80181e9dae551935da2bfa449361f927c09001ca">KASAN: use-after-free Read in task_work_run</a></td>
		<td class="stat ">1</td>
		<td class="time ">2022/12/07 07:27</td>
		<td>
			
				<a href="http://localhost:50000/report?id=80181e9dae551935da2bfa449361f927c09001ca">has C repro</a>
			
			
		</td>
	</tr>
	
	<tr>
		<td class="title"><a href="http://localhost:50000/crash?id=439c37d288d4f26a33a6c7e5c57a97791453a447">lost connection to test machine</a></td>
		<td class="stat ">2</td>
		<td class="time ">2022/12/07 22:32</td>
		<td>
			
			
		</td>
	</tr>
	
	<tr>
		<td class="title"><a href="http://localhost:50000/crash?id=e9f5b11984c54cecb386b92bb20c76d5d003719f">no output from test machine</a></td>
		<td class="stat ">50</td>
		<td class="time ">2022/12/07 22:09</td>
		<td>
			
				<a href="http://localhost:50000/report?id=e9f5b11984c54cecb386b92bb20c76d5d003719f">non-reproducible</a>
			
			
		</td>
	</tr>
	
	<tr>
		<td class="title"><a href="http://localhost:50000/crash?id=b83ebc0f722370f9f7e120e759d663eb44f55efc">suppressed report</a></td>
		<td class="stat ">1</td>
		<td class="time ">2022/12/07 19:36</td>
		<td>
			
			
		</td>
	</tr>
	
	<tr>
		<td class="title"><a href="http://localhost:50000/crash?id=a65e514acc339a7ab486a11c84a20264890ec448">SYZFATAL: executor NUM failed NUM times: executor NUM: exit status NUM</a></td>
		<td class="stat ">5</td>
		<td class="time ">2022/12/07 23:54</td>
		<td>
			
				<a href="http://localhost:50000/report?id=a65e514acc339a7ab486a11c84a20264890ec448">reproducing</a>
			
			
		</td>
	</tr>
	
	<tr>
		<td class="title"><a href="http://localhost:50000/crash?id=c34d1bbeac0e46a9296ceb76d20d231534bcdc5f">SYZFATAL: executor NUM failed NUM times: failed to create temp dir: mkdir ./syzkaller-testdirNUM: no space left on devic</a></td>
		<td class="stat ">1</td>
		<td class="time ">2022/12/07 08:23</td>
		<td>
			
			
		</td>
	</tr>
	
	<tr>
		<td class="title"><a href="http://localhost:50000/crash?id=84893b020165b56dc8e6d55a5c88657339b37008">WARNING in submit_bio_checks</a></td>
		<td class="stat ">2</td>
		<td class="time ">2022/12/07 05:42</td>
		<td>
			
			
		</td>
	</tr>
	
</tbody></table>

<b>Log:</b>
<br>
<textarea id="log_textarea" readonly="readonly" rows="20" wrap="off">2022/12/07
 23:11:49 VMs 2, executed 5064157, cover 87172, signal 136394/185231, 
crashes 73, repro 2
2022/12/07 23:11:59 VMs 2, executed 5064924, cover 87176, signal 
136400/185244, crashes 73, repro 2
2022/12/07 23:12:09 VMs 2, executed 5065384, cover 87177, signal 
136402/185244, crashes 73, repro 2
2022/12/07 23:12:19 VMs 2, executed 5065787, cover 87177, signal 
136402/185246, crashes 73, repro 2
2022/12/07 23:12:29 VMs 2, executed 5066573, cover 87177, signal 
136402/185251, crashes 73, repro 2
2022/12/07 23:12:39 VMs 2, executed 5066573, cover 87177, signal 
136402/185251, crashes 73, repro 2
2022/12/07 23:12:49 VMs 2, executed 5067037, cover 87177, signal 
136402/185251, crashes 73, repro 2
2022/12/07 23:12:59 VMs 2, executed 5067534, cover 87177, signal 
136402/185252, crashes 73, repro 2
2022/12/07 23:13:09 VMs 2, executed 5067814, cover 87177, signal 
136402/185252, crashes 73, repro 2
2022/12/07 23:13:19 VMs 2, executed 5068097, cover 87177, signal 
136402/185252, crashes 73, repro 2
2022/12/07 23:13:24 reproducing crash 'SYZFATAL: executor NUM failed NUM
 times: executor NUM: exit status NUM': failed to init instance: failed 
to create VM: can't ssh into the instance
failed to run ["ssh" "-p" "12725" "-F" "/dev/null" "-o" 
"UserKnownHostsFile=/dev/null" "-o" "BatchMode=yes" "-o" 
"IdentitiesOnly=yes" "-o" "StrictHostKeyChecking=no" "-o" 
"ConnectTimeout=10" "-i" 
"/home/abel/Documents/workspace/syzkaller/tools/stretch.id_rsa" 
"root@localhost" "pwd"]: exit status 255
Connection timed out during banner exchange
Connection to 127.0.0.1 port 12725 timed out
[    0.000000] Linux version 5.15.79 (abel@abel-Inspiron-3502) (gcc 
(Ubuntu 11.3.0-1ubuntu1~22.04) 11.3.0, GNU ld (GNU Binutils for Ubuntu) 
2.38) #3 SMP Wed Dec 7 00:56:13 CST 2022
[    0.000000] Command line: root=/dev/sda console=ttyS0 
[    0.000000] x86/fpu: Supporting XSAVE feature 0x001: 'x87 floating 
point registers'
[    0.000000] x86/fpu: Supporting XSAVE feature 0x002: 'SSE registers'
[    0.000000] x86/fpu: Supporting XSAVE feature 0x008: 'MPX bounds 
registers'
[    0.000000] x86/fpu: Supporting XSAVE feature 0x010: 'MPX CSR'
[    0.000000] x86/fpu: xstate_offset[3]:  576, xstate_sizes[3]:   64
[    0.000000] x86/fpu: xstate_offset[4]:  640, xstate_sizes[4]:   64
[    0.000000] x86/fpu: Enabled xstate features 0x1b, context size is 
704 bytes, using 'compacted' format.
[    0.000000] signal: max sigframe size: 2032
[    0.000000] BIOS-provided physical RAM map:
[    0.000000] BIOS-e820: [mem 0x0000000000000000-0x000000000009fbff] 
usable
[    0.000000] BIOS-e820: [mem 0x000000000009fc00-0x000000000009ffff] 
reserved
[    0.000000] BIOS-e820: [mem 0x00000000000f0000-0x00000000000fffff] 
reserved
[    0.000000] BIOS-e820: [mem 0x0000000000100000-0x000000007ffdffff] 
usable
[    0.000000] BIOS-e820: [mem 0x000000007ffe0000-0x000000007fffffff] 
reserved
[    0.000000] BIOS-e820: [mem 0x00000000feffc000-0x00000000feffffff] 
reserved
[    0.000000] BIOS-e820: [mem 0x00000000fffc0000-0x00000000ffffffff] 
reserved
[    0.000000] NX (Execute Disable) protection: active
[    0.000000] SMBIOS 2.8 present.
[    0.000000] DMI: QEMU Standard PC (i440FX + PIIX, 1996), BIOS 
1.15.0-1 04/01/2014
[    0.000000] Hypervisor detected: KVM
[    0.000000] kvm-clock: Using msrs 4b564d01 and 4b564d00
[    0.000000] kvm-clock: cpu 0, msr 7a11e001, primary cpu clock
[    0.000007] kvm-clock: using sched offset of 1172715436 cycles
[    0.000034] clocksource: kvm-clock: mask: 0xffffffffffffffff 
max_cycles: 0x1cd42e4dffb, max_idle_ns: 881590591483 ns
[    0.000076] tsc: Detected 1094.400 MHz processor
[    0.029553] last_pfn = 0x7ffe0 max_arch_pfn = 0x400000000
[    0.029663] x86/PAT: Configuration [0-7]: WB  WC  UC- UC  WB  WP  UC-
 WT  
[    0.045416] found SMP MP-table at [mem 0x000f5b90-0x000f5b9f]
[    0.045671] Using GB pages for direct mapping
[    0.051818] ACPI: Early table checksum verification disabled
[    0.051868] ACPI: RSDP 0x00000000000F59D0 000014 (v00 BOCHS )
[    0.051925] ACPI: RSDT 0x000000007FFE1967 000034 (v01 BOCHS  BXPC    
 00000001 BXPC 00000001)
[    0.051991] ACPI: FACP 0x000000007FFE1813 000074 (v01 BOCHS  BXPC    
 00000001 BXPC 00000001)
[    0.052060] ACPI: DSDT 0x000000007FFE0040 0017D3 (v01 BOCHS  BXPC    
 00000001 BXPC 00000001)
[    0.052121] ACPI: FACS 0x000000007FFE0000 000040
[    0.052167] ACPI: APIC 0x000000007FFE1887 000080 (v01 BOCHS  BXPC    
 00000001 BXPC 00000001)
[    0.052227] ACPI: HPET 0x000000007FFE1907 000038 (v01 BOCHS  BXPC    
 00000001 BXPC 00000001)
[    0.052350] ACPI: WAET 0x000000007FFE193F 000028 (v01 BOCHS  BXPC    
 00000001 BXPC 00000001)
[    0.052406] ACPI: Reserving FACP table memory at [mem 
0x7ffe1813-0x7ffe1886]
[    0.052435] ACPI: Reserving DSDT table memory at [mem 
0x7ffe0040-0x7ffe1812]
[    0.052461] ACPI: Reserving FACS table memory at [mem 
0x7ffe0000-0x7ffe003f]
[    0.052486] ACPI: Reserving APIC table memory at [mem 
0x7ffe1887-0x7ffe1906]
[    0.052512] ACPI: Reserving HPET table memory at [mem 
0x7ffe1907-0x7ffe193e]
[    0.052537] ACPI: Reserving WAET table memory at [mem 
0x7ffe193f-0x7ffe1966]
[    0.059335] No NUMA configuration found
[    0.059367] Faking a node at [mem 
0x0000000000000000-0x000000007ffdffff]
[    0.059414] NODE_DATA(0) allocated [mem 0x7ffdc000-0x7ffdffff]
[    0.059609] Zone ranges:
[    0.059624]   DMA      [mem 0x0000000000001000-0x0000000000ffffff]
[    0.059656]   DMA32    [mem 0x0000000001000000-0x000000007ffdffff]
[    0.059687]   Normal   empty
[    0.059708] Movable zone start for each node
[    0.059722] Early memory node ranges
[    0.059735]   node   0: [mem 0x0000000000001000-0x000000000009efff]
[    0.059760]   node   0: [mem 0x0000000000100000-0x000000007ffdffff]
[    0.059789] Initmem setup node 0 [mem 
0x0000000000001000-0x000000007ffdffff]
[    0.060410] On node 0, zone DMA: 1 pages in unavailable ranges
[    0.060701] On node 0, zone DMA: 97 pages in unavailable ranges
[    0.137882] On node 0, zone DMA32: 32 pages in unavailable ranges
[    0.416263] kasan: KernelAddressSanitizer initialized
[    0.416979] ACPI: PM-Timer IO Port: 0x608
[    0.417041] ACPI: LAPIC_NMI (acpi_id[0xff] dfl dfl lint[0x1])
[    0.417144] IOAPIC[0]: apic_id 0, version 17, address 0xfec00000, GSI
 0-23
[    0.417189] ACPI: INT_SRC_OVR (bus 0 bus_irq 0 global_irq 2 dfl dfl)
[    0.417221] ACPI: INT_SRC_OVR (bus 0 bus_irq 5 global_irq 5 high 
level)
[    0.424579] ACPI: INT_SRC_OVR (bus 0 bus_irq 9 global_irq 9 high 
level)
[    0.424612] ACPI: INT_SRC_OVR (bus 0 bus_irq 10 global_irq 10 high 
level)
[    0.424643] ACPI: INT_SRC_OVR (bus 0 bus_irq 11 global_irq 11 high 
level)
[    0.424702] ACPI: Using ACPI (MADT) for SMP configuration information
[    0.424722] ACPI: HPET id: 0x8086a201 base: 0xfed00000
[    0.424760] TSC deadline timer available
[    0.424778] smpboot: Allowing 2 CPUs, 0 hotplug CPUs
[    0.424875] kvm-guest: KVM setup pv remote TLB flush
[    0.424896] kvm-guest: setup PV sched yield
[    0.424979] PM: hibernation: Registered nosave memory: [mem 
0x00000000-0x00000fff]
[    0.425013] PM: hibernation: Registered nosave memory: [mem 
0x0009f000-0x0009ffff]
[    0.425037] PM: hibernation: Registered nosave memory: [mem 
0x000a0000-0x000effff]
[    0.425060] PM: hibernation: Registered nosave memory: [mem 
0x000f0000-0x000fffff]
[    0.425086] [mem 0x80000000-0xfeffbfff] available for PCI devices
[    0.425109] Booting paravirtualized kernel on KVM
[    0.425129] clocksource: refined-jiffies: mask: 0xffffffff 
max_cycles: 0xffffffff, max_idle_ns: 1910969940391419 ns
[    0.478039] setup_percpu: NR_CPUS:64 nr_cpumask_bits:64 nr_cpu_ids:2 
nr_node_ids:1
[    0.491385] percpu: Embedded 64 pages/cpu s224472 r8192 d29480 
u1048576
[    0.491756] kvm-guest: setup async PF for cpu 0
[    0.491791] kvm-guest: stealtime: cpu 0, msr 68427140
[    0.491824] Built 1 zonelists, mobility grouping on.  Total pages: 
515808
[    0.491851] Policy zone: DMA32
[    0.491870] Kernel command line: root=/dev/sda console=ttyS0 
[    0.492518] Dentry cache hash table entries: 262144 (order: 9, 
2097152 bytes, linear)
[    0.493481] Inode-cache hash table entries: 131072 (order: 8, 1048576
 bytes, linear)
[    0.493686] mem auto-init: stack:off, heap alloc:off, heap free:off
[    0.656587] Memory: 1699036K/2096632K available (47117K kernel code, 
7796K rwdata, 8672K rodata, 2148K init, 1044K bss, 397340K reserved, 0K 
cma-reserved)
[    0.657200] SLUB: HWalign=64, Order=0-3, MinObjects=0, CPUs=2, 
Nodes=1
[    0.657706] rcu: Hierarchical RCU implementation.
[    0.657726] rcu: 	RCU event tracing is enabled.
[    0.657741] rcu: 	RCU restricting CPUs from NR_CPUS=64 to 
nr_cpu_ids=2.
[    0.657766] rcu: RCU calculated value of scheduler-enlistment delay 
is 100 jiffies.
[    0.657787] rcu: Adjusting geometry for rcu_fanout_leaf=16, 
nr_cpu_ids=2
[    0.718548] NR_IRQS: 4352, nr_irqs: 440, preallocated irqs: 16
[    0.726395] random: crng init done
[    0.738709] Console: colour VGA+ 80x25
[    1.291447] printk: console [ttyS0] enabled
[    1.292964] ACPI: Core revision 20210730
[    1.294931] clocksource: hpet: mask: 0xffffffff max_cycles: 
0xffffffff, max_idle_ns: 19112604467 ns
[    1.306528] APIC: Switch to symmetric I/O mode setup
[    1.308437] kvm-guest: setup PV IPIs
[    1.312256] ..TIMER: vector=0x30 apic1=0 pin1=2 apic2=-1 pin2=-1
[    1.323756] clocksource: tsc-early: mask: 0xffffffffffffffff 
max_cycles: 0xfc66f4fc7c, max_idle_ns: 440795224246 ns
[    1.327501] Calibrating delay loop (skipped) preset value.. 2188.80 
BogoMIPS (lpj=1094400)
[    1.328500] pid_max: default: 32768 minimum: 301
[    1.330645] LSM: Security Framework initializing
[    1.332608] SELinux:  Initializing.
[    1.334705] Mount-cache hash table entries: 4096 (order: 3, 32768 
bytes, linear)
[    1.335509] Mountpoint-cache hash table entries: 4096 (order: 3, 
32768 bytes, linear)
[    1.339207] x86/cpu: User Mode Instruction Prevention (UMIP) 
activated
[    1.339708] Last level iTLB entries: 4KB 0, 2MB 0, 4MB 0
[    1.340498] Last level dTLB entries: 4KB 0, 2MB 0, 4MB 0, 1GB 0
[    1.341527] Spectre V1 : Mitigation: usercopy/swapgs barriers and 
__user pointer sanitization
[    1.342509] Spectre V2 : Mitigation: Enhanced IBRS
[    1.343494] Spectre V2 : Spectre v2 / SpectreRSB mitigation: Filling 
RSB on context switch
[    1.344540] Spectre V2 : mitigation: Enabling conditional Indirect 
Branch Prediction Barrier
[    1.345504] Speculative Store Bypass: Mitigation: Speculative Store 
Bypass disabled via prctl and seccomp
[    1.502090] Freeing SMP alternatives memory: 44K
[    1.503002] smpboot: CPU0: Intel(R) Pentium(R) Silver N5030 CPU @ 
1.10GHz (family: 0x6, model: 0x7a, stepping: 0x8)
[    1.504291] Performance Events: Goldmont plus events, 32-deep LBR, 
full-width counters, Intel PMU driver.
[    1.505512] ... version:                2
[    1.506502] ... bit width:              48
[    1.507500] ... generic registers:      4
[    1.508504] ... value mask:             0000ffffffffffff
[    1.509503] ... max period:             00007fffffffffff
[    1.510502] ... fixed-purpose events:   3
[    1.511502] ... event mask:             000000070000000f
[    1.513043] rcu: Hierarchical SRCU implementation.
[    1.516874] smp: Bringing up secondary CPUs ...
[    1.519280] x86: Booting SMP configuration:
[    1.519503] .... node  #0, CPUs:      #1
[    0.598131] kvm-clock: cpu 1, msr 7a11e041, secondary cpu clock
[    1.528587] kvm-guest: setup async PF for cpu 1
[    1.529483] kvm-guest: stealtime: cpu 1, msr 68527140
[    1.529694] smp: Brought up 1 node, 2 CPUs
[    1.530517] smpboot: Max logical packages: 1
[    1.531504] smpboot: Total of 2 processors activated (4377.60 
BogoMIPS)
[    1.534757] devtmpfs: initialized
[    1.543225] clocksource: jiffies: mask: 0xffffffff max_cycles: 
0xffffffff, max_idle_ns: 1911260446275000 ns
[    1.543535] futex hash table entries: 512 (order: 3, 32768 bytes, 
linear)
[    1.545238] PM: RTC time: 05:03:20, date: 2022-12-08
[    1.546478] NET: Registered PF_NETLINK/PF_ROUTE protocol family
[    1.548884] audit: initializing netlink subsys (disabled)
[    1.549765] audit: type=2000 audit(1670475800.093:1): 
state=initialized audit_enabled=0 res=1
[    1.551216] thermal_sys: Registered thermal governor 'step_wise'
[    1.551501] thermal_sys: Registered thermal governor 'user_space'
[    1.552762] cpuidle: using governor menu
[    1.554919] ACPI: bus type PCI registered
[    1.556308] PCI: Using configuration type 1 for base access
[    1.605295] Kprobes globally optimized
[    1.605793] HugeTLB registered 2.00 MiB page size, pre-allocated 0 
pages
[    1.607630] cryptomgr_test (27) used greatest stack depth: 30760 
bytes left
[    1.609626] cryptomgr_test (29) used greatest stack depth: 30704 
bytes left
[    1.615591] ACPI: Added _OSI(Module Device)
[    1.616620] ACPI: Added _OSI(Processor Device)
[    1.617503] ACPI: Added _OSI(3.0 _SCP Extensions)
[    1.618511] ACPI: Added _OSI(Processor Aggregator Device)
[    1.619528] ACPI: Added _OSI(Linux-Dell-Video)
[    1.620522] ACPI: Added _OSI(Linux-Lenovo-NV-HDMI-Audio)
[    1.621521] ACPI: Added _OSI(Linux-HPI-Hybrid-Graphics)
[    1.660212] ACPI: 1 ACPI AML tables successfully acquired and loaded
[    1.669443] ACPI: Interpreter enabled
[    1.669755] ACPI: PM: (supports S0 S3 S4 S5)
[    1.670502] ACPI: Using IOAPIC for interrupt routing
[    1.671716] PCI: Using host bridge windows from ACPI; if necessary, 
use "pci=nocrs" and report a bug
[    1.674915] ACPI: Enabled 2 GPEs in block 00 to 0F
[    1.752933] ACPI: PCI Root Bridge [PCI0] (domain 0000 [bus 00-ff])
[    1.753574] acpi PNP0A03:00: _OSC: OS supports [ASPM ClockPM Segments
 MSI HPX-Type3]
[    1.755497] acpi PNP0A03:00: fail to add MMCONFIG information, can't 
access extended PCI configuration space under this bridge.
[    1.757315] PCI host bridge to bus 0000:00
[    1.757536] pci_bus 0000:00: root bus resource [io  0x0000-0x0cf7 
window]
[    1.758533] pci_bus 0000:00: root bus resource [io  0x0d00-0xffff 
window]
[    1.759529] pci_bus 0000:00: root bus resource [mem 
0x000a0000-0x000bffff window]
[    1.760538] pci_bus 0000:00: root bus resource [mem 
0x80000000-0xfebfffff window]
[    1.761532] pci_bus 0000:00: root bus resource [mem 
0x100000000-0x17fffffff window]
[    1.762545] pci_bus 0000:00: root bus resource [bus 00-ff]
[    1.767052] pci 0000:00:00.0: [8086:1237] type 00 class 0x060000
[    1.791143] pci 0000:00:01.0: [8086:7000] type 00 class 0x060100
[    1.795639] pci 0000:00:01.1: [8086:7010] type 00 class 0x010180
[    1.800508] pci 0000:00:01.1: reg 0x20: [io  0xc060-0xc06f]
[    1.803018] pci 0000:00:01.1: legacy IDE quirk: reg 0x10: [io  
0x01f0-0x01f7]
[    1.803525] pci 0000:00:01.1: legacy IDE quirk: reg 0x14: [io  
0x03f6]
[    1.804514] pci 0000:00:01.1: legacy IDE quirk: reg 0x18: [io  
0x0170-0x0177]
[    1.805512] pci 0000:00:01.1: legacy IDE quirk: reg 0x1c: [io  
0x0376]
[    1.810692] pci 0000:00:01.3: [8086:7113] type 00 class 0x068000
[    1.812368] pci 0000:00:01.3: quirk: [io  0x0600-0x063f] claimed by 
PIIX4 ACPI
[    1.812538] pci 0000:00:01.3: quirk: [io  0x0700-0x070f] claimed by 
PIIX4 SMB
[    1.819195] pci 0000:00:02.0: [1234:1111] type 00 class 0x030000
[    1.821482] pci 0000:00:02.0: reg 0x10: [mem 0xfd000000-0xfdffffff 
pref]
[    1.825466] pci 0000:00:02.0: reg 0x18: [mem 0xfebb0000-0xfebb0fff]
[    1.831525] pci 0000:00:02.0: reg 0x30: [mem 0xfeba0000-0xfebaffff 
pref]
[    1.832769] pci 0000:00:02.0: Video device with shadowed ROM at [mem 
0x000c0000-0x000dffff]
[    1.855773] pci 0000:00:03.0: [1af4:1005] type 00 class 0x00ff00
[    1.858318] pci 0000:00:03.0: reg 0x10: [io  0xc040-0xc05f]
[    1.862507] pci 0000:00:03.0: reg 0x20: [mem 0xfe000000-0xfe003fff 
64bit pref]
[    1.888450] pci 0000:00:04.0: [8086:100e] type 00 class 0x020000
[    1.890505] pci 0000:00:04.0: reg 0x10: [mem 0xfeb80000-0xfeb9ffff]
[    1.892507] pci 0000:00:04.0: reg 0x14: [io  0xc000-0xc03f]
[    1.900512] pci 0000:00:04.0: reg 0x30: [mem 0xfeb00000-0xfeb7ffff 
pref]
[    1.929151] ACPI: PCI: Interrupt link LNKA configured for IRQ 10
[    1.931769] ACPI: PCI: Interrupt link LNKB configured for IRQ 10
[    1.934804] ACPI: PCI: Interrupt link LNKC configured for IRQ 11
[    1.937730] ACPI: PCI: Interrupt link LNKD configured for IRQ 11
[    1.939466] ACPI: PCI: Interrupt link LNKS configured for IRQ 9
[    1.944387] iommu: Default domain type: Translated 
[    1.944503] iommu: DMA domain TLB invalidation policy: lazy mode 
[    1.945736] pci 0000:00:02.0: vgaarb: setting as boot VGA device
[    1.946483] pci 0000:00:02.0: vgaarb: VGA device added: 
decodes=io+mem,owns=io+mem,locks=none
[    1.946517] pci 0000:00:02.0: vgaarb: bridge control possible
[    1.947505] vgaarb: loaded
[    1.949307] SCSI subsystem initialized
[    1.951144] ACPI: bus type USB registered
[    1.951483] usbcore: registered new interface driver usbfs
[    1.951483] usbcore: registered new interface driver hub
[    1.951483] usbcore: registered new device driver usb
[    1.956776] pps_core: LinuxPPS API ver. 1 registered
[    1.958500] pps_core: Software ver. 5.3.6 - Copyright 2005-2007 
Rodolfo Giometti &lt;giometti@linux.it&gt;
[    1.968607] PTP clock support registered
[    1.971926] Advanced Linux Sound Architecture Driver Initialized.
[    1.974223] NetLabel: Initializing
[    1.974501] NetLabel:  domain hash size = 128
[    1.975497] NetLabel:  protocols = UNLABELED CIPSOv4 CALIPSO
[    1.976734] NetLabel:  unlabeled traffic allowed by default
[    1.977771] PCI: Using ACPI for IRQ routing
[    1.979033] hpet0: at MMIO 0xfed00000, IRQs 2, 8, 0
[    1.979501] hpet0: 3 comparators, 64-bit 100.000000 MHz counter
[    1.984792] clocksource: Switched to clocksource kvm-clock
[    2.342841] VFS: Disk quotas dquot_6.6.0
[    2.345392] VFS: Dquot-cache hash table entries: 512 (order 0, 4096 
bytes)
[    2.350018] pnp: PnP ACPI init
[    2.373977] pnp: PnP ACPI: found 6 devices
[    2.414632] clocksource: acpi_pm: mask: 0xffffff max_cycles: 
0xffffff, max_idle_ns: 2085701024 ns
[    2.428598] NET: Registered PF_INET protocol family
[    2.435076] IP idents hash table entries: 32768 (order: 6, 262144 
bytes, linear)
[    2.452147] tcp_listen_portaddr_hash hash table entries: 1024 (order:
 2, 16384 bytes, linear)
[    2.457058] Table-perturb hash table entries: 65536 (order: 6, 262144
 bytes, linear)
[    2.461251] TCP established hash table entries: 16384 (order: 5, 
131072 bytes, linear)
[    2.477195] TCP bind hash table entries: 16384 (order: 6, 262144 
bytes, linear)
[    2.481506] TCP: Hash tables configured (established 16384 bind 
16384)
[    2.485376] UDP hash table entries: 1024 (order: 3, 32768 bytes, 
linear)
[    2.489170] UDP-Lite hash table entries: 1024 (order: 3, 32768 bytes,
 linear)
[    2.498825] NET: Registered PF_UNIX/PF_LOCAL protocol family
[    2.513725] RPC: Registered named UNIX socket transport module.
[    2.517077] RPC: Registered udp transport module.
[    2.519793] RPC: Registered tcp transport module.
[    2.522453] RPC: Registered tcp NFSv4.1 backchannel transport module.
[    2.527774] pci_bus 0000:00: resource 4 [io  0x0000-0x0cf7 window]
[    2.543713] pci_bus 0000:00: resource 5 [io  0x0d00-0xffff window]
[    2.547168] pci_bus 0000:00: resource 6 [mem 0x000a0000-0x000bffff 
window]
[    2.550968] pci_bus 0000:00: resource 7 [mem 0x80000000-0xfebfffff 
window]
[    2.554889] pci_bus 0000:00: resource 8 [mem 0x100000000-0x17fffffff 
window]
[    2.558747] pci 0000:00:01.0: PIIX3: Enabling Passive Release
[    2.566559] pci 0000:00:00.0: Limiting direct PCI/PCI transfers
[    2.569953] pci 0000:00:01.0: Activating ISA DMA hang workarounds
[    2.584474] pci 0000:00:01.0: quirk_isa_dma_hangs+0x0/0x60 took 14179
 usecs
[    2.588646] PCI: CLS 0 bytes, default 64
[    7.874571] RAPL PMU: API unit is 2^-32 Joules, 0 fixed counters, 
10737418240 ms ovfl timer
[    7.879322] clocksource: tsc: mask: 0xffffffffffffffff max_cycles: 
0xfc66f4fc7c, max_idle_ns: 440795224246 ns
[    8.028959] clocksource: Switched to clocksource tsc
[    8.042573] Initialise system trusted keyrings
[    8.052383] workingset: timestamp_bits=56 max_order=19 bucket_order=0
[    8.105843] NFS: Registering the id_resolver key type
[    8.109329] Key type id_resolver registered
[    8.111840] Key type id_legacy registered
[    8.114811] 9p: Installing v9fs 9p2000 file system support
[    8.148432] Key type asymmetric registered
[    8.151388] Asymmetric key parser 'x509' registered
[    8.155174] Block layer SCSI generic (bsg) driver version 0.4 loaded 
(major 251)
[    8.159990] io scheduler mq-deadline registered
[    8.162998] io scheduler kyber registered
[    8.177900] input: Power Button as 
/devices/LNXSYSTM:00/LNXPWRBN:00/input/input0
[    8.183672] ACPI: button: Power Button [PWRF]
[   11.876964] ACPI: \_SB_.LNKC: Enabled at IRQ 11
[   11.893898] Serial: 8250/16550 driver, 4 ports, IRQ sharing enabled
[   11.898242] 00:04: ttyS0 at I/O 0x3f8 (irq = 4, base_baud = 115200) 
is a 16550A
[   11.922452] Non-volatile memory driver v1.3
[   11.925422] Linux agpgart interface v0.103
[   11.978373] loop: module loaded
[   11.998990] scsi host0: ata_piix
[   12.005800] scsi host1: ata_piix
[   12.007667] ata1: PATA max MWDMA2 cmd 0x1f0 ctl 0x3f6 bmdma 0xc060 
irq 14
[   12.010033] ata2: PATA max MWDMA2 cmd 0x170 ctl 0x376 bmdma 0xc068 
irq 15
[   12.022067] e100: Intel(R) PRO/100 Network Driver
[   12.025415] e100: Copyright(c) 1999-2006 Intel Corporation
[   12.029213] e1000: Intel(R) PRO/1000 Network Driver
[   12.036601] e1000: Copyright (c) 1999-2006 Intel Corporation.
[   12.171757] ata1.00: ATA-7: QEMU HARDDISK, 2.5+, max UDMA/100
[   12.173436] ata1.00: 4194304 sectors, multi 16: LBA48 
[   12.176266] scsi 0:0:0:0: Direct-Access     ATA      QEMU HARDDISK   
 2.5+ PQ: 0 ANSI: 5
[   12.180118] scsi 0:0:0:0: Attached scsi generic sg0 type 0
[   12.198383] ata2.00: ATAPI: QEMU DVD-ROM, 2.5+, max UDMA/100
[   12.202964] sd 0:0:0:0: [sda] 4194304 512-byte logical blocks: (2.15 
GB/2.00 GiB)
[   12.207383] sd 0:0:0:0: [sda] Write Protect is off
[   12.211156] sd 0:0:0:0: [sda] Write cache: enabled, read cache: 
enabled, doesn't support DPO or FUA
[   12.230762] scsi 1:0:0:0: CD-ROM            QEMU     QEMU DVD-ROM    
 2.5+ PQ: 0 ANSI: 5
[   12.269250] sd 0:0:0:0: [sda] Attached SCSI disk
[   12.355600] sr 1:0:0:0: [sr0] scsi3-mmc drive: 4x/4x cd/rw xa/form2 
tray
[   12.357522] cdrom: Uniform CD-ROM driver Revision: 3.20
[   12.504270] sr 1:0:0:0: Attached scsi generic sg1 type 5
[   16.254424] ACPI: \_SB_.LNKD: Enabled at IRQ 10
[   16.758283] e1000 0000:00:04.0 eth0: (PCI:33MHz:32-bit) 
52:54:00:12:34:56
[   16.762751] e1000 0000:00:04.0 eth0: Intel(R) PRO/1000 Network 
Connection
[   16.767564] e1000e: Intel(R) PRO/1000 Network Driver
[   16.770629] e1000e: Copyright(c) 1999 - 2015 Intel Corporation.
[   16.774594] sky2: driver version 1.30
[   16.788229] ehci_hcd: USB 2.0 'Enhanced' Host Controller (EHCI) 
Driver
[   16.792478] ehci-pci: EHCI PCI platform driver
[   16.795463] ohci_hcd: USB 1.1 'Open' Host Controller (OHCI) Driver
[   16.799597] ohci-pci: OHCI PCI platform driver
[   16.802613] uhci_hcd: USB Universal Host Controller Interface driver
[   16.815253] usbcore: registered new interface driver usblp
[   16.819225] usbcore: registered new interface driver usb-storage
[   16.823317] i8042: PNP: PS/2 Controller [PNP0303:KBD,PNP0f13:MOU] at 
0x60,0x64 irq 1,12
[   16.842269] serio: i8042 KBD port at 0x60,0x64 irq 1
[   16.845556] serio: i8042 AUX port at 0x60,0x64 irq 12
[   16.850859] rtc_cmos 00:05: RTC can wake from S4
[   16.853556] input: AT Translated Set 2 keyboard as 
/devices/platform/i8042/serio0/input/input1
[   16.855545] rtc_cmos 00:05: registered as rtc0
[   16.872750] rtc_cmos 00:05: alarms up to one day, y3k, 242 bytes 
nvram, hpet irqs
[   16.884444] device-mapper: ioctl: 4.45.0-ioctl (2021-03-22) 
initialised: dm-devel@redhat.com
[   16.887281] intel_pstate: CPU model not supported
[   16.897959] hid: raw HID events driver (C) Jiri Kosina
[   16.903006] usbcore: registered new interface driver usbhid
[   16.913027] usbhid: USB HID core driver
[   16.923932] Initializing XFRM netlink socket
[   16.937061] NET: Registered PF_INET6 protocol family
[   16.943084] Segment Routing with IPv6
[   16.945596] In-situ OAM (IOAM) with IPv6
[   16.948387] sit: IPv6, IPv4 and MPLS over IPv4 tunneling driver
[   16.961373] NET: Registered PF_PACKET protocol family
[   16.965191] 9pnet: Installing 9P2000 support
[   16.968000] Key type dns_resolver registered
[   16.977935] IPI shorthand broadcast: enabled
[   16.981122] sched_clock: Marking stable (16383757279, 
597131127)-&gt;(17950630486, -969742080)
[   16.989290] registered taskstats version 1
[   16.995893] Loading compiled-in X.509 certificates
[   17.012229] PM:   Magic number: 2:678:61
[   17.013964] printk: console [netcon0] enabled
[   17.015414] netconsole: network logging started
[   17.017994] cfg80211: Loading compiled-in X.509 certificates for 
regulatory database
[   17.036405] kworker/u4:2 (73) used greatest stack depth: 28768 bytes 
left
[   17.041827] cfg80211: Loaded X.509 cert 'sforshee: 
00b28ddf47aef9cea7'
[   17.044687] ALSA device list:
[   17.046069] platform regulatory.0: Direct firmware load for 
regulatory.db failed with error -2
[   17.046574]   No soundcards found.
[   17.060873] cfg80211: failed to load regulatory.db
[   17.492778] input: ImExPS/2 Generic Explorer Mouse as 
/devices/platform/i8042/serio1/input/input3
[   17.496287] md: Waiting for all devices to be available before 
autodetect
[   17.498502] md: If you don't use raid, use raid=noautodetect
[   17.506319] md: Autodetecting RAID arrays.
[   17.507713] md: autorun ...
[   17.508701] md: ... autorun DONE.
[   17.533440] EXT4-fs (sda): INFO: recovery required on readonly 
filesystem
[   17.535698] EXT4-fs (sda): write access will be enabled during 
recovery
[   17.688162] EXT4-fs (sda): recovery complete
[   17.691322] EXT4-fs (sda): mounted filesystem with ordered data mode.
 Opts: (null). Quota mode: none.
[   17.694516] VFS: Mounted root (ext4 filesystem) readonly on device 
8:0.
[   17.708441] devtmpfs: mounted
[   17.711785] Freeing unused kernel image (initmem) memory: 2148K
[   17.714029] Write protecting the kernel read-only data: 59392k
[   17.733882] Freeing unused kernel image (text/rodata gap) memory: 
2032K
[   17.737700] Freeing unused kernel image (rodata/data gap) memory: 
1568K
[   17.740072] Run /sbin/init as init process
[   19.029350] SELinux:  Permission getrlimit in class process not 
defined in policy.
[   19.034563] SELinux:  Class process2 not defined in policy.
[   19.038327] SELinux:  Permission watch in class filesystem not 
defined in policy.
[   19.042806] SELinux:  Permission map in class file not defined in 
policy.
[   19.047450] SELinux:  Permission watch in class file not defined in 
policy.
[   19.051997] SELinux:  Permission watch_mount in class file not 
defined in policy.
[   19.056862] SELinux:  Permission watch_sb in class file not defined 
in policy.
[   19.061274] SELinux:  Permission watch_with_perm in class file not 
defined in policy.
[   19.066625] SELinux:  Permission watch_reads in class file not 
defined in policy.
[   19.071383] SELinux:  Permission map in class dir not defined in 
policy.
[   19.075504] SELinux:  Permission watch in class dir not defined in 
policy.
[   19.080070] SELinux:  Permission watch_mount in class dir not defined
 in policy.
[   19.084772] SELinux:  Permission watch_sb in class dir not defined in
 policy.
[   19.089594] SELinux:  Permission watch_with_perm in class dir not 
defined in policy.
[   19.094384] SELinux:  Permission watch_reads in class dir not defined
 in policy.
[   19.099181] SELinux:  Permission map in class lnk_file not defined in
 policy.
[   19.103993] SELinux:  Permission watch in class lnk_file not defined 
in policy.
[   19.108668] SELinux:  Permission watch_mount in class lnk_file not 
defined in policy.
[   19.113897] SELinux:  Permission watch_sb in class lnk_file not 
defined in policy.
[   19.118647] SELinux:  Permission watch_with_perm in class lnk_file 
not defined in policy.
[   19.124775] SELinux:  Permission watch_reads in class lnk_file not 
defined in policy.
[   19.129850] SELinux:  Permission map in class chr_file not defined in
 policy.
[   19.134602] SELinux:  Permission watch in class chr_file not defined 
in policy.
[   19.139050] SELinux:  Permission watch_mount in class chr_file not 
defined in policy.
[   19.143961] SELinux:  Permission watch_sb in class chr_file not 
defined in policy.
[   19.148939] SELinux:  Permission watch_with_perm in class chr_file 
not defined in policy.
[   19.154409] SELinux:  Permission watch_reads in class chr_file not 
defined in policy.
[   19.159352] SELinux:  Permission map in class blk_file not defined in
 policy.
[   19.163791] SELinux:  Permission watch in class blk_file not defined 
in policy.
[   19.168569] SELinux:  Permission watch_mount in class blk_file not 
defined in policy.
[   19.173722] SELinux:  Permission watch_sb in class blk_file not 
defined in policy.
[   19.178418] SELinux:  Permission watch_with_perm in class blk_file 
not defined in policy.
[   19.183779] SELinux:  Permission watch_reads in class blk_file not 
defined in policy.
[   19.188737] SELinux:  Permission map in class sock_file not defined 
in policy.
[   19.193680] SELinux:  Permission watch in class sock_file not defined
 in policy.
[   19.198294] SELinux:  Permission watch_mount in class sock_file not 
defined in policy.
[   19.203549] SELinux:  Permission watch_sb in class sock_file not 
defined in policy.
[   19.208330] SELinux:  Permission watch_with_perm in class sock_file 
not defined in policy.
[   19.211181] SELinux:  Permission watch_reads in class sock_file not 
defined in policy.
[   19.213900] SELinux:  Permission map in class fifo_file not defined 
in policy.
[   19.216310] SELinux:  Permission watch in class fifo_file not defined
 in policy.
[   19.218584] SELinux:  Permission watch_mount in class fifo_file not 
defined in policy.
[   19.223083] SELinux:  Permission watch_sb in class fifo_file not 
defined in policy.
[   19.227681] SELinux:  Permission watch_with_perm in class fifo_file 
not defined in policy.
[   19.232332] SELinux:  Permission watch_reads in class fifo_file not 
defined in policy.
[   19.236810] SELinux:  Permission map in class socket not defined in 
policy.
[   19.240742] SELinux:  Permission map in class tcp_socket not defined 
in policy.
[   19.245094] SELinux:  Permission map in class udp_socket not defined 
in policy.
[   19.249128] SELinux:  Permission map in class rawip_socket not 
defined in policy.
[   19.253412] SELinux:  Permission map in class netlink_socket not 
defined in policy.
[   19.258108] SELinux:  Permission map in class packet_socket not 
defined in policy.
[   19.262437] SELinux:  Permission map in class key_socket not defined 
in policy.
[   19.265615] SELinux:  Permission map in class unix_stream_socket not 
defined in policy.
[   19.268374] SELinux:  Permission map in class unix_dgram_socket not 
defined in policy.
[   19.271075] SELinux:  Permission map in class netlink_route_socket 
not defined in policy.
[   19.273838] SELinux:  Permission map in class netlink_tcpdiag_socket 
not defined in policy.
[   19.276687] SELinux:  Permission map in class netlink_nflog_socket 
not defined in policy.
[   19.279551] SELinux:  Permission map in class netlink_xfrm_socket not
 defined in policy.
[   19.282132] SELinux:  Permission map in class netlink_selinux_socket 
not defined in policy.
[   19.284622] SELinux:  Permission map in class netlink_iscsi_socket 
not defined in policy.
[   19.287265] SELinux:  Permission map in class netlink_audit_socket 
not defined in policy.
[   19.290053] SELinux:  Permission map in class 
netlink_fib_lookup_socket not defined in policy.
[   19.293027] SELinux:  Permission map in class 
netlink_connector_socket not defined in policy.
[   19.295945] SELinux:  Permission map in class 
netlink_netfilter_socket not defined in policy.
[   19.298899] SELinux:  Permission map in class netlink_dnrt_socket not
 defined in policy.
[   19.301386] SELinux:  Permission map in class 
netlink_kobject_uevent_socket not defined in policy.
[   19.304055] SELinux:  Permission map in class netlink_generic_socket 
not defined in policy.
[   19.306882] SELinux:  Permission map in class 
netlink_scsitransport_socket not defined in policy.
[   19.309864] SELinux:  Permission map in class netlink_rdma_socket not
 defined in policy.
[   19.312761] SELinux:  Permission map in class netlink_crypto_socket 
not defined in policy.
[   19.314993] SELinux:  Permission map in class appletalk_socket not 
defined in policy.
[   19.317164] SELinux:  Permission map in class dccp_socket not defined
 in policy.
[   19.319632] SELinux:  Permission perfmon in class capability2 not 
defined in policy.
[   19.323903] SELinux:  Permission bpf in class capability2 not defined
 in policy.
[   19.327967] SELinux:  Permission checkpoint_restore in class 
capability2 not defined in policy.
[   19.332971] SELinux:  Permission map in class tun_socket not defined 
in policy.
[   19.335500] SELinux:  Permission perfmon in class cap2_userns not 
defined in policy.
[   19.338195] SELinux:  Permission bpf in class cap2_userns not defined
 in policy.
[   19.340795] SELinux:  Permission checkpoint_restore in class 
cap2_userns not defined in policy.
[   19.343790] SELinux:  Class sctp_socket not defined in policy.
[   19.345877] SELinux:  Class icmp_socket not defined in policy.
[   19.347851] SELinux:  Class ax25_socket not defined in policy.
[   19.349830] SELinux:  Class ipx_socket not defined in policy.
[   19.353057] SELinux:  Class netrom_socket not defined in policy.
[   19.356507] SELinux:  Class atmpvc_socket not defined in policy.
[   19.358983] SELinux:  Class x25_socket not defined in policy.
[   19.361036] SELinux:  Class rose_socket not defined in policy.
[   19.363028] SELinux:  Class decnet_socket not defined in policy.
[   19.365129] SELinux:  Class atmsvc_socket not defined in policy.
[   19.367173] SELinux:  Class rds_socket not defined in policy.
[   19.369205] SELinux:  Class irda_socket not defined in policy.
[   19.371203] SELinux:  Class pppox_socket not defined in policy.
[   19.373252] SELinux:  Class llc_socket not defined in policy.
[   19.375093] SELinux:  Class can_socket not defined in policy.
[   19.376730] SELinux:  Class tipc_socket not defined in policy.
[   19.378323] SELinux:  Class bluetooth_socket not defined in policy.
[   19.380113] SELinux:  Class iucv_socket not defined in policy.
[   19.382230] SELinux:  Class rxrpc_socket not defined in policy.
[   19.385574] SELinux:  Class isdn_socket not defined in policy.
[   19.388992] SELinux:  Class phonet_socket not defined in policy.
[   19.392511] SELinux:  Class ieee802154_socket not defined in policy.
[   19.396110] SELinux:  Class caif_socket not defined in policy.
[   19.399574] SELinux:  Class alg_socket not defined in policy.
[   19.402796] SELinux:  Class nfc_socket not defined in policy.
[   19.406069] SELinux:  Class vsock_socket not defined in policy.
[   19.409509] SELinux:  Class kcm_socket not defined in policy.
[   19.412831] SELinux:  Class qipcrtr_socket not defined in policy.
[   19.416296] SELinux:  Class smc_socket not defined in policy.
[   19.419568] SELinux:  Class infiniband_pkey not defined in policy.
[   19.423065] SELinux:  Class infiniband_endport not defined in policy.
[   19.426776] SELinux:  Class bpf not defined in policy.
[   19.429666] SELinux:  Class xdp_socket not defined in policy.
[   19.432920] SELinux:  Class mctp_socket not defined in policy.
[   19.436240] SELinux:  Class perf_event not defined in policy.
[   19.439506] SELinux:  Class lockdown not defined in policy.
[   19.442100] SELinux:  Class anon_inode not defined in policy.
[   19.444017] SELinux: the above unknown classes and permissions will 
be allowed
[   19.485622] SELinux:  policy capability network_peer_controls=1
[   19.499912] SELinux:  policy capability open_perms=1
[   19.502792] SELinux:  policy capability extended_socket_class=0
[   19.504877] SELinux:  policy capability always_check_network=0
[   19.508265] SELinux:  policy capability cgroup_seclabel=0
[   19.511420] SELinux:  policy capability nnp_nosuid_transition=0
[   19.514960] SELinux:  policy capability genfs_seclabel_symlinks=0
[   19.518533] SELinux:  policy capability ioctl_skip_cloexec=0
[   19.634785] audit: type=1403 audit(1670475818.178:2): auid=4294967295
 ses=4294967295 lsm=selinux res=1
[   19.656414] systemd[1]: Successfully loaded SELinux policy in 
1.672030s.
[   19.696071] audit: type=1400 audit(1670475818.239:3): avc:  denied  {
 associate } for  pid=1 comm="systemd" name="pts" 
scontext=system_u:object_r:devpts_t:s0 
tcontext=system_u:object_r:device_t:s0 tclass=filesystem permissive=1
[   19.743881] systemd[1]: Relabelled /dev and /run in 25.686ms.
[   19.775176] systemd[1]: systemd 232 running in system mode. (+PAM 
+AUDIT +SELINUX +IMA +APPARMOR +SMACK +SYSVINIT +UTMP +LIBCRYPTSETUP 
+GCRYPT +GNUTLS +ACL +XZ +LZ4 +SECCOMP +BLKID +ELFUTILS +KMOD +IDN)
[   19.781690] systemd[1]: Detected virtualization qemu.
[   19.783563] systemd[1]: Detected architecture x86-64.

Welcome to [1mDebian GNU/Linux 9 (stretch)[0m!

[   19.789804] systemd[1]: Set hostname to &lt;syzkaller&gt;.
[   19.901980] systemd-getty-g (81) used greatest stack depth: 26728 
bytes left
[   19.908308] systemd-sysv-ge (80) used greatest stack depth: 26592 
bytes left
[   19.948860] systemd-rc-loca (83) used greatest stack depth: 26216 
bytes left
[   19.976728] systemd-fstab-g (86) used greatest stack depth: 25008 
bytes left
[   20.347241] systemd[1]: Reached target Swap.
[[0;32m  OK  [0m] Reached target Swap.
[   20.364345] systemd[1]: Listening on Journal Socket.
[[0;32m  OK  [0m] Listening on Journal Socket.
[   20.376554] systemd[1]: Listening on /dev/initctl Compatibility Named
 Pipe.
[[0;32m  OK  [0m] Listening on /dev/initctl Compatibility Named Pipe.
[   20.391713] systemd[1]: Listening on Journal Socket (/dev/log).
[[0;32m  OK  [0m] Listening on Journal Socket (/dev/log).
[   20.404668] systemd[1]: Created slice System Slice.
[[0;32m  OK  [0m] Created slice System Slice.
[   20.422543] systemd[1]: Mounting /sys/kernel/debug...
         Mounting /sys/kernel/debug...
[[0;32m  OK  [0m] Created slice system-serial\x2dgetty.slice.
         Mounting /sys/kernel/config...
[[0;32m  OK  [0m] Created slice system-getty.slice.
         Mounting POSIX Message Queue File System...
         Starting Remount Root and Kernel File Systems...
[[0;32m  OK  [0m] Listening on udev Kernel Socket.
         Starting Load Kernel Modules...
         Starting Create Static Device Nodes in /dev...
[[0;32m  OK  [0m] Started Dispatch Password Requests to Console 
Directory Watch.
[[0;32m  OK  [[   20.654594] EXT4-fs (sda): re-mounted. Opts: (null). 
Quota mode: none.
0m] Set up automount Arbitrary Executabrmats File System Automount 
Point.
         Mounting /proc/sys/fs/binfmt_misc...
[[0;32m  OK  [0m] Reached target Remote File Systems.
[[0;32m  OK  [0m] Listening on udev Control Socket.
[[0;32m  OK  [0m] Started Forward Password Requests to Wall Directory 
Watch.
[[0;32m  OK  [0m] Reached target Encrypted Volumes.
[   20.781376] audit: type=1400 audit(1670475819.323:4): avc:  denied  {
 audit_read } for  pid=1 comm="systemd" capability=37  
scontext=system_u:system_r:kernel_t:s0 
tcontext=system_u:system_r:kernel_t:s0 tclass=capability2 permissive=1
[[0;32m  OK  [0m] Listening on Journal Audit Socket.
[[0;32m  OK  [0m] Reached target Paths.
[[0;32m  OK  [0m] Listening on Syslog Socket.
[[0;32m  OK  [0m] Reached target Sockets.
         Starting Journal Service...
[[0;32m  OK  [0m] Reached target Slices.
[[0;32m  OK  [0m] Mounted POSIX Message Queue File System.
[[0;32m  OK  [0m] Mounted /sys/kernel/debug.
[[0;32m  OK  [0m] Mounted /sys/kernel/config.
[[0;32m  OK  [0m] Mounted /proc/sys/fs/binfmt_misc.
[[0;32m  OK  [0m] Started Remount Root and Kernel File Systems.
[[0;32m  OK  [0m] Started Load Kernel Modules.
[[0;32m  OK  [0m] Started Create Static Device Nodes in /dev.
         Starting udev Kernel Device Manager...
         Starting Apply Kernel Variables...
         Starting Load/Save Random Seed...
         Starting udev Coldplug all Devices...
[[0;32m  OK  [0m] Reached target Local File Systems (Pre).
[[0;32m  OK  [0m] Reached target Local File Systems.
[[0;32m  OK  [0m] Started Apply Kernel Variables.
         Starting Raise network interfaces...
[[0;32m  OK  [0m] Started Load/Save Random Seed.
[[0;32m  OK  [0m] Started Journal Service.
         Starting Flush Journal to Persistent Storage...
[   21.624429] audit: type=1107 audit(1670475820.163:5): pid=1 uid=0 
auid=4294967295 ses=4294967295 subj=system_u:system_r:kernel_t:s0 
msg='avc:  denied  { stop } for auid=n/a uid=0 gid=0 
path="/lib/systemd/system/systemd-journald.service" 
cmdline="/bin/journalctl --flush" scontext=system_u:system_r:kernel_t:s0
 tcontext=system_u:object_r:unlabeled_t:s0 tclass=service
[   21.624429]  exe="/lib/systemd/systemd" sauid=0 hostname=? addr=? 
terminal=?'
[   21.649031] systemd-journald[108]: Received request to flush runtime 
journal from PID 1
[[0;32m  OK  [0m] Started Flush Journal to Persistent Storage.
         Starting Create Volatile Files and Directories...
[[0;32m  OK  [0m] Started udev Kernel Device Manager.
[[0;32m  OK  [0m] Started Create Volatile Files and Directories.
         Starting Update UTMP about System Boot/Shutdown...
         Starting Network Time Synchronization...
[[0;32m  OK  [0m] Started Update UTMP about System Boot/Shutdown.
[[0;32m  OK  [0m] Started Network Time Synchronization.
[[0;32m  OK  [0m] Reached target System Time Synchronized.
[[0;32m  OK  [0m] Started udev Coldplug all Devices.
[[0;32m  OK  [0m] Reached target System Initialization.
[[0;32m  OK  [0m] Reached target Basic System.
         Starting getty on tty2-tty6 if dbus and logind are not 
available...
[   23.150529] e1000 0000:00:04.0 enp0s4: renamed from eth0
[[0;32m  OK  [0m] Started Regular background program processing 
daemon.
[[0;32m  OK  [0m] Started Daily apt download activities.
[[0;32m  OK  [0m] Started Daily apt upgrade and clean activities.
[[0;32m  OK  [0m] Started Daily Cleanup of Temporary Directories.
[[0;32m  OK  [0m] Reached target Timers.
         Starting System Logging Service...
[[0;32m  OK  [0m] Found device /dev/ttyS0.
[   23.587568] audit: type=1107 audit(1670475822.130:6): pid=1 uid=0 
auid=4294967295 ses=4294967295 subj=system_u:system_r:kernel_t:s0 
msg='avc:  denied  { start } for auid=n/a uid=0 gid=0 
path="/lib/systemd/system/getty@.service" cmdline="/bin/systemctl 
--no-block start getty@tty2.service getty@tty3.service 
getty@tty4.service getty@tty5.service getty@tty6.service" 
scontext=system_u:system_r:kernel_t:s0 
tcontext=system_u:object_r:unlabeled_t:s0 tclass=service
[   23.587568]  exe="/lib/systemd/systemd" sauid=0 hostname=? addr=? 
terminal=?'
[   23.920603] audit: type=1107 audit(1670475822.439:7): pid=1 uid=0 
auid=4294967295 ses=4294967295 subj=system_u:system_r:kernel_t:s0 
msg='avc:  denied  { status } for auid=n/a uid=0 gid=0 
path="/lib/systemd/system/getty@.service" cmdline="/bin/systemctl 
--no-block start getty@tty2.service getty@tty3.service 
getty@tty4.service getty@tty5.service getty@tty6.service" 
scontext=system_u:system_r:kernel_t:s0 
tcontext=system_u:object_r:unlabeled_t:s0 tclass=service
[   23.920603]  exe="/lib/systemd/systemd" sauid=0 hostname=? addr=? 
terminal=?'
[[0;32m  OK  [0m] Listening on Load/Save RF Kill Switch Status 
/dev/rfkill Watch.
[[0;32m  OK  [0m] Started getty on tty2-tty6 if dbus and logind are 
not available.
[[0;32m  OK  [0m] Started System Logging Service.
[[0;1;31mFAILED[0m] Failed to start Raise network interfaces.
See 'systemctl status networking.service' for details.
[[0;32m  OK  [0m] Reached target Network.
         Starting Permit User Sessions...
         Starting OpenBSD Secure Shell server...
[[0;32m  OK  [0m] Reached target Network is Online.
         Starting Daily apt download activities...
[[0;32m  OK  [0m] Started Permit User Sessions.
[[0;32m  OK  [0m] Started Getty on tty4.
[[0;32m  OK  [0m] Started Serial Getty on ttyS0.
[[0;32m  OK  [0m] Started Getty on tty6.
[[0;32m  OK  [0m] Started Getty on tty3.
[[0;32m  OK  [0m] Started Getty on tty2.
[[0;32m  OK  [0m] Started Getty on tty1.
[[0;32m  OK  [0m] Started Getty on tty5.
[[0;32m  OK  [0m] Reached target Login Prompts.
[[0;32m  OK  [0m] Started OpenBSD Secure Shell server.
[[0;32m  OK  [0m] Reached target Multi-User System.
[[0;32m  OK  [0m] Reached target Graphical Interface.
         Starting Update UTMP about System Runlevel Changes...
[[0;32m  OK  [0m] Started Update UTMP about System Runlevel Changes.
[[0;32m  OK  [0m] Started Daily apt download activities.
         Starting Daily apt upgrade and clean activities...

Debian GNU/Linux 9 syzkaller ttyS0


2022/12/07 23:13:29 VMs 2, executed 5068610, cover 87177, signal 
136402/185254, crashes 73, repro 2
2022/12/07 23:13:39 VMs 2, executed 5069238, cover 87177, signal 
136402/185259, crashes 73, repro 2
2022/12/07 23:13:49 VMs 2, executed 5069377, cover 87177, signal 
136402/185261, crashes 73, repro 2
2022/12/07 23:13:59 VMs 2, executed 5069490, cover 87177, signal 
136402/185261, crashes 73, repro 2
2022/12/07 23:14:09 VMs 2, executed 5069810, cover 87177, signal 
136402/185261, crashes 73, repro 2
2022/12/07 23:14:19 VMs 2, executed 5070199, cover 87177, signal 
136402/185265, crashes 73, repro 2
2022/12/07 23:14:29 VMs 2, executed 5070708, cover 87185, signal 
136420/185285, crashes 73, repro 2
2022/12/07 23:14:30 reproducing crash 'no output/lost connection': 
failed to init instance: failed to create VM: can't ssh into the 
instance
failed to run ["ssh" "-p" "2697" "-F" "/dev/null" "-o" 
"UserKnownHostsFile=/dev/null" "-o" "BatchMode=yes" "-o" 
"IdentitiesOnly=yes" "-o" "StrictHostKeyChecking=no" "-o" 
"ConnectTimeout=10" "-i" 
"/home/abel/Documents/workspace/syzkaller/tools/stretch.id_rsa" 
"root@localhost" "pwd"]: exit status 255
Connection timed out during banner exchange
Connection to 127.0.0.1 port 2697 timed out
[    0.000000] Linux version 5.15.79 (abel@abel-Inspiron-3502) (gcc 
(Ubuntu 11.3.0-1ubuntu1~22.04) 11.3.0, GNU ld (GNU Binutils for Ubuntu) 
2.38) #3 SMP Wed Dec 7 00:56:13 CST 2022
[    0.000000] Command line: root=/dev/sda console=ttyS0 
[    0.000000] x86/fpu: Supporting XSAVE feature 0x001: 'x87 floating 
point registers'
[    0.000000] x86/fpu: Supporting XSAVE feature 0x002: 'SSE registers'
[    0.000000] x86/fpu: Supporting XSAVE feature 0x008: 'MPX bounds 
registers'
[    0.000000] x86/fpu: Supporting XSAVE feature 0x010: 'MPX CSR'
[    0.000000] x86/fpu: xstate_offset[3]:  576, xstate_sizes[3]:   64
[    0.000000] x86/fpu: xstate_offset[4]:  640, xstate_sizes[4]:   64
[    0.000000] x86/fpu: Enabled xstate features 0x1b, context size is 
704 bytes, using 'compacted' format.
[    0.000000] signal: max sigframe size: 2032
[    0.000000] BIOS-provided physical RAM map:
[    0.000000] BIOS-e820: [mem 0x0000000000000000-0x000000000009fbff] 
usable
[    0.000000] BIOS-e820: [mem 0x000000000009fc00-0x000000000009ffff] 
reserved
[    0.000000] BIOS-e820: [mem 0x00000000000f0000-0x00000000000fffff] 
reserved
[    0.000000] BIOS-e820: [mem 0x0000000000100000-0x000000007ffdffff] 
usable
[    0.000000] BIOS-e820: [mem 0x000000007ffe0000-0x000000007fffffff] 
reserved
[    0.000000] BIOS-e820: [mem 0x00000000feffc000-0x00000000feffffff] 
reserved
[    0.000000] BIOS-e820: [mem 0x00000000fffc0000-0x00000000ffffffff] 
reserved
[    0.000000] NX (Execute Disable) protection: active
[    0.000000] SMBIOS 2.8 present.
[    0.000000] DMI: QEMU Standard PC (i440FX + PIIX, 1996), BIOS 
1.15.0-1 04/01/2014
[    0.000000] Hypervisor detected: KVM
[    0.000000] kvm-clock: Using msrs 4b564d01 and 4b564d00
[    0.000000] kvm-clock: cpu 0, msr 2371e001, primary cpu clock
[    0.000006] kvm-clock: using sched offset of 830195882 cycles
[    0.000031] clocksource: kvm-clock: mask: 0xffffffffffffffff 
max_cycles: 0x1cd42e4dffb, max_idle_ns: 881590591483 ns
[    0.000072] tsc: Detected 1094.400 MHz processor
[    0.016079] last_pfn = 0x7ffe0 max_arch_pfn = 0x400000000
[    0.016185] x86/PAT: Configuration [0-7]: WB  WC  UC- UC  WB  WP  UC-
 WT  
[    0.025060] found SMP MP-table at [mem 0x000f5b90-0x000f5b9f]
[    0.025316] Using GB pages for direct mapping
[    0.027034] ACPI: Early table checksum verification disabled
[    0.027082] ACPI: RSDP 0x00000000000F59D0 000014 (v00 BOCHS )
[    0.027141] ACPI: RSDT 0x000000007FFE1967 000034 (v01 BOCHS  BXPC    
 00000001 BXPC 00000001)
[    0.027209] ACPI: FACP 0x000000007FFE1813 000074 (v01 BOCHS  BXPC    
 00000001 BXPC 00000001)
[    0.027282] ACPI: DSDT 0x000000007FFE0040 0017D3 (v01 BOCHS  BXPC    
 00000001 BXPC 00000001)
[    0.027343] ACPI: FACS 0x000000007FFE0000 000040
[    0.027408] ACPI: APIC 0x000000007FFE1887 000080 (v01 BOCHS  BXPC    
 00000001 BXPC 00000001)
[    0.027468] ACPI: HPET 0x000000007FFE1907 000038 (v01 BOCHS  BXPC    
 00000001 BXPC 00000001)
[    0.027527] ACPI: WAET 0x000000007FFE193F 000028 (v01 BOCHS  BXPC    
 00000001 BXPC 00000001)
[    0.027582] ACPI: Reserving FACP table memory at [mem 
0x7ffe1813-0x7ffe1886]
[    0.027609] ACPI: Reserving DSDT table memory at [mem 
0x7ffe0040-0x7ffe1812]
[    0.027635] ACPI: Reserving FACS table memory at [mem 
0x7ffe0000-0x7ffe003f]
[    0.027660] ACPI: Reserving APIC table memory at [mem 
0x7ffe1887-0x7ffe1906]
[    0.027685] ACPI: Reserving HPET table memory at [mem 
0x7ffe1907-0x7ffe193e]
[    0.027710] ACPI: Reserving WAET table memory at [mem 
0x7ffe193f-0x7ffe1966]
[    0.030236] No NUMA configuration found
[    0.030268] Faking a node at [mem 
0x0000000000000000-0x000000007ffdffff]
[    0.030314] NODE_DATA(0) allocated [mem 0x7ffdc000-0x7ffdffff]
[    0.030480] Zone ranges:
[    0.030497]   DMA      [mem 0x0000000000001000-0x0000000000ffffff]
[    0.030529]   DMA32    [mem 0x0000000001000000-0x000000007ffdffff]
[    0.030560]   Normal   empty
[    0.030580] Movable zone start for each node
[    0.030595] Early memory node ranges
[    0.030608]   node   0: [mem 0x0000000000001000-0x000000000009efff]
[    0.030634]   node   0: [mem 0x0000000000100000-0x000000007ffdffff]
[    0.030663] Initmem setup node 0 [mem 
0x0000000000001000-0x000000007ffdffff]
[    0.031494] On node 0, zone DMA: 1 pages in unavailable ranges
[    0.031780] On node 0, zone DMA: 97 pages in unavailable ranges
[    0.075458] On node 0, zone DMA32: 32 pages in unavailable ranges
[    0.214413] kasan: KernelAddressSanitizer initialized
[    0.215095] ACPI: PM-Timer IO Port: 0x608
[    0.215153] ACPI: LAPIC_NMI (acpi_id[0xff] dfl dfl lint[0x1])
[    0.215260] IOAPIC[0]: apic_id 0, version 17, address 0xfec00000, GSI
 0-23
[    0.215304] ACPI: INT_SRC_OVR (bus 0 bus_irq 0 global_irq 2 dfl dfl)
[    0.215337] ACPI: INT_SRC_OVR (bus 0 bus_irq 5 global_irq 5 high 
level)
[    0.215366] ACPI: INT_SRC_OVR (bus 0 bus_irq 9 global_irq 9 high 
level)
[    0.215396] ACPI: INT_SRC_OVR (bus 0 bus_irq 10 global_irq 10 high 
level)
[    0.215426] ACPI: INT_SRC_OVR (bus 0 bus_irq 11 global_irq 11 high 
level)
[    0.215477] ACPI: Using ACPI (MADT) for SMP configuration information
[    0.215496] ACPI: HPET id: 0x8086a201 base: 0xfed00000
[    0.215532] TSC deadline timer available
[    0.215548] smpboot: Allowing 2 CPUs, 0 hotplug CPUs
[    0.215691] kvm-guest: KVM setup pv remote TLB flush
[    0.215713] kvm-guest: setup PV sched yield
[    0.215794] PM: hibernation: Registered nosave memory: [mem 
0x00000000-0x00000fff]
[    0.215828] PM: hibernation: Registered nosave memory: [mem 
0x0009f000-0x0009ffff]
[    0.215852] PM: hibernation: Registered nosave memory: [mem 
0x000a0000-0x000effff]
[    0.215874] PM: hibernation: Registered nosave memory: [mem 
0x000f0000-0x000fffff]
[    0.215901] [mem 0x80000000-0xfeffbfff] available for PCI devices
[    0.215923] Booting paravirtualized kernel on KVM
[    0.215944] clocksource: refined-jiffies: mask: 0xffffffff 
max_cycles: 0xffffffff, max_idle_ns: 1910969940391419 ns
[    0.242521] setup_percpu: NR_CPUS:64 nr_cpumask_bits:64 nr_cpu_ids:2 
nr_node_ids:1
[    0.243828] percpu: Embedded 64 pages/cpu s224472 r8192 d29480 
u1048576
[    0.244185] kvm-guest: setup async PF for cpu 0
[    0.244215] kvm-guest: stealtime: cpu 0, msr 6d227140
[    0.244247] Built 1 zonelists, mobility grouping on.  Total pages: 
515808
[    0.244274] Policy zone: DMA32
[    0.244291] Kernel command line: root=/dev/sda console=ttyS0 
[    0.245459] Dentry cache hash table entries: 262144 (order: 9, 
2097152 bytes, linear)
[    0.246496] Inode-cache hash table entries: 131072 (order: 8, 1048576
 bytes, linear)
[    0.246698] mem auto-init: stack:off, heap alloc:off, heap free:off
[    0.343895] Memory: 1699040K/2096632K available (47117K kernel code, 
7796K rwdata, 8672K rodata, 2148K init, 1044K bss, 397336K reserved, 0K 
cma-reserved)
[    0.344507] SLUB: HWalign=64, Order=0-3, MinObjects=0, CPUs=2, 
Nodes=1
[    0.345018] rcu: Hierarchical RCU implementation.
[    0.345037] rcu: 	RCU event tracing is enabled.
[    0.345052] rcu: 	RCU restricting CPUs from NR_CPUS=64 to 
nr_cpu_ids=2.
[    0.345076] rcu: RCU calculated value of scheduler-enlistment delay 
is 100 jiffies.
[    0.345096] rcu: Adjusting geometry for rcu_fanout_leaf=16, 
nr_cpu_ids=2
[    0.394901] NR_IRQS: 4352, nr_irqs: 440, preallocated irqs: 16
[    0.410888] random: crng init done
[    0.421718] Console: colour VGA+ 80x25
[    0.876158] printk: console [ttyS0] enabled
[    0.879087] ACPI: Core revision 20210730
[    0.882605] clocksource: hpet: mask: 0xffffffff max_cycles: 
0xffffffff, max_idle_ns: 19112604467 ns
[    0.888990] APIC: Switch to symmetric I/O mode setup
[    0.892781] kvm-guest: setup PV IPIs
[    0.897555] ..TIMER: vector=0x30 apic1=0 pin1=2 apic2=-1 pin2=-1
[    0.901858] clocksource: tsc-early: mask: 0xffffffffffffffff 
max_cycles: 0xfc66f4fc7c, max_idle_ns: 440795224246 ns
[    0.908883] Calibrating delay loop (skipped) preset value.. 2188.80 
BogoMIPS (lpj=1094400)
[    0.910881] pid_max: default: 32768 minimum: 301
[    0.912105] LSM: Security Framework initializing
[    0.913948] SELinux:  Initializing.
[    0.915301] Mount-cache hash table entries: 4096 (order: 3, 32768 
bytes, linear)
[    0.915913] Mountpoint-cache hash table entries: 4096 (order: 3, 
32768 bytes, linear)
[    0.918889] x86/cpu: User Mode Instruction Prevention (UMIP) 
activated
[    0.920881] Last level iTLB entries: 4KB 0, 2MB 0, 4MB 0
[    0.921880] Last level dTLB entries: 4KB 0, 2MB 0, 4MB 0, 1GB 0
[    0.922926] Spectre V1 : Mitigation: usercopy/swapgs barriers and 
__user pointer sanitization
[    0.923890] Spectre V2 : Mitigation: Enhanced IBRS
[    0.924878] Spectre V2 : Spectre v2 / SpectreRSB mitigation: Filling 
RSB on context switch
[    0.925917] Spectre V2 : mitigation: Enabling conditional Indirect 
Branch Prediction Barrier
[    0.926886] Speculative Store Bypass: Mitigation: Speculative Store 
Bypass disabled via prctl and seccomp
[    1.070708] Freeing SMP alternatives memory: 44K
[    1.071973] smpboot: CPU0: Intel(R) Pentium(R) Silver N5030 CPU @ 
1.10GHz (family: 0x6, model: 0x7a, stepping: 0x8)
[    1.073729] Performance Events: Goldmont plus events, 32-deep LBR, 
full-width counters, Intel PMU driver.
[    1.074892] ... version:                2
[    1.075883] ... bit width:              48
[    1.076885] ... generic registers:      4
[    1.077882] ... value mask:             0000ffffffffffff
[    1.078883] ... max period:             00007fffffffffff
[    1.079884] ... fixed-purpose events:   3
[    1.080883] ... event mask:             000000070000000f
[    1.082443] rcu: Hierarchical SRCU implementation.
[    1.087179] smp: Bringing up secondary CPUs ...
[    1.088522] x86: Booting SMP configuration:
[    1.088885] .... node  #0, CPUs:      #1
[    0.495019] kvm-clock: cpu 1, msr 2371e041, secondary cpu clock
[    1.090939] kvm-guest: setup async PF for cpu 1
[    1.091865] kvm-guest: stealtime: cpu 1, msr 6d327140
[    1.096067] smp: Brought up 1 node, 2 CPUs
[    1.096896] smpboot: Max logical packages: 1
[    1.097884] smpboot: Total of 2 processors activated (4377.60 
BogoMIPS)
[    1.101138] devtmpfs: initialized
[    1.109971] clocksource: jiffies: mask: 0xffffffff max_cycles: 
0xffffffff, max_idle_ns: 1911260446275000 ns
[    1.110905] futex hash table entries: 512 (order: 3, 32768 bytes, 
linear)
[    1.112644] PM: RTC time: 05:04:26, date: 2022-12-08
[    1.113830] NET: Registered PF_NETLINK/PF_ROUTE protocol family
[    1.115849] audit: initializing netlink subsys (disabled)
[    1.116128] audit: type=2000 audit(1670475865.754:1): 
state=initialized audit_enabled=0 res=1
[    1.117564] thermal_sys: Registered thermal governor 'step_wise'
[    1.117884] thermal_sys: Registered thermal governor 'user_space'
[    1.119935] cpuidle: using governor menu
[    1.122330] ACPI: bus type PCI registered
[    1.123692] PCI: Using configuration type 1 for base access
[    1.176400] Kprobes globally optimized
[    1.178217] HugeTLB registered 2.00 MiB page size, pre-allocated 0 
pages
[    1.179243] cryptomgr_test (27) used greatest stack depth: 30760 
bytes left
[    1.181305] cryptomgr_test (29) used greatest stack depth: 30704 
bytes left
[    1.187287] ACPI: Added _OSI(Module Device)
[    1.187983] ACPI: Added _OSI(Processor Device)
[    1.188885] ACPI: Added _OSI(3.0 _SCP Extensions)
[    1.189934] ACPI: Added _OSI(Processor Aggregator Device)
[    1.190903] ACPI: Added _OSI(Linux-Dell-Video)
[    1.191893] ACPI: Added _OSI(Linux-Lenovo-NV-HDMI-Audio)
[    1.192895] ACPI: Added _OSI(Linux-HPI-Hybrid-Graphics)
[    1.232837] ACPI: 1 ACPI AML tables successfully acquired and loaded
[    1.242236] ACPI: Interpreter enabled
[    1.243121] ACPI: PM: (supports S0 S3 S4 S5)
[    1.243885] ACPI: Using IOAPIC for interrupt routing
[    1.245085] PCI: Using host bridge windows from ACPI; if necessary, 
use "pci=nocrs" and report a bug
[    1.248274] ACPI: Enabled 2 GPEs in block 00 to 0F
[    1.323034] ACPI: PCI Root Bridge [PCI0] (domain 0000 [bus 00-ff])
[    1.323954] acpi PNP0A03:00: _OSC: OS supports [ASPM ClockPM Segments
 MSI HPX-Type3]
[    1.325166] acpi PNP0A03:00: fail to add MMCONFIG information, can't 
access extended PCI configuration space under this bridge.
[    1.326676] PCI host bridge to bus 0000:00
[    1.326910] pci_bus 0000:00: root bus resource [io  0x0000-0x0cf7 
window]
[    1.327915] pci_bus 0000:00: root bus resource [io  0x0d00-0xffff 
window]
[    1.328912] pci_bus 0000:00: root bus resource [mem 
0x000a0000-0x000bffff window]
[    1.329926] pci_bus 0000:00: root bus resource [mem 
0x80000000-0xfebfffff window]
[    1.330913] pci_bus 0000:00: root bus resource [mem 
0x100000000-0x17fffffff window]
[    1.331912] pci_bus 0000:00: root bus resource [bus 00-ff]
[    1.336326] pci 0000:00:00.0: [8086:1237] type 00 class 0x060000
[    1.359513] pci 0000:00:01.0: [8086:7000] type 00 class 0x060100
[    1.364363] pci 0000:00:01.1: [8086:7010] type 00 class 0x010180
[    1.368377] pci 0000:00:01.1: reg 0x20: [io  0xc060-0xc06f]
[    1.370783] pci 0000:00:01.1: legacy IDE quirk: reg 0x10: [io  
0x01f0-0x01f7]
[    1.370897] pci 0000:00:01.1: legacy IDE quirk: reg 0x14: [io  
0x03f6]
[    1.371894] pci 0000:00:01.1: legacy IDE quirk: reg 0x18: [io  
0x0170-0x0177]
[    1.372894] pci 0000:00:01.1: legacy IDE quirk: reg 0x1c: [io  
0x0376]
[    1.377967] pci 0000:00:01.3: [8086:7113] type 00 class 0x068000
[    1.379786] pci 0000:00:01.3: quirk: [io  0x0600-0x063f] claimed by 
PIIX4 ACPI
[    1.379922] pci 0000:00:01.3: quirk: [io  0x0700-0x070f] claimed by 
PIIX4 SMB
[    1.386576] pci 0000:00:02.0: [1234:1111] type 00 class 0x030000
[    1.388791] pci 0000:00:02.0: reg 0x10: [mem 0xfd000000-0xfdffffff 
pref]
[    1.391797] pci 0000:00:02.0: reg 0x18: [mem 0xfebb0000-0xfebb0fff]
[    1.397921] pci 0000:00:02.0: reg 0x30: [mem 0xfeba0000-0xfebaffff 
pref]
[    1.399166] pci 0000:00:02.0: Video device with shadowed ROM at [mem 
0x000c0000-0x000dffff]
[    1.422594] pci 0000:00:03.0: [1af4:1005] type 00 class 0x00ff00
[    1.423888] pci 0000:00:03.0: reg 0x10: [io  0xc040-0xc05f]
[    1.429845] pci 0000:00:03.0: reg 0x20: [mem 0xfe000000-0xfe003fff 
64bit pref]
[    1.455387] pci 0000:00:04.0: [8086:100e] type 00 class 0x020000
[    1.456889] pci 0000:00:04.0: reg 0x10: [mem 0xfeb80000-0xfeb9ffff]
[    1.458890] pci 0000:00:04.0: reg 0x14: [io  0xc000-0xc03f]
[    1.465510] pci 0000:00:04.0: reg 0x30: [mem 0xfeb00000-0xfeb7ffff 
pref]
[    1.492801] ACPI: PCI: Interrupt link LNKA configured for IRQ 10
[    1.495137] ACPI: PCI: Interrupt link LNKB configured for IRQ 10
[    1.498135] ACPI: PCI: Interrupt link LNKC configured for IRQ 11
[    1.501199] ACPI: PCI: Interrupt link LNKD configured for IRQ 11
[    1.502894] ACPI: PCI: Interrupt link LNKS configured for IRQ 9
[    1.508030] iommu: Default domain type: Translated 
[    1.508905] iommu: DMA domain TLB invalidation policy: lazy mode 
[    1.510108] pci 0000:00:02.0: vgaarb: setting as boot VGA device
[    1.510865] pci 0000:00:02.0: vgaarb: VGA device added: 
decodes=io+mem,owns=io+mem,locks=none
[    1.510900] pci 0000:00:02.0: vgaarb: bridge control possible
[    1.511883] vgaarb: loaded
[    1.513833] SCSI subsystem initialized
[    1.514461] ACPI: bus type USB registered
[    1.514461] usbcore: registered new interface driver usbfs
[    1.514865] usbcore: registered new interface driver hub
[    1.514865] usbcore: registered new device driver usb
[    1.514865] pps_core: LinuxPPS API ver. 1 registered
[    1.514865] pps_core: Software ver. 5.3.6 - Copyright 2005-2007 
Rodolfo Giometti &lt;giometti@linux.it&gt;
[    1.520014] PTP clock support registered
[    1.525171] Advanced Linux Sound Architecture Driver Initialized.
[    1.527592] NetLabel: Initializing
[    1.527882] NetLabel:  domain hash size = 128
[    1.528879] NetLabel:  protocols = UNLABELED CIPSOv4 CALIPSO
[    1.530120] NetLabel:  unlabeled traffic allowed by default
[    1.531128] PCI: Using ACPI for IRQ routing
[    1.532434] hpet0: at MMIO 0xfed00000, IRQs 2, 8, 0
[    1.532885] hpet0: 3 comparators, 64-bit 100.000000 MHz counter
[    1.537137] clocksource: Switched to clocksource kvm-clock
[    1.716635] VFS: Disk quotas dquot_6.6.0
[    1.719323] VFS: Dquot-cache hash table entries: 512 (order 0, 4096 
bytes)
[    1.723827] pnp: PnP ACPI init
[    1.733735] pnp: PnP ACPI: found 6 devices
[    1.760633] clocksource: acpi_pm: mask: 0xffffff max_cycles: 
0xffffff, max_idle_ns: 2085701024 ns
[    1.765789] NET: Registered PF_INET protocol family
[    1.769702] IP idents hash table entries: 32768 (order: 6, 262144 
bytes, linear)
[    1.775751] tcp_listen_portaddr_hash hash table entries: 1024 (order:
 2, 16384 bytes, linear)
[    1.778696] Table-perturb hash table entries: 65536 (order: 6, 262144
 bytes, linear)
[    1.781259] TCP established hash table entries: 16384 (order: 5, 
131072 bytes, linear)
[    1.784295] TCP bind hash table entries: 16384 (order: 6, 262144 
bytes, linear)
[    1.787118] TCP: Hash tables configured (established 16384 bind 
16384)
[    1.789658] UDP hash table entries: 1024 (order: 3, 32768 bytes, 
linear)
[    1.792057] UDP-Lite hash table entries: 1024 (order: 3, 32768 bytes,
 linear)
[    1.794939] NET: Registered PF_UNIX/PF_LOCAL protocol family
[    1.797847] RPC: Registered named UNIX socket transport module.
[    1.799594] RPC: Registered udp transport module.
[    1.800898] RPC: Registered tcp transport module.
[    1.802180] RPC: Registered tcp NFSv4.1 backchannel transport module.
[    1.805517] pci_bus 0000:00: resource 4 [io  0x0000-0x0cf7 window]
[    1.807539] pci_bus 0000:00: resource 5 [io  0x0d00-0xffff window]
[    1.809597] pci_bus 0000:00: resource 6 [mem 0x000a0000-0x000bffff 
window]
[    1.811898] pci_bus 0000:00: resource 7 [mem 0x80000000-0xfebfffff 
window]
[    1.814143] pci_bus 0000:00: resource 8 [mem 0x100000000-0x17fffffff 
window]
[    1.817126] pci 0000:00:01.0: PIIX3: Enabling Passive Release
[    1.839197] pci 0000:00:00.0: quirk_passive_release+0x0/0xf0 took 
21582 usecs
[    1.841545] pci 0000:00:00.0: Limiting direct PCI/PCI transfers
[    1.843549] pci 0000:00:01.0: Activating ISA DMA hang workarounds
[    1.845761] PCI: CLS 0 bytes, default 64
[    5.235170] RAPL PMU: API unit is 2^-32 Joules, 0 fixed counters, 
10737418240 ms ovfl timer
[    5.240096] clocksource: tsc: mask: 0xffffffffffffffff max_cycles: 
0xfc66f4fc7c, max_idle_ns: 440795224246 ns
[    5.382047] clocksource: Switched to clocksource tsc
[    5.391968] Initialise system trusted keyrings
[    5.399273] workingset: timestamp_bits=56 max_order=19 bucket_order=0
[    5.487825] NFS: Registering the id_resolver key type
[    5.489373] Key type id_resolver registered
[    5.490530] Key type id_legacy registered
[    5.492244] 9p: Installing v9fs 9p2000 file system support
[    5.552461] Key type asymmetric registered
[    5.553990] Asymmetric key parser 'x509' registered
[    5.556083] Block layer SCSI generic (bsg) driver version 0.4 loaded 
(major 251)
[    5.558562] io scheduler mq-deadline registered
[    5.560092] io scheduler kyber registered
[    5.564335] input: Power Button as 
/devices/LNXSYSTM:00/LNXPWRBN:00/input/input0
[    5.582034] ACPI: button: Power Button [PWRF]
[    8.115932] ACPI: \_SB_.LNKC: Enabled at IRQ 11
[    8.130473] Serial: 8250/16550 driver, 4 ports, IRQ sharing enabled
[    8.134694] 00:04: ttyS0 at I/O 0x3f8 (irq = 4, base_baud = 115200) 
is a 16550A
[    8.151353] Non-volatile memory driver v1.3
[    8.161618] Linux agpgart interface v0.103
[    8.188681] loop: module loaded
[    8.204970] scsi host0: ata_piix
[    8.213964] scsi host1: ata_piix
[    8.216009] ata1: PATA max MWDMA2 cmd 0x1f0 ctl 0x3f6 bmdma 0xc060 
irq 14
[    8.218452] ata2: PATA max MWDMA2 cmd 0x170 ctl 0x376 bmdma 0xc068 
irq 15
[    8.233407] e100: Intel(R) PRO/100 Network Driver
[    8.235148] e100: Copyright(c) 1999-2006 Intel Corporation
[    8.237241] e1000: Intel(R) PRO/1000 Network Driver
[    8.238950] e1000: Copyright (c) 1999-2006 Intel Corporation.
[    8.385289] ata1.00: ATA-7: QEMU HARDDISK, 2.5+, max UDMA/100
[    8.386914] ata1.00: 4194304 sectors, multi 16: LBA48 
[    8.393456] ata2.00: ATAPI: QEMU DVD-ROM, 2.5+, max UDMA/100
[    8.399839] scsi 0:0:0:0: Direct-Access     ATA      QEMU HARDDISK   
 2.5+ PQ: 0 ANSI: 5
[    8.407130] scsi 0:0:0:0: Attached scsi generic sg0 type 0
[    8.413124] scsi 1:0:0:0: CD-ROM            QEMU     QEMU DVD-ROM    
 2.5+ PQ: 0 ANSI: 5
[    8.421289] sd 0:0:0:0: [sda] 4194304 512-byte logical blocks: (2.15 
GB/2.00 GiB)
[    8.426519] sd 0:0:0:0: [sda] Write Protect is off
[    8.430278] sd 0:0:0:0: [sda] Write cache: enabled, read cache: 
enabled, doesn't support DPO or FUA
[    8.443615] sd 0:0:0:0: [sda] Attached SCSI disk
[    8.564025] sr 1:0:0:0: [sr0] scsi3-mmc drive: 4x/4x cd/rw xa/form2 
tray
[    8.565911] cdrom: Uniform CD-ROM driver Revision: 3.20
[    8.642540] sr 1:0:0:0: Attached scsi generic sg1 type 5
[   11.494797] ACPI: \_SB_.LNKD: Enabled at IRQ 10
[   12.070951] e1000 0000:00:04.0 eth0: (PCI:33MHz:32-bit) 
52:54:00:12:34:56
[   12.073392] e1000 0000:00:04.0 eth0: Intel(R) PRO/1000 Network 
Connection
[   12.076028] e1000e: Intel(R) PRO/1000 Network Driver
[   12.077738] e1000e: Copyright(c) 1999 - 2015 Intel Corporation.
[   12.086334] sky2: driver version 1.30
[   12.101961] ehci_hcd: USB 2.0 'Enhanced' Host Controller (EHCI) 
Driver
[   12.104215] ehci-pci: EHCI PCI platform driver
[   12.105909] ohci_hcd: USB 1.1 'Open' Host Controller (OHCI) Driver
[   12.107999] ohci-pci: OHCI PCI platform driver
[   12.109596] uhci_hcd: USB Universal Host Controller Interface driver
[   12.112422] usbcore: registered new interface driver usblp
[   12.126467] usbcore: registered new interface driver usb-storage
[   12.129827] i8042: PNP: PS/2 Controller [PNP0303:KBD,PNP0f13:MOU] at 
0x60,0x64 irq 1,12
[   12.135652] serio: i8042 KBD port at 0x60,0x64 irq 1
[   12.138506] serio: i8042 AUX port at 0x60,0x64 irq 12
[   12.154502] rtc_cmos 00:05: RTC can wake from S4
[   12.156623] input: AT Translated Set 2 keyboard as 
/devices/platform/i8042/serio0/input/input1
[   12.158737] rtc_cmos 00:05: registered as rtc0
[   12.160710] rtc_cmos 00:05: alarms up to one day, y3k, 242 bytes 
nvram, hpet irqs
[   12.173858] device-mapper: ioctl: 4.45.0-ioctl (2021-03-22) 
initialised: dm-devel@redhat.com
[   12.178906] intel_pstate: CPU model not supported
[   12.180947] hid: raw HID events driver (C) Jiri Kosina
[   12.184752] usbcore: registered new interface driver usbhid
[   12.202755] usbhid: USB HID core driver
[   12.220958] Initializing XFRM netlink socket
[   12.224310] NET: Registered PF_INET6 protocol family
[   12.250622] Segment Routing with IPv6
[   12.252033] In-situ OAM (IOAM) with IPv6
[   12.254053] sit: IPv6, IPv4 and MPLS over IPv4 tunneling driver
[   12.267624] NET: Registered PF_PACKET protocol family
[   12.269733] 9pnet: Installing 9P2000 support
[   12.271370] Key type dns_resolver registered
[   12.304115] IPI shorthand broadcast: enabled
[   12.307142] sched_clock: Marking stable (11812946241, 
494019666)-&gt;(12739366857, -432400950)
[   12.312921] registered taskstats version 1
[   12.315448] Loading compiled-in X.509 certificates
[   12.328701] PM:   Magic number: 2:678:61
[   12.331621] printk: console [netcon0] enabled
[   12.334575] netconsole: network logging started
[   12.349603] cfg80211: Loading compiled-in X.509 certificates for 
regulatory database
[   12.355398] kworker/u4:2 (73) used greatest stack depth: 28768 bytes 
left
[   12.369298] cfg80211: Loaded X.509 cert 'sforshee: 
00b28ddf47aef9cea7'
[   12.373404] platform regulatory.0: Direct firmware load for 
regulatory.db failed with error -2
[   12.382112] ALSA device list:
[   12.383468]   No soundcards found.
[   12.386041] cfg80211: failed to load regulatory.db
[   12.794528] input: ImExPS/2 Generic Explorer Mouse as 
/devices/platform/i8042/serio1/input/input3
[   12.800181] md: Waiting for all devices to be available before 
autodetect
[   12.804034] md: If you don't use raid, use raid=noautodetect
[   12.819589] md: Autodetecting RAID arrays.
[   12.822089] md: autorun ...
[   12.823788] md: ... autorun DONE.
[   12.832882] EXT4-fs (sda): INFO: recovery required on readonly 
filesystem
[   12.843616] EXT4-fs (sda): write access will be enabled during 
recovery
[   13.019795] EXT4-fs (sda): recovery complete
[   13.065389] EXT4-fs (sda): mounted filesystem with ordered data mode.
 Opts: (null). Quota mode: none.
[   13.070784] VFS: Mounted root (ext4 filesystem) readonly on device 
8:0.
[   13.092087] devtmpfs: mounted
[   13.096339] Freeing unused kernel image (initmem) memory: 2148K
[   13.099852] Write protecting the kernel read-only data: 59392k
[   13.106986] Freeing unused kernel image (text/rodata gap) memory: 
2032K
[   13.112174] Freeing unused kernel image (rodata/data gap) memory: 
1568K
[   13.115989] Run /sbin/init as init process
[   14.881755] SELinux:  Permission getrlimit in class process not 
defined in policy.
[   14.888780] SELinux:  Class process2 not defined in policy.
[   14.890835] SELinux:  Permission watch in class filesystem not 
defined in policy.
[   14.895977] SELinux:  Permission map in class file not defined in 
policy.
[   14.899509] SELinux:  Permission watch in class file not defined in 
policy.
[   14.909507] SELinux:  Permission watch_mount in class file not 
defined in policy.
[   14.913282] SELinux:  Permission watch_sb in class file not defined 
in policy.
[   14.921475] SELinux:  Permission watch_with_perm in class file not 
defined in policy.
[   14.927815] SELinux:  Permission watch_reads in class file not 
defined in policy.
[   14.934836] SELinux:  Permission map in class dir not defined in 
policy.
[   14.943656] SELinux:  Permission watch in class dir not defined in 
policy.
[   14.947205] SELinux:  Permission watch_mount in class dir not defined
 in policy.
[   14.954122] SELinux:  Permission watch_sb in class dir not defined in
 policy.
[   14.957583] SELinux:  Permission watch_with_perm in class dir not 
defined in policy.
[   14.964703] SELinux:  Permission watch_reads in class dir not defined
 in policy.
[   14.972838] SELinux:  Permission map in class lnk_file not defined in
 policy.
[   14.975446] SELinux:  Permission watch in class lnk_file not defined 
in policy.
[   14.984088] SELinux:  Permission watch_mount in class lnk_file not 
defined in policy.
[   14.986712] SELinux:  Permission watch_sb in class lnk_file not 
defined in policy.
[   14.989305] SELinux:  Permission watch_with_perm in class lnk_file 
not defined in policy.
[   14.997134] SELinux:  Permission watch_reads in class lnk_file not 
defined in policy.
[   15.002827] SELinux:  Permission map in class chr_file not defined in
 policy.
[   15.005202] SELinux:  Permission watch in class chr_file not defined 
in policy.
[   15.011201] SELinux:  Permission watch_mount in class chr_file not 
defined in policy.
[   15.017723] SELinux:  Permission watch_sb in class chr_file not 
defined in policy.
[   15.020191] SELinux:  Permission watch_with_perm in class chr_file 
not defined in policy.
[   15.026603] SELinux:  Permission watch_reads in class chr_file not 
defined in policy.
[   15.031062] SELinux:  Permission map in class blk_file not defined in
 policy.
[   15.035592] SELinux:  Permission watch in class blk_file not defined 
in policy.
[   15.046772] SELinux:  Permission watch_mount in class blk_file not 
defined in policy.
[   15.051222] SELinux:  Permission watch_sb in class blk_file not 
defined in policy.
[   15.059648] SELinux:  Permission watch_with_perm in class blk_file 
not defined in policy.
[   15.062966] SELinux:  Permission watch_reads in class blk_file not 
defined in policy.
[   15.068937] SELinux:  Permission map in class sock_file not defined 
in policy.
[   15.075122] SELinux:  Permission watch in class sock_file not defined
 in policy.
[   15.078836] SELinux:  Permission watch_mount in class sock_file not 
defined in policy.
[   15.087483] SELinux:  Permission watch_sb in class sock_file not 
defined in policy.
[   15.090032] SELinux:  Permission watch_with_perm in class sock_file 
not defined in policy.
[   15.096491] SELinux:  Permission watch_reads in class sock_file not 
defined in policy.
[   15.104832] SELinux:  Permission map in class fifo_file not defined 
in policy.
[   15.107321] SELinux:  Permission watch in class fifo_file not defined
 in policy.
[   15.111139] SELinux:  Permission watch_mount in class fifo_file not 
defined in policy.
[   15.113785] SELinux:  Permission watch_sb in class fifo_file not 
defined in policy.
[   15.125575] SELinux:  Permission watch_with_perm in class fifo_file 
not defined in policy.
[   15.131816] SELinux:  Permission watch_reads in class fifo_file not 
defined in policy.
[   15.136937] SELinux:  Permission map in class socket not defined in 
policy.
[   15.142571] SELinux:  Permission map in class tcp_socket not defined 
in policy.
[   15.147308] SELinux:  Permission map in class udp_socket not defined 
in policy.
[   15.151995] SELinux:  Permission map in class rawip_socket not 
defined in policy.
[   15.158019] SELinux:  Permission map in class netlink_socket not 
defined in policy.
[   15.164094] SELinux:  Permission map in class packet_socket not 
defined in policy.
[   15.166698] SELinux:  Permission map in class key_socket not defined 
in policy.
[   15.174725] SELinux:  Permission map in class unix_stream_socket not 
defined in policy.
[   15.180634] SELinux:  Permission map in class unix_dgram_socket not 
defined in policy.
[   15.186507] SELinux:  Permission map in class netlink_route_socket 
not defined in policy.
[   15.192668] SELinux:  Permission map in class netlink_tcpdiag_socket 
not defined in policy.
[   15.199549] SELinux:  Permission map in class netlink_nflog_socket 
not defined in policy.
[   15.204988] SELinux:  Permission map in class netlink_xfrm_socket not
 defined in policy.
[   15.212084] SELinux:  Permission map in class netlink_selinux_socket 
not defined in policy.
[   15.217235] SELinux:  Permission map in class netlink_iscsi_socket 
not defined in policy.
[   15.222376] SELinux:  Permission map in class netlink_audit_socket 
not defined in policy.
[   15.231694] SELinux:  Permission map in class 
netlink_fib_lookup_socket not defined in policy.
[   15.239413] SELinux:  Permission map in class 
netlink_connector_socket not defined in policy.
[   15.247020] SELinux:  Permission map in class 
netlink_netfilter_socket not defined in policy.
[   15.253151] SELinux:  Permission map in class netlink_dnrt_socket not
 defined in policy.
[   15.260644] SELinux:  Permission map in class 
netlink_kobject_uevent_socket not defined in policy.
[   15.268358] SELinux:  Permission map in class netlink_generic_socket 
not defined in policy.
[   15.277769] SELinux:  Permission map in class 
netlink_scsitransport_socket not defined in policy.
[   15.283501] SELinux:  Permission map in class netlink_rdma_socket not
 defined in policy.
[   15.291371] SELinux:  Permission map in class netlink_crypto_socket 
not defined in policy.
[   15.300456] SELinux:  Permission map in class appletalk_socket not 
defined in policy.
[   15.306101] SELinux:  Permission map in class dccp_socket not defined
 in policy.
[   15.312316] SELinux:  Permission perfmon in class capability2 not 
defined in policy.
[   15.321470] SELinux:  Permission bpf in class capability2 not defined
 in policy.
[   15.328366] SELinux:  Permission checkpoint_restore in class 
capability2 not defined in policy.
[   15.338379] SELinux:  Permission map in class tun_socket not defined 
in policy.
[   15.343989] SELinux:  Permission perfmon in class cap2_userns not 
defined in policy.
[   15.350565] SELinux:  Permission bpf in class cap2_userns not defined
 in policy.
[   15.355003] SELinux:  Permission checkpoint_restore in class 
cap2_userns not defined in policy.
[   15.367979] SELinux:  Class sctp_socket not defined in policy.
[   15.374237] SELinux:  Class icmp_socket not defined in policy.
[   15.377718] SELinux:  Class ax25_socket not defined in policy.
[   15.384025] SELinux:  Class ipx_socket not defined in policy.
[   15.389455] SELinux:  Class netrom_socket not defined in policy.
[   15.396831] SELinux:  Class atmpvc_socket not defined in policy.
[   15.405951] SELinux:  Class x25_socket not defined in policy.
[   15.409133] SELinux:  Class rose_socket not defined in policy.
[   15.418435] SELinux:  Class decnet_socket not defined in policy.
[   15.426855] SELinux:  Class atmsvc_socket not defined in policy.
[   15.433008] SELinux:  Class rds_socket not defined in policy.
[   15.440724] SELinux:  Class irda_socket not defined in policy.
[   15.444267] SELinux:  Class pppox_socket not defined in policy.
[   15.454430] SELinux:  Class llc_socket not defined in policy.
[   15.457672] SELinux:  Class can_socket not defined in policy.
[   15.465193] SELinux:  Class tipc_socket not defined in policy.
[   15.469616] SELinux:  Class bluetooth_socket not defined in policy.
[   15.474092] SELinux:  Class iucv_socket not defined in policy.
[   15.478601] SELinux:  Class rxrpc_socket not defined in policy.
[   15.483114] SELinux:  Class isdn_socket not defined in policy.
[   15.487201] SELinux:  Class phonet_socket not defined in policy.
[   15.490525] SELinux:  Class ieee802154_socket not defined in policy.
[   15.493995] SELinux:  Class caif_socket not defined in policy.
[   15.497186] SELinux:  Class alg_socket not defined in policy.
[   15.500457] SELinux:  Class nfc_socket not defined in policy.
[   15.504928] SELinux:  Class vsock_socket not defined in policy.
[   15.508342] SELinux:  Class kcm_socket not defined in policy.
[   15.511518] SELinux:  Class qipcrtr_socket not defined in policy.
[   15.514930] SELinux:  Class smc_socket not defined in policy.
[   15.518199] SELinux:  Class infiniband_pkey not defined in policy.
[   15.521674] SELinux:  Class infiniband_endport not defined in policy.
[   15.525229] SELinux:  Class bpf not defined in policy.
[   15.528056] SELinux:  Class xdp_socket not defined in policy.
[   15.531311] SELinux:  Class mctp_socket not defined in policy.
[   15.534657] SELinux:  Class perf_event not defined in policy.
[   15.537879] SELinux:  Class lockdown not defined in policy.
[   15.541056] SELinux:  Class anon_inode not defined in policy.
[   15.544441] SELinux: the above unknown classes and permissions will 
be allowed
[   15.582293] SELinux:  policy capability network_peer_controls=1
[   15.591700] SELinux:  policy capability open_perms=1
[   15.593556] SELinux:  policy capability extended_socket_class=0
[   15.595570] SELinux:  policy capability always_check_network=0
[   15.597508] SELinux:  policy capability cgroup_seclabel=0
[   15.599332] SELinux:  policy capability nnp_nosuid_transition=0
[   15.601331] SELinux:  policy capability genfs_seclabel_symlinks=0
[   15.603585] SELinux:  policy capability ioctl_skip_cloexec=0
[   15.722910] audit: type=1403 audit(1670475880.359:2): auid=4294967295
 ses=4294967295 lsm=selinux res=1
[   15.746272] systemd[1]: Successfully loaded SELinux policy in 
2.018407s.
[   15.901860] audit: type=1400 audit(1670475880.535:3): avc:  denied  {
 associate } for  pid=1 comm="systemd" name="pts" 
scontext=system_u:object_r:devpts_t:s0 
tcontext=system_u:object_r:device_t:s0 tclass=filesystem permissive=1
[   15.959575] systemd[1]: Relabelled /dev and /run in 41.681ms.
[   16.035549] systemd[1]: systemd 232 running in system mode. (+PAM 
+AUDIT +SELINUX +IMA +APPARMOR +SMACK +SYSVINIT +UTMP +LIBCRYPTSETUP 
+GCRYPT +GNUTLS +ACL +XZ +LZ4 +SECCOMP +BLKID +ELFUTILS +KMOD +IDN)
[   16.058360] systemd[1]: Detected virtualization qemu.
[   16.060210] systemd[1]: Detected architecture x86-64.

Welcome to [1mDebian GNU/Linux 9 (stretch)[0m!

[   16.083315] systemd[1]: Set hostname to &lt;syzkaller&gt;.
[   16.251806] systemd-rc-loca (83) used greatest stack depth: 26216 
bytes left
[   16.367252] grep (91) used greatest stack depth: 26192 bytes left
[   16.370981] selinux-autorel (84) used greatest stack depth: 25888 
bytes left
[   16.619448] systemd[1]: Reached target Remote File Systems.
[[0;32m  OK  [0m] Reached target Remote File Systems.
[   16.663773] systemd[1]: Listening on udev Control Socket.
[[0;32m  OK  [0m] Listening on udev Control Socket.
[   16.711091] systemd[1]: Set up automount Arbitrary Executable File 
Formats File System Automount Point.
[[0;32m  OK  [0m] Set up automount Arbitrary Executabrmats File 
System Automount Point.
[   16.753808] systemd[1]: Reached target Swap.
[[0;32m  OK  [0m] Reached target Swap.
[   16.767744] systemd[1]: Started Forward Password Requests to Wall 
Directory Watch.
[[0;32m  OK  [0m] Started Forward Password Requests to Wall Directory 
Watch.
[   16.790453] systemd[1]: Created slice System Slice.
[[0;32m  OK  [0m] Created slice System Slice.
[[0;32m  OK  [0m] Created slice system-getty.slice.
[[0;32m  OK  [0m] Created slice system-serial\x2dgetty.slice.
         Mounting /sys/kernel/debug...
         Mounting /proc/sys/fs/binfmt_misc...
[[0;32m  OK  [0m] Started Dispatch Password Requests to Console 
Directory Watch.
[[0;32m  OK  [0m] Reached target Paths.
[[0;32m  OK  [0m] Reached target Encrypted Volumes.
[[0;32m  OK  [0m] Listening on Journal Socket (/dev/log).
[[0;32m  OK  [0m] Listening on /dev/initctl Compatibility Named Pipe.
[[0;32m  OK  [0m] Listening on Journal Socket.
         Starting Remount Root and Kernel File Systems...
         Starting Load Kernel Modules...
         Mounting POSIX Message Queue File System...
[   17.043428] audit: type=1400 audit(1670475881.673:4): avc:  denied  {
 audit_read } for  pid=1 comm="systemd" capability=37  
scontext=system_u:system_r:kernel_t:s0 
tcontext=system_u:system_r:kernel_t:s0 tclass=capability2 permissive=1
[[0;32m  OK  [0m] Listening on Journal Audit Socket.
         Mounting /sys/kernel/config...
[   17.143488] EXT4-fs (sda): re-mounted. Opts: (null). Quota mode: 
none.
[[0;32m  OK  [0m] Reached target Slices.
         Starting Create Static Device Nodes in /dev...
[[0;32m  OK  [0m] Listening on udev Kernel Socket.
[[0;32m  OK  [0m] Listening on Syslog Socket.
[[0;32m  OK  [0m] Reached target Sockets.
         Starting Journal Service...
[[0;32m  OK  [0m] Mounted POSIX Message Queue File System.
[[0;32m  OK  [0m] Mounted /sys/kernel/debug.
[[0;32m  OK  [0m] Mounted /sys/kernel/config.
[[0;32m  OK  [0m] Mounted /proc/sys/fs/binfmt_misc.
[[0;32m  OK  [0m] Started Remount Root and Kernel File Systems.
[[0;32m  OK  [0m] Started Load Kernel Modules.
         Starting Apply Kernel Variables...
         Starting udev Coldplug all Devices...
         Starting Load/Save Random Seed...
[[0;32m  OK  [0m] Started Create Static Device Nodes in /dev.
[[0;32m  OK  [0m] Started Apply Kernel Variables.
         Starting udev Kernel Device Manager...
[[0;32m  OK  [0m] Reached target Local File Systems (Pre).
[[0;32m  OK  [0m] Reached target Local File Systems.
         Starting Raise network interfaces...
[[0;32m  OK  [0m] Started Load/Save Random Seed.
[[0;32m  OK  [0m] Started Journal Service.
         Starting Flush Journal to Persistent Storage...
[   17.937351] audit: type=1107 audit(1670475882.574:5): pid=1 uid=0 
auid=4294967295 ses=4294967295 subj=system_u:system_r:kernel_t:s0 
msg='avc:  denied  { stop } for auid=n/a uid=0 gid=0 
path="/lib/systemd/system/systemd-journald.service" 
cmdline="/bin/journalctl --flush" scontext=system_u:system_r:kernel_t:s0
 tcontext=system_u:object_r:unlabeled_t:s0 tclass=service
[   17.937351]  exe="/lib/systemd/systemd" sauid=0 hostname=? addr=? 
terminal=?'
[   17.982186] systemd-journald[108]: Received request to flush runtime 
journal from PID 1
[[0;32m  OK  [0m] Started Flush Journal to Persistent Storage.
         Starting Create Volatile Files and Directories...
[[0;32m  OK  [0m] Started udev Kernel Device Manager.
[   18.392266] systemd-tmpfile (121) used greatest stack depth: 25832 
